version ribose-0.0.2
target com.characterforming.jrte.engine.ModelCompiler
signal nul                         256
signal nil                         257
signal eol                         258
signal eos                         259
field                                0
field *                              1
field version                        2
field tapes                          3
field transitions                    4
field states                         5
field symbols                        6
field from                           7
field to                             8
field tape                           9
field length                        10
field symbol                        11
transducer Automaton                 0
effector 0                           0
effector 1                           1
effector paste                       2	[ IToken[] ]
effector select                      3	[ Integer ]
	`~version`
	`~tapes`
	`~transitions`
	`~states`
	`~symbols`
	`~from`
	`~to`
	`~tape`
	`~length`
	`~symbol`
effector copy                        4	[ Integer ]
effector cut                         5	[ Integer ]
effector clear                       6	[ Integer ]
effector count                       7	[ int[] ]
	`~length` `!eol`
effector signal                      8	[ Integer ]
effector in                          9	[ IToken[] ]
effector out                        10	[ IToken[] ]
effector mark                       11
effector reset                      12
effector start                      13	[ Integer ]
effector pause                      14
effector stop                       15
effector msum                       16	[ long[] ]
effector mproduct                   17	[ byte[] ]
effector mscan                      18	[ Integer ]
effector header                     19
effector transition                 20
effector automaton                  21
