<?xml version="1.0" ?>

<verbosegc xmlns="http://www.ibm.com/j9/verbosegc" version="214f755db_CMPRSS">

<initialized id="1" timestamp="2021-04-05T23:12:53.354">
  <attribute name="gcPolicy" value="-Xgcpolicy:gencon" />
  <attribute name="maxHeapSize" value="0x60000000" />
  <attribute name="initialHeapSize" value="0x60000000" />
  <attribute name="compressedRefs" value="true" />
  <attribute name="compressedRefsDisplacement" value="0x0" />
  <attribute name="compressedRefsShift" value="0x0" />
  <attribute name="pageSize" value="0x1000" />
  <attribute name="pageType" value="not used" />
  <attribute name="requestedPageSize" value="0x1000" />
  <attribute name="requestedPageType" value="not used" />
  <attribute name="gcthreads" value="4" />
  <attribute name="gcthreads Concurrent Mark" value="1" />
  <attribute name="packetListSplit" value="1" />
  <attribute name="cacheListSplit" value="1" />
  <attribute name="splitFreeListSplitAmount" value="1" />
  <attribute name="numaNodes" value="0" />
  <system>
    <attribute name="physicalMemory" value="8245084160" />
    <attribute name="numCPUs" value="4" />
    <attribute name="architecture" value="amd64" />
    <attribute name="os" value="Linux" />
    <attribute name="osVersion" value="4.15.0-140-generic" />
  </system>
  <vmargs>
    <vmarg name="-Xoptionsfile=/home/kb/development/j9/openj9-openjdk-jdk8/build/linux-x86_64-normal-server-release/images/j2sdk-image/jre/lib/a..." />
    <vmarg name="-Xlockword:mode=default,noLockword=java/lang/String,noLockword=java/util/MapEntry,noLockword=java/util/HashMap$Entry,noLockword..." />
    <vmarg name="-Xjcl:jclse29" />
    <vmarg name="-Dcom.ibm.oti.vm.bootstrap.library.path=/home/kb/development/j9/openj9-openjdk-jdk8/build/linux-x86_64-normal-server-release/im..." />
    <vmarg name="-Dsun.boot.library.path=/home/kb/development/j9/openj9-openjdk-jdk8/build/linux-x86_64-normal-server-release/images/j2sdk-image..." />
    <vmarg name="-Djava.library.path=/home/kb/development/j9/openj9-openjdk-jdk8/build/linux-x86_64-normal-server-release/images/j2sdk-image/jre..." />
    <vmarg name="-Djava.home=/home/kb/development/j9/openj9-openjdk-jdk8/build/linux-x86_64-normal-server-release/images/j2sdk-image/jre" />
    <vmarg name="-Djava.ext.dirs=/home/kb/development/j9/openj9-openjdk-jdk8/build/linux-x86_64-normal-server-release/images/j2sdk-image/jre/lib..." />
    <vmarg name="-Duser.dir=/home/kb/SPECjvm2008" />
    <vmarg name="-Djava.class.path=." />
    <vmarg name="-Xgc:threads=4" />
    <vmarg name="-Xms1536m" />
    <vmarg name="-Xmx1536m" />
    <vmarg name="-Xgc:recursiveScanOrdering" />
    <vmarg name="-XXgc:recursiveTraceOptions=1" />
    <vmarg name="-XXgc:recursiveScanOptions=0" />
    <vmarg name="-XXgc:recursiveMaximumStackDepth=16" />
    <vmarg name="-XXgc:recursiveMinimumCopyspaceSize=8192" />
    <vmarg name="-XXgc:recursiveMaximumInsideCopyDistance=0" />
    <vmarg name="-XXgc:recursiveMinimumWorkspaceSize=4096" />
    <vmarg name="-XXgc:recursiveMaximumInsideCopySize=4096" />
    <vmarg name="-verbose:gc" />
    <vmarg name="-Xverbosegclog:/home/kb/development/j9/verbosegc/xml.validation-crffalse-chffalse-ctffalse-ikv-ict-wt0-lagom-ops200-bt8-evacuat..." />
    <vmarg name="-Djava.class.path=SPECjvm2008.jar" />
    <vmarg name="-Dsun.java.command=SPECjvm2008.jar -crf false -chf false -ctf false -ikv -ict -wt 0 --lagom -ops 200 -bt 8 xml.validation" />
    <vmarg name="-Dsun.java.launcher=SUN_STANDARD" />
    <vmarg name="-Dsun.java.launcher.pid=3046" />
  </vmargs>
</initialized>

<exclusive-start id="2" timestamp="2021-04-05T23:12:58.597" intervalms="5243.335">
  <response-info timems="0.105" idlems="0.050" threads="6" lastid="0000000000334700" lastname="BenchmarkThread xml.validation 6" />
</exclusive-start>
<af-start id="3" threadId="0000000000329C80" totalBytesRequested="16" timestamp="2021-04-05T23:12:58.597" intervalms="5243.429" type="nursery" />
<cycle-start id="4" type="scavenge" contextid="0" timestamp="2021-04-05T23:12:58.597" intervalms="5243.468" />
<gc-start id="5" type="scavenge" contextid="4" timestamp="2021-04-05T23:12:58.597">
  <mem-info id="6" free="1207528688" total="1610612736" percent="74">
    <mem type="nursery" free="0" total="402653184" percent="0">
      <mem type="allocate" free="0" total="201326592" percent="0" />
      <mem type="survivor" free="0" total="201326592" percent="0" />
    </mem>
    <mem type="tenure" free="1207528688" total="1207959552" percent="99">
      <mem type="soa" free="1147130096" total="1147560960" percent="99" />
      <mem type="loa" free="60398592" total="60398592" percent="100" />
    </mem>
    <remembered-set count="6299" />
  </mem-info>
</gc-start>
<allocation-stats totalBytes="201645696" >
  <allocated-bytes non-tlh="2106624" tlh="199539072" />
  <largest-consumer threadName="BenchmarkThread xml.validation 1" threadId="000000000011CB00" bytes="24013888" />
</allocation-stats>
<gc-op id="7" type="scavenge" timems="108.700" contextid="4" timestamp="2021-04-05T23:12:58.706">
  <scavenger-info tenureage="1" tenuremask="fffe" tiltratio="50" />
  <memory-copied type="nursery" objects="1562017" bytes="66881552" bytesdiscarded="18136" />
  <finalization candidates="154" enqueued="110" />
  <ownableSynchronizers candidates="1" cleared="0" />
  <references type="soft" candidates="193" cleared="0" enqueued="0" dynamicThreshold="32" maxThreshold="32" />
  <references type="weak" candidates="310" cleared="224" enqueued="222" />
  <references type="phantom" candidates="7" cleared="1" enqueued="1" />
</gc-op>
<gc-end id="8" type="scavenge" contextid="4" durationms="108.686" usertimems="388.810" systemtimems="4.066" timestamp="2021-04-05T23:12:58.706" activeThreads="4">
  <mem-info id="9" free="1341952464" total="1610612736" percent="83">
    <mem type="nursery" free="134423776" total="402653184" percent="33">
      <mem type="allocate" free="134423776" total="201326592" percent="66" />
      <mem type="survivor" free="0" total="201326592" percent="0" />
    </mem>
    <mem type="tenure" free="1207528688" total="1207959552" percent="99">
      <mem type="soa" free="1147130096" total="1147560960" percent="99" />
      <mem type="loa" free="60398592" total="60398592" percent="100" />
    </mem>
    <pending-finalizers system="110" default="0" reference="223" classloader="0" />
    <remembered-set count="6299" />
  </mem-info>
</gc-end>
<cycle-end id="10" type="scavenge" contextid="4" timestamp="2021-04-05T23:12:58.707" />
<allocation-satisfied id="11" threadId="0000000000329300" bytesRequested="16" />
<af-end id="12" timestamp="2021-04-05T23:12:58.707" threadId="0000000000329C80" success="true" from="nursery"/>
<exclusive-end id="13" timestamp="2021-04-05T23:12:58.707" durationms="109.437" />

<exclusive-start id="14" timestamp="2021-04-05T23:13:00.025" intervalms="1427.462">
  <response-info timems="0.050" idlems="0.050" threads="0" lastid="0000000000329300" lastname="BenchmarkThread xml.validation 3" />
</exclusive-start>
<af-start id="15" threadId="0000000000329C80" totalBytesRequested="1040" timestamp="2021-04-05T23:13:00.025" intervalms="1427.431" type="nursery" />
<cycle-start id="16" type="scavenge" contextid="0" timestamp="2021-04-05T23:13:00.025" intervalms="1427.420" />
<gc-start id="17" type="scavenge" contextid="16" timestamp="2021-04-05T23:13:00.025">
  <mem-info id="18" free="1207526536" total="1610612736" percent="74">
    <mem type="nursery" free="0" total="402653184" percent="0">
      <mem type="allocate" free="0" total="201326592" percent="0" />
      <mem type="survivor" free="0" total="201326592" percent="0" />
    </mem>
    <mem type="tenure" free="1207526536" total="1207959552" percent="99">
      <mem type="soa" free="1147127944" total="1147560960" percent="99" />
      <mem type="loa" free="60398592" total="60398592" percent="100" />
    </mem>
    <remembered-set count="6341" />
  </mem-info>
</gc-start>
<allocation-stats totalBytes="134351152" >
  <allocated-bytes non-tlh="2168" tlh="134348984" />
  <largest-consumer threadName="BenchmarkThread xml.validation 7" threadId="0000000000338300" bytes="18659288" />
</allocation-stats>
<gc-op id="19" type="scavenge" timems="133.269" contextid="16" timestamp="2021-04-05T23:13:00.158">
  <scavenger-info tenureage="1" tenuremask="7ffe" tiltratio="50" />
  <memory-copied type="nursery" objects="239360" bytes="9684056" bytesdiscarded="672" />
  <memory-copied type="tenure" objects="1390159" bytes="58539848" bytesdiscarded="0" />
  <finalization candidates="44" enqueued="0" />
  <ownableSynchronizers candidates="1" cleared="0" />
  <references type="weak" candidates="2" cleared="2" enqueued="2" />
</gc-op>
<gc-end id="20" type="scavenge" contextid="16" durationms="133.260" usertimems="500.455" systemtimems="4.009" timestamp="2021-04-05T23:13:00.158" activeThreads="4">
  <mem-info id="21" free="1339881648" total="1610612736" percent="83">
    <mem type="nursery" free="191641856" total="402653184" percent="47">
      <mem type="allocate" free="191641856" total="201326592" percent="95" />
      <mem type="survivor" free="0" total="201326592" percent="0" />
    </mem>
    <mem type="tenure" free="1148239792" total="1207959552" percent="95">
      <mem type="soa" free="1087841200" total="1147560960" percent="94" />
      <mem type="loa" free="60398592" total="60398592" percent="100" />
    </mem>
    <pending-finalizers system="0" default="0" reference="2" classloader="0" />
    <remembered-set count="7320" />
  </mem-info>
</gc-end>
<cycle-end id="22" type="scavenge" contextid="16" timestamp="2021-04-05T23:13:00.158" />
<allocation-satisfied id="23" threadId="0000000000329300" bytesRequested="1040" />
<af-end id="24" timestamp="2021-04-05T23:13:00.158" threadId="0000000000329C80" success="true" from="nursery"/>
<exclusive-end id="25" timestamp="2021-04-05T23:13:00.158" durationms="133.852" />

<exclusive-start id="26" timestamp="2021-04-05T23:13:02.209" intervalms="2184.702">
  <response-info timems="0.120" idlems="0.069" threads="2" lastid="000000000033BE00" lastname="BenchmarkThread xml.validation 8" />
</exclusive-start>
<af-start id="27" threadId="000000000032D880" totalBytesRequested="24" timestamp="2021-04-05T23:13:02.209" intervalms="2184.706" type="nursery" />
<cycle-start id="28" type="scavenge" contextid="0" timestamp="2021-04-05T23:13:02.209" intervalms="2184.707" />
<gc-start id="29" type="scavenge" contextid="28" timestamp="2021-04-05T23:13:02.209">
  <mem-info id="30" free="1148239152" total="1610612736" percent="71">
    <mem type="nursery" free="0" total="402653184" percent="0">
      <mem type="allocate" free="0" total="201326592" percent="0" />
      <mem type="survivor" free="0" total="201326592" percent="0" />
    </mem>
    <mem type="tenure" free="1148239152" total="1207959552" percent="95">
      <mem type="soa" free="1087840560" total="1147560960" percent="94" />
      <mem type="loa" free="60398592" total="60398592" percent="100" />
    </mem>
    <remembered-set count="7696" />
  </mem-info>
</gc-start>
<allocation-stats totalBytes="191518680" >
  <allocated-bytes non-tlh="1680" tlh="191517000" />
  <largest-consumer threadName="BenchmarkThread xml.validation 5" threadId="0000000000330B00" bytes="26832512" />
</allocation-stats>
<gc-op id="31" type="scavenge" timems="54.995" contextid="28" timestamp="2021-04-05T23:13:02.264">
  <scavenger-info tenureage="2" tenuremask="7ffc" tiltratio="50" />
  <memory-copied type="nursery" objects="245986" bytes="9927160" bytesdiscarded="1456" />
  <references type="weak" candidates="2" cleared="2" enqueued="2" />
</gc-op>
<gc-end id="32" type="scavenge" contextid="28" durationms="54.984" usertimems="85.633" systemtimems="0.000" timestamp="2021-04-05T23:13:02.265" activeThreads="4">
  <mem-info id="33" free="1339637120" total="1610612736" percent="83">
    <mem type="nursery" free="191397968" total="402653184" percent="47">
      <mem type="allocate" free="191397968" total="201326592" percent="95" />
      <mem type="survivor" free="0" total="201326592" percent="0" />
    </mem>
    <mem type="tenure" free="1148239152" total="1207959552" percent="95" macro-fragmented="2160235">
      <mem type="soa" free="1087840560" total="1147560960" percent="94" />
      <mem type="loa" free="60398592" total="60398592" percent="100" />
    </mem>
    <pending-finalizers system="0" default="0" reference="2" classloader="0" />
    <remembered-set count="1263" />
  </mem-info>
</gc-end>
<cycle-end id="34" type="scavenge" contextid="28" timestamp="2021-04-05T23:13:02.265" />
<allocation-satisfied id="35" threadId="000000000032CF00" bytesRequested="24" />
<af-end id="36" timestamp="2021-04-05T23:13:02.265" threadId="000000000032D880" success="true" from="nursery"/>
<exclusive-end id="37" timestamp="2021-04-05T23:13:02.265" durationms="55.946" />

<exclusive-start id="38" timestamp="2021-04-05T23:13:04.591" intervalms="2382.171">
  <response-info timems="0.075" idlems="0.033" threads="3" lastid="000000000011CB00" lastname="BenchmarkThread xml.validation 1" />
</exclusive-start>
<af-start id="39" threadId="000000000013D880" totalBytesRequested="1040" timestamp="2021-04-05T23:13:04.592" intervalms="2382.168" type="nursery" />
<cycle-start id="40" type="scavenge" contextid="0" timestamp="2021-04-05T23:13:04.592" intervalms="2382.168" />
<gc-start id="41" type="scavenge" contextid="40" timestamp="2021-04-05T23:13:04.592">
  <mem-info id="42" free="1148239152" total="1610612736" percent="71">
    <mem type="nursery" free="0" total="402653184" percent="0">
      <mem type="allocate" free="0" total="201326592" percent="0" />
      <mem type="survivor" free="0" total="201326592" percent="0" />
    </mem>
    <mem type="tenure" free="1148239152" total="1207959552" percent="95">
      <mem type="soa" free="1087840560" total="1147560960" percent="94" />
      <mem type="loa" free="60398592" total="60398592" percent="100" />
    </mem>
    <remembered-set count="1425" />
  </mem-info>
</gc-start>
<allocation-stats totalBytes="191317760" >
  <allocated-bytes non-tlh="24" tlh="191317736" />
  <largest-consumer threadName="BenchmarkThread xml.validation 5" threadId="0000000000330B00" bytes="29949416" />
</allocation-stats>
<gc-op id="43" type="scavenge" timems="39.230" contextid="40" timestamp="2021-04-05T23:13:04.631">
  <scavenger-info tenureage="3" tenuremask="fff8" tiltratio="50" />
  <memory-copied type="nursery" objects="612105" bytes="26648400" bytesdiscarded="5136" />
  <references type="soft" candidates="7" cleared="0" enqueued="0" dynamicThreshold="32" maxThreshold="32" />
  <references type="weak" candidates="9" cleared="2" enqueued="2" />
</gc-op>
<gc-end id="44" type="scavenge" contextid="40" durationms="39.220" usertimems="136.857" systemtimems="0.061" timestamp="2021-04-05T23:13:04.631" activeThreads="4">
  <mem-info id="45" free="1322912200" total="1610612736" percent="82">
    <mem type="nursery" free="174673048" total="402653184" percent="43">
      <mem type="allocate" free="174673048" total="201326592" percent="86" />
      <mem type="survivor" free="0" total="201326592" percent="0" />
    </mem>
    <mem type="tenure" free="1148239152" total="1207959552" percent="95" macro-fragmented="1800196">
      <mem type="soa" free="1087840560" total="1147560960" percent="94" />
      <mem type="loa" free="60398592" total="60398592" percent="100" />
    </mem>
    <pending-finalizers system="0" default="0" reference="2" classloader="0" />
    <remembered-set count="1253" />
  </mem-info>
</gc-end>
<cycle-end id="46" type="scavenge" contextid="40" timestamp="2021-04-05T23:13:04.632" />
<allocation-satisfied id="47" threadId="000000000013CF00" bytesRequested="1040" />
<af-end id="48" timestamp="2021-04-05T23:13:04.632" threadId="000000000013D880" success="true" from="nursery"/>
<exclusive-end id="49" timestamp="2021-04-05T23:13:04.632" durationms="40.120" />

<exclusive-start id="50" timestamp="2021-04-05T23:13:06.088" intervalms="1496.172">
  <response-info timems="0.075" idlems="0.034" threads="4" lastid="0000000000329300" lastname="BenchmarkThread xml.validation 3" />
</exclusive-start>
<af-start id="51" threadId="000000000033C780" totalBytesRequested="24" timestamp="2021-04-05T23:13:06.088" intervalms="1496.180" type="nursery" />
<cycle-start id="52" type="scavenge" contextid="0" timestamp="2021-04-05T23:13:06.088" intervalms="1496.581" />
<gc-start id="53" type="scavenge" contextid="52" timestamp="2021-04-05T23:13:06.088">
  <mem-info id="54" free="1148239152" total="1610612736" percent="71">
    <mem type="nursery" free="0" total="402653184" percent="0">
      <mem type="allocate" free="0" total="201326592" percent="0" />
      <mem type="survivor" free="0" total="201326592" percent="0" />
    </mem>
    <mem type="tenure" free="1148239152" total="1207959552" percent="95">
      <mem type="soa" free="1087840560" total="1147560960" percent="94" />
      <mem type="loa" free="60398592" total="60398592" percent="100" />
    </mem>
    <remembered-set count="1809" />
  </mem-info>
</gc-start>
<allocation-stats totalBytes="174589392" >
  <allocated-bytes non-tlh="1040" tlh="174588352" />
  <largest-consumer threadName="BenchmarkThread xml.validation 6" threadId="0000000000334700" bytes="25124536" />
</allocation-stats>
<gc-op id="55" type="scavenge" timems="105.223" contextid="52" timestamp="2021-04-05T23:13:06.193">
  <scavenger-info tenureage="3" tenuremask="fff8" tiltratio="50" />
  <memory-copied type="nursery" objects="1523488" bytes="61326928" bytesdiscarded="11928" />
  <memory-copied type="tenure" objects="75495" bytes="3038152" bytesdiscarded="0" />
  <references type="soft" candidates="8" cleared="0" enqueued="0" dynamicThreshold="32" maxThreshold="32" />
  <references type="weak" candidates="8" cleared="0" enqueued="0" />
</gc-op>
<gc-end id="56" type="scavenge" contextid="52" durationms="105.213" usertimems="378.773" systemtimems="0.000" timestamp="2021-04-05T23:13:06.194" activeThreads="4">
  <mem-info id="57" free="1289275464" total="1610612736" percent="80">
    <mem type="nursery" free="143919896" total="402653184" percent="35">
      <mem type="allocate" free="143919896" total="205258752" percent="70" />
      <mem type="survivor" free="0" total="197394432" percent="0" />
    </mem>
    <mem type="tenure" free="1145355568" total="1207959552" percent="94" macro-fragmented="4479464">
      <mem type="soa" free="1084956976" total="1147560960" percent="94" />
      <mem type="loa" free="60398592" total="60398592" percent="100" />
    </mem>
    <remembered-set count="1201" />
  </mem-info>
</gc-end>
<cycle-end id="58" type="scavenge" contextid="52" timestamp="2021-04-05T23:13:06.194" />
<allocation-satisfied id="59" threadId="000000000033BE00" bytesRequested="24" />
<af-end id="60" timestamp="2021-04-05T23:13:06.194" threadId="000000000033C780" success="true" from="nursery"/>
<exclusive-end id="61" timestamp="2021-04-05T23:13:06.194" durationms="106.466" />

<exclusive-start id="62" timestamp="2021-04-05T23:13:07.148" intervalms="1060.516">
  <response-info timems="0.072" idlems="0.043" threads="1" lastid="000000000013CF00" lastname="BenchmarkThread xml.validation 2" />
</exclusive-start>
<af-start id="63" threadId="0000000000335080" totalBytesRequested="1040" timestamp="2021-04-05T23:13:07.148" intervalms="1060.519" type="nursery" />
<cycle-start id="64" type="scavenge" contextid="0" timestamp="2021-04-05T23:13:07.148" intervalms="1060.128" />
<gc-start id="65" type="scavenge" contextid="64" timestamp="2021-04-05T23:13:07.148">
  <mem-info id="66" free="1145355568" total="1610612736" percent="71">
    <mem type="nursery" free="0" total="402653184" percent="0">
      <mem type="allocate" free="0" total="205258752" percent="0" />
      <mem type="survivor" free="0" total="197394432" percent="0" />
    </mem>
    <mem type="tenure" free="1145355568" total="1207959552" percent="94">
      <mem type="soa" free="1084956976" total="1147560960" percent="94" />
      <mem type="loa" free="60398592" total="60398592" percent="100" />
    </mem>
    <remembered-set count="1566" />
  </mem-info>
</gc-start>
<allocation-stats totalBytes="143824880" >
  <allocated-bytes non-tlh="24" tlh="143824856" />
  <largest-consumer threadName="BenchmarkThread xml.validation 2" threadId="000000000013CF00" bytes="27776832" />
</allocation-stats>
<gc-op id="67" type="scavenge" timems="92.233" contextid="64" timestamp="2021-04-05T23:13:07.241">
  <scavenger-info tenureage="3" tenuremask="7ff8" tiltratio="50" />
  <memory-copied type="nursery" objects="1544799" bytes="62035320" bytesdiscarded="12376" />
  <memory-copied type="tenure" objects="2214" bytes="80640" bytesdiscarded="0" />
  <references type="soft" candidates="8" cleared="0" enqueued="0" dynamicThreshold="32" maxThreshold="32" />
  <references type="weak" candidates="8" cleared="0" enqueued="0" />
</gc-op>
<gc-end id="68" type="scavenge" contextid="64" durationms="92.220" usertimems="365.754" systemtimems="0.038" timestamp="2021-04-05T23:13:07.241" activeThreads="4">
  <mem-info id="69" free="1314518880" total="1610612736" percent="81">
    <mem type="nursery" free="169163312" total="402653184" percent="42">
      <mem type="allocate" free="169163312" total="231211008" percent="73" />
      <mem type="survivor" free="0" total="171442176" percent="0" />
    </mem>
    <mem type="tenure" free="1145355568" total="1207959552" percent="94" macro-fragmented="1500163">
      <mem type="soa" free="1084956976" total="1147560960" percent="94" />
      <mem type="loa" free="60398592" total="60398592" percent="100" />
    </mem>
    <remembered-set count="1366" />
  </mem-info>
</gc-end>
<cycle-end id="70" type="scavenge" contextid="64" timestamp="2021-04-05T23:13:07.241" />
<allocation-satisfied id="71" threadId="0000000000334700" bytesRequested="1040" />
<af-end id="72" timestamp="2021-04-05T23:13:07.241" threadId="0000000000335080" success="true" from="nursery"/>
<exclusive-end id="73" timestamp="2021-04-05T23:13:07.241" durationms="93.109" />

<exclusive-start id="74" timestamp="2021-04-05T23:13:07.845" intervalms="696.780">
  <response-info timems="0.050" idlems="0.050" threads="0" lastid="000000000011CB00" lastname="BenchmarkThread xml.validation 1" />
</exclusive-start>
<af-start id="75" threadId="000000000011D480" totalBytesRequested="136" timestamp="2021-04-05T23:13:07.845" intervalms="696.769" type="nursery" />
<cycle-start id="76" type="scavenge" contextid="0" timestamp="2021-04-05T23:13:07.845" intervalms="696.760" />
<gc-start id="77" type="scavenge" contextid="76" timestamp="2021-04-05T23:13:07.845">
  <mem-info id="78" free="1145355568" total="1610612736" percent="71">
    <mem type="nursery" free="0" total="402653184" percent="0">
      <mem type="allocate" free="0" total="231211008" percent="0" />
      <mem type="survivor" free="0" total="171442176" percent="0" />
    </mem>
    <mem type="tenure" free="1145355568" total="1207959552" percent="94">
      <mem type="soa" free="1084956976" total="1147560960" percent="94" />
      <mem type="loa" free="60398592" total="60398592" percent="100" />
    </mem>
    <remembered-set count="1489" />
  </mem-info>
</gc-start>
<allocation-stats totalBytes="169059952" >
  <allocated-bytes non-tlh="3120" tlh="169056832" />
  <largest-consumer threadName="BenchmarkThread xml.validation 7" threadId="0000000000338300" bytes="25409840" />
</allocation-stats>
<gc-op id="79" type="scavenge" timems="98.606" contextid="76" timestamp="2021-04-05T23:13:07.944">
  <scavenger-info tenureage="3" tenuremask="7ff8" tiltratio="57" />
  <memory-copied type="nursery" objects="1189010" bytes="47466904" bytesdiscarded="4312" />
  <memory-copied type="tenure" objects="355549" bytes="14545720" bytesdiscarded="0" />
  <references type="soft" candidates="1" cleared="0" enqueued="0" dynamicThreshold="32" maxThreshold="32" />
  <references type="weak" candidates="1" cleared="0" enqueued="0" />
</gc-op>
<gc-end id="80" type="scavenge" contextid="76" durationms="98.596" usertimems="364.327" systemtimems="0.000" timestamp="2021-04-05T23:13:07.944" activeThreads="4">
  <mem-info id="81" free="1335517888" total="1610612736" percent="82">
    <mem type="nursery" free="204580240" total="402653184" percent="50">
      <mem type="allocate" free="204580240" total="252051456" percent="81" />
      <mem type="survivor" free="0" total="150601728" percent="0" />
    </mem>
    <mem type="tenure" free="1130937648" total="1207959552" percent="93" macro-fragmented="1250136">
      <mem type="soa" free="1070539056" total="1147560960" percent="93" />
      <mem type="loa" free="60398592" total="60398592" percent="100" />
    </mem>
    <remembered-set count="1326" />
  </mem-info>
</gc-end>
<cycle-end id="82" type="scavenge" contextid="76" timestamp="2021-04-05T23:13:07.944" />
<allocation-satisfied id="83" threadId="000000000011CB00" bytesRequested="136" />
<af-end id="84" timestamp="2021-04-05T23:13:07.944" threadId="000000000011D480" success="true" from="nursery"/>
<exclusive-end id="85" timestamp="2021-04-05T23:13:07.944" durationms="99.440" />

<exclusive-start id="86" timestamp="2021-04-05T23:13:08.719" intervalms="873.878">
  <response-info timems="0.106" idlems="0.042" threads="4" lastid="0000000000334700" lastname="BenchmarkThread xml.validation 6" />
</exclusive-start>
<af-start id="87" threadId="000000000032D880" totalBytesRequested="136" timestamp="2021-04-05T23:13:08.719" intervalms="873.876" type="nursery" />
<cycle-start id="88" type="scavenge" contextid="0" timestamp="2021-04-05T23:13:08.719" intervalms="873.876" />
<gc-start id="89" type="scavenge" contextid="88" timestamp="2021-04-05T23:13:08.719">
  <mem-info id="90" free="1130937648" total="1610612736" percent="70">
    <mem type="nursery" free="0" total="402653184" percent="0">
      <mem type="allocate" free="0" total="252051456" percent="0" />
      <mem type="survivor" free="0" total="150601728" percent="0" />
    </mem>
    <mem type="tenure" free="1130937648" total="1207959552" percent="93">
      <mem type="soa" free="1070539056" total="1147560960" percent="93" />
      <mem type="loa" free="60398592" total="60398592" percent="100" />
    </mem>
    <remembered-set count="1535" />
  </mem-info>
</gc-start>
<allocation-stats totalBytes="204490528" >
  <allocated-bytes non-tlh="136" tlh="204490392" />
  <largest-consumer threadName="BenchmarkThread xml.validation 1" threadId="000000000011CB00" bytes="35385768" />
</allocation-stats>
<gc-op id="91" type="scavenge" timems="110.411" contextid="88" timestamp="2021-04-05T23:13:08.829">
  <scavenger-info tenureage="3" tenuremask="fff8" tiltratio="62" />
  <memory-copied type="nursery" objects="792787" bytes="33108792" bytesdiscarded="6128" />
  <memory-copied type="tenure" objects="984427" bytes="39259384" bytesdiscarded="0" />
</gc-op>
<gc-end id="92" type="scavenge" contextid="88" durationms="110.402" usertimems="425.434" systemtimems="3.984" timestamp="2021-04-05T23:13:08.830" activeThreads="4">
  <mem-info id="93" free="1330267456" total="1610612736" percent="82">
    <mem type="nursery" free="238793944" total="402653184" percent="59">
      <mem type="allocate" free="238793944" total="271908864" percent="87" />
      <mem type="survivor" free="0" total="130744320" percent="0" />
    </mem>
    <mem type="tenure" free="1091473512" total="1207959552" percent="90" macro-fragmented="0">
      <mem type="soa" free="1031074920" total="1147560960" percent="89" />
      <mem type="loa" free="60398592" total="60398592" percent="100" />
    </mem>
    <remembered-set count="1081" />
  </mem-info>
</gc-end>
<cycle-end id="94" type="scavenge" contextid="88" timestamp="2021-04-05T23:13:08.830" />
<allocation-satisfied id="95" threadId="000000000032CF00" bytesRequested="136" />
<af-end id="96" timestamp="2021-04-05T23:13:08.830" threadId="000000000032D880" success="true" from="nursery"/>
<exclusive-end id="97" timestamp="2021-04-05T23:13:08.830" durationms="111.644" />

<exclusive-start id="98" timestamp="2021-04-05T23:13:10.412" intervalms="1693.126">
  <response-info timems="0.070" idlems="0.034" threads="3" lastid="0000000000334700" lastname="BenchmarkThread xml.validation 6" />
</exclusive-start>
<af-start id="99" threadId="000000000033C780" totalBytesRequested="1040" timestamp="2021-04-05T23:13:10.412" intervalms="1693.138" type="nursery" />
<cycle-start id="100" type="scavenge" contextid="0" timestamp="2021-04-05T23:13:10.412" intervalms="1693.143" />
<gc-start id="101" type="scavenge" contextid="100" timestamp="2021-04-05T23:13:10.412">
  <mem-info id="102" free="1091473512" total="1610612736" percent="67">
    <mem type="nursery" free="0" total="402653184" percent="0">
      <mem type="allocate" free="0" total="271908864" percent="0" />
      <mem type="survivor" free="0" total="130744320" percent="0" />
    </mem>
    <mem type="tenure" free="1091473512" total="1207959552" percent="90">
      <mem type="soa" free="1031074920" total="1147560960" percent="89" />
      <mem type="loa" free="60398592" total="60398592" percent="100" />
    </mem>
    <remembered-set count="1640" />
  </mem-info>
</gc-start>
<allocation-stats totalBytes="238672040" >
  <allocated-bytes non-tlh="136" tlh="238671904" />
  <largest-consumer threadName="BenchmarkThread xml.validation 6" threadId="0000000000334700" bytes="36460984" />
</allocation-stats>
<gc-op id="103" type="scavenge" timems="99.762" contextid="100" timestamp="2021-04-05T23:13:10.512">
  <scavenger-info tenureage="3" tenuremask="fff8" tiltratio="67" />
  <memory-copied type="nursery" objects="1540169" bytes="61885176" bytesdiscarded="11016" />
  <memory-copied type="tenure" objects="3521" bytes="123192" bytesdiscarded="0" />
</gc-op>
<gc-end id="104" type="scavenge" contextid="100" durationms="99.752" usertimems="364.990" systemtimems="0.004" timestamp="2021-04-05T23:13:10.513" activeThreads="4">
  <mem-info id="105" free="1307908712" total="1610612736" percent="81">
    <mem type="nursery" free="216566272" total="402653184" percent="53">
      <mem type="allocate" free="216566272" total="278462464" percent="77" />
      <mem type="survivor" free="0" total="124190720" percent="0" />
    </mem>
    <mem type="tenure" free="1091342440" total="1207959552" percent="90" macro-fragmented="868149">
      <mem type="soa" free="1030943848" total="1147560960" percent="89" />
      <mem type="loa" free="60398592" total="60398592" percent="100" />
    </mem>
    <remembered-set count="1313" />
  </mem-info>
</gc-end>
<cycle-end id="106" type="scavenge" contextid="100" timestamp="2021-04-05T23:13:10.514" />
<allocation-satisfied id="107" threadId="000000000033BE00" bytesRequested="1040" />
<af-end id="108" timestamp="2021-04-05T23:13:10.514" threadId="000000000033C780" success="true" from="nursery"/>
<exclusive-end id="109" timestamp="2021-04-05T23:13:10.514" durationms="102.417" />

<exclusive-start id="110" timestamp="2021-04-05T23:13:11.348" intervalms="935.742">
  <response-info timems="0.099" idlems="0.044" threads="4" lastid="0000000000338300" lastname="BenchmarkThread xml.validation 7" />
</exclusive-start>
<af-start id="111" threadId="000000000033C780" totalBytesRequested="80" timestamp="2021-04-05T23:13:11.348" intervalms="935.748" type="nursery" />
<cycle-start id="112" type="scavenge" contextid="0" timestamp="2021-04-05T23:13:11.348" intervalms="935.968" />
<gc-start id="113" type="scavenge" contextid="112" timestamp="2021-04-05T23:13:11.348">
  <mem-info id="114" free="1091342440" total="1610612736" percent="67">
    <mem type="nursery" free="0" total="402653184" percent="0">
      <mem type="allocate" free="0" total="278462464" percent="0" />
      <mem type="survivor" free="0" total="124190720" percent="0" />
    </mem>
    <mem type="tenure" free="1091342440" total="1207959552" percent="90">
      <mem type="soa" free="1030943848" total="1147560960" percent="89" />
      <mem type="loa" free="60398592" total="60398592" percent="100" />
    </mem>
    <remembered-set count="1517" />
  </mem-info>
</gc-start>
<allocation-stats totalBytes="216434784" >
  <allocated-bytes non-tlh="7280" tlh="216427504" />
  <largest-consumer threadName="BenchmarkThread xml.validation 2" threadId="000000000013CF00" bytes="37083920" />
</allocation-stats>
<gc-op id="115" type="scavenge" timems="99.406" contextid="112" timestamp="2021-04-05T23:13:11.448">
  <scavenger-info tenureage="3" tenuremask="7ff8" tiltratio="69" />
  <memory-copied type="nursery" objects="1554280" bytes="62463016" bytesdiscarded="13288" />
</gc-op>
<gc-end id="116" type="scavenge" contextid="112" durationms="99.394" usertimems="373.216" systemtimems="0.000" timestamp="2021-04-05T23:13:11.448" activeThreads="4">
  <mem-info id="117" free="1318535256" total="1610612736" percent="81">
    <mem type="nursery" free="227192816" total="402653184" percent="56">
      <mem type="allocate" free="227192816" total="289669120" percent="78" />
      <mem type="survivor" free="0" total="112984064" percent="0" />
    </mem>
    <mem type="tenure" free="1091342440" total="1207959552" percent="90" macro-fragmented="1250136">
      <mem type="soa" free="1030943848" total="1147560960" percent="89" />
      <mem type="loa" free="60398592" total="60398592" percent="100" />
    </mem>
    <remembered-set count="1349" />
  </mem-info>
</gc-end>
<cycle-end id="118" type="scavenge" contextid="112" timestamp="2021-04-05T23:13:11.449" />
<allocation-satisfied id="119" threadId="000000000033BE00" bytesRequested="80" />
<af-end id="120" timestamp="2021-04-05T23:13:11.449" threadId="000000000033C780" success="true" from="nursery"/>
<exclusive-end id="121" timestamp="2021-04-05T23:13:11.449" durationms="101.529" />

<exclusive-start id="122" timestamp="2021-04-05T23:13:12.296" intervalms="948.126">
  <response-info timems="0.084" idlems="0.044" threads="2" lastid="0000000000330B00" lastname="BenchmarkThread xml.validation 5" />
</exclusive-start>
<af-start id="123" threadId="0000000000338C80" totalBytesRequested="32" timestamp="2021-04-05T23:13:12.296" intervalms="948.118" type="nursery" />
<cycle-start id="124" type="scavenge" contextid="0" timestamp="2021-04-05T23:13:12.296" intervalms="947.900" />
<gc-start id="125" type="scavenge" contextid="124" timestamp="2021-04-05T23:13:12.296">
  <mem-info id="126" free="1091342440" total="1610612736" percent="67">
    <mem type="nursery" free="0" total="402653184" percent="0">
      <mem type="allocate" free="0" total="289669120" percent="0" />
      <mem type="survivor" free="0" total="112984064" percent="0" />
    </mem>
    <mem type="tenure" free="1091342440" total="1207959552" percent="90">
      <mem type="soa" free="1030943848" total="1147560960" percent="89" />
      <mem type="loa" free="60398592" total="60398592" percent="100" />
    </mem>
    <remembered-set count="1493" />
  </mem-info>
</gc-start>
<allocation-stats totalBytes="227083536" >
  <allocated-bytes non-tlh="80" tlh="227083456" />
  <largest-consumer threadName="BenchmarkThread xml.validation 8" threadId="000000000033BE00" bytes="37502792" />
</allocation-stats>
<gc-op id="127" type="scavenge" timems="99.842" contextid="124" timestamp="2021-04-05T23:13:12.396">
  <scavenger-info tenureage="3" tenuremask="fff8" tiltratio="71" />
  <memory-copied type="nursery" objects="1274190" bytes="51557872" bytesdiscarded="9424" />
  <memory-copied type="tenure" objects="212532" bytes="8544824" bytesdiscarded="0" />
</gc-op>
<gc-end id="128" type="scavenge" contextid="124" durationms="99.828" usertimems="380.749" systemtimems="0.024" timestamp="2021-04-05T23:13:12.397" activeThreads="4">
  <mem-info id="129" free="1330034088" total="1610612736" percent="82">
    <mem type="nursery" free="247211328" total="402653184" percent="61">
      <mem type="allocate" free="247211328" total="298778624" percent="82" />
      <mem type="survivor" free="0" total="103874560" percent="0" />
    </mem>
    <mem type="tenure" free="1082822760" total="1207959552" percent="89" macro-fragmented="0">
      <mem type="soa" free="1022424168" total="1147560960" percent="89" />
      <mem type="loa" free="60398592" total="60398592" percent="100" />
    </mem>
    <remembered-set count="1968" />
  </mem-info>
</gc-end>
<cycle-end id="130" type="scavenge" contextid="124" timestamp="2021-04-05T23:13:12.398" />
<allocation-satisfied id="131" threadId="0000000000338300" bytesRequested="32" />
<af-end id="132" timestamp="2021-04-05T23:13:12.398" threadId="0000000000338C80" success="true" from="nursery"/>
<exclusive-end id="133" timestamp="2021-04-05T23:13:12.398" durationms="101.810" />

<exclusive-start id="134" timestamp="2021-04-05T23:13:13.662" intervalms="1365.992">
  <response-info timems="0.097" idlems="0.042" threads="6" lastid="000000000033BE00" lastname="BenchmarkThread xml.validation 8" />
</exclusive-start>
<af-start id="135" threadId="0000000000338C80" totalBytesRequested="40" timestamp="2021-04-05T23:13:13.662" intervalms="1366.009" type="nursery" />
<cycle-start id="136" type="scavenge" contextid="0" timestamp="2021-04-05T23:13:13.662" intervalms="1366.011" />
<gc-start id="137" type="scavenge" contextid="136" timestamp="2021-04-05T23:13:13.662">
  <mem-info id="138" free="1082822760" total="1610612736" percent="67">
    <mem type="nursery" free="0" total="402653184" percent="0">
      <mem type="allocate" free="0" total="298778624" percent="0" />
      <mem type="survivor" free="0" total="103874560" percent="0" />
    </mem>
    <mem type="tenure" free="1082822760" total="1207959552" percent="89">
      <mem type="soa" free="1022424168" total="1147560960" percent="89" />
      <mem type="loa" free="60398592" total="60398592" percent="100" />
    </mem>
    <remembered-set count="2221" />
  </mem-info>
</gc-start>
<allocation-stats totalBytes="247076320" >
  <allocated-bytes non-tlh="1072" tlh="247075248" />
  <largest-consumer threadName="BenchmarkThread xml.validation 8" threadId="000000000033BE00" bytes="55082800" />
</allocation-stats>
<gc-op id="139" type="scavenge" timems="118.370" contextid="136" timestamp="2021-04-05T23:13:13.780">
  <scavenger-info tenureage="3" tenuremask="7ff8" tiltratio="74" />
  <memory-copied type="nursery" objects="1500610" bytes="60295768" bytesdiscarded="14328" />
  <memory-copied type="tenure" objects="85500" bytes="3465976" bytesdiscarded="0" />
</gc-op>
<gc-end id="140" type="scavenge" contextid="136" durationms="118.358" usertimems="443.708" systemtimems="3.979" timestamp="2021-04-05T23:13:13.781" activeThreads="4">
  <mem-info id="141" free="1323650584" total="1610612736" percent="82">
    <mem type="nursery" free="244366768" total="402653184" percent="60">
      <mem type="allocate" free="244366768" total="304676864" percent="80" />
      <mem type="survivor" free="0" total="97976320" percent="0" />
    </mem>
    <mem type="tenure" free="1079283816" total="1207959552" percent="89" macro-fragmented="1500163">
      <mem type="soa" free="1018885224" total="1147560960" percent="88" />
      <mem type="loa" free="60398592" total="60398592" percent="100" />
    </mem>
    <remembered-set count="1322" />
  </mem-info>
</gc-end>
<cycle-end id="142" type="scavenge" contextid="136" timestamp="2021-04-05T23:13:13.782" />
<allocation-satisfied id="143" threadId="0000000000338300" bytesRequested="40" />
<af-end id="144" timestamp="2021-04-05T23:13:13.782" threadId="0000000000338C80" success="true" from="nursery"/>
<exclusive-end id="145" timestamp="2021-04-05T23:13:13.782" durationms="120.341" />

<exclusive-start id="146" timestamp="2021-04-05T23:13:14.595" intervalms="933.617">
  <response-info timems="0.060" idlems="0.029" threads="2" lastid="0000000000334700" lastname="BenchmarkThread xml.validation 6" />
</exclusive-start>
<af-start id="147" threadId="0000000000331480" totalBytesRequested="1040" timestamp="2021-04-05T23:13:14.595" intervalms="933.600" type="nursery" />
<cycle-start id="148" type="scavenge" contextid="0" timestamp="2021-04-05T23:13:14.596" intervalms="933.595" />
<gc-start id="149" type="scavenge" contextid="148" timestamp="2021-04-05T23:13:14.596">
  <mem-info id="150" free="1079283816" total="1610612736" percent="67">
    <mem type="nursery" free="0" total="402653184" percent="0">
      <mem type="allocate" free="0" total="304676864" percent="0" />
      <mem type="survivor" free="0" total="97976320" percent="0" />
    </mem>
    <mem type="tenure" free="1079283816" total="1207959552" percent="89">
      <mem type="soa" free="1018885224" total="1147560960" percent="88" />
      <mem type="loa" free="60398592" total="60398592" percent="100" />
    </mem>
    <remembered-set count="1527" />
  </mem-info>
</gc-start>
<allocation-stats totalBytes="244219640" >
  <allocated-bytes non-tlh="1080" tlh="244218560" />
  <largest-consumer threadName="BenchmarkThread xml.validation 3" threadId="0000000000329300" bytes="38348904" />
</allocation-stats>
<gc-op id="151" type="scavenge" timems="91.794" contextid="148" timestamp="2021-04-05T23:13:14.687">
  <scavenger-info tenureage="3" tenuremask="7ff8" tiltratio="75" />
  <memory-copied type="nursery" objects="1530512" bytes="61505336" bytesdiscarded="16224" />
  <memory-copied type="tenure" objects="9567" bytes="370752" bytesdiscarded="0" />
</gc-op>
<gc-end id="152" type="scavenge" contextid="148" durationms="91.783" usertimems="361.775" systemtimems="0.000" timestamp="2021-04-05T23:13:14.688" activeThreads="4">
  <mem-info id="153" free="1328337360" total="1610612736" percent="82">
    <mem type="nursery" free="249184616" total="402653184" percent="61">
      <mem type="allocate" free="249184616" total="310706176" percent="80" />
      <mem type="survivor" free="0" total="91947008" percent="0" />
    </mem>
    <mem type="tenure" free="1079152744" total="1207959552" percent="89" macro-fragmented="868149">
      <mem type="soa" free="1018754152" total="1147560960" percent="88" />
      <mem type="loa" free="60398592" total="60398592" percent="100" />
    </mem>
    <remembered-set count="1350" />
  </mem-info>
</gc-end>
<cycle-end id="154" type="scavenge" contextid="148" timestamp="2021-04-05T23:13:14.688" />
<allocation-satisfied id="155" threadId="0000000000330B00" bytesRequested="1040" />
<af-end id="156" timestamp="2021-04-05T23:13:14.688" threadId="0000000000331480" success="true" from="nursery"/>
<exclusive-end id="157" timestamp="2021-04-05T23:13:14.688" durationms="92.823" />

<exclusive-start id="158" timestamp="2021-04-05T23:13:15.504" intervalms="908.543">
  <response-info timems="0.044" idlems="0.044" threads="0" lastid="000000000013CF00" lastname="BenchmarkThread xml.validation 2" />
</exclusive-start>
<af-start id="159" threadId="000000000013D880" totalBytesRequested="40" timestamp="2021-04-05T23:13:15.504" intervalms="908.532" type="nursery" />
<cycle-start id="160" type="scavenge" contextid="0" timestamp="2021-04-05T23:13:15.504" intervalms="908.527" />
<gc-start id="161" type="scavenge" contextid="160" timestamp="2021-04-05T23:13:15.504">
  <mem-info id="162" free="1079152744" total="1610612736" percent="67">
    <mem type="nursery" free="0" total="402653184" percent="0">
      <mem type="allocate" free="0" total="310706176" percent="0" />
      <mem type="survivor" free="0" total="91947008" percent="0" />
    </mem>
    <mem type="tenure" free="1079152744" total="1207959552" percent="89">
      <mem type="soa" free="1018754152" total="1147560960" percent="88" />
      <mem type="loa" free="60398592" total="60398592" percent="100" />
    </mem>
    <remembered-set count="1527" />
  </mem-info>
</gc-start>
<allocation-stats totalBytes="249063712" >
  <allocated-bytes non-tlh="1040" tlh="249062672" />
  <largest-consumer threadName="BenchmarkThread xml.validation 5" threadId="0000000000330B00" bytes="45166208" />
</allocation-stats>
<gc-op id="163" type="scavenge" timems="120.455" contextid="160" timestamp="2021-04-05T23:13:15.625">
  <scavenger-info tenureage="3" tenuremask="7ff8" tiltratio="77" />
  <memory-copied type="nursery" objects="1506775" bytes="60857448" bytesdiscarded="12088" />
  <memory-copied type="tenure" objects="120427" bytes="4875488" bytesdiscarded="0" />
</gc-op>
<gc-end id="164" type="scavenge" contextid="160" durationms="120.445" usertimems="442.788" systemtimems="0.000" timestamp="2021-04-05T23:13:15.625" activeThreads="4">
  <mem-info id="165" free="1329120456" total="1610612736" percent="82">
    <mem type="nursery" free="254948448" total="402653184" percent="63">
      <mem type="allocate" free="254948448" total="315817984" percent="80" />
      <mem type="survivor" free="0" total="86835200" percent="0" />
    </mem>
    <mem type="tenure" free="1074172008" total="1207959552" percent="88" macro-fragmented="0">
      <mem type="soa" free="1013773416" total="1147560960" percent="88" />
      <mem type="loa" free="60398592" total="60398592" percent="100" />
    </mem>
    <remembered-set count="1340" />
  </mem-info>
</gc-end>
<cycle-end id="166" type="scavenge" contextid="160" timestamp="2021-04-05T23:13:15.625" />
<allocation-satisfied id="167" threadId="000000000013CF00" bytesRequested="40" />
<af-end id="168" timestamp="2021-04-05T23:13:15.625" threadId="000000000013D880" success="true" from="nursery"/>
<exclusive-end id="169" timestamp="2021-04-05T23:13:15.625" durationms="121.340" />

<exclusive-start id="170" timestamp="2021-04-05T23:13:16.675" intervalms="1171.002">
  <response-info timems="0.048" idlems="0.048" threads="0" lastid="000000000033BE00" lastname="BenchmarkThread xml.validation 8" />
</exclusive-start>
<af-start id="171" threadId="000000000033C780" totalBytesRequested="32" timestamp="2021-04-05T23:13:16.675" intervalms="1171.034" type="nursery" />
<cycle-start id="172" type="scavenge" contextid="0" timestamp="2021-04-05T23:13:16.675" intervalms="1171.426" />
<gc-start id="173" type="scavenge" contextid="172" timestamp="2021-04-05T23:13:16.676">
  <mem-info id="174" free="1074172008" total="1610612736" percent="66">
    <mem type="nursery" free="0" total="402653184" percent="0">
      <mem type="allocate" free="0" total="315817984" percent="0" />
      <mem type="survivor" free="0" total="86835200" percent="0" />
    </mem>
    <mem type="tenure" free="1074172008" total="1207959552" percent="88">
      <mem type="soa" free="1013773416" total="1147560960" percent="88" />
      <mem type="loa" free="60398592" total="60398592" percent="100" />
    </mem>
    <remembered-set count="1571" />
  </mem-info>
</gc-start>
<allocation-stats totalBytes="254800432" >
  <allocated-bytes non-tlh="1080" tlh="254799352" />
  <largest-consumer threadName="BenchmarkThread xml.validation 8" threadId="000000000033BE00" bytes="51803672" />
</allocation-stats>
<gc-op id="175" type="scavenge" timems="93.903" contextid="172" timestamp="2021-04-05T23:13:16.770">
  <scavenger-info tenureage="3" tenuremask="7ff8" tiltratio="78" />
  <memory-copied type="nursery" objects="1507454" bytes="60918600" bytesdiscarded="12016" />
  <memory-copied type="tenure" objects="8" bytes="256" bytesdiscarded="0" />
</gc-op>
<gc-end id="176" type="scavenge" contextid="172" durationms="93.893" usertimems="340.749" systemtimems="0.020" timestamp="2021-04-05T23:13:16.770" activeThreads="4">
  <mem-info id="177" free="1333253680" total="1610612736" percent="82">
    <mem type="nursery" free="259081672" total="402653184" percent="64">
      <mem type="allocate" free="259081672" total="320012288" percent="80" />
      <mem type="survivor" free="0" total="82640896" percent="0" />
    </mem>
    <mem type="tenure" free="1074172008" total="1207959552" percent="88" macro-fragmented="723458">
      <mem type="soa" free="1013773416" total="1147560960" percent="88" />
      <mem type="loa" free="60398592" total="60398592" percent="100" />
    </mem>
    <remembered-set count="1342" />
  </mem-info>
</gc-end>
<cycle-end id="178" type="scavenge" contextid="172" timestamp="2021-04-05T23:13:16.770" />
<allocation-satisfied id="179" threadId="000000000033BE00" bytesRequested="32" />
<af-end id="180" timestamp="2021-04-05T23:13:16.770" threadId="000000000033C780" success="true" from="nursery"/>
<exclusive-end id="181" timestamp="2021-04-05T23:13:16.770" durationms="95.301" />

<exclusive-start id="182" timestamp="2021-04-05T23:13:17.562" intervalms="887.284">
  <response-info timems="0.060" idlems="0.032" threads="2" lastid="000000000013CF00" lastname="BenchmarkThread xml.validation 2" />
</exclusive-start>
<af-start id="183" threadId="0000000000335080" totalBytesRequested="40" timestamp="2021-04-05T23:13:17.562" intervalms="887.255" type="nursery" />
<cycle-start id="184" type="scavenge" contextid="0" timestamp="2021-04-05T23:13:17.562" intervalms="886.863" />
<gc-start id="185" type="scavenge" contextid="184" timestamp="2021-04-05T23:13:17.562">
  <mem-info id="186" free="1074172008" total="1610612736" percent="66">
    <mem type="nursery" free="0" total="402653184" percent="0">
      <mem type="allocate" free="0" total="320012288" percent="0" />
      <mem type="survivor" free="0" total="82640896" percent="0" />
    </mem>
    <mem type="tenure" free="1074172008" total="1207959552" percent="88">
      <mem type="soa" free="1013773416" total="1147560960" percent="88" />
      <mem type="loa" free="60398592" total="60398592" percent="100" />
    </mem>
    <remembered-set count="1509" />
  </mem-info>
</gc-start>
<allocation-stats totalBytes="258935048" >
  <allocated-bytes non-tlh="32" tlh="258935016" />
  <largest-consumer threadName="BenchmarkThread xml.validation 2" threadId="000000000013CF00" bytes="44555856" />
</allocation-stats>
<gc-op id="187" type="scavenge" timems="106.315" contextid="184" timestamp="2021-04-05T23:13:17.669">
  <scavenger-info tenureage="3" tenuremask="7ff8" tiltratio="79" />
  <memory-copied type="nursery" objects="1505535" bytes="61434152" bytesdiscarded="11384" />
  <memory-copied type="tenure" objects="2" bytes="64" bytesdiscarded="0" />
</gc-op>
<gc-end id="188" type="scavenge" contextid="184" durationms="106.305" usertimems="408.585" systemtimems="0.000" timestamp="2021-04-05T23:13:17.669" activeThreads="4">
  <mem-info id="189" free="1335884488" total="1610612736" percent="82">
    <mem type="nursery" free="261712480" total="402653184" percent="64">
      <mem type="allocate" free="261712480" total="323158016" percent="80" />
      <mem type="survivor" free="0" total="79495168" percent="0" />
    </mem>
    <mem type="tenure" free="1074172008" total="1207959552" percent="88" macro-fragmented="1041780">
      <mem type="soa" free="1013773416" total="1147560960" percent="88" />
      <mem type="loa" free="60398592" total="60398592" percent="100" />
    </mem>
    <remembered-set count="1336" />
  </mem-info>
</gc-end>
<cycle-end id="190" type="scavenge" contextid="184" timestamp="2021-04-05T23:13:17.669" />
<allocation-satisfied id="191" threadId="0000000000334700" bytesRequested="40" />
<af-end id="192" timestamp="2021-04-05T23:13:17.669" threadId="0000000000335080" success="true" from="nursery"/>
<exclusive-end id="193" timestamp="2021-04-05T23:13:17.669" durationms="107.213" />

<exclusive-start id="194" timestamp="2021-04-05T23:13:18.702" intervalms="1139.786">
  <response-info timems="0.050" idlems="0.046" threads="1" lastid="000000000032CF00" lastname="BenchmarkThread xml.validation 4" />
</exclusive-start>
<af-start id="195" threadId="000000000033C780" totalBytesRequested="16" timestamp="2021-04-05T23:13:18.702" intervalms="1139.796" type="nursery" />
<cycle-start id="196" type="scavenge" contextid="0" timestamp="2021-04-05T23:13:18.702" intervalms="1139.800" />
<gc-start id="197" type="scavenge" contextid="196" timestamp="2021-04-05T23:13:18.702">
  <mem-info id="198" free="1074172008" total="1610612736" percent="66">
    <mem type="nursery" free="0" total="402653184" percent="0">
      <mem type="allocate" free="0" total="323158016" percent="0" />
      <mem type="survivor" free="0" total="79495168" percent="0" />
    </mem>
    <mem type="tenure" free="1074172008" total="1207959552" percent="88">
      <mem type="soa" free="1013773416" total="1147560960" percent="88" />
      <mem type="loa" free="60398592" total="60398592" percent="100" />
    </mem>
    <remembered-set count="1552" />
  </mem-info>
</gc-start>
<allocation-stats totalBytes="261581408" >
  <allocated-bytes non-tlh="1080" tlh="261580328" />
  <largest-consumer threadName="BenchmarkThread xml.validation 4" threadId="000000000032CF00" bytes="50531448" />
</allocation-stats>
<gc-op id="199" type="scavenge" timems="95.101" contextid="196" timestamp="2021-04-05T23:13:18.797">
  <scavenger-info tenureage="3" tenuremask="7ff8" tiltratio="80" />
  <memory-copied type="nursery" objects="1562635" bytes="62799128" bytesdiscarded="10080" />
  <memory-copied type="tenure" objects="14" bytes="448" bytesdiscarded="0" />
</gc-op>
<gc-end id="200" type="scavenge" contextid="196" durationms="95.089" usertimems="371.181" systemtimems="0.000" timestamp="2021-04-05T23:13:18.798" activeThreads="4">
  <mem-info id="201" free="1342647280" total="1610612736" percent="83">
    <mem type="nursery" free="268475272" total="402653184" percent="66">
      <mem type="allocate" free="268475272" total="331284480" percent="81" />
      <mem type="survivor" free="0" total="71368704" percent="0" />
    </mem>
    <mem type="tenure" free="1074172008" total="1207959552" percent="88" macro-fragmented="3732887">
      <mem type="soa" free="1013773416" total="1147560960" percent="88" />
      <mem type="loa" free="60398592" total="60398592" percent="100" />
    </mem>
    <remembered-set count="1333" />
  </mem-info>
</gc-end>
<cycle-end id="202" type="scavenge" contextid="196" timestamp="2021-04-05T23:13:18.798" />
<allocation-satisfied id="203" threadId="000000000033BE00" bytesRequested="16" />
<af-end id="204" timestamp="2021-04-05T23:13:18.798" threadId="000000000033C780" success="true" from="nursery"/>
<exclusive-end id="205" timestamp="2021-04-05T23:13:18.798" durationms="96.025" />

<exclusive-start id="206" timestamp="2021-04-05T23:13:19.762" intervalms="1060.011">
  <response-info timems="0.081" idlems="0.037" threads="3" lastid="0000000000329300" lastname="BenchmarkThread xml.validation 3" />
</exclusive-start>
<af-start id="207" threadId="000000000011D480" totalBytesRequested="24" timestamp="2021-04-05T23:13:19.762" intervalms="1060.012" type="nursery" />
<cycle-start id="208" type="scavenge" contextid="0" timestamp="2021-04-05T23:13:19.762" intervalms="1060.015" />
<gc-start id="209" type="scavenge" contextid="208" timestamp="2021-04-05T23:13:19.762">
  <mem-info id="210" free="1074172008" total="1610612736" percent="66">
    <mem type="nursery" free="0" total="402653184" percent="0">
      <mem type="allocate" free="0" total="331284480" percent="0" />
      <mem type="survivor" free="0" total="71368704" percent="0" />
    </mem>
    <mem type="tenure" free="1074172008" total="1207959552" percent="88">
      <mem type="soa" free="1013773416" total="1147560960" percent="88" />
      <mem type="loa" free="60398592" total="60398592" percent="100" />
    </mem>
    <remembered-set count="1553" />
  </mem-info>
</gc-start>
<allocation-stats totalBytes="268320912" >
  <allocated-bytes non-tlh="5216" tlh="268315696" />
  <largest-consumer threadName="BenchmarkThread xml.validation 6" threadId="0000000000334700" bytes="40404904" />
</allocation-stats>
<gc-op id="211" type="scavenge" timems="103.562" contextid="208" timestamp="2021-04-05T23:13:19.866">
  <scavenger-info tenureage="3" tenuremask="7ff8" tiltratio="82" />
  <memory-copied type="nursery" objects="1545447" bytes="62052224" bytesdiscarded="10392" />
  <memory-copied type="tenure" objects="4" bytes="128" bytesdiscarded="0" />
</gc-op>
<gc-end id="212" type="scavenge" contextid="208" durationms="103.550" usertimems="390.250" systemtimems="0.000" timestamp="2021-04-05T23:13:19.866" activeThreads="4">
  <mem-info id="213" free="1344114768" total="1610612736" percent="83">
    <mem type="nursery" free="269942760" total="402653184" percent="67">
      <mem type="allocate" free="269942760" total="332005376" percent="81" />
      <mem type="survivor" free="0" total="70647808" percent="0" />
    </mem>
    <mem type="tenure" free="1074172008" total="1207959552" percent="88" macro-fragmented="2592282">
      <mem type="soa" free="1013773416" total="1147560960" percent="88" />
      <mem type="loa" free="60398592" total="60398592" percent="100" />
    </mem>
    <remembered-set count="1346" />
  </mem-info>
</gc-end>
<cycle-end id="214" type="scavenge" contextid="208" timestamp="2021-04-05T23:13:19.866" />
<allocation-satisfied id="215" threadId="000000000011CB00" bytesRequested="24" />
<af-end id="216" timestamp="2021-04-05T23:13:19.867" threadId="000000000011D480" success="true" from="nursery"/>
<exclusive-end id="217" timestamp="2021-04-05T23:13:19.867" durationms="104.500" />

<exclusive-start id="218" timestamp="2021-04-05T23:13:20.752" intervalms="989.877">
  <response-info timems="0.046" idlems="0.046" threads="0" lastid="0000000000334700" lastname="BenchmarkThread xml.validation 6" />
</exclusive-start>
<af-start id="219" threadId="0000000000335080" totalBytesRequested="1040" timestamp="2021-04-05T23:13:20.752" intervalms="989.866" type="nursery" />
<cycle-start id="220" type="scavenge" contextid="0" timestamp="2021-04-05T23:13:20.752" intervalms="989.859" />
<gc-start id="221" type="scavenge" contextid="220" timestamp="2021-04-05T23:13:20.752">
  <mem-info id="222" free="1074172008" total="1610612736" percent="66">
    <mem type="nursery" free="0" total="402653184" percent="0">
      <mem type="allocate" free="0" total="332005376" percent="0" />
      <mem type="survivor" free="0" total="70647808" percent="0" />
    </mem>
    <mem type="tenure" free="1074172008" total="1207959552" percent="88">
      <mem type="soa" free="1013773416" total="1147560960" percent="88" />
      <mem type="loa" free="60398592" total="60398592" percent="100" />
    </mem>
    <remembered-set count="1515" />
  </mem-info>
</gc-start>
<allocation-stats totalBytes="269805936" >
  <allocated-bytes non-tlh="24" tlh="269805912" />
  <largest-consumer threadName="BenchmarkThread xml.validation 1" threadId="000000000011CB00" bytes="59560640" />
</allocation-stats>
<gc-op id="223" type="scavenge" timems="115.050" contextid="220" timestamp="2021-04-05T23:13:20.867">
  <scavenger-info tenureage="3" tenuremask="7ff8" tiltratio="82" />
  <memory-copied type="nursery" objects="1558403" bytes="62680216" bytesdiscarded="13584" />
  <memory-copied type="tenure" objects="6" bytes="192" bytesdiscarded="0" />
</gc-op>
<gc-end id="224" type="scavenge" contextid="220" durationms="115.041" usertimems="449.985" systemtimems="3.931" timestamp="2021-04-05T23:13:20.868" activeThreads="4">
  <mem-info id="225" free="1345253056" total="1610612736" percent="83">
    <mem type="nursery" free="271081048" total="402653184" percent="67">
      <mem type="allocate" free="271081048" total="333774848" percent="81" />
      <mem type="survivor" free="0" total="68878336" percent="0" />
    </mem>
    <mem type="tenure" free="1074172008" total="1207959552" percent="88" macro-fragmented="2160235">
      <mem type="soa" free="1013773416" total="1147560960" percent="88" />
      <mem type="loa" free="60398592" total="60398592" percent="100" />
    </mem>
    <remembered-set count="1333" />
  </mem-info>
</gc-end>
<cycle-end id="226" type="scavenge" contextid="220" timestamp="2021-04-05T23:13:20.868" />
<allocation-satisfied id="227" threadId="0000000000334700" bytesRequested="1040" />
<af-end id="228" timestamp="2021-04-05T23:13:20.868" threadId="0000000000335080" success="true" from="nursery"/>
<exclusive-end id="229" timestamp="2021-04-05T23:13:20.868" durationms="115.941" />

<exclusive-start id="230" timestamp="2021-04-05T23:13:21.945" intervalms="1193.221">
  <response-info timems="0.051" idlems="0.051" threads="0" lastid="0000000000334700" lastname="BenchmarkThread xml.validation 6" />
</exclusive-start>
<af-start id="231" threadId="0000000000335080" totalBytesRequested="40" timestamp="2021-04-05T23:13:21.945" intervalms="1193.227" type="nursery" />
<cycle-start id="232" type="scavenge" contextid="0" timestamp="2021-04-05T23:13:21.945" intervalms="1193.488" />
<gc-start id="233" type="scavenge" contextid="232" timestamp="2021-04-05T23:13:21.946">
  <mem-info id="234" free="1074172008" total="1610612736" percent="66">
    <mem type="nursery" free="0" total="402653184" percent="0">
      <mem type="allocate" free="0" total="333774848" percent="0" />
      <mem type="survivor" free="0" total="68878336" percent="0" />
    </mem>
    <mem type="tenure" free="1074172008" total="1207959552" percent="88">
      <mem type="soa" free="1013773416" total="1147560960" percent="88" />
      <mem type="loa" free="60398592" total="60398592" percent="100" />
    </mem>
    <remembered-set count="1575" />
  </mem-info>
</gc-start>
<allocation-stats totalBytes="270923432" >
  <allocated-bytes non-tlh="1040" tlh="270922392" />
  <largest-consumer threadName="BenchmarkThread xml.validation 8" threadId="000000000033BE00" bytes="44031768" />
</allocation-stats>
<gc-op id="235" type="scavenge" timems="95.055" contextid="232" timestamp="2021-04-05T23:13:22.041">
  <scavenger-info tenureage="3" tenuremask="7ff8" tiltratio="82" />
  <memory-copied type="nursery" objects="1539359" bytes="61860464" bytesdiscarded="10920" />
  <memory-copied type="tenure" objects="8" bytes="256" bytesdiscarded="0" />
</gc-op>
<gc-end id="236" type="scavenge" contextid="232" durationms="95.046" usertimems="361.680" systemtimems="0.000" timestamp="2021-04-05T23:13:22.041" activeThreads="4">
  <mem-info id="237" free="1346337616" total="1610612736" percent="83">
    <mem type="nursery" free="272165608" total="402653184" percent="67">
      <mem type="allocate" free="272165608" total="334036992" percent="81" />
      <mem type="survivor" free="0" total="68616192" percent="0" />
    </mem>
    <mem type="tenure" free="1074172008" total="1207959552" percent="88" macro-fragmented="0">
      <mem type="soa" free="1013773416" total="1147560960" percent="88" />
      <mem type="loa" free="60398592" total="60398592" percent="100" />
    </mem>
    <remembered-set count="1340" />
  </mem-info>
</gc-end>
<cycle-end id="238" type="scavenge" contextid="232" timestamp="2021-04-05T23:13:22.041" />
<allocation-satisfied id="239" threadId="0000000000334700" bytesRequested="40" />
<af-end id="240" timestamp="2021-04-05T23:13:22.041" threadId="0000000000335080" success="true" from="nursery"/>
<exclusive-end id="241" timestamp="2021-04-05T23:13:22.041" durationms="96.255" />

<exclusive-start id="242" timestamp="2021-04-05T23:13:22.913" intervalms="967.897">
  <response-info timems="0.080" idlems="0.035" threads="4" lastid="0000000000338300" lastname="BenchmarkThread xml.validation 7" />
</exclusive-start>
<af-start id="243" threadId="000000000013D880" totalBytesRequested="48" timestamp="2021-04-05T23:13:22.913" intervalms="967.896" type="nursery" />
<cycle-start id="244" type="scavenge" contextid="0" timestamp="2021-04-05T23:13:22.913" intervalms="967.645" />
<gc-start id="245" type="scavenge" contextid="244" timestamp="2021-04-05T23:13:22.913">
  <mem-info id="246" free="1074172008" total="1610612736" percent="66">
    <mem type="nursery" free="0" total="402653184" percent="0">
      <mem type="allocate" free="0" total="334036992" percent="0" />
      <mem type="survivor" free="0" total="68616192" percent="0" />
    </mem>
    <mem type="tenure" free="1074172008" total="1207959552" percent="88">
      <mem type="soa" free="1013773416" total="1147560960" percent="88" />
      <mem type="loa" free="60398592" total="60398592" percent="100" />
    </mem>
    <remembered-set count="1520" />
  </mem-info>
</gc-start>
<allocation-stats totalBytes="272016832" >
  <allocated-bytes non-tlh="40" tlh="272016792" />
  <largest-consumer threadName="BenchmarkThread xml.validation 6" threadId="0000000000334700" bytes="47902336" />
</allocation-stats>
<gc-op id="247" type="scavenge" timems="92.477" contextid="244" timestamp="2021-04-05T23:13:23.006">
  <scavenger-info tenureage="3" tenuremask="7ff8" tiltratio="82" />
  <memory-copied type="nursery" objects="1499407" bytes="60638392" bytesdiscarded="13360" />
  <memory-copied type="tenure" objects="2" bytes="64" bytesdiscarded="0" />
</gc-op>
<gc-end id="248" type="scavenge" contextid="244" durationms="92.467" usertimems="351.597" systemtimems="0.000" timestamp="2021-04-05T23:13:23.006" activeThreads="4">
  <mem-info id="249" free="1347884928" total="1610612736" percent="83">
    <mem type="nursery" free="273712920" total="402653184" percent="67">
      <mem type="allocate" free="273712920" total="334364672" percent="81" />
      <mem type="survivor" free="0" total="68288512" percent="0" />
    </mem>
    <mem type="tenure" free="1074172008" total="1207959552" percent="88" macro-fragmented="0">
      <mem type="soa" free="1013773416" total="1147560960" percent="88" />
      <mem type="loa" free="60398592" total="60398592" percent="100" />
    </mem>
    <remembered-set count="1325" />
  </mem-info>
</gc-end>
<cycle-end id="250" type="scavenge" contextid="244" timestamp="2021-04-05T23:13:23.006" />
<allocation-satisfied id="251" threadId="000000000013CF00" bytesRequested="48" />
<af-end id="252" timestamp="2021-04-05T23:13:23.007" threadId="000000000013D880" success="true" from="nursery"/>
<exclusive-end id="253" timestamp="2021-04-05T23:13:23.007" durationms="93.484" />

<exclusive-start id="254" timestamp="2021-04-05T23:13:24.028" intervalms="1114.972">
  <response-info timems="0.063" idlems="0.032" threads="2" lastid="0000000000330B00" lastname="BenchmarkThread xml.validation 5" />
</exclusive-start>
<af-start id="255" threadId="0000000000329C80" totalBytesRequested="40" timestamp="2021-04-05T23:13:24.028" intervalms="1114.967" type="nursery" />
<cycle-start id="256" type="scavenge" contextid="0" timestamp="2021-04-05T23:13:24.028" intervalms="1114.957" />
<gc-start id="257" type="scavenge" contextid="256" timestamp="2021-04-05T23:13:24.028">
  <mem-info id="258" free="1074172008" total="1610612736" percent="66">
    <mem type="nursery" free="0" total="402653184" percent="0">
      <mem type="allocate" free="0" total="334364672" percent="0" />
      <mem type="survivor" free="0" total="68288512" percent="0" />
    </mem>
    <mem type="tenure" free="1074172008" total="1207959552" percent="88">
      <mem type="soa" free="1013773416" total="1147560960" percent="88" />
      <mem type="loa" free="60398592" total="60398592" percent="100" />
    </mem>
    <remembered-set count="1562" />
  </mem-info>
</gc-start>
<allocation-stats totalBytes="273570112" >
  <allocated-bytes non-tlh="48" tlh="273570064" />
  <largest-consumer threadName="BenchmarkThread xml.validation 4" threadId="000000000032CF00" bytes="45393136" />
</allocation-stats>
<gc-op id="259" type="scavenge" timems="95.296" contextid="256" timestamp="2021-04-05T23:13:24.124">
  <scavenger-info tenureage="3" tenuremask="7ff8" tiltratio="83" />
  <memory-copied type="nursery" objects="1542695" bytes="61961560" bytesdiscarded="10720" />
  <memory-copied type="tenure" objects="10" bytes="320" bytesdiscarded="0" />
</gc-op>
<gc-end id="260" type="scavenge" contextid="256" durationms="95.287" usertimems="367.525" systemtimems="0.012" timestamp="2021-04-05T23:13:24.124" activeThreads="4">
  <mem-info id="261" free="1346564400" total="1610612736" percent="83">
    <mem type="nursery" free="272392392" total="402653184" percent="67">
      <mem type="allocate" free="272392392" total="334364672" percent="81" />
      <mem type="survivor" free="0" total="68288512" percent="0" />
    </mem>
    <mem type="tenure" free="1074172008" total="1207959552" percent="88" macro-fragmented="0">
      <mem type="soa" free="1013773416" total="1147560960" percent="88" />
      <mem type="loa" free="60398592" total="60398592" percent="100" />
    </mem>
    <remembered-set count="1336" />
  </mem-info>
</gc-end>
<cycle-end id="262" type="scavenge" contextid="256" timestamp="2021-04-05T23:13:24.124" />
<allocation-satisfied id="263" threadId="0000000000329300" bytesRequested="40" />
<af-end id="264" timestamp="2021-04-05T23:13:24.124" threadId="0000000000329C80" success="true" from="nursery"/>
<exclusive-end id="265" timestamp="2021-04-05T23:13:24.124" durationms="96.169" />

<exclusive-start id="266" timestamp="2021-04-05T23:13:25.079" intervalms="1050.788">
  <response-info timems="0.076" idlems="0.035" threads="3" lastid="0000000000338300" lastname="BenchmarkThread xml.validation 7" />
</exclusive-start>
<af-start id="267" threadId="000000000013D880" totalBytesRequested="24" timestamp="2021-04-05T23:13:25.079" intervalms="1050.789" type="nursery" />
<cycle-start id="268" type="scavenge" contextid="0" timestamp="2021-04-05T23:13:25.079" intervalms="1050.789" />
<gc-start id="269" type="scavenge" contextid="268" timestamp="2021-04-05T23:13:25.079">
  <mem-info id="270" free="1074172008" total="1610612736" percent="66">
    <mem type="nursery" free="0" total="402653184" percent="0">
      <mem type="allocate" free="0" total="334364672" percent="0" />
      <mem type="survivor" free="0" total="68288512" percent="0" />
    </mem>
    <mem type="tenure" free="1074172008" total="1207959552" percent="88">
      <mem type="soa" free="1013773416" total="1147560960" percent="88" />
      <mem type="loa" free="60398592" total="60398592" percent="100" />
    </mem>
    <remembered-set count="1536" />
  </mem-info>
</gc-start>
<allocation-stats totalBytes="272239328" >
  <allocated-bytes non-tlh="40" tlh="272239288" />
  <largest-consumer threadName="BenchmarkThread xml.validation 1" threadId="000000000011CB00" bytes="46977736" />
</allocation-stats>
<gc-op id="271" type="scavenge" timems="100.951" contextid="268" timestamp="2021-04-05T23:13:25.180">
  <scavenger-info tenureage="3" tenuremask="7ff8" tiltratio="83" />
  <memory-copied type="nursery" objects="1542260" bytes="62026064" bytesdiscarded="12296" />
  <memory-copied type="tenure" objects="4" bytes="128" bytesdiscarded="0" />
</gc-op>
<gc-end id="272" type="scavenge" contextid="268" durationms="100.942" usertimems="401.357" systemtimems="0.004" timestamp="2021-04-05T23:13:25.181" activeThreads="4">
  <mem-info id="273" free="1346760464" total="1610612736" percent="83">
    <mem type="nursery" free="272588456" total="402653184" percent="67">
      <mem type="allocate" free="272588456" total="334626816" percent="81" />
      <mem type="survivor" free="0" total="68026368" percent="0" />
    </mem>
    <mem type="tenure" free="1074172008" total="1207959552" percent="88" macro-fragmented="723458">
      <mem type="soa" free="1013773416" total="1147560960" percent="88" />
      <mem type="loa" free="60398592" total="60398592" percent="100" />
    </mem>
    <remembered-set count="1335" />
  </mem-info>
</gc-end>
<cycle-end id="274" type="scavenge" contextid="268" timestamp="2021-04-05T23:13:25.181" />
<allocation-satisfied id="275" threadId="000000000013CF00" bytesRequested="24" />
<af-end id="276" timestamp="2021-04-05T23:13:25.181" threadId="000000000013D880" success="true" from="nursery"/>
<exclusive-end id="277" timestamp="2021-04-05T23:13:25.181" durationms="101.907" />

<exclusive-start id="278" timestamp="2021-04-05T23:13:26.174" intervalms="1095.341">
  <response-info timems="0.082" idlems="0.036" threads="3" lastid="0000000000329300" lastname="BenchmarkThread xml.validation 3" />
</exclusive-start>
<af-start id="279" threadId="0000000000338C80" totalBytesRequested="56" timestamp="2021-04-05T23:13:26.174" intervalms="1095.352" type="nursery" />
<cycle-start id="280" type="scavenge" contextid="0" timestamp="2021-04-05T23:13:26.174" intervalms="1095.358" />
<gc-start id="281" type="scavenge" contextid="280" timestamp="2021-04-05T23:13:26.174">
  <mem-info id="282" free="1074172008" total="1610612736" percent="66">
    <mem type="nursery" free="0" total="402653184" percent="0">
      <mem type="allocate" free="0" total="334626816" percent="0" />
      <mem type="survivor" free="0" total="68026368" percent="0" />
    </mem>
    <mem type="tenure" free="1074172008" total="1207959552" percent="88">
      <mem type="soa" free="1013773416" total="1147560960" percent="88" />
      <mem type="loa" free="60398592" total="60398592" percent="100" />
    </mem>
    <remembered-set count="1548" />
  </mem-info>
</gc-start>
<allocation-stats totalBytes="272434400" >
  <allocated-bytes non-tlh="24" tlh="272434376" />
  <largest-consumer threadName="BenchmarkThread xml.validation 5" threadId="0000000000330B00" bytes="45078680" />
</allocation-stats>
<gc-op id="283" type="scavenge" timems="106.134" contextid="280" timestamp="2021-04-05T23:13:26.281">
  <scavenger-info tenureage="3" tenuremask="7ff8" tiltratio="83" />
  <memory-copied type="nursery" objects="1596995" bytes="64740920" bytesdiscarded="14456" />
  <memory-copied type="tenure" objects="8" bytes="256" bytesdiscarded="0" />
</gc-op>
<gc-end id="284" type="scavenge" contextid="280" durationms="106.123" usertimems="382.411" systemtimems="0.000" timestamp="2021-04-05T23:13:26.281" activeThreads="4">
  <mem-info id="285" free="1340176824" total="1610612736" percent="83">
    <mem type="nursery" free="266004816" total="402653184" percent="66">
      <mem type="allocate" free="266004816" total="330760192" percent="80" />
      <mem type="survivor" free="0" total="71892992" percent="0" />
    </mem>
    <mem type="tenure" free="1074172008" total="1207959552" percent="88" macro-fragmented="1041780">
      <mem type="soa" free="1013773416" total="1147560960" percent="88" />
      <mem type="loa" free="60398592" total="60398592" percent="100" />
    </mem>
    <remembered-set count="1339" />
  </mem-info>
</gc-end>
<cycle-end id="286" type="scavenge" contextid="280" timestamp="2021-04-05T23:13:26.281" />
<allocation-satisfied id="287" threadId="0000000000338300" bytesRequested="56" />
<af-end id="288" timestamp="2021-04-05T23:13:26.281" threadId="0000000000338C80" success="true" from="nursery"/>
<exclusive-end id="289" timestamp="2021-04-05T23:13:26.281" durationms="107.086" />

<exclusive-start id="290" timestamp="2021-04-05T23:13:27.255" intervalms="1080.571">
  <response-info timems="0.064" idlems="0.030" threads="3" lastid="0000000000334700" lastname="BenchmarkThread xml.validation 6" />
</exclusive-start>
<af-start id="291" threadId="000000000011D480" totalBytesRequested="40" timestamp="2021-04-05T23:13:27.255" intervalms="1080.565" type="nursery" />
<cycle-start id="292" type="scavenge" contextid="0" timestamp="2021-04-05T23:13:27.255" intervalms="1080.933" />
<gc-start id="293" type="scavenge" contextid="292" timestamp="2021-04-05T23:13:27.255">
  <mem-info id="294" free="1074172008" total="1610612736" percent="66">
    <mem type="nursery" free="0" total="402653184" percent="0">
      <mem type="allocate" free="0" total="330760192" percent="0" />
      <mem type="survivor" free="0" total="71892992" percent="0" />
    </mem>
    <mem type="tenure" free="1074172008" total="1207959552" percent="88">
      <mem type="soa" free="1013773416" total="1147560960" percent="88" />
      <mem type="loa" free="60398592" total="60398592" percent="100" />
    </mem>
    <remembered-set count="1552" />
  </mem-info>
</gc-start>
<allocation-stats totalBytes="265854184" >
  <allocated-bytes non-tlh="1096" tlh="265853088" />
  <largest-consumer threadName="BenchmarkThread xml.validation 8" threadId="000000000033BE00" bytes="42677552" />
</allocation-stats>
<gc-op id="295" type="scavenge" timems="126.032" contextid="292" timestamp="2021-04-05T23:13:27.381">
  <scavenger-info tenureage="3" tenuremask="7ff8" tiltratio="82" />
  <memory-copied type="nursery" objects="1547973" bytes="62168736" bytesdiscarded="11072" />
  <memory-copied type="tenure" objects="4" bytes="128" bytesdiscarded="0" />
</gc-op>
<gc-end id="296" type="scavenge" contextid="292" durationms="126.023" usertimems="494.501" systemtimems="0.000" timestamp="2021-04-05T23:13:27.382" activeThreads="4">
  <mem-info id="297" free="1343145608" total="1610612736" percent="83">
    <mem type="nursery" free="268973600" total="402653184" percent="66">
      <mem type="allocate" free="268973600" total="331153408" percent="81" />
      <mem type="survivor" free="0" total="71499776" percent="0" />
    </mem>
    <mem type="tenure" free="1074172008" total="1207959552" percent="88" macro-fragmented="723458">
      <mem type="soa" free="1013773416" total="1147560960" percent="88" />
      <mem type="loa" free="60398592" total="60398592" percent="100" />
    </mem>
    <remembered-set count="1338" />
  </mem-info>
</gc-end>
<cycle-end id="298" type="scavenge" contextid="292" timestamp="2021-04-05T23:13:27.382" />
<allocation-satisfied id="299" threadId="000000000011CB00" bytesRequested="40" />
<af-end id="300" timestamp="2021-04-05T23:13:27.382" threadId="000000000011D480" success="true" from="nursery"/>
<exclusive-end id="301" timestamp="2021-04-05T23:13:27.382" durationms="127.495" />

<exclusive-start id="302" timestamp="2021-04-05T23:13:28.320" intervalms="1064.947">
  <response-info timems="0.062" idlems="0.030" threads="2" lastid="0000000000329300" lastname="BenchmarkThread xml.validation 3" />
</exclusive-start>
<af-start id="303" threadId="000000000011D480" totalBytesRequested="144" timestamp="2021-04-05T23:13:28.320" intervalms="1064.953" type="nursery" />
<cycle-start id="304" type="scavenge" contextid="0" timestamp="2021-04-05T23:13:28.320" intervalms="1064.580" />
<gc-start id="305" type="scavenge" contextid="304" timestamp="2021-04-05T23:13:28.320">
  <mem-info id="306" free="1074172008" total="1610612736" percent="66">
    <mem type="nursery" free="0" total="402653184" percent="0">
      <mem type="allocate" free="0" total="331153408" percent="0" />
      <mem type="survivor" free="0" total="71499776" percent="0" />
    </mem>
    <mem type="tenure" free="1074172008" total="1207959552" percent="88">
      <mem type="soa" free="1013773416" total="1147560960" percent="88" />
      <mem type="loa" free="60398592" total="60398592" percent="100" />
    </mem>
    <remembered-set count="1531" />
  </mem-info>
</gc-start>
<allocation-stats totalBytes="268824920" >
  <allocated-bytes non-tlh="40" tlh="268824880" />
  <largest-consumer threadName="BenchmarkThread xml.validation 6" threadId="0000000000334700" bytes="45518496" />
</allocation-stats>
<gc-op id="307" type="scavenge" timems="93.079" contextid="304" timestamp="2021-04-05T23:13:28.413">
  <scavenger-info tenureage="3" tenuremask="7ff8" tiltratio="82" />
  <memory-copied type="nursery" objects="1514149" bytes="61335768" bytesdiscarded="12648" />
  <memory-copied type="tenure" objects="6" bytes="192" bytesdiscarded="0" />
</gc-op>
<gc-end id="308" type="scavenge" contextid="304" durationms="93.070" usertimems="354.934" systemtimems="0.021" timestamp="2021-04-05T23:13:28.414" activeThreads="4">
  <mem-info id="309" free="1344828968" total="1610612736" percent="83">
    <mem type="nursery" free="270656960" total="402653184" percent="67">
      <mem type="allocate" free="270656960" total="332005376" percent="81" />
      <mem type="survivor" free="0" total="70647808" percent="0" />
    </mem>
    <mem type="tenure" free="1074172008" total="1207959552" percent="88" macro-fragmented="0">
      <mem type="soa" free="1013773416" total="1147560960" percent="88" />
      <mem type="loa" free="60398592" total="60398592" percent="100" />
    </mem>
    <remembered-set count="1334" />
  </mem-info>
</gc-end>
<cycle-end id="310" type="scavenge" contextid="304" timestamp="2021-04-05T23:13:28.414" />
<allocation-satisfied id="311" threadId="000000000011CB00" bytesRequested="144" />
<af-end id="312" timestamp="2021-04-05T23:13:28.414" threadId="000000000011D480" success="true" from="nursery"/>
<exclusive-end id="313" timestamp="2021-04-05T23:13:28.414" durationms="94.063" />

<exclusive-start id="314" timestamp="2021-04-05T23:13:29.435" intervalms="1115.139">
  <response-info timems="0.065" idlems="0.030" threads="4" lastid="0000000000330B00" lastname="BenchmarkThread xml.validation 5" />
</exclusive-start>
<af-start id="315" threadId="0000000000338C80" totalBytesRequested="16" timestamp="2021-04-05T23:13:29.435" intervalms="1115.135" type="nursery" />
<cycle-start id="316" type="scavenge" contextid="0" timestamp="2021-04-05T23:13:29.435" intervalms="1115.138" />
<gc-start id="317" type="scavenge" contextid="316" timestamp="2021-04-05T23:13:29.435">
  <mem-info id="318" free="1074172008" total="1610612736" percent="66">
    <mem type="nursery" free="0" total="402653184" percent="0">
      <mem type="allocate" free="0" total="332005376" percent="0" />
      <mem type="survivor" free="0" total="70647808" percent="0" />
    </mem>
    <mem type="tenure" free="1074172008" total="1207959552" percent="88">
      <mem type="soa" free="1013773416" total="1147560960" percent="88" />
      <mem type="loa" free="60398592" total="60398592" percent="100" />
    </mem>
    <remembered-set count="1556" />
  </mem-info>
</gc-start>
<allocation-stats totalBytes="270508176" >
  <allocated-bytes non-tlh="3264" tlh="270504912" />
  <largest-consumer threadName="BenchmarkThread xml.validation 8" threadId="000000000033BE00" bytes="48793856" />
</allocation-stats>
<gc-op id="319" type="scavenge" timems="93.277" contextid="316" timestamp="2021-04-05T23:13:29.528">
  <scavenger-info tenureage="3" tenuremask="7ff8" tiltratio="82" />
  <memory-copied type="nursery" objects="1546864" bytes="62141176" bytesdiscarded="10680" />
  <memory-copied type="tenure" objects="10" bytes="320" bytesdiscarded="0" />
</gc-op>
<gc-end id="320" type="scavenge" contextid="316" durationms="93.264" usertimems="368.568" systemtimems="0.026" timestamp="2021-04-05T23:13:29.529" activeThreads="4">
  <mem-info id="321" free="1344549816" total="1610612736" percent="83">
    <mem type="nursery" free="270377808" total="402653184" percent="67">
      <mem type="allocate" free="270377808" total="332529664" percent="81" />
      <mem type="survivor" free="0" total="70123520" percent="0" />
    </mem>
    <mem type="tenure" free="1074172008" total="1207959552" percent="88" macro-fragmented="0">
      <mem type="soa" free="1013773416" total="1147560960" percent="88" />
      <mem type="loa" free="60398592" total="60398592" percent="100" />
    </mem>
    <remembered-set count="1334" />
  </mem-info>
</gc-end>
<cycle-end id="322" type="scavenge" contextid="316" timestamp="2021-04-05T23:13:29.529" />
<allocation-satisfied id="323" threadId="0000000000338300" bytesRequested="16" />
<af-end id="324" timestamp="2021-04-05T23:13:29.529" threadId="0000000000338C80" success="true" from="nursery"/>
<exclusive-end id="325" timestamp="2021-04-05T23:13:29.529" durationms="94.375" />

<exclusive-start id="326" timestamp="2021-04-05T23:13:30.419" intervalms="984.210">
  <response-info timems="0.061" idlems="0.039" threads="1" lastid="000000000033BE00" lastname="BenchmarkThread xml.validation 8" />
</exclusive-start>
<af-start id="327" threadId="000000000011D480" totalBytesRequested="24" timestamp="2021-04-05T23:13:30.419" intervalms="984.214" type="nursery" />
<cycle-start id="328" type="scavenge" contextid="0" timestamp="2021-04-05T23:13:30.419" intervalms="984.213" />
<gc-start id="329" type="scavenge" contextid="328" timestamp="2021-04-05T23:13:30.419">
  <mem-info id="330" free="1074172008" total="1610612736" percent="66">
    <mem type="nursery" free="0" total="402653184" percent="0">
      <mem type="allocate" free="0" total="332529664" percent="0" />
      <mem type="survivor" free="0" total="70123520" percent="0" />
    </mem>
    <mem type="tenure" free="1074172008" total="1207959552" percent="88">
      <mem type="soa" free="1013773416" total="1147560960" percent="88" />
      <mem type="loa" free="60398592" total="60398592" percent="100" />
    </mem>
    <remembered-set count="1533" />
  </mem-info>
</gc-start>
<allocation-stats totalBytes="270220776" >
  <allocated-bytes non-tlh="16" tlh="270220760" />
  <largest-consumer threadName="BenchmarkThread xml.validation 7" threadId="0000000000338300" bytes="54725088" />
</allocation-stats>
<gc-op id="331" type="scavenge" timems="94.676" contextid="328" timestamp="2021-04-05T23:13:30.514">
  <scavenger-info tenureage="3" tenuremask="7ff8" tiltratio="82" />
  <memory-copied type="nursery" objects="1489934" bytes="60197416" bytesdiscarded="10816" />
  <memory-copied type="tenure" objects="4" bytes="128" bytesdiscarded="0" />
</gc-op>
<gc-end id="332" type="scavenge" contextid="328" durationms="94.667" usertimems="361.160" systemtimems="0.021" timestamp="2021-04-05T23:13:30.514" activeThreads="4">
  <mem-info id="333" free="1347083264" total="1610612736" percent="83">
    <mem type="nursery" free="272911256" total="402653184" percent="67">
      <mem type="allocate" free="272911256" total="333119488" percent="81" />
      <mem type="survivor" free="0" total="69533696" percent="0" />
    </mem>
    <mem type="tenure" free="1074172008" total="1207959552" percent="88" macro-fragmented="1250136">
      <mem type="soa" free="1013773416" total="1147560960" percent="88" />
      <mem type="loa" free="60398592" total="60398592" percent="100" />
    </mem>
    <remembered-set count="1331" />
  </mem-info>
</gc-end>
<cycle-end id="334" type="scavenge" contextid="328" timestamp="2021-04-05T23:13:30.515" />
<allocation-satisfied id="335" threadId="000000000011CB00" bytesRequested="24" />
<af-end id="336" timestamp="2021-04-05T23:13:30.515" threadId="000000000011D480" success="true" from="nursery"/>
<exclusive-end id="337" timestamp="2021-04-05T23:13:30.515" durationms="95.568" />

<exclusive-start id="338" timestamp="2021-04-05T23:13:31.463" intervalms="1044.121">
  <response-info timems="0.043" idlems="0.043" threads="0" lastid="0000000000329300" lastname="BenchmarkThread xml.validation 3" />
</exclusive-start>
<af-start id="339" threadId="0000000000329C80" totalBytesRequested="48" timestamp="2021-04-05T23:13:31.463" intervalms="1044.124" type="nursery" />
<cycle-start id="340" type="scavenge" contextid="0" timestamp="2021-04-05T23:13:31.463" intervalms="1044.119" />
<gc-start id="341" type="scavenge" contextid="340" timestamp="2021-04-05T23:13:31.463">
  <mem-info id="342" free="1074172008" total="1610612736" percent="66">
    <mem type="nursery" free="0" total="402653184" percent="0">
      <mem type="allocate" free="0" total="333119488" percent="0" />
      <mem type="survivor" free="0" total="69533696" percent="0" />
    </mem>
    <mem type="tenure" free="1074172008" total="1207959552" percent="88">
      <mem type="soa" free="1013773416" total="1147560960" percent="88" />
      <mem type="loa" free="60398592" total="60398592" percent="100" />
    </mem>
    <remembered-set count="1551" />
  </mem-info>
</gc-start>
<allocation-stats totalBytes="272762968" >
  <allocated-bytes non-tlh="24" tlh="272762944" />
  <largest-consumer threadName="BenchmarkThread xml.validation 8" threadId="000000000033BE00" bytes="42085880" />
</allocation-stats>
<gc-op id="343" type="scavenge" timems="93.452" contextid="340" timestamp="2021-04-05T23:13:31.557">
  <scavenger-info tenureage="3" tenuremask="7ff8" tiltratio="82" />
  <memory-copied type="nursery" objects="1555708" bytes="62571896" bytesdiscarded="10080" />
  <memory-copied type="tenure" objects="10" bytes="320" bytesdiscarded="0" />
</gc-op>
<gc-end id="344" type="scavenge" contextid="340" durationms="93.443" usertimems="362.625" systemtimems="0.007" timestamp="2021-04-05T23:13:31.557" activeThreads="4">
  <mem-info id="345" free="1344185232" total="1610612736" percent="83">
    <mem type="nursery" free="270013224" total="402653184" percent="67">
      <mem type="allocate" free="270013224" total="332595200" percent="81" />
      <mem type="survivor" free="0" total="70057984" percent="0" />
    </mem>
    <mem type="tenure" free="1074172008" total="1207959552" percent="88" macro-fragmented="0">
      <mem type="soa" free="1013773416" total="1147560960" percent="88" />
      <mem type="loa" free="60398592" total="60398592" percent="100" />
    </mem>
    <remembered-set count="1337" />
  </mem-info>
</gc-end>
<cycle-end id="346" type="scavenge" contextid="340" timestamp="2021-04-05T23:13:31.557" />
<allocation-satisfied id="347" threadId="0000000000329300" bytesRequested="48" />
<af-end id="348" timestamp="2021-04-05T23:13:31.557" threadId="0000000000329C80" success="true" from="nursery"/>
<exclusive-end id="349" timestamp="2021-04-05T23:13:31.557" durationms="94.341" />

<exclusive-start id="350" timestamp="2021-04-05T23:13:32.490" intervalms="1026.874">
  <response-info timems="0.047" idlems="0.047" threads="0" lastid="0000000000330B00" lastname="BenchmarkThread xml.validation 5" />
</exclusive-start>
<af-start id="351" threadId="0000000000331480" totalBytesRequested="24" timestamp="2021-04-05T23:13:32.490" intervalms="1026.862" type="nursery" />
<cycle-start id="352" type="scavenge" contextid="0" timestamp="2021-04-05T23:13:32.490" intervalms="1026.865" />
<gc-start id="353" type="scavenge" contextid="352" timestamp="2021-04-05T23:13:32.490">
  <mem-info id="354" free="1074172008" total="1610612736" percent="66">
    <mem type="nursery" free="0" total="402653184" percent="0">
      <mem type="allocate" free="0" total="332595200" percent="0" />
      <mem type="survivor" free="0" total="70057984" percent="0" />
    </mem>
    <mem type="tenure" free="1074172008" total="1207959552" percent="88">
      <mem type="soa" free="1013773416" total="1147560960" percent="88" />
      <mem type="loa" free="60398592" total="60398592" percent="100" />
    </mem>
    <remembered-set count="1548" />
  </mem-info>
</gc-start>
<allocation-stats totalBytes="269861656" >
  <allocated-bytes non-tlh="48" tlh="269861608" />
  <largest-consumer threadName="BenchmarkThread xml.validation 4" threadId="000000000032CF00" bytes="44451504" />
</allocation-stats>
<gc-op id="355" type="scavenge" timems="97.992" contextid="352" timestamp="2021-04-05T23:13:32.588">
  <scavenger-info tenureage="3" tenuremask="7ff8" tiltratio="82" />
  <memory-copied type="nursery" objects="1511192" bytes="61162920" bytesdiscarded="11576" />
  <memory-copied type="tenure" objects="2" bytes="64" bytesdiscarded="0" />
</gc-op>
<gc-end id="356" type="scavenge" contextid="352" durationms="97.983" usertimems="366.170" systemtimems="0.000" timestamp="2021-04-05T23:13:32.589" activeThreads="4">
  <mem-info id="357" free="1346117000" total="1610612736" percent="83">
    <mem type="nursery" free="271944992" total="402653184" percent="67">
      <mem type="allocate" free="271944992" total="333119488" percent="81" />
      <mem type="survivor" free="0" total="69533696" percent="0" />
    </mem>
    <mem type="tenure" free="1074172008" total="1207959552" percent="88" macro-fragmented="1250136">
      <mem type="soa" free="1013773416" total="1147560960" percent="88" />
      <mem type="loa" free="60398592" total="60398592" percent="100" />
    </mem>
    <remembered-set count="1338" />
  </mem-info>
</gc-end>
<cycle-end id="358" type="scavenge" contextid="352" timestamp="2021-04-05T23:13:32.589" />
<allocation-satisfied id="359" threadId="0000000000330B00" bytesRequested="24" />
<af-end id="360" timestamp="2021-04-05T23:13:32.589" threadId="0000000000331480" success="true" from="nursery"/>
<exclusive-end id="361" timestamp="2021-04-05T23:13:32.589" durationms="98.921" />

<exclusive-start id="362" timestamp="2021-04-05T23:13:33.514" intervalms="1024.242">
  <response-info timems="0.050" idlems="0.050" threads="0" lastid="000000000033BE00" lastname="BenchmarkThread xml.validation 8" />
</exclusive-start>
<af-start id="363" threadId="000000000033C780" totalBytesRequested="1040" timestamp="2021-04-05T23:13:33.514" intervalms="1024.252" type="nursery" />
<cycle-start id="364" type="scavenge" contextid="0" timestamp="2021-04-05T23:13:33.514" intervalms="1024.258" />
<gc-start id="365" type="scavenge" contextid="364" timestamp="2021-04-05T23:13:33.514">
  <mem-info id="366" free="1074172008" total="1610612736" percent="66">
    <mem type="nursery" free="0" total="402653184" percent="0">
      <mem type="allocate" free="0" total="333119488" percent="0" />
      <mem type="survivor" free="0" total="69533696" percent="0" />
    </mem>
    <mem type="tenure" free="1074172008" total="1207959552" percent="88">
      <mem type="soa" free="1013773416" total="1147560960" percent="88" />
      <mem type="loa" free="60398592" total="60398592" percent="100" />
    </mem>
    <remembered-set count="1539" />
  </mem-info>
</gc-start>
<allocation-stats totalBytes="271787360" >
  <allocated-bytes non-tlh="1064" tlh="271786296" />
  <largest-consumer threadName="BenchmarkThread xml.validation 6" threadId="0000000000334700" bytes="45778016" />
</allocation-stats>
<gc-op id="367" type="scavenge" timems="124.281" contextid="364" timestamp="2021-04-05T23:13:33.639">
  <scavenger-info tenureage="3" tenuremask="7ff8" tiltratio="82" />
  <memory-copied type="nursery" objects="1573597" bytes="63631472" bytesdiscarded="12256" />
  <memory-copied type="tenure" objects="8" bytes="256" bytesdiscarded="0" />
</gc-op>
<gc-end id="368" type="scavenge" contextid="364" durationms="124.268" usertimems="456.194" systemtimems="0.000" timestamp="2021-04-05T23:13:33.639" activeThreads="4">
  <mem-info id="369" free="1342140440" total="1610612736" percent="83">
    <mem type="nursery" free="267968432" total="402653184" percent="66">
      <mem type="allocate" free="267968432" total="331612160" percent="80" />
      <mem type="survivor" free="0" total="71041024" percent="0" />
    </mem>
    <mem type="tenure" free="1074172008" total="1207959552" percent="88" macro-fragmented="2160235">
      <mem type="soa" free="1013773416" total="1147560960" percent="88" />
      <mem type="loa" free="60398592" total="60398592" percent="100" />
    </mem>
    <remembered-set count="1336" />
  </mem-info>
</gc-end>
<cycle-end id="370" type="scavenge" contextid="364" timestamp="2021-04-05T23:13:33.639" />
<allocation-satisfied id="371" threadId="000000000033BE00" bytesRequested="1040" />
<af-end id="372" timestamp="2021-04-05T23:13:33.639" threadId="000000000033C780" success="true" from="nursery"/>
<exclusive-end id="373" timestamp="2021-04-05T23:13:33.639" durationms="125.233" />

<exclusive-start id="374" timestamp="2021-04-05T23:13:34.609" intervalms="1094.767">
  <response-info timems="0.058" idlems="0.031" threads="2" lastid="000000000013CF00" lastname="BenchmarkThread xml.validation 2" />
</exclusive-start>
<af-start id="375" threadId="0000000000338C80" totalBytesRequested="16" timestamp="2021-04-05T23:13:34.609" intervalms="1094.757" type="nursery" />
<cycle-start id="376" type="scavenge" contextid="0" timestamp="2021-04-05T23:13:34.609" intervalms="1094.749" />
<gc-start id="377" type="scavenge" contextid="376" timestamp="2021-04-05T23:13:34.609">
  <mem-info id="378" free="1074172008" total="1610612736" percent="66">
    <mem type="nursery" free="0" total="402653184" percent="0">
      <mem type="allocate" free="0" total="331612160" percent="0" />
      <mem type="survivor" free="0" total="71041024" percent="0" />
    </mem>
    <mem type="tenure" free="1074172008" total="1207959552" percent="88">
      <mem type="soa" free="1013773416" total="1147560960" percent="88" />
      <mem type="loa" free="60398592" total="60398592" percent="100" />
    </mem>
    <remembered-set count="1530" />
  </mem-info>
</gc-start>
<allocation-stats totalBytes="267815880" >
  <allocated-bytes non-tlh="1040" tlh="267814840" />
  <largest-consumer threadName="BenchmarkThread xml.validation 5" threadId="0000000000330B00" bytes="51465472" />
</allocation-stats>
<gc-op id="379" type="scavenge" timems="91.556" contextid="376" timestamp="2021-04-05T23:13:34.701">
  <scavenger-info tenureage="3" tenuremask="7ff8" tiltratio="82" />
  <memory-copied type="nursery" objects="1462998" bytes="59288008" bytesdiscarded="10224" />
  <memory-copied type="tenure" objects="6" bytes="192" bytesdiscarded="0" />
</gc-op>
<gc-end id="380" type="scavenge" contextid="376" durationms="91.547" usertimems="336.843" systemtimems="0.001" timestamp="2021-04-05T23:13:34.701" activeThreads="4">
  <mem-info id="381" free="1346944688" total="1610612736" percent="83">
    <mem type="nursery" free="272772680" total="402653184" percent="67">
      <mem type="allocate" free="272772680" total="332070912" percent="82" />
      <mem type="survivor" free="0" total="70582272" percent="0" />
    </mem>
    <mem type="tenure" free="1074172008" total="1207959552" percent="88" macro-fragmented="868149">
      <mem type="soa" free="1013773416" total="1147560960" percent="88" />
      <mem type="loa" free="60398592" total="60398592" percent="100" />
    </mem>
    <remembered-set count="1332" />
  </mem-info>
</gc-end>
<cycle-end id="382" type="scavenge" contextid="376" timestamp="2021-04-05T23:13:34.701" />
<allocation-satisfied id="383" threadId="0000000000338300" bytesRequested="16" />
<af-end id="384" timestamp="2021-04-05T23:13:34.702" threadId="0000000000338C80" success="true" from="nursery"/>
<exclusive-end id="385" timestamp="2021-04-05T23:13:34.702" durationms="92.532" />

<exclusive-start id="386" timestamp="2021-04-05T23:13:35.659" intervalms="1050.003">
  <response-info timems="0.070" idlems="0.042" threads="1" lastid="0000000000334700" lastname="BenchmarkThread xml.validation 6" />
</exclusive-start>
<af-start id="387" threadId="000000000011D480" totalBytesRequested="24" timestamp="2021-04-05T23:13:35.659" intervalms="1050.017" type="nursery" />
<cycle-start id="388" type="scavenge" contextid="0" timestamp="2021-04-05T23:13:35.659" intervalms="1050.030" />
<gc-start id="389" type="scavenge" contextid="388" timestamp="2021-04-05T23:13:35.659">
  <mem-info id="390" free="1074172008" total="1610612736" percent="66">
    <mem type="nursery" free="0" total="402653184" percent="0">
      <mem type="allocate" free="0" total="332070912" percent="0" />
      <mem type="survivor" free="0" total="70582272" percent="0" />
    </mem>
    <mem type="tenure" free="1074172008" total="1207959552" percent="88">
      <mem type="soa" free="1013773416" total="1147560960" percent="88" />
      <mem type="loa" free="60398592" total="60398592" percent="100" />
    </mem>
    <remembered-set count="1554" />
  </mem-info>
</gc-start>
<allocation-stats totalBytes="272617056" >
  <allocated-bytes non-tlh="1056" tlh="272616000" />
  <largest-consumer threadName="BenchmarkThread xml.validation 7" threadId="0000000000338300" bytes="51029928" />
</allocation-stats>
<gc-op id="391" type="scavenge" timems="110.107" contextid="388" timestamp="2021-04-05T23:13:35.769">
  <scavenger-info tenureage="3" tenuremask="7ff8" tiltratio="82" />
  <memory-copied type="nursery" objects="1537319" bytes="61878968" bytesdiscarded="11752" />
  <memory-copied type="tenure" objects="8" bytes="256" bytesdiscarded="0" />
</gc-op>
<gc-end id="392" type="scavenge" contextid="388" durationms="110.094" usertimems="434.855" systemtimems="0.030" timestamp="2021-04-05T23:13:35.770" activeThreads="4">
  <mem-info id="393" free="1344548808" total="1610612736" percent="83">
    <mem type="nursery" free="270376800" total="402653184" percent="67">
      <mem type="allocate" free="270376800" total="332267520" percent="81" />
      <mem type="survivor" free="0" total="70385664" percent="0" />
    </mem>
    <mem type="tenure" free="1074172008" total="1207959552" percent="88" macro-fragmented="0">
      <mem type="soa" free="1013773416" total="1147560960" percent="88" />
      <mem type="loa" free="60398592" total="60398592" percent="100" />
    </mem>
    <remembered-set count="1340" />
  </mem-info>
</gc-end>
<cycle-end id="394" type="scavenge" contextid="388" timestamp="2021-04-05T23:13:35.770" />
<allocation-satisfied id="395" threadId="000000000011CB00" bytesRequested="24" />
<af-end id="396" timestamp="2021-04-05T23:13:35.770" threadId="000000000011D480" success="true" from="nursery"/>
<exclusive-end id="397" timestamp="2021-04-05T23:13:35.770" durationms="111.051" />

<exclusive-start id="398" timestamp="2021-04-05T23:13:36.693" intervalms="1034.103">
  <response-info timems="0.050" idlems="0.050" threads="0" lastid="000000000033BE00" lastname="BenchmarkThread xml.validation 8" />
</exclusive-start>
<af-start id="399" threadId="000000000033C780" totalBytesRequested="136" timestamp="2021-04-05T23:13:36.693" intervalms="1034.087" type="nursery" />
<cycle-start id="400" type="scavenge" contextid="0" timestamp="2021-04-05T23:13:36.693" intervalms="1034.075" />
<gc-start id="401" type="scavenge" contextid="400" timestamp="2021-04-05T23:13:36.693">
  <mem-info id="402" free="1074172008" total="1610612736" percent="66">
    <mem type="nursery" free="0" total="402653184" percent="0">
      <mem type="allocate" free="0" total="332267520" percent="0" />
      <mem type="survivor" free="0" total="70385664" percent="0" />
    </mem>
    <mem type="tenure" free="1074172008" total="1207959552" percent="88">
      <mem type="soa" free="1013773416" total="1147560960" percent="88" />
      <mem type="loa" free="60398592" total="60398592" percent="100" />
    </mem>
    <remembered-set count="1521" />
  </mem-info>
</gc-start>
<allocation-stats totalBytes="270230824" >
  <allocated-bytes non-tlh="4184" tlh="270226640" />
  <largest-consumer threadName="BenchmarkThread xml.validation 3" threadId="0000000000329300" bytes="41631216" />
</allocation-stats>
<gc-op id="403" type="scavenge" timems="95.235" contextid="400" timestamp="2021-04-05T23:13:36.789">
  <scavenger-info tenureage="3" tenuremask="7ff8" tiltratio="82" />
  <memory-copied type="nursery" objects="1548544" bytes="62218848" bytesdiscarded="12832" />
  <memory-copied type="tenure" objects="6" bytes="192" bytesdiscarded="0" />
</gc-op>
<gc-end id="404" type="scavenge" contextid="400" durationms="95.224" usertimems="358.764" systemtimems="0.000" timestamp="2021-04-05T23:13:36.789" activeThreads="4">
  <mem-info id="405" free="1344732136" total="1610612736" percent="83">
    <mem type="nursery" free="270560128" total="402653184" percent="67">
      <mem type="allocate" free="270560128" total="332791808" percent="81" />
      <mem type="survivor" free="0" total="69861376" percent="0" />
    </mem>
    <mem type="tenure" free="1074172008" total="1207959552" percent="88" macro-fragmented="868149">
      <mem type="soa" free="1013773416" total="1147560960" percent="88" />
      <mem type="loa" free="60398592" total="60398592" percent="100" />
    </mem>
    <remembered-set count="1333" />
  </mem-info>
</gc-end>
<cycle-end id="406" type="scavenge" contextid="400" timestamp="2021-04-05T23:13:36.789" />
<allocation-satisfied id="407" threadId="000000000033BE00" bytesRequested="136" />
<af-end id="408" timestamp="2021-04-05T23:13:36.789" threadId="000000000033C780" success="true" from="nursery"/>
<exclusive-end id="409" timestamp="2021-04-05T23:13:36.789" durationms="96.155" />

<exclusive-start id="410" timestamp="2021-04-05T23:13:37.749" intervalms="1056.382">
  <response-info timems="0.068" idlems="0.041" threads="1" lastid="0000000000338300" lastname="BenchmarkThread xml.validation 7" />
</exclusive-start>
<af-start id="411" threadId="000000000013D880" totalBytesRequested="64" timestamp="2021-04-05T23:13:37.750" intervalms="1056.389" type="nursery" />
<cycle-start id="412" type="scavenge" contextid="0" timestamp="2021-04-05T23:13:37.750" intervalms="1056.802" />
<gc-start id="413" type="scavenge" contextid="412" timestamp="2021-04-05T23:13:37.750">
  <mem-info id="414" free="1074172008" total="1610612736" percent="66">
    <mem type="nursery" free="0" total="402653184" percent="0">
      <mem type="allocate" free="0" total="332791808" percent="0" />
      <mem type="survivor" free="0" total="69861376" percent="0" />
    </mem>
    <mem type="tenure" free="1074172008" total="1207959552" percent="88">
      <mem type="soa" free="1013773416" total="1147560960" percent="88" />
      <mem type="loa" free="60398592" total="60398592" percent="100" />
    </mem>
    <remembered-set count="1551" />
  </mem-info>
</gc-start>
<allocation-stats totalBytes="270410048" >
  <allocated-bytes non-tlh="136" tlh="270409912" />
  <largest-consumer threadName="BenchmarkThread xml.validation 4" threadId="000000000032CF00" bytes="46668632" />
</allocation-stats>
<gc-op id="415" type="scavenge" timems="94.002" contextid="412" timestamp="2021-04-05T23:13:37.844">
  <scavenger-info tenureage="3" tenuremask="7ff8" tiltratio="82" />
  <memory-copied type="nursery" objects="1543434" bytes="61986576" bytesdiscarded="11600" />
  <memory-copied type="tenure" objects="8" bytes="256" bytesdiscarded="0" />
</gc-op>
<gc-end id="416" type="scavenge" contextid="412" durationms="93.993" usertimems="358.662" systemtimems="3.987" timestamp="2021-04-05T23:13:37.845" activeThreads="4">
  <mem-info id="417" free="1345489928" total="1610612736" percent="83">
    <mem type="nursery" free="271317920" total="402653184" percent="67">
      <mem type="allocate" free="271317920" total="333316096" percent="81" />
      <mem type="survivor" free="0" total="69337088" percent="0" />
    </mem>
    <mem type="tenure" free="1074172008" total="1207959552" percent="88" macro-fragmented="868149">
      <mem type="soa" free="1013773416" total="1147560960" percent="88" />
      <mem type="loa" free="60398592" total="60398592" percent="100" />
    </mem>
    <remembered-set count="1332" />
  </mem-info>
</gc-end>
<cycle-end id="418" type="scavenge" contextid="412" timestamp="2021-04-05T23:13:37.845" />
<allocation-satisfied id="419" threadId="000000000013CF00" bytesRequested="64" />
<af-end id="420" timestamp="2021-04-05T23:13:37.845" threadId="000000000013D880" success="true" from="nursery"/>
<exclusive-end id="421" timestamp="2021-04-05T23:13:37.845" durationms="95.404" />

<exclusive-start id="422" timestamp="2021-04-05T23:13:38.752" intervalms="1002.878">
  <response-info timems="0.057" idlems="0.057" threads="0" lastid="0000000000329300" lastname="BenchmarkThread xml.validation 3" />
</exclusive-start>
<af-start id="423" threadId="0000000000329C80" totalBytesRequested="1040" timestamp="2021-04-05T23:13:38.752" intervalms="1002.872" type="nursery" />
<cycle-start id="424" type="scavenge" contextid="0" timestamp="2021-04-05T23:13:38.752" intervalms="1002.473" />
<gc-start id="425" type="scavenge" contextid="424" timestamp="2021-04-05T23:13:38.753">
  <mem-info id="426" free="1074172008" total="1610612736" percent="66">
    <mem type="nursery" free="0" total="402653184" percent="0">
      <mem type="allocate" free="0" total="333316096" percent="0" />
      <mem type="survivor" free="0" total="69337088" percent="0" />
    </mem>
    <mem type="tenure" free="1074172008" total="1207959552" percent="88">
      <mem type="soa" free="1013773416" total="1147560960" percent="88" />
      <mem type="loa" free="60398592" total="60398592" percent="100" />
    </mem>
    <remembered-set count="1546" />
  </mem-info>
</gc-start>
<allocation-stats totalBytes="271167096" >
  <allocated-bytes non-tlh="64" tlh="271167032" />
  <largest-consumer threadName="BenchmarkThread xml.validation 6" threadId="0000000000334700" bytes="44556616" />
</allocation-stats>
<gc-op id="427" type="scavenge" timems="98.826" contextid="424" timestamp="2021-04-05T23:13:38.851">
  <scavenger-info tenureage="3" tenuremask="7ff8" tiltratio="82" />
  <memory-copied type="nursery" objects="1526454" bytes="61466976" bytesdiscarded="13568" />
  <memory-copied type="tenure" objects="4" bytes="128" bytesdiscarded="0" />
</gc-op>
<gc-end id="428" type="scavenge" contextid="424" durationms="98.817" usertimems="370.748" systemtimems="0.000" timestamp="2021-04-05T23:13:38.852" activeThreads="4">
  <mem-info id="429" free="1346466312" total="1610612736" percent="83">
    <mem type="nursery" free="272294304" total="402653184" percent="67">
      <mem type="allocate" free="272294304" total="333774848" percent="81" />
      <mem type="survivor" free="0" total="68878336" percent="0" />
    </mem>
    <mem type="tenure" free="1074172008" total="1207959552" percent="88" macro-fragmented="2592282">
      <mem type="soa" free="1013773416" total="1147560960" percent="88" />
      <mem type="loa" free="60398592" total="60398592" percent="100" />
    </mem>
    <remembered-set count="1337" />
  </mem-info>
</gc-end>
<cycle-end id="430" type="scavenge" contextid="424" timestamp="2021-04-05T23:13:38.852" />
<allocation-satisfied id="431" threadId="0000000000329300" bytesRequested="1040" />
<af-end id="432" timestamp="2021-04-05T23:13:38.852" threadId="0000000000329C80" success="true" from="nursery"/>
<exclusive-end id="433" timestamp="2021-04-05T23:13:38.852" durationms="99.770" />

<exclusive-start id="434" timestamp="2021-04-05T23:13:39.820" intervalms="1067.762">
  <response-info timems="0.047" idlems="0.047" threads="0" lastid="000000000013CF00" lastname="BenchmarkThread xml.validation 2" />
</exclusive-start>
<af-start id="435" threadId="000000000013D880" totalBytesRequested="40" timestamp="2021-04-05T23:13:39.820" intervalms="1067.760" type="nursery" />
<cycle-start id="436" type="scavenge" contextid="0" timestamp="2021-04-05T23:13:39.820" intervalms="1067.751" />
<gc-start id="437" type="scavenge" contextid="436" timestamp="2021-04-05T23:13:39.820">
  <mem-info id="438" free="1074172008" total="1610612736" percent="66">
    <mem type="nursery" free="0" total="402653184" percent="0">
      <mem type="allocate" free="0" total="333774848" percent="0" />
      <mem type="survivor" free="0" total="68878336" percent="0" />
    </mem>
    <mem type="tenure" free="1074172008" total="1207959552" percent="88">
      <mem type="soa" free="1013773416" total="1147560960" percent="88" />
      <mem type="loa" free="60398592" total="60398592" percent="100" />
    </mem>
    <remembered-set count="1555" />
  </mem-info>
</gc-start>
<allocation-stats totalBytes="272152512" >
  <allocated-bytes non-tlh="2080" tlh="272150432" />
  <largest-consumer threadName="BenchmarkThread xml.validation 8" threadId="000000000033BE00" bytes="45860560" />
</allocation-stats>
<gc-op id="439" type="scavenge" timems="92.833" contextid="436" timestamp="2021-04-05T23:13:39.913">
  <scavenger-info tenureage="3" tenuremask="7ff8" tiltratio="82" />
  <memory-copied type="nursery" objects="1532509" bytes="61653280" bytesdiscarded="12576" />
  <memory-copied type="tenure" objects="6" bytes="192" bytesdiscarded="0" />
</gc-op>
<gc-end id="440" type="scavenge" contextid="436" durationms="92.824" usertimems="359.156" systemtimems="0.005" timestamp="2021-04-05T23:13:39.914" activeThreads="4">
  <mem-info id="441" free="1346739752" total="1610612736" percent="83">
    <mem type="nursery" free="272567744" total="402653184" percent="67">
      <mem type="allocate" free="272567744" total="334233600" percent="81" />
      <mem type="survivor" free="0" total="68419584" percent="0" />
    </mem>
    <mem type="tenure" free="1074172008" total="1207959552" percent="88" macro-fragmented="0">
      <mem type="soa" free="1013773416" total="1147560960" percent="88" />
      <mem type="loa" free="60398592" total="60398592" percent="100" />
    </mem>
    <remembered-set count="1331" />
  </mem-info>
</gc-end>
<cycle-end id="442" type="scavenge" contextid="436" timestamp="2021-04-05T23:13:39.914" />
<allocation-satisfied id="443" threadId="000000000013CF00" bytesRequested="40" />
<af-end id="444" timestamp="2021-04-05T23:13:39.914" threadId="000000000013D880" success="true" from="nursery"/>
<exclusive-end id="445" timestamp="2021-04-05T23:13:39.914" durationms="93.763" />

<exclusive-start id="446" timestamp="2021-04-05T23:13:40.809" intervalms="988.418">
  <response-info timems="0.066" idlems="0.041" threads="1" lastid="0000000000338300" lastname="BenchmarkThread xml.validation 7" />
</exclusive-start>
<af-start id="447" threadId="000000000011D480" totalBytesRequested="24" timestamp="2021-04-05T23:13:40.809" intervalms="988.447" type="nursery" />
<cycle-start id="448" type="scavenge" contextid="0" timestamp="2021-04-05T23:13:40.809" intervalms="988.453" />
<gc-start id="449" type="scavenge" contextid="448" timestamp="2021-04-05T23:13:40.809">
  <mem-info id="450" free="1074172008" total="1610612736" percent="66">
    <mem type="nursery" free="0" total="402653184" percent="0">
      <mem type="allocate" free="0" total="334233600" percent="0" />
      <mem type="survivor" free="0" total="68419584" percent="0" />
    </mem>
    <mem type="tenure" free="1074172008" total="1207959552" percent="88">
      <mem type="soa" free="1013773416" total="1147560960" percent="88" />
      <mem type="loa" free="60398592" total="60398592" percent="100" />
    </mem>
    <remembered-set count="1539" />
  </mem-info>
</gc-start>
<allocation-stats totalBytes="272410000" >
  <allocated-bytes non-tlh="40" tlh="272409960" />
  <largest-consumer threadName="BenchmarkThread xml.validation 4" threadId="000000000032CF00" bytes="41292040" />
</allocation-stats>
<gc-op id="451" type="scavenge" timems="123.121" contextid="448" timestamp="2021-04-05T23:13:40.932">
  <scavenger-info tenureage="3" tenuremask="7ff8" tiltratio="83" />
  <memory-copied type="nursery" objects="1533167" bytes="61681952" bytesdiscarded="14288" />
  <memory-copied type="tenure" objects="6" bytes="192" bytesdiscarded="0" />
</gc-op>
<gc-end id="452" type="scavenge" contextid="448" durationms="123.109" usertimems="471.628" systemtimems="0.000" timestamp="2021-04-05T23:13:40.933" activeThreads="4">
  <mem-info id="453" free="1347037048" total="1610612736" percent="83">
    <mem type="nursery" free="272865040" total="402653184" percent="67">
      <mem type="allocate" free="272865040" total="334561280" percent="81" />
      <mem type="survivor" free="0" total="68091904" percent="0" />
    </mem>
    <mem type="tenure" free="1074172008" total="1207959552" percent="88" macro-fragmented="868149">
      <mem type="soa" free="1013773416" total="1147560960" percent="88" />
      <mem type="loa" free="60398592" total="60398592" percent="100" />
    </mem>
    <remembered-set count="1337" />
  </mem-info>
</gc-end>
<cycle-end id="454" type="scavenge" contextid="448" timestamp="2021-04-05T23:13:40.933" />
<allocation-satisfied id="455" threadId="000000000011CB00" bytesRequested="24" />
<af-end id="456" timestamp="2021-04-05T23:13:40.933" threadId="000000000011D480" success="true" from="nursery"/>
<exclusive-end id="457" timestamp="2021-04-05T23:13:40.933" durationms="124.053" />

<exclusive-start id="458" timestamp="2021-04-05T23:13:41.873" intervalms="1063.984">
  <response-info timems="1.540" idlems="1.135" threads="3" lastid="000000000013CF00" lastname="BenchmarkThread xml.validation 2" />
</exclusive-start>
<af-start id="459" threadId="0000000000335080" totalBytesRequested="16" timestamp="2021-04-05T23:13:41.873" intervalms="1063.956" type="nursery" />
<cycle-start id="460" type="scavenge" contextid="0" timestamp="2021-04-05T23:13:41.873" intervalms="1063.946" />
<gc-start id="461" type="scavenge" contextid="460" timestamp="2021-04-05T23:13:41.873">
  <mem-info id="462" free="1074172008" total="1610612736" percent="66">
    <mem type="nursery" free="0" total="402653184" percent="0">
      <mem type="allocate" free="0" total="334561280" percent="0" />
      <mem type="survivor" free="0" total="68091904" percent="0" />
    </mem>
    <mem type="tenure" free="1074172008" total="1207959552" percent="88">
      <mem type="soa" free="1013773416" total="1147560960" percent="88" />
      <mem type="loa" free="60398592" total="60398592" percent="100" />
    </mem>
    <remembered-set count="1549" />
  </mem-info>
</gc-start>
<allocation-stats totalBytes="272731544" >
  <allocated-bytes non-tlh="24" tlh="272731520" />
  <largest-consumer threadName="BenchmarkThread xml.validation 6" threadId="0000000000334700" bytes="45315792" />
</allocation-stats>
<gc-op id="463" type="scavenge" timems="90.439" contextid="460" timestamp="2021-04-05T23:13:41.963">
  <scavenger-info tenureage="3" tenuremask="7ff8" tiltratio="83" />
  <memory-copied type="nursery" objects="1514316" bytes="61263696" bytesdiscarded="13288" />
  <memory-copied type="tenure" objects="6" bytes="192" bytesdiscarded="0" />
</gc-op>
<gc-end id="464" type="scavenge" contextid="460" durationms="90.430" usertimems="349.905" systemtimems="0.000" timestamp="2021-04-05T23:13:41.964" activeThreads="4">
  <mem-info id="465" free="1347718448" total="1610612736" percent="83">
    <mem type="nursery" free="273546440" total="402653184" percent="67">
      <mem type="allocate" free="273546440" total="334823424" percent="81" />
      <mem type="survivor" free="0" total="67829760" percent="0" />
    </mem>
    <mem type="tenure" free="1074172008" total="1207959552" percent="88" macro-fragmented="0">
      <mem type="soa" free="1013773416" total="1147560960" percent="88" />
      <mem type="loa" free="60398592" total="60398592" percent="100" />
    </mem>
    <remembered-set count="1336" />
  </mem-info>
</gc-end>
<cycle-end id="466" type="scavenge" contextid="460" timestamp="2021-04-05T23:13:41.964" />
<allocation-satisfied id="467" threadId="0000000000334700" bytesRequested="16" />
<af-end id="468" timestamp="2021-04-05T23:13:41.964" threadId="0000000000335080" success="true" from="nursery"/>
<exclusive-end id="469" timestamp="2021-04-05T23:13:41.964" durationms="91.262" />

<exclusive-start id="470" timestamp="2021-04-05T23:13:42.950" intervalms="1077.470">
  <response-info timems="0.051" idlems="0.051" threads="0" lastid="000000000032CF00" lastname="BenchmarkThread xml.validation 4" />
</exclusive-start>
<af-start id="471" threadId="000000000032D880" totalBytesRequested="48" timestamp="2021-04-05T23:13:42.950" intervalms="1077.489" type="nursery" />
<cycle-start id="472" type="scavenge" contextid="0" timestamp="2021-04-05T23:13:42.951" intervalms="1077.919" />
<gc-start id="473" type="scavenge" contextid="472" timestamp="2021-04-05T23:13:42.951">
  <mem-info id="474" free="1074172008" total="1610612736" percent="66">
    <mem type="nursery" free="0" total="402653184" percent="0">
      <mem type="allocate" free="0" total="334823424" percent="0" />
      <mem type="survivor" free="0" total="67829760" percent="0" />
    </mem>
    <mem type="tenure" free="1074172008" total="1207959552" percent="88">
      <mem type="soa" free="1013773416" total="1147560960" percent="88" />
      <mem type="loa" free="60398592" total="60398592" percent="100" />
    </mem>
    <remembered-set count="1556" />
  </mem-info>
</gc-start>
<allocation-stats totalBytes="273392840" >
  <allocated-bytes non-tlh="16" tlh="273392824" />
  <largest-consumer threadName="BenchmarkThread xml.validation 6" threadId="0000000000334700" bytes="48900048" />
</allocation-stats>
<gc-op id="475" type="scavenge" timems="90.231" contextid="472" timestamp="2021-04-05T23:13:43.041">
  <scavenger-info tenureage="3" tenuremask="7ff8" tiltratio="83" />
  <memory-copied type="nursery" objects="1511422" bytes="61143848" bytesdiscarded="13360" />
  <memory-copied type="tenure" objects="8" bytes="256" bytesdiscarded="0" />
</gc-op>
<gc-end id="476" type="scavenge" contextid="472" durationms="90.218" usertimems="354.009" systemtimems="0.000" timestamp="2021-04-05T23:13:43.041" activeThreads="4">
  <mem-info id="477" free="1348165904" total="1610612736" percent="83">
    <mem type="nursery" free="273993896" total="402653184" percent="68">
      <mem type="allocate" free="273993896" total="335151104" percent="81" />
      <mem type="survivor" free="0" total="67502080" percent="0" />
    </mem>
    <mem type="tenure" free="1074172008" total="1207959552" percent="88" macro-fragmented="0">
      <mem type="soa" free="1013773416" total="1147560960" percent="88" />
      <mem type="loa" free="60398592" total="60398592" percent="100" />
    </mem>
    <remembered-set count="1337" />
  </mem-info>
</gc-end>
<cycle-end id="478" type="scavenge" contextid="472" timestamp="2021-04-05T23:13:43.041" />
<allocation-satisfied id="479" threadId="000000000032CF00" bytesRequested="48" />
<af-end id="480" timestamp="2021-04-05T23:13:43.042" threadId="000000000032D880" success="true" from="nursery"/>
<exclusive-end id="481" timestamp="2021-04-05T23:13:43.042" durationms="91.513" />

<exclusive-start id="482" timestamp="2021-04-05T23:13:43.949" intervalms="998.684">
  <response-info timems="0.056" idlems="0.030" threads="1" lastid="0000000000338300" lastname="BenchmarkThread xml.validation 7" />
</exclusive-start>
<af-start id="483" threadId="0000000000329C80" totalBytesRequested="16" timestamp="2021-04-05T23:13:43.949" intervalms="998.664" type="nursery" />
<cycle-start id="484" type="scavenge" contextid="0" timestamp="2021-04-05T23:13:43.949" intervalms="998.234" />
<gc-start id="485" type="scavenge" contextid="484" timestamp="2021-04-05T23:13:43.949">
  <mem-info id="486" free="1074172008" total="1610612736" percent="66">
    <mem type="nursery" free="0" total="402653184" percent="0">
      <mem type="allocate" free="0" total="335151104" percent="0" />
      <mem type="survivor" free="0" total="67502080" percent="0" />
    </mem>
    <mem type="tenure" free="1074172008" total="1207959552" percent="88">
      <mem type="soa" free="1013773416" total="1147560960" percent="88" />
      <mem type="loa" free="60398592" total="60398592" percent="100" />
    </mem>
    <remembered-set count="1532" />
  </mem-info>
</gc-start>
<allocation-stats totalBytes="273846016" >
  <allocated-bytes non-tlh="48" tlh="273845968" />
  <largest-consumer threadName="BenchmarkThread xml.validation 1" threadId="000000000011CB00" bytes="45685880" />
</allocation-stats>
<gc-op id="487" type="scavenge" timems="100.559" contextid="484" timestamp="2021-04-05T23:13:44.049">
  <scavenger-info tenureage="3" tenuremask="7ff8" tiltratio="83" />
  <memory-copied type="nursery" objects="1485094" bytes="59956904" bytesdiscarded="11072" />
  <memory-copied type="tenure" objects="6" bytes="192" bytesdiscarded="0" />
</gc-op>
<gc-end id="488" type="scavenge" contextid="484" durationms="100.550" usertimems="394.067" systemtimems="0.000" timestamp="2021-04-05T23:13:44.050" activeThreads="4">
  <mem-info id="489" free="1349682816" total="1610612736" percent="83">
    <mem type="nursery" free="275510808" total="402653184" percent="68">
      <mem type="allocate" free="275510808" total="335478784" percent="82" />
      <mem type="survivor" free="0" total="67174400" percent="0" />
    </mem>
    <mem type="tenure" free="1074172008" total="1207959552" percent="88" macro-fragmented="602881">
      <mem type="soa" free="1013773416" total="1147560960" percent="88" />
      <mem type="loa" free="60398592" total="60398592" percent="100" />
    </mem>
    <remembered-set count="1331" />
  </mem-info>
</gc-end>
<cycle-end id="490" type="scavenge" contextid="484" timestamp="2021-04-05T23:13:44.050" />
<allocation-satisfied id="491" threadId="0000000000329300" bytesRequested="16" />
<af-end id="492" timestamp="2021-04-05T23:13:44.050" threadId="0000000000329C80" success="true" from="nursery"/>
<exclusive-end id="493" timestamp="2021-04-05T23:13:44.050" durationms="101.429" />

<exclusive-start id="494" timestamp="2021-04-05T23:13:45.069" intervalms="1120.466">
  <response-info timems="0.069" idlems="0.036" threads="3" lastid="0000000000330B00" lastname="BenchmarkThread xml.validation 5" />
</exclusive-start>
<af-start id="495" threadId="0000000000338C80" totalBytesRequested="416" timestamp="2021-04-05T23:13:45.069" intervalms="1120.473" type="nursery" />
<cycle-start id="496" type="scavenge" contextid="0" timestamp="2021-04-05T23:13:45.069" intervalms="1120.472" />
<gc-start id="497" type="scavenge" contextid="496" timestamp="2021-04-05T23:13:45.069">
  <mem-info id="498" free="1074172008" total="1610612736" percent="66">
    <mem type="nursery" free="0" total="402653184" percent="0">
      <mem type="allocate" free="0" total="335478784" percent="0" />
      <mem type="survivor" free="0" total="67174400" percent="0" />
    </mem>
    <mem type="tenure" free="1074172008" total="1207959552" percent="88">
      <mem type="soa" free="1013773416" total="1147560960" percent="88" />
      <mem type="loa" free="60398592" total="60398592" percent="100" />
    </mem>
    <remembered-set count="1564" />
  </mem-info>
</gc-start>
<allocation-stats totalBytes="275354696" >
  <allocated-bytes non-tlh="1056" tlh="275353640" />
  <largest-consumer threadName="BenchmarkThread xml.validation 3" threadId="0000000000329300" bytes="46213816" />
</allocation-stats>
<gc-op id="499" type="scavenge" timems="96.708" contextid="496" timestamp="2021-04-05T23:13:45.166">
  <scavenger-info tenureage="3" tenuremask="7ff8" tiltratio="83" />
  <memory-copied type="nursery" objects="1533141" bytes="61679072" bytesdiscarded="12176" />
  <memory-copied type="tenure" objects="8" bytes="256" bytesdiscarded="0" />
</gc-op>
<gc-end id="500" type="scavenge" contextid="496" durationms="96.699" usertimems="361.834" systemtimems="0.000" timestamp="2021-04-05T23:13:45.167" activeThreads="4">
  <mem-info id="501" free="1346910968" total="1610612736" percent="83">
    <mem type="nursery" free="272738960" total="402653184" percent="67">
      <mem type="allocate" free="272738960" total="334430208" percent="81" />
      <mem type="survivor" free="0" total="68222976" percent="0" />
    </mem>
    <mem type="tenure" free="1074172008" total="1207959552" percent="88" macro-fragmented="1800196">
      <mem type="soa" free="1013773416" total="1147560960" percent="88" />
      <mem type="loa" free="60398592" total="60398592" percent="100" />
    </mem>
    <remembered-set count="1332" />
  </mem-info>
</gc-end>
<cycle-end id="502" type="scavenge" contextid="496" timestamp="2021-04-05T23:13:45.167" />
<allocation-satisfied id="503" threadId="0000000000338300" bytesRequested="416" />
<af-end id="504" timestamp="2021-04-05T23:13:45.167" threadId="0000000000338C80" success="true" from="nursery"/>
<exclusive-end id="505" timestamp="2021-04-05T23:13:45.167" durationms="97.544" />

<exclusive-start id="506" timestamp="2021-04-05T23:13:46.042" intervalms="972.792">
  <response-info timems="0.063" idlems="0.029" threads="2" lastid="0000000000338300" lastname="BenchmarkThread xml.validation 7" />
</exclusive-start>
<af-start id="507" threadId="000000000033C780" totalBytesRequested="24" timestamp="2021-04-05T23:13:46.042" intervalms="972.787" type="nursery" />
<cycle-start id="508" type="scavenge" contextid="0" timestamp="2021-04-05T23:13:46.042" intervalms="972.787" />
<gc-start id="509" type="scavenge" contextid="508" timestamp="2021-04-05T23:13:46.042">
  <mem-info id="510" free="1074172008" total="1610612736" percent="66">
    <mem type="nursery" free="0" total="402653184" percent="0">
      <mem type="allocate" free="0" total="334430208" percent="0" />
      <mem type="survivor" free="0" total="68222976" percent="0" />
    </mem>
    <mem type="tenure" free="1074172008" total="1207959552" percent="88">
      <mem type="soa" free="1013773416" total="1147560960" percent="88" />
      <mem type="loa" free="60398592" total="60398592" percent="100" />
    </mem>
    <remembered-set count="1529" />
  </mem-info>
</gc-start>
<allocation-stats totalBytes="272582688" >
  <allocated-bytes non-tlh="416" tlh="272582272" />
  <largest-consumer threadName="BenchmarkThread xml.validation 7" threadId="0000000000338300" bytes="44030328" />
</allocation-stats>
<gc-op id="511" type="scavenge" timems="95.271" contextid="508" timestamp="2021-04-05T23:13:46.137">
  <scavenger-info tenureage="3" tenuremask="7ff8" tiltratio="83" />
  <memory-copied type="nursery" objects="1534783" bytes="61702952" bytesdiscarded="12216" />
  <memory-copied type="tenure" objects="4" bytes="128" bytesdiscarded="0" />
</gc-op>
<gc-end id="512" type="scavenge" contextid="508" durationms="95.259" usertimems="351.591" systemtimems="0.000" timestamp="2021-04-05T23:13:46.138" activeThreads="4">
  <mem-info id="513" free="1348132232" total="1610612736" percent="83">
    <mem type="nursery" free="273960224" total="402653184" percent="68">
      <mem type="allocate" free="273960224" total="335675392" percent="81" />
      <mem type="survivor" free="0" total="66977792" percent="0" />
    </mem>
    <mem type="tenure" free="1074172008" total="1207959552" percent="88" macro-fragmented="0">
      <mem type="soa" free="1013773416" total="1147560960" percent="88" />
      <mem type="loa" free="60398592" total="60398592" percent="100" />
    </mem>
    <remembered-set count="1339" />
  </mem-info>
</gc-end>
<cycle-end id="514" type="scavenge" contextid="508" timestamp="2021-04-05T23:13:46.138" />
<allocation-satisfied id="515" threadId="000000000033BE00" bytesRequested="24" />
<af-end id="516" timestamp="2021-04-05T23:13:46.138" threadId="000000000033C780" success="true" from="nursery"/>
<exclusive-end id="517" timestamp="2021-04-05T23:13:46.138" durationms="96.201" />

<exclusive-start id="518" timestamp="2021-04-05T23:13:47.067" intervalms="1024.666">
  <response-info timems="0.059" idlems="0.035" threads="1" lastid="0000000000330B00" lastname="BenchmarkThread xml.validation 5" />
</exclusive-start>
<af-start id="519" threadId="000000000011D480" totalBytesRequested="48" timestamp="2021-04-05T23:13:47.067" intervalms="1024.661" type="nursery" />
<cycle-start id="520" type="scavenge" contextid="0" timestamp="2021-04-05T23:13:47.067" intervalms="1024.660" />
<gc-start id="521" type="scavenge" contextid="520" timestamp="2021-04-05T23:13:47.067">
  <mem-info id="522" free="1074172008" total="1610612736" percent="66">
    <mem type="nursery" free="0" total="402653184" percent="0">
      <mem type="allocate" free="0" total="335675392" percent="0" />
      <mem type="survivor" free="0" total="66977792" percent="0" />
    </mem>
    <mem type="tenure" free="1074172008" total="1207959552" percent="88">
      <mem type="soa" free="1013773416" total="1147560960" percent="88" />
      <mem type="loa" free="60398592" total="60398592" percent="100" />
    </mem>
    <remembered-set count="1558" />
  </mem-info>
</gc-start>
<allocation-stats totalBytes="273824240" >
  <allocated-bytes non-tlh="24" tlh="273824216" />
  <largest-consumer threadName="BenchmarkThread xml.validation 3" threadId="0000000000329300" bytes="43785256" />
</allocation-stats>
<gc-op id="523" type="scavenge" timems="94.614" contextid="520" timestamp="2021-04-05T23:13:47.161">
  <scavenger-info tenureage="3" tenuremask="7ff8" tiltratio="83" />
  <memory-copied type="nursery" objects="1528257" bytes="61505960" bytesdiscarded="10888" />
  <memory-copied type="tenure" objects="8" bytes="256" bytesdiscarded="0" />
</gc-op>
<gc-end id="524" type="scavenge" contextid="520" durationms="94.605" usertimems="360.978" systemtimems="0.000" timestamp="2021-04-05T23:13:47.162" activeThreads="4">
  <mem-info id="525" free="1348396088" total="1610612736" percent="83">
    <mem type="nursery" free="274224080" total="402653184" percent="68">
      <mem type="allocate" free="274224080" total="335740928" percent="81" />
      <mem type="survivor" free="0" total="66912256" percent="0" />
    </mem>
    <mem type="tenure" free="1074172008" total="1207959552" percent="88" macro-fragmented="868149">
      <mem type="soa" free="1013773416" total="1147560960" percent="88" />
      <mem type="loa" free="60398592" total="60398592" percent="100" />
    </mem>
    <remembered-set count="1337" />
  </mem-info>
</gc-end>
<cycle-end id="526" type="scavenge" contextid="520" timestamp="2021-04-05T23:13:47.162" />
<allocation-satisfied id="527" threadId="000000000011CB00" bytesRequested="48" />
<af-end id="528" timestamp="2021-04-05T23:13:47.162" threadId="000000000011D480" success="true" from="nursery"/>
<exclusive-end id="529" timestamp="2021-04-05T23:13:47.162" durationms="95.541" />

<exclusive-start id="530" timestamp="2021-04-05T23:13:48.064" intervalms="996.967">
  <response-info timems="0.051" idlems="0.051" threads="0" lastid="000000000033BE00" lastname="BenchmarkThread xml.validation 8" />
</exclusive-start>
<af-start id="531" threadId="000000000033C780" totalBytesRequested="1040" timestamp="2021-04-05T23:13:48.064" intervalms="996.997" type="nursery" />
<cycle-start id="532" type="scavenge" contextid="0" timestamp="2021-04-05T23:13:48.064" intervalms="997.241" />
<gc-start id="533" type="scavenge" contextid="532" timestamp="2021-04-05T23:13:48.064">
  <mem-info id="534" free="1074172008" total="1610612736" percent="66">
    <mem type="nursery" free="0" total="402653184" percent="0">
      <mem type="allocate" free="0" total="335740928" percent="0" />
      <mem type="survivor" free="0" total="66912256" percent="0" />
    </mem>
    <mem type="tenure" free="1074172008" total="1207959552" percent="88">
      <mem type="soa" free="1013773416" total="1147560960" percent="88" />
      <mem type="loa" free="60398592" total="60398592" percent="100" />
    </mem>
    <remembered-set count="1547" />
  </mem-info>
</gc-start>
<allocation-stats totalBytes="274058040" >
  <allocated-bytes non-tlh="48" tlh="274057992" />
  <largest-consumer threadName="BenchmarkThread xml.validation 5" threadId="0000000000330B00" bytes="42937432" />
</allocation-stats>
<gc-op id="535" type="scavenge" timems="95.988" contextid="532" timestamp="2021-04-05T23:13:48.160">
  <scavenger-info tenureage="3" tenuremask="7ff8" tiltratio="83" />
  <memory-copied type="nursery" objects="1544567" bytes="62013624" bytesdiscarded="12512" />
  <memory-copied type="tenure" objects="6" bytes="192" bytesdiscarded="0" />
</gc-op>
<gc-end id="536" type="scavenge" contextid="532" durationms="95.978" usertimems="355.871" systemtimems="0.009" timestamp="2021-04-05T23:13:48.161" activeThreads="4">
  <mem-info id="537" free="1347362512" total="1610612736" percent="83">
    <mem type="nursery" free="273190504" total="402653184" percent="67">
      <mem type="allocate" free="273190504" total="335216640" percent="81" />
      <mem type="survivor" free="0" total="67436544" percent="0" />
    </mem>
    <mem type="tenure" free="1074172008" total="1207959552" percent="88" macro-fragmented="1500163">
      <mem type="soa" free="1013773416" total="1147560960" percent="88" />
      <mem type="loa" free="60398592" total="60398592" percent="100" />
    </mem>
    <remembered-set count="1339" />
  </mem-info>
</gc-end>
<cycle-end id="538" type="scavenge" contextid="532" timestamp="2021-04-05T23:13:48.161" />
<allocation-satisfied id="539" threadId="000000000033BE00" bytesRequested="1040" />
<af-end id="540" timestamp="2021-04-05T23:13:48.161" threadId="000000000033C780" success="true" from="nursery"/>
<exclusive-end id="541" timestamp="2021-04-05T23:13:48.161" durationms="97.129" />

<exclusive-start id="542" timestamp="2021-04-05T23:13:49.003" intervalms="939.239">
  <response-info timems="0.079" idlems="0.043" threads="3" lastid="000000000013CF00" lastname="BenchmarkThread xml.validation 2" />
</exclusive-start>
<af-start id="543" threadId="0000000000331480" totalBytesRequested="1040" timestamp="2021-04-05T23:13:49.003" intervalms="939.230" type="nursery" />
<cycle-start id="544" type="scavenge" contextid="0" timestamp="2021-04-05T23:13:49.003" intervalms="938.989" />
<gc-start id="545" type="scavenge" contextid="544" timestamp="2021-04-05T23:13:49.003">
  <mem-info id="546" free="1074172008" total="1610612736" percent="66">
    <mem type="nursery" free="0" total="402653184" percent="0">
      <mem type="allocate" free="0" total="335216640" percent="0" />
      <mem type="survivor" free="0" total="67436544" percent="0" />
    </mem>
    <mem type="tenure" free="1074172008" total="1207959552" percent="88">
      <mem type="soa" free="1013773416" total="1147560960" percent="88" />
      <mem type="loa" free="60398592" total="60398592" percent="100" />
    </mem>
    <remembered-set count="1532" />
  </mem-info>
</gc-start>
<allocation-stats totalBytes="273039616" >
  <allocated-bytes non-tlh="1040" tlh="273038576" />
  <largest-consumer threadName="BenchmarkThread xml.validation 8" threadId="000000000033BE00" bytes="45776168" />
</allocation-stats>
<gc-op id="547" type="scavenge" timems="95.628" contextid="544" timestamp="2021-04-05T23:13:49.099">
  <scavenger-info tenureage="3" tenuremask="7ff8" tiltratio="83" />
  <memory-copied type="nursery" objects="1557534" bytes="63304360" bytesdiscarded="12120" />
  <memory-copied type="tenure" objects="4" bytes="128" bytesdiscarded="0" />
</gc-op>
<gc-end id="548" type="scavenge" contextid="544" durationms="95.614" usertimems="352.064" systemtimems="4.010" timestamp="2021-04-05T23:13:49.099" activeThreads="4">
  <mem-info id="549" free="1344171624" total="1610612736" percent="83">
    <mem type="nursery" free="269999616" total="402653184" percent="67">
      <mem type="allocate" free="269999616" total="333316096" percent="81" />
      <mem type="survivor" free="0" total="69337088" percent="0" />
    </mem>
    <mem type="tenure" free="1074172008" total="1207959552" percent="88" macro-fragmented="2160235">
      <mem type="soa" free="1013773416" total="1147560960" percent="88" />
      <mem type="loa" free="60398592" total="60398592" percent="100" />
    </mem>
    <remembered-set count="1335" />
  </mem-info>
</gc-end>
<cycle-end id="550" type="scavenge" contextid="544" timestamp="2021-04-05T23:13:49.099" />
<allocation-satisfied id="551" threadId="0000000000330B00" bytesRequested="1040" />
<af-end id="552" timestamp="2021-04-05T23:13:49.099" threadId="0000000000331480" success="true" from="nursery"/>
<exclusive-end id="553" timestamp="2021-04-05T23:13:49.099" durationms="96.532" />

<exclusive-start id="554" timestamp="2021-04-05T23:13:50.093" intervalms="1090.334">
  <response-info timems="0.055" idlems="0.055" threads="0" lastid="0000000000330B00" lastname="BenchmarkThread xml.validation 5" />
</exclusive-start>
<af-start id="555" threadId="0000000000331480" totalBytesRequested="24" timestamp="2021-04-05T23:13:50.093" intervalms="1090.341" type="nursery" />
<cycle-start id="556" type="scavenge" contextid="0" timestamp="2021-04-05T23:13:50.093" intervalms="1090.340" />
<gc-start id="557" type="scavenge" contextid="556" timestamp="2021-04-05T23:13:50.093">
  <mem-info id="558" free="1074172008" total="1610612736" percent="66">
    <mem type="nursery" free="0" total="402653184" percent="0">
      <mem type="allocate" free="0" total="333316096" percent="0" />
      <mem type="survivor" free="0" total="69337088" percent="0" />
    </mem>
    <mem type="tenure" free="1074172008" total="1207959552" percent="88">
      <mem type="soa" free="1013773416" total="1147560960" percent="88" />
      <mem type="loa" free="60398592" total="60398592" percent="100" />
    </mem>
    <remembered-set count="1576" />
  </mem-info>
</gc-start>
<allocation-stats totalBytes="269846552" >
  <allocated-bytes non-tlh="5200" tlh="269841352" />
  <largest-consumer threadName="BenchmarkThread xml.validation 3" threadId="0000000000329300" bytes="45382920" />
</allocation-stats>
<gc-op id="559" type="scavenge" timems="132.462" contextid="556" timestamp="2021-04-05T23:13:50.226">
  <scavenger-info tenureage="3" tenuremask="7ff8" tiltratio="82" />
  <memory-copied type="nursery" objects="1544175" bytes="62012224" bytesdiscarded="13992" />
  <memory-copied type="tenure" objects="10" bytes="320" bytesdiscarded="0" />
</gc-op>
<gc-end id="560" type="scavenge" contextid="556" durationms="132.452" usertimems="503.719" systemtimems="0.000" timestamp="2021-04-05T23:13:50.226" activeThreads="4">
  <mem-info id="561" free="1345658496" total="1610612736" percent="83">
    <mem type="nursery" free="271486488" total="402653184" percent="67">
      <mem type="allocate" free="271486488" total="333512704" percent="81" />
      <mem type="survivor" free="0" total="69140480" percent="0" />
    </mem>
    <mem type="tenure" free="1074172008" total="1207959552" percent="88" macro-fragmented="0">
      <mem type="soa" free="1013773416" total="1147560960" percent="88" />
      <mem type="loa" free="60398592" total="60398592" percent="100" />
    </mem>
    <remembered-set count="1336" />
  </mem-info>
</gc-end>
<cycle-end id="562" type="scavenge" contextid="556" timestamp="2021-04-05T23:13:50.227" />
<allocation-satisfied id="563" threadId="0000000000330B00" bytesRequested="24" />
<af-end id="564" timestamp="2021-04-05T23:13:50.227" threadId="0000000000331480" success="true" from="nursery"/>
<exclusive-end id="565" timestamp="2021-04-05T23:13:50.227" durationms="133.413" />

<exclusive-start id="566" timestamp="2021-04-05T23:13:51.027" intervalms="933.546">
  <response-info timems="0.075" idlems="0.039" threads="2" lastid="0000000000338300" lastname="BenchmarkThread xml.validation 7" />
</exclusive-start>
<af-start id="567" threadId="000000000032D880" totalBytesRequested="16" timestamp="2021-04-05T23:13:51.027" intervalms="933.525" type="nursery" />
<cycle-start id="568" type="scavenge" contextid="0" timestamp="2021-04-05T23:13:51.027" intervalms="933.526" />
<gc-start id="569" type="scavenge" contextid="568" timestamp="2021-04-05T23:13:51.027">
  <mem-info id="570" free="1074172008" total="1610612736" percent="66">
    <mem type="nursery" free="0" total="402653184" percent="0">
      <mem type="allocate" free="0" total="333512704" percent="0" />
      <mem type="survivor" free="0" total="69140480" percent="0" />
    </mem>
    <mem type="tenure" free="1074172008" total="1207959552" percent="88">
      <mem type="soa" free="1013773416" total="1147560960" percent="88" />
      <mem type="loa" free="60398592" total="60398592" percent="100" />
    </mem>
    <remembered-set count="1515" />
  </mem-info>
</gc-start>
<allocation-stats totalBytes="271328336" >
  <allocated-bytes non-tlh="24" tlh="271328312" />
  <largest-consumer threadName="BenchmarkThread xml.validation 7" threadId="0000000000338300" bytes="45633064" />
</allocation-stats>
<gc-op id="571" type="scavenge" timems="96.081" contextid="568" timestamp="2021-04-05T23:13:51.123">
  <scavenger-info tenureage="3" tenuremask="7ff8" tiltratio="82" />
  <memory-copied type="nursery" objects="1525999" bytes="62036864" bytesdiscarded="12384" />
  <memory-copied type="tenure" objects="2" bytes="64" bytesdiscarded="0" />
</gc-op>
<gc-end id="572" type="scavenge" contextid="568" durationms="96.071" usertimems="351.209" systemtimems="0.000" timestamp="2021-04-05T23:13:51.124" activeThreads="4">
  <mem-info id="573" free="1346028680" total="1610612736" percent="83">
    <mem type="nursery" free="271856672" total="402653184" percent="67">
      <mem type="allocate" free="271856672" total="333905920" percent="81" />
      <mem type="survivor" free="0" total="68747264" percent="0" />
    </mem>
    <mem type="tenure" free="1074172008" total="1207959552" percent="88" macro-fragmented="3110739">
      <mem type="soa" free="1013773416" total="1147560960" percent="88" />
      <mem type="loa" free="60398592" total="60398592" percent="100" />
    </mem>
    <remembered-set count="1339" />
  </mem-info>
</gc-end>
<cycle-end id="574" type="scavenge" contextid="568" timestamp="2021-04-05T23:13:51.124" />
<allocation-satisfied id="575" threadId="000000000032CF00" bytesRequested="16" />
<af-end id="576" timestamp="2021-04-05T23:13:51.124" threadId="000000000032D880" success="true" from="nursery"/>
<exclusive-end id="577" timestamp="2021-04-05T23:13:51.124" durationms="97.000" />

<exclusive-start id="578" timestamp="2021-04-05T23:13:52.076" intervalms="1049.356">
  <response-info timems="0.045" idlems="0.023" threads="1" lastid="000000000032CF00" lastname="BenchmarkThread xml.validation 4" />
</exclusive-start>
<af-start id="579" threadId="000000000033C780" totalBytesRequested="56" timestamp="2021-04-05T23:13:52.076" intervalms="1049.349" type="nursery" />
<cycle-start id="580" type="scavenge" contextid="0" timestamp="2021-04-05T23:13:52.076" intervalms="1049.345" />
<gc-start id="581" type="scavenge" contextid="580" timestamp="2021-04-05T23:13:52.076">
  <mem-info id="582" free="1074172008" total="1610612736" percent="66">
    <mem type="nursery" free="0" total="402653184" percent="0">
      <mem type="allocate" free="0" total="333905920" percent="0" />
      <mem type="survivor" free="0" total="68747264" percent="0" />
    </mem>
    <mem type="tenure" free="1074172008" total="1207959552" percent="88">
      <mem type="soa" free="1013773416" total="1147560960" percent="88" />
      <mem type="loa" free="60398592" total="60398592" percent="100" />
    </mem>
    <remembered-set count="1548" />
  </mem-info>
</gc-start>
<allocation-stats totalBytes="271712104" >
  <allocated-bytes non-tlh="16" tlh="271712088" />
  <largest-consumer threadName="BenchmarkThread xml.validation 3" threadId="0000000000329300" bytes="48185024" />
</allocation-stats>
<gc-op id="583" type="scavenge" timems="99.308" contextid="580" timestamp="2021-04-05T23:13:52.176">
  <scavenger-info tenureage="3" tenuremask="7ff8" tiltratio="82" />
  <memory-copied type="nursery" objects="1527686" bytes="61554136" bytesdiscarded="13648" />
  <memory-copied type="tenure" objects="12" bytes="384" bytesdiscarded="0" />
</gc-op>
<gc-end id="584" type="scavenge" contextid="580" durationms="99.299" usertimems="371.224" systemtimems="0.000" timestamp="2021-04-05T23:13:52.176" activeThreads="4">
  <mem-info id="585" free="1346903360" total="1610612736" percent="83">
    <mem type="nursery" free="272731352" total="402653184" percent="67">
      <mem type="allocate" free="272731352" total="334299136" percent="81" />
      <mem type="survivor" free="0" total="68354048" percent="0" />
    </mem>
    <mem type="tenure" free="1074172008" total="1207959552" percent="88" macro-fragmented="1041780">
      <mem type="soa" free="1013773416" total="1147560960" percent="88" />
      <mem type="loa" free="60398592" total="60398592" percent="100" />
    </mem>
    <remembered-set count="1335" />
  </mem-info>
</gc-end>
<cycle-end id="586" type="scavenge" contextid="580" timestamp="2021-04-05T23:13:52.176" />
<allocation-satisfied id="587" threadId="000000000033BE00" bytesRequested="56" />
<af-end id="588" timestamp="2021-04-05T23:13:52.176" threadId="000000000033C780" success="true" from="nursery"/>
<exclusive-end id="589" timestamp="2021-04-05T23:13:52.176" durationms="100.180" />

<exclusive-start id="590" timestamp="2021-04-05T23:13:53.057" intervalms="980.860">
  <response-info timems="0.051" idlems="0.028" threads="1" lastid="0000000000334700" lastname="BenchmarkThread xml.validation 6" />
</exclusive-start>
<af-start id="591" threadId="0000000000331480" totalBytesRequested="16" timestamp="2021-04-05T23:13:53.057" intervalms="980.866" type="nursery" />
<cycle-start id="592" type="scavenge" contextid="0" timestamp="2021-04-05T23:13:53.057" intervalms="980.870" />
<gc-start id="593" type="scavenge" contextid="592" timestamp="2021-04-05T23:13:53.057">
  <mem-info id="594" free="1074172008" total="1610612736" percent="66">
    <mem type="nursery" free="0" total="402653184" percent="0">
      <mem type="allocate" free="0" total="334299136" percent="0" />
      <mem type="survivor" free="0" total="68354048" percent="0" />
    </mem>
    <mem type="tenure" free="1074172008" total="1207959552" percent="88">
      <mem type="soa" free="1013773416" total="1147560960" percent="88" />
      <mem type="loa" free="60398592" total="60398592" percent="100" />
    </mem>
    <remembered-set count="1540" />
  </mem-info>
</gc-start>
<allocation-stats totalBytes="272571336" >
  <allocated-bytes non-tlh="56" tlh="272571280" />
  <largest-consumer threadName="BenchmarkThread xml.validation 8" threadId="000000000033BE00" bytes="49427984" />
</allocation-stats>
<gc-op id="595" type="scavenge" timems="116.403" contextid="592" timestamp="2021-04-05T23:13:53.173">
  <scavenger-info tenureage="3" tenuremask="7ff8" tiltratio="83" />
  <memory-copied type="nursery" objects="1552662" bytes="62802432" bytesdiscarded="12160" />
  <memory-copied type="tenure" objects="4" bytes="128" bytesdiscarded="0" />
</gc-op>
<gc-end id="596" type="scavenge" contextid="592" durationms="116.393" usertimems="451.395" systemtimems="0.000" timestamp="2021-04-05T23:13:53.175" activeThreads="4">
  <mem-info id="597" free="1344935656" total="1610612736" percent="83">
    <mem type="nursery" free="270763648" total="402653184" percent="67">
      <mem type="allocate" free="270763648" total="333578240" percent="81" />
      <mem type="survivor" free="0" total="69074944" percent="0" />
    </mem>
    <mem type="tenure" free="1074172008" total="1207959552" percent="88" macro-fragmented="502401">
      <mem type="soa" free="1013773416" total="1147560960" percent="88" />
      <mem type="loa" free="60398592" total="60398592" percent="100" />
    </mem>
    <remembered-set count="1338" />
  </mem-info>
</gc-end>
<cycle-end id="598" type="scavenge" contextid="592" timestamp="2021-04-05T23:13:53.175" />
<allocation-satisfied id="599" threadId="0000000000330B00" bytesRequested="16" />
<af-end id="600" timestamp="2021-04-05T23:13:53.175" threadId="0000000000331480" success="true" from="nursery"/>
<exclusive-end id="601" timestamp="2021-04-05T23:13:53.175" durationms="117.732" />

<exclusive-start id="602" timestamp="2021-04-05T23:13:54.076" intervalms="1019.458">
  <response-info timems="0.072" idlems="0.036" threads="3" lastid="000000000032CF00" lastname="BenchmarkThread xml.validation 4" />
</exclusive-start>
<af-start id="603" threadId="000000000033C780" totalBytesRequested="24" timestamp="2021-04-05T23:13:54.076" intervalms="1019.453" type="nursery" />
<cycle-start id="604" type="scavenge" contextid="0" timestamp="2021-04-05T23:13:54.076" intervalms="1019.451" />
<gc-start id="605" type="scavenge" contextid="604" timestamp="2021-04-05T23:13:54.076">
  <mem-info id="606" free="1074172008" total="1610612736" percent="66">
    <mem type="nursery" free="0" total="402653184" percent="0">
      <mem type="allocate" free="0" total="333578240" percent="0" />
      <mem type="survivor" free="0" total="69074944" percent="0" />
    </mem>
    <mem type="tenure" free="1074172008" total="1207959552" percent="88">
      <mem type="soa" free="1013773416" total="1147560960" percent="88" />
      <mem type="loa" free="60398592" total="60398592" percent="100" />
    </mem>
    <remembered-set count="1540" />
  </mem-info>
</gc-start>
<allocation-stats totalBytes="270610848" >
  <allocated-bytes non-tlh="1056" tlh="270609792" />
  <largest-consumer threadName="BenchmarkThread xml.validation 1" threadId="000000000011CB00" bytes="43239616" />
</allocation-stats>
<gc-op id="607" type="scavenge" timems="115.053" contextid="604" timestamp="2021-04-05T23:13:54.192">
  <scavenger-info tenureage="3" tenuremask="7ff8" tiltratio="82" />
  <memory-copied type="nursery" objects="1625406" bytes="65825736" bytesdiscarded="13024" />
  <memory-copied type="tenure" objects="8" bytes="256" bytesdiscarded="0" />
</gc-op>
<gc-end id="608" type="scavenge" contextid="604" durationms="115.043" usertimems="446.213" systemtimems="0.000" timestamp="2021-04-05T23:13:54.192" activeThreads="4">
  <mem-info id="609" free="1337651648" total="1610612736" percent="83">
    <mem type="nursery" free="263479640" total="402653184" percent="65">
      <mem type="allocate" free="263479640" total="329318400" percent="80" />
      <mem type="survivor" free="0" total="73334784" percent="0" />
    </mem>
    <mem type="tenure" free="1074172008" total="1207959552" percent="88" macro-fragmented="0">
      <mem type="soa" free="1013773416" total="1147560960" percent="88" />
      <mem type="loa" free="60398592" total="60398592" percent="100" />
    </mem>
    <remembered-set count="1335" />
  </mem-info>
</gc-end>
<cycle-end id="610" type="scavenge" contextid="604" timestamp="2021-04-05T23:13:54.192" />
<allocation-satisfied id="611" threadId="000000000033BE00" bytesRequested="24" />
<af-end id="612" timestamp="2021-04-05T23:13:54.192" threadId="000000000033C780" success="true" from="nursery"/>
<exclusive-end id="613" timestamp="2021-04-05T23:13:54.192" durationms="115.928" />

<exclusive-start id="614" timestamp="2021-04-05T23:13:55.110" intervalms="1034.095">
  <response-info timems="0.069" idlems="0.041" threads="1" lastid="0000000000329300" lastname="BenchmarkThread xml.validation 3" />
</exclusive-start>
<af-start id="615" threadId="0000000000331480" totalBytesRequested="16" timestamp="2021-04-05T23:13:55.111" intervalms="1034.109" type="nursery" />
<cycle-start id="616" type="scavenge" contextid="0" timestamp="2021-04-05T23:13:55.111" intervalms="1034.115" />
<gc-start id="617" type="scavenge" contextid="616" timestamp="2021-04-05T23:13:55.111">
  <mem-info id="618" free="1074172008" total="1610612736" percent="66">
    <mem type="nursery" free="0" total="402653184" percent="0">
      <mem type="allocate" free="0" total="329318400" percent="0" />
      <mem type="survivor" free="0" total="73334784" percent="0" />
    </mem>
    <mem type="tenure" free="1074172008" total="1207959552" percent="88">
      <mem type="soa" free="1013773416" total="1147560960" percent="88" />
      <mem type="loa" free="60398592" total="60398592" percent="100" />
    </mem>
    <remembered-set count="1541" />
  </mem-info>
</gc-start>
<allocation-stats totalBytes="263325776" >
  <allocated-bytes non-tlh="24" tlh="263325752" />
  <largest-consumer threadName="BenchmarkThread xml.validation 3" threadId="0000000000329300" bytes="44272752" />
</allocation-stats>
<gc-op id="619" type="scavenge" timems="94.889" contextid="616" timestamp="2021-04-05T23:13:55.206">
  <scavenger-info tenureage="3" tenuremask="7ff8" tiltratio="81" />
  <memory-copied type="nursery" objects="1554221" bytes="62571160" bytesdiscarded="10768" />
  <memory-copied type="tenure" objects="6" bytes="192" bytesdiscarded="0" />
</gc-op>
<gc-end id="620" type="scavenge" contextid="616" durationms="94.880" usertimems="365.030" systemtimems="0.000" timestamp="2021-04-05T23:13:55.206" activeThreads="4">
  <mem-info id="621" free="1341367232" total="1610612736" percent="83">
    <mem type="nursery" free="267195224" total="402653184" percent="66">
      <mem type="allocate" free="267195224" total="329777152" percent="81" />
      <mem type="survivor" free="0" total="72876032" percent="0" />
    </mem>
    <mem type="tenure" free="1074172008" total="1207959552" percent="88" macro-fragmented="0">
      <mem type="soa" free="1013773416" total="1147560960" percent="88" />
      <mem type="loa" free="60398592" total="60398592" percent="100" />
    </mem>
    <remembered-set count="1335" />
  </mem-info>
</gc-end>
<cycle-end id="622" type="scavenge" contextid="616" timestamp="2021-04-05T23:13:55.206" />
<allocation-satisfied id="623" threadId="0000000000330B00" bytesRequested="16" />
<af-end id="624" timestamp="2021-04-05T23:13:55.206" threadId="0000000000331480" success="true" from="nursery"/>
<exclusive-end id="625" timestamp="2021-04-05T23:13:55.206" durationms="95.819" />

<exclusive-start id="626" timestamp="2021-04-05T23:13:56.106" intervalms="995.412">
  <response-info timems="0.062" idlems="0.037" threads="1" lastid="000000000011CB00" lastname="BenchmarkThread xml.validation 1" />
</exclusive-start>
<af-start id="627" threadId="000000000032D880" totalBytesRequested="32" timestamp="2021-04-05T23:13:56.106" intervalms="995.404" type="nursery" />
<cycle-start id="628" type="scavenge" contextid="0" timestamp="2021-04-05T23:13:56.106" intervalms="995.419" />
<gc-start id="629" type="scavenge" contextid="628" timestamp="2021-04-05T23:13:56.106">
  <mem-info id="630" free="1074172008" total="1610612736" percent="66">
    <mem type="nursery" free="0" total="402653184" percent="0">
      <mem type="allocate" free="0" total="329777152" percent="0" />
      <mem type="survivor" free="0" total="72876032" percent="0" />
    </mem>
    <mem type="tenure" free="1074172008" total="1207959552" percent="88">
      <mem type="soa" free="1013773416" total="1147560960" percent="88" />
      <mem type="loa" free="60398592" total="60398592" percent="100" />
    </mem>
    <remembered-set count="1544" />
  </mem-info>
</gc-start>
<allocation-stats totalBytes="267044312" >
  <allocated-bytes non-tlh="16" tlh="267044296" />
  <largest-consumer threadName="BenchmarkThread xml.validation 5" threadId="0000000000330B00" bytes="43591840" />
</allocation-stats>
<gc-op id="631" type="scavenge" timems="100.080" contextid="628" timestamp="2021-04-05T23:13:56.206">
  <scavenger-info tenureage="3" tenuremask="7ff8" tiltratio="81" />
  <memory-copied type="nursery" objects="1475122" bytes="60027632" bytesdiscarded="9976" />
  <memory-copied type="tenure" objects="4" bytes="128" bytesdiscarded="0" />
</gc-op>
<gc-end id="632" type="scavenge" contextid="628" durationms="100.068" usertimems="379.479" systemtimems="0.000" timestamp="2021-04-05T23:13:56.207" activeThreads="4">
  <mem-info id="633" free="1344960128" total="1610612736" percent="83">
    <mem type="nursery" free="270788120" total="402653184" percent="67">
      <mem type="allocate" free="270788120" total="330825728" percent="81" />
      <mem type="survivor" free="0" total="71827456" percent="0" />
    </mem>
    <mem type="tenure" free="1074172008" total="1207959552" percent="88" macro-fragmented="1250136">
      <mem type="soa" free="1013773416" total="1147560960" percent="88" />
      <mem type="loa" free="60398592" total="60398592" percent="100" />
    </mem>
    <remembered-set count="1334" />
  </mem-info>
</gc-end>
<cycle-end id="634" type="scavenge" contextid="628" timestamp="2021-04-05T23:13:56.207" />
<allocation-satisfied id="635" threadId="000000000032CF00" bytesRequested="32" />
<af-end id="636" timestamp="2021-04-05T23:13:56.207" threadId="000000000032D880" success="true" from="nursery"/>
<exclusive-end id="637" timestamp="2021-04-05T23:13:56.207" durationms="101.060" />

<exclusive-start id="638" timestamp="2021-04-05T23:13:57.077" intervalms="971.530">
  <response-info timems="0.047" idlems="0.047" threads="0" lastid="000000000013CF00" lastname="BenchmarkThread xml.validation 2" />
</exclusive-start>
<af-start id="639" threadId="000000000013D880" totalBytesRequested="40" timestamp="2021-04-05T23:13:57.077" intervalms="971.534" type="nursery" />
<cycle-start id="640" type="scavenge" contextid="0" timestamp="2021-04-05T23:13:57.078" intervalms="971.519" />
<gc-start id="641" type="scavenge" contextid="640" timestamp="2021-04-05T23:13:57.078">
  <mem-info id="642" free="1074172008" total="1610612736" percent="66">
    <mem type="nursery" free="0" total="402653184" percent="0">
      <mem type="allocate" free="0" total="330825728" percent="0" />
      <mem type="survivor" free="0" total="71827456" percent="0" />
    </mem>
    <mem type="tenure" free="1074172008" total="1207959552" percent="88">
      <mem type="soa" free="1013773416" total="1147560960" percent="88" />
      <mem type="loa" free="60398592" total="60398592" percent="100" />
    </mem>
    <remembered-set count="1532" />
  </mem-info>
</gc-start>
<allocation-stats totalBytes="270640160" >
  <allocated-bytes non-tlh="32" tlh="270640128" />
  <largest-consumer threadName="BenchmarkThread xml.validation 2" threadId="000000000013CF00" bytes="45702064" />
</allocation-stats>
<gc-op id="643" type="scavenge" timems="115.292" contextid="640" timestamp="2021-04-05T23:13:57.193">
  <scavenger-info tenureage="3" tenuremask="7ff8" tiltratio="82" />
  <memory-copied type="nursery" objects="1473853" bytes="59599664" bytesdiscarded="9744" />
  <memory-copied type="tenure" objects="8" bytes="256" bytesdiscarded="0" />
</gc-op>
<gc-end id="644" type="scavenge" contextid="640" durationms="115.280" usertimems="453.424" systemtimems="0.000" timestamp="2021-04-05T23:13:57.194" activeThreads="4">
  <mem-info id="645" free="1346764584" total="1610612736" percent="83">
    <mem type="nursery" free="272592576" total="402653184" percent="67">
      <mem type="allocate" free="272592576" total="332201984" percent="82" />
      <mem type="survivor" free="0" total="70451200" percent="0" />
    </mem>
    <mem type="tenure" free="1074172008" total="1207959552" percent="88" macro-fragmented="0">
      <mem type="soa" free="1013773416" total="1147560960" percent="88" />
      <mem type="loa" free="60398592" total="60398592" percent="100" />
    </mem>
    <remembered-set count="1331" />
  </mem-info>
</gc-end>
<cycle-end id="646" type="scavenge" contextid="640" timestamp="2021-04-05T23:13:57.194" />
<allocation-satisfied id="647" threadId="000000000013CF00" bytesRequested="40" />
<af-end id="648" timestamp="2021-04-05T23:13:57.194" threadId="000000000013D880" success="true" from="nursery"/>
<exclusive-end id="649" timestamp="2021-04-05T23:13:57.194" durationms="116.479" />

<exclusive-start id="650" timestamp="2021-04-05T23:13:58.139" intervalms="1061.700">
  <response-info timems="3.241" idlems="2.495" threads="5" lastid="000000000033BE00" lastname="BenchmarkThread xml.validation 8" />
</exclusive-start>
<af-start id="651" threadId="000000000032D880" totalBytesRequested="24" timestamp="2021-04-05T23:13:58.139" intervalms="1061.708" type="nursery" />
<cycle-start id="652" type="scavenge" contextid="0" timestamp="2021-04-05T23:13:58.139" intervalms="1061.715" />
<gc-start id="653" type="scavenge" contextid="652" timestamp="2021-04-05T23:13:58.139">
  <mem-info id="654" free="1074172008" total="1610612736" percent="66">
    <mem type="nursery" free="0" total="402653184" percent="0">
      <mem type="allocate" free="0" total="332201984" percent="0" />
      <mem type="survivor" free="0" total="70451200" percent="0" />
    </mem>
    <mem type="tenure" free="1074172008" total="1207959552" percent="88">
      <mem type="soa" free="1013773416" total="1147560960" percent="88" />
      <mem type="loa" free="60398592" total="60398592" percent="100" />
    </mem>
    <remembered-set count="1556" />
  </mem-info>
</gc-start>
<allocation-stats totalBytes="272445128" >
  <allocated-bytes non-tlh="40" tlh="272445088" />
  <largest-consumer threadName="BenchmarkThread xml.validation 7" threadId="0000000000338300" bytes="47732680" />
</allocation-stats>
<gc-op id="655" type="scavenge" timems="104.275" contextid="652" timestamp="2021-04-05T23:13:58.244">
  <scavenger-info tenureage="3" tenuremask="7ff8" tiltratio="82" />
  <memory-copied type="nursery" objects="1527964" bytes="61529936" bytesdiscarded="12760" />
  <memory-copied type="tenure" objects="6" bytes="192" bytesdiscarded="0" />
</gc-op>
<gc-end id="656" type="scavenge" contextid="652" durationms="104.264" usertimems="396.656" systemtimems="0.010" timestamp="2021-04-05T23:13:58.244" activeThreads="4">
  <mem-info id="657" free="1345224512" total="1610612736" percent="83">
    <mem type="nursery" free="271052504" total="402653184" percent="67">
      <mem type="allocate" free="271052504" total="332595200" percent="81" />
      <mem type="survivor" free="0" total="70057984" percent="0" />
    </mem>
    <mem type="tenure" free="1074172008" total="1207959552" percent="88" macro-fragmented="0">
      <mem type="soa" free="1013773416" total="1147560960" percent="88" />
      <mem type="loa" free="60398592" total="60398592" percent="100" />
    </mem>
    <remembered-set count="1336" />
  </mem-info>
</gc-end>
<cycle-end id="658" type="scavenge" contextid="652" timestamp="2021-04-05T23:13:58.244" />
<allocation-satisfied id="659" threadId="000000000032CF00" bytesRequested="24" />
<af-end id="660" timestamp="2021-04-05T23:13:58.244" threadId="000000000032D880" success="true" from="nursery"/>
<exclusive-end id="661" timestamp="2021-04-05T23:13:58.244" durationms="105.242" />

<exclusive-start id="662" timestamp="2021-04-05T23:13:59.123" intervalms="983.941">
  <response-info timems="0.071" idlems="0.044" threads="1" lastid="0000000000334700" lastname="BenchmarkThread xml.validation 6" />
</exclusive-start>
<af-start id="663" threadId="000000000033C780" totalBytesRequested="40" timestamp="2021-04-05T23:13:59.123" intervalms="983.938" type="nursery" />
<cycle-start id="664" type="scavenge" contextid="0" timestamp="2021-04-05T23:13:59.123" intervalms="983.927" />
<gc-start id="665" type="scavenge" contextid="664" timestamp="2021-04-05T23:13:59.123">
  <mem-info id="666" free="1074172008" total="1610612736" percent="66">
    <mem type="nursery" free="0" total="402653184" percent="0">
      <mem type="allocate" free="0" total="332595200" percent="0" />
      <mem type="survivor" free="0" total="70057984" percent="0" />
    </mem>
    <mem type="tenure" free="1074172008" total="1207959552" percent="88">
      <mem type="soa" free="1013773416" total="1147560960" percent="88" />
      <mem type="loa" free="60398592" total="60398592" percent="100" />
    </mem>
    <remembered-set count="1533" />
  </mem-info>
</gc-start>
<allocation-stats totalBytes="270902016" >
  <allocated-bytes non-tlh="24" tlh="270901992" />
  <largest-consumer threadName="BenchmarkThread xml.validation 2" threadId="000000000013CF00" bytes="42978600" />
</allocation-stats>
<gc-op id="667" type="scavenge" timems="126.964" contextid="664" timestamp="2021-04-05T23:13:59.250">
  <scavenger-info tenureage="3" tenuremask="7ff8" tiltratio="82" />
  <memory-copied type="nursery" objects="1551533" bytes="62322704" bytesdiscarded="11792" />
  <memory-copied type="tenure" objects="8" bytes="256" bytesdiscarded="0" />
</gc-op>
<gc-end id="668" type="scavenge" contextid="664" durationms="126.955" usertimems="473.373" systemtimems="0.019" timestamp="2021-04-05T23:13:59.251" activeThreads="4">
  <mem-info id="669" free="1344825928" total="1610612736" percent="83">
    <mem type="nursery" free="270653920" total="402653184" percent="67">
      <mem type="allocate" free="270653920" total="332988416" percent="81" />
      <mem type="survivor" free="0" total="69664768" percent="0" />
    </mem>
    <mem type="tenure" free="1074172008" total="1207959552" percent="88" macro-fragmented="0">
      <mem type="soa" free="1013773416" total="1147560960" percent="88" />
      <mem type="loa" free="60398592" total="60398592" percent="100" />
    </mem>
    <remembered-set count="1334" />
  </mem-info>
</gc-end>
<cycle-end id="670" type="scavenge" contextid="664" timestamp="2021-04-05T23:13:59.251" />
<allocation-satisfied id="671" threadId="000000000033BE00" bytesRequested="40" />
<af-end id="672" timestamp="2021-04-05T23:13:59.251" threadId="000000000033C780" success="true" from="nursery"/>
<exclusive-end id="673" timestamp="2021-04-05T23:13:59.251" durationms="128.328" />

<exclusive-start id="674" timestamp="2021-04-05T23:14:00.146" intervalms="1023.426">
  <response-info timems="0.055" idlems="0.055" threads="0" lastid="000000000033BE00" lastname="BenchmarkThread xml.validation 8" />
</exclusive-start>
<af-start id="675" threadId="000000000033C780" totalBytesRequested="16" timestamp="2021-04-05T23:14:00.147" intervalms="1023.416" type="nursery" />
<cycle-start id="676" type="scavenge" contextid="0" timestamp="2021-04-05T23:14:00.147" intervalms="1023.415" />
<gc-start id="677" type="scavenge" contextid="676" timestamp="2021-04-05T23:14:00.147">
  <mem-info id="678" free="1074172008" total="1610612736" percent="66">
    <mem type="nursery" free="0" total="402653184" percent="0">
      <mem type="allocate" free="0" total="332988416" percent="0" />
      <mem type="survivor" free="0" total="69664768" percent="0" />
    </mem>
    <mem type="tenure" free="1074172008" total="1207959552" percent="88">
      <mem type="soa" free="1013773416" total="1147560960" percent="88" />
      <mem type="loa" free="60398592" total="60398592" percent="100" />
    </mem>
    <remembered-set count="1548" />
  </mem-info>
</gc-start>
<allocation-stats totalBytes="270513408" >
  <allocated-bytes non-tlh="40" tlh="270513368" />
  <largest-consumer threadName="BenchmarkThread xml.validation 8" threadId="000000000033BE00" bytes="52562944" />
</allocation-stats>
<gc-op id="679" type="scavenge" timems="93.485" contextid="676" timestamp="2021-04-05T23:14:00.240">
  <scavenger-info tenureage="3" tenuremask="7ff8" tiltratio="82" />
  <memory-copied type="nursery" objects="1501316" bytes="60830192" bytesdiscarded="12448" />
  <memory-copied type="tenure" objects="6" bytes="192" bytesdiscarded="0" />
</gc-op>
<gc-end id="680" type="scavenge" contextid="676" durationms="93.475" usertimems="336.172" systemtimems="3.985" timestamp="2021-04-05T23:14:00.241" activeThreads="4">
  <mem-info id="681" free="1346776536" total="1610612736" percent="83">
    <mem type="nursery" free="272604528" total="402653184" percent="67">
      <mem type="allocate" free="272604528" total="333447168" percent="81" />
      <mem type="survivor" free="0" total="69206016" percent="0" />
    </mem>
    <mem type="tenure" free="1074172008" total="1207959552" percent="88" macro-fragmented="0">
      <mem type="soa" free="1013773416" total="1147560960" percent="88" />
      <mem type="loa" free="60398592" total="60398592" percent="100" />
    </mem>
    <remembered-set count="1322" />
  </mem-info>
</gc-end>
<cycle-end id="682" type="scavenge" contextid="676" timestamp="2021-04-05T23:14:00.241" />
<allocation-satisfied id="683" threadId="000000000033BE00" bytesRequested="16" />
<af-end id="684" timestamp="2021-04-05T23:14:00.241" threadId="000000000033C780" success="true" from="nursery"/>
<exclusive-end id="685" timestamp="2021-04-05T23:14:00.241" durationms="94.374" />

<exclusive-start id="686" timestamp="2021-04-05T23:14:01.189" intervalms="1042.834">
  <response-info timems="1.345" idlems="0.679" threads="1" lastid="000000000013CF00" lastname="BenchmarkThread xml.validation 2" />
</exclusive-start>
<af-start id="687" threadId="0000000000335080" totalBytesRequested="104" timestamp="2021-04-05T23:14:01.189" intervalms="1042.831" type="nursery" />
<cycle-start id="688" type="scavenge" contextid="0" timestamp="2021-04-05T23:14:01.189" intervalms="1042.832" />
<gc-start id="689" type="scavenge" contextid="688" timestamp="2021-04-05T23:14:01.189">
  <mem-info id="690" free="1074172008" total="1610612736" percent="66">
    <mem type="nursery" free="0" total="402653184" percent="0">
      <mem type="allocate" free="0" total="333447168" percent="0" />
      <mem type="survivor" free="0" total="69206016" percent="0" />
    </mem>
    <mem type="tenure" free="1074172008" total="1207959552" percent="88">
      <mem type="soa" free="1013773416" total="1147560960" percent="88" />
      <mem type="loa" free="60398592" total="60398592" percent="100" />
    </mem>
    <remembered-set count="1561" />
  </mem-info>
</gc-start>
<allocation-stats totalBytes="272436792" >
  <allocated-bytes non-tlh="16" tlh="272436776" />
  <largest-consumer threadName="BenchmarkThread xml.validation 6" threadId="0000000000334700" bytes="45201752" />
</allocation-stats>
<gc-op id="691" type="scavenge" timems="93.175" contextid="688" timestamp="2021-04-05T23:14:01.283">
  <scavenger-info tenureage="3" tenuremask="7ff8" tiltratio="82" />
  <memory-copied type="nursery" objects="1488613" bytes="60083264" bytesdiscarded="12184" />
  <memory-copied type="tenure" objects="6" bytes="192" bytesdiscarded="0" />
</gc-op>
<gc-end id="692" type="scavenge" contextid="688" durationms="93.165" usertimems="357.971" systemtimems="0.000" timestamp="2021-04-05T23:14:01.283" activeThreads="4">
  <mem-info id="693" free="1348179088" total="1610612736" percent="83">
    <mem type="nursery" free="274007080" total="402653184" percent="68">
      <mem type="allocate" free="274007080" total="334102528" percent="82" />
      <mem type="survivor" free="0" total="68550656" percent="0" />
    </mem>
    <mem type="tenure" free="1074172008" total="1207959552" percent="88" macro-fragmented="0">
      <mem type="soa" free="1013773416" total="1147560960" percent="88" />
      <mem type="loa" free="60398592" total="60398592" percent="100" />
    </mem>
    <remembered-set count="1333" />
  </mem-info>
</gc-end>
<cycle-end id="694" type="scavenge" contextid="688" timestamp="2021-04-05T23:14:01.283" />
<allocation-satisfied id="695" threadId="0000000000334700" bytesRequested="104" />
<af-end id="696" timestamp="2021-04-05T23:14:01.283" threadId="0000000000335080" success="true" from="nursery"/>
<exclusive-end id="697" timestamp="2021-04-05T23:14:01.283" durationms="94.080" />

<exclusive-start id="698" timestamp="2021-04-05T23:14:02.113" intervalms="924.055">
  <response-info timems="0.076" idlems="0.035" threads="5" lastid="0000000000330B00" lastname="BenchmarkThread xml.validation 5" />
</exclusive-start>
<af-start id="699" threadId="000000000013D880" totalBytesRequested="1040" timestamp="2021-04-05T23:14:02.113" intervalms="924.055" type="nursery" />
<cycle-start id="700" type="scavenge" contextid="0" timestamp="2021-04-05T23:14:02.113" intervalms="924.053" />
<gc-start id="701" type="scavenge" contextid="700" timestamp="2021-04-05T23:14:02.113">
  <mem-info id="702" free="1074172008" total="1610612736" percent="66">
    <mem type="nursery" free="0" total="402653184" percent="0">
      <mem type="allocate" free="0" total="334102528" percent="0" />
      <mem type="survivor" free="0" total="68550656" percent="0" />
    </mem>
    <mem type="tenure" free="1074172008" total="1207959552" percent="88">
      <mem type="soa" free="1013773416" total="1147560960" percent="88" />
      <mem type="loa" free="60398592" total="60398592" percent="100" />
    </mem>
    <remembered-set count="1514" />
  </mem-info>
</gc-start>
<allocation-stats totalBytes="273862088" >
  <allocated-bytes non-tlh="104" tlh="273861984" />
  <largest-consumer threadName="BenchmarkThread xml.validation 7" threadId="0000000000338300" bytes="45552056" />
</allocation-stats>
<gc-op id="703" type="scavenge" timems="98.659" contextid="700" timestamp="2021-04-05T23:14:02.212">
  <scavenger-info tenureage="3" tenuremask="7ff8" tiltratio="82" />
  <memory-copied type="nursery" objects="1543861" bytes="62905464" bytesdiscarded="11608" />
  <memory-copied type="tenure" objects="4" bytes="128" bytesdiscarded="0" />
</gc-op>
<gc-end id="704" type="scavenge" contextid="700" durationms="98.649" usertimems="382.283" systemtimems="0.000" timestamp="2021-04-05T23:14:02.213" activeThreads="4">
  <mem-info id="705" free="1343391384" total="1610612736" percent="83">
    <mem type="nursery" free="269219376" total="402653184" percent="66">
      <mem type="allocate" free="269219376" total="332136448" percent="81" />
      <mem type="survivor" free="0" total="70516736" percent="0" />
    </mem>
    <mem type="tenure" free="1074172008" total="1207959552" percent="88" macro-fragmented="723458">
      <mem type="soa" free="1013773416" total="1147560960" percent="88" />
      <mem type="loa" free="60398592" total="60398592" percent="100" />
    </mem>
    <remembered-set count="1332" />
  </mem-info>
</gc-end>
<cycle-end id="706" type="scavenge" contextid="700" timestamp="2021-04-05T23:14:02.213" />
<allocation-satisfied id="707" threadId="000000000013CF00" bytesRequested="1040" />
<af-end id="708" timestamp="2021-04-05T23:14:02.213" threadId="000000000013D880" success="true" from="nursery"/>
<exclusive-end id="709" timestamp="2021-04-05T23:14:02.213" durationms="99.487" />

<exclusive-start id="710" timestamp="2021-04-05T23:14:03.236" intervalms="1123.116">
  <response-info timems="0.066" idlems="0.034" threads="2" lastid="000000000033BE00" lastname="BenchmarkThread xml.validation 8" />
</exclusive-start>
<af-start id="711" threadId="0000000000335080" totalBytesRequested="32" timestamp="2021-04-05T23:14:03.237" intervalms="1123.127" type="nursery" />
<cycle-start id="712" type="scavenge" contextid="0" timestamp="2021-04-05T23:14:03.237" intervalms="1123.133" />
<gc-start id="713" type="scavenge" contextid="712" timestamp="2021-04-05T23:14:03.237">
  <mem-info id="714" free="1074172008" total="1610612736" percent="66">
    <mem type="nursery" free="0" total="402653184" percent="0">
      <mem type="allocate" free="0" total="332136448" percent="0" />
      <mem type="survivor" free="0" total="70516736" percent="0" />
    </mem>
    <mem type="tenure" free="1074172008" total="1207959552" percent="88">
      <mem type="soa" free="1013773416" total="1147560960" percent="88" />
      <mem type="loa" free="60398592" total="60398592" percent="100" />
    </mem>
    <remembered-set count="1574" />
  </mem-info>
</gc-start>
<allocation-stats totalBytes="269073984" >
  <allocated-bytes non-tlh="1040" tlh="269072944" />
  <largest-consumer threadName="BenchmarkThread xml.validation 6" threadId="0000000000334700" bytes="45119296" />
</allocation-stats>
<gc-op id="715" type="scavenge" timems="94.916" contextid="712" timestamp="2021-04-05T23:14:03.332">
  <scavenger-info tenureage="3" tenuremask="7ff8" tiltratio="82" />
  <memory-copied type="nursery" objects="1519925" bytes="61297144" bytesdiscarded="10896" />
  <memory-copied type="tenure" objects="10" bytes="320" bytesdiscarded="0" />
</gc-op>
<gc-end id="716" type="scavenge" contextid="712" durationms="94.905" usertimems="357.944" systemtimems="0.004" timestamp="2021-04-05T23:14:03.332" activeThreads="4">
  <mem-info id="717" free="1345524704" total="1610612736" percent="83">
    <mem type="nursery" free="271352696" total="402653184" percent="67">
      <mem type="allocate" free="271352696" total="332660736" percent="81" />
      <mem type="survivor" free="0" total="69992448" percent="0" />
    </mem>
    <mem type="tenure" free="1074172008" total="1207959552" percent="88" macro-fragmented="723458">
      <mem type="soa" free="1013773416" total="1147560960" percent="88" />
      <mem type="loa" free="60398592" total="60398592" percent="100" />
    </mem>
    <remembered-set count="1329" />
  </mem-info>
</gc-end>
<cycle-end id="718" type="scavenge" contextid="712" timestamp="2021-04-05T23:14:03.332" />
<allocation-satisfied id="719" threadId="0000000000334700" bytesRequested="32" />
<af-end id="720" timestamp="2021-04-05T23:14:03.332" threadId="0000000000335080" success="true" from="nursery"/>
<exclusive-end id="721" timestamp="2021-04-05T23:14:03.332" durationms="95.873" />

<exclusive-start id="722" timestamp="2021-04-05T23:14:04.172" intervalms="935.167">
  <response-info timems="0.162" idlems="0.094" threads="2" lastid="0000000000329300" lastname="BenchmarkThread xml.validation 3" />
</exclusive-start>
<af-start id="723" threadId="000000000011D480" totalBytesRequested="56" timestamp="2021-04-05T23:14:04.172" intervalms="935.153" type="nursery" />
<cycle-start id="724" type="scavenge" contextid="0" timestamp="2021-04-05T23:14:04.172" intervalms="935.148" />
<gc-start id="725" type="scavenge" contextid="724" timestamp="2021-04-05T23:14:04.172">
  <mem-info id="726" free="1074172008" total="1610612736" percent="66">
    <mem type="nursery" free="0" total="402653184" percent="0">
      <mem type="allocate" free="0" total="332660736" percent="0" />
      <mem type="survivor" free="0" total="69992448" percent="0" />
    </mem>
    <mem type="tenure" free="1074172008" total="1207959552" percent="88">
      <mem type="soa" free="1013773416" total="1147560960" percent="88" />
      <mem type="loa" free="60398592" total="60398592" percent="100" />
    </mem>
    <remembered-set count="1539" />
  </mem-info>
</gc-start>
<allocation-stats totalBytes="271202848" >
  <allocated-bytes non-tlh="32" tlh="271202816" />
  <largest-consumer threadName="BenchmarkThread xml.validation 7" threadId="0000000000338300" bytes="48044672" />
</allocation-stats>
<gc-op id="727" type="scavenge" timems="95.560" contextid="724" timestamp="2021-04-05T23:14:04.267">
  <scavenger-info tenureage="3" tenuremask="7ff8" tiltratio="82" />
  <memory-copied type="nursery" objects="1534221" bytes="61729416" bytesdiscarded="11616" />
  <memory-copied type="tenure" objects="4" bytes="128" bytesdiscarded="0" />
</gc-op>
<gc-end id="728" type="scavenge" contextid="724" durationms="95.549" usertimems="369.679" systemtimems="0.003" timestamp="2021-04-05T23:14:04.268" activeThreads="4">
  <mem-info id="729" free="1345616000" total="1610612736" percent="83">
    <mem type="nursery" free="271443992" total="402653184" percent="67">
      <mem type="allocate" free="271443992" total="333185024" percent="81" />
      <mem type="survivor" free="0" total="69468160" percent="0" />
    </mem>
    <mem type="tenure" free="1074172008" total="1207959552" percent="88" macro-fragmented="0">
      <mem type="soa" free="1013773416" total="1147560960" percent="88" />
      <mem type="loa" free="60398592" total="60398592" percent="100" />
    </mem>
    <remembered-set count="1335" />
  </mem-info>
</gc-end>
<cycle-end id="730" type="scavenge" contextid="724" timestamp="2021-04-05T23:14:04.268" />
<allocation-satisfied id="731" threadId="000000000011CB00" bytesRequested="56" />
<af-end id="732" timestamp="2021-04-05T23:14:04.268" threadId="000000000011D480" success="true" from="nursery"/>
<exclusive-end id="733" timestamp="2021-04-05T23:14:04.268" durationms="96.557" />

<exclusive-start id="734" timestamp="2021-04-05T23:14:05.058" intervalms="886.387">
  <response-info timems="0.070" idlems="0.033" threads="2" lastid="0000000000329300" lastname="BenchmarkThread xml.validation 3" />
</exclusive-start>
<af-start id="735" threadId="000000000032D880" totalBytesRequested="24" timestamp="2021-04-05T23:14:05.058" intervalms="886.401" type="nursery" />
<cycle-start id="736" type="scavenge" contextid="0" timestamp="2021-04-05T23:14:05.058" intervalms="886.407" />
<gc-start id="737" type="scavenge" contextid="736" timestamp="2021-04-05T23:14:05.058">
  <mem-info id="738" free="1074172008" total="1610612736" percent="66">
    <mem type="nursery" free="0" total="402653184" percent="0">
      <mem type="allocate" free="0" total="333185024" percent="0" />
      <mem type="survivor" free="0" total="69468160" percent="0" />
    </mem>
    <mem type="tenure" free="1074172008" total="1207959552" percent="88">
      <mem type="soa" free="1013773416" total="1147560960" percent="88" />
      <mem type="loa" free="60398592" total="60398592" percent="100" />
    </mem>
    <remembered-set count="1517" />
  </mem-info>
</gc-start>
<allocation-stats totalBytes="271308456" >
  <allocated-bytes non-tlh="56" tlh="271308400" />
  <largest-consumer threadName="BenchmarkThread xml.validation 3" threadId="0000000000329300" bytes="45069280" />
</allocation-stats>
<gc-op id="739" type="scavenge" timems="94.275" contextid="736" timestamp="2021-04-05T23:14:05.153">
  <scavenger-info tenureage="3" tenuremask="7ff8" tiltratio="82" />
  <memory-copied type="nursery" objects="1528595" bytes="62412464" bytesdiscarded="10816" />
  <memory-copied type="tenure" objects="8" bytes="256" bytesdiscarded="0" />
</gc-op>
<gc-end id="740" type="scavenge" contextid="736" durationms="94.264" usertimems="353.496" systemtimems="0.000" timestamp="2021-04-05T23:14:05.153" activeThreads="4">
  <mem-info id="741" free="1345982328" total="1610612736" percent="83">
    <mem type="nursery" free="271810320" total="402653184" percent="67">
      <mem type="allocate" free="271810320" total="334233600" percent="81" />
      <mem type="survivor" free="0" total="68419584" percent="0" />
    </mem>
    <mem type="tenure" free="1074172008" total="1207959552" percent="88" macro-fragmented="0">
      <mem type="soa" free="1013773416" total="1147560960" percent="88" />
      <mem type="loa" free="60398592" total="60398592" percent="100" />
    </mem>
    <remembered-set count="1335" />
  </mem-info>
</gc-end>
<cycle-end id="742" type="scavenge" contextid="736" timestamp="2021-04-05T23:14:05.153" />
<allocation-satisfied id="743" threadId="000000000032CF00" bytesRequested="24" />
<af-end id="744" timestamp="2021-04-05T23:14:05.153" threadId="000000000032D880" success="true" from="nursery"/>
<exclusive-end id="745" timestamp="2021-04-05T23:14:05.153" durationms="95.256" />

<exclusive-start id="746" timestamp="2021-04-05T23:14:06.155" intervalms="1097.359">
  <response-info timems="0.043" idlems="0.043" threads="0" lastid="000000000011CB00" lastname="BenchmarkThread xml.validation 1" />
</exclusive-start>
<af-start id="747" threadId="000000000011D480" totalBytesRequested="24" timestamp="2021-04-05T23:14:06.155" intervalms="1097.375" type="nursery" />
<cycle-start id="748" type="scavenge" contextid="0" timestamp="2021-04-05T23:14:06.156" intervalms="1097.369" />
<gc-start id="749" type="scavenge" contextid="748" timestamp="2021-04-05T23:14:06.156">
  <mem-info id="750" free="1074172008" total="1610612736" percent="66">
    <mem type="nursery" free="0" total="402653184" percent="0">
      <mem type="allocate" free="0" total="334233600" percent="0" />
      <mem type="survivor" free="0" total="68419584" percent="0" />
    </mem>
    <mem type="tenure" free="1074172008" total="1207959552" percent="88">
      <mem type="soa" free="1013773416" total="1147560960" percent="88" />
      <mem type="loa" free="60398592" total="60398592" percent="100" />
    </mem>
    <remembered-set count="1568" />
  </mem-info>
</gc-start>
<allocation-stats totalBytes="271651520" >
  <allocated-bytes non-tlh="24" tlh="271651496" />
  <largest-consumer threadName="BenchmarkThread xml.validation 5" threadId="0000000000330B00" bytes="41098368" />
</allocation-stats>
<gc-op id="751" type="scavenge" timems="115.644" contextid="748" timestamp="2021-04-05T23:14:06.271">
  <scavenger-info tenureage="3" tenuremask="7ff8" tiltratio="83" />
  <memory-copied type="nursery" objects="1544341" bytes="61995456" bytesdiscarded="12304" />
  <memory-copied type="tenure" objects="6" bytes="192" bytesdiscarded="0" />
</gc-op>
<gc-end id="752" type="scavenge" contextid="748" durationms="115.634" usertimems="444.928" systemtimems="0.007" timestamp="2021-04-05T23:14:06.272" activeThreads="4">
  <mem-info id="753" free="1346594456" total="1610612736" percent="83">
    <mem type="nursery" free="272422448" total="402653184" percent="67">
      <mem type="allocate" free="272422448" total="334430208" percent="81" />
      <mem type="survivor" free="0" total="68222976" percent="0" />
    </mem>
    <mem type="tenure" free="1074172008" total="1207959552" percent="88" macro-fragmented="0">
      <mem type="soa" free="1013773416" total="1147560960" percent="88" />
      <mem type="loa" free="60398592" total="60398592" percent="100" />
    </mem>
    <remembered-set count="1338" />
  </mem-info>
</gc-end>
<cycle-end id="754" type="scavenge" contextid="748" timestamp="2021-04-05T23:14:06.272" />
<allocation-satisfied id="755" threadId="000000000011CB00" bytesRequested="24" />
<af-end id="756" timestamp="2021-04-05T23:14:06.272" threadId="000000000011D480" success="true" from="nursery"/>
<exclusive-end id="757" timestamp="2021-04-05T23:14:06.272" durationms="116.577" />

<exclusive-start id="758" timestamp="2021-04-05T23:14:07.024" intervalms="868.439">
  <response-info timems="0.050" idlems="0.050" threads="0" lastid="0000000000330B00" lastname="BenchmarkThread xml.validation 5" />
</exclusive-start>
<af-start id="759" threadId="0000000000331480" totalBytesRequested="24" timestamp="2021-04-05T23:14:07.024" intervalms="868.423" type="nursery" />
<cycle-start id="760" type="scavenge" contextid="0" timestamp="2021-04-05T23:14:07.024" intervalms="868.427" />
<gc-start id="761" type="scavenge" contextid="760" timestamp="2021-04-05T23:14:07.024">
  <mem-info id="762" free="1074172008" total="1610612736" percent="66">
    <mem type="nursery" free="0" total="402653184" percent="0">
      <mem type="allocate" free="0" total="334430208" percent="0" />
      <mem type="survivor" free="0" total="68222976" percent="0" />
    </mem>
    <mem type="tenure" free="1074172008" total="1207959552" percent="88">
      <mem type="soa" free="1013773416" total="1147560960" percent="88" />
      <mem type="loa" free="60398592" total="60398592" percent="100" />
    </mem>
    <remembered-set count="1519" />
  </mem-info>
</gc-start>
<allocation-stats totalBytes="272273704" >
  <allocated-bytes non-tlh="24" tlh="272273680" />
  <largest-consumer threadName="BenchmarkThread xml.validation 1" threadId="000000000011CB00" bytes="42862656" />
</allocation-stats>
<gc-op id="763" type="scavenge" timems="98.013" contextid="760" timestamp="2021-04-05T23:14:07.122">
  <scavenger-info tenureage="3" tenuremask="7ff8" tiltratio="83" />
  <memory-copied type="nursery" objects="1494371" bytes="60272200" bytesdiscarded="8648" />
  <memory-copied type="tenure" objects="4" bytes="128" bytesdiscarded="0" />
</gc-op>
<gc-end id="764" type="scavenge" contextid="760" durationms="98.001" usertimems="359.580" systemtimems="0.007" timestamp="2021-04-05T23:14:07.123" activeThreads="4">
  <mem-info id="765" free="1348583512" total="1610612736" percent="83">
    <mem type="nursery" free="274411504" total="402653184" percent="68">
      <mem type="allocate" free="274411504" total="334692352" percent="81" />
      <mem type="survivor" free="0" total="67960832" percent="0" />
    </mem>
    <mem type="tenure" free="1074172008" total="1207959552" percent="88" macro-fragmented="602881">
      <mem type="soa" free="1013773416" total="1147560960" percent="88" />
      <mem type="loa" free="60398592" total="60398592" percent="100" />
    </mem>
    <remembered-set count="1327" />
  </mem-info>
</gc-end>
<cycle-end id="766" type="scavenge" contextid="760" timestamp="2021-04-05T23:14:07.123" />
<allocation-satisfied id="767" threadId="0000000000330B00" bytesRequested="24" />
<af-end id="768" timestamp="2021-04-05T23:14:07.123" threadId="0000000000331480" success="true" from="nursery"/>
<exclusive-end id="769" timestamp="2021-04-05T23:14:07.123" durationms="98.926" />

<exclusive-start id="770" timestamp="2021-04-05T23:14:08.082" intervalms="1058.288">
  <response-info timems="0.052" idlems="0.052" threads="0" lastid="000000000033BE00" lastname="BenchmarkThread xml.validation 8" />
</exclusive-start>
<af-start id="771" threadId="000000000033C780" totalBytesRequested="1040" timestamp="2021-04-05T23:14:08.082" intervalms="1058.288" type="nursery" />
<cycle-start id="772" type="scavenge" contextid="0" timestamp="2021-04-05T23:14:08.082" intervalms="1058.298" />
<gc-start id="773" type="scavenge" contextid="772" timestamp="2021-04-05T23:14:08.082">
  <mem-info id="774" free="1074172008" total="1610612736" percent="66">
    <mem type="nursery" free="0" total="402653184" percent="0">
      <mem type="allocate" free="0" total="334692352" percent="0" />
      <mem type="survivor" free="0" total="67960832" percent="0" />
    </mem>
    <mem type="tenure" free="1074172008" total="1207959552" percent="88">
      <mem type="soa" free="1013773416" total="1147560960" percent="88" />
      <mem type="loa" free="60398592" total="60398592" percent="100" />
    </mem>
    <remembered-set count="1566" />
  </mem-info>
</gc-start>
<allocation-stats totalBytes="274266248" >
  <allocated-bytes non-tlh="24" tlh="274266224" />
  <largest-consumer threadName="BenchmarkThread xml.validation 6" threadId="0000000000334700" bytes="47517808" />
</allocation-stats>
<gc-op id="775" type="scavenge" timems="108.667" contextid="772" timestamp="2021-04-05T23:14:08.191">
  <scavenger-info tenureage="3" tenuremask="7ff8" tiltratio="83" />
  <memory-copied type="nursery" objects="1592687" bytes="64386648" bytesdiscarded="12848" />
  <memory-copied type="tenure" objects="12" bytes="384" bytesdiscarded="0" />
</gc-op>
<gc-end id="776" type="scavenge" contextid="772" durationms="108.476" usertimems="414.510" systemtimems="0.000" timestamp="2021-04-05T23:14:08.192" activeThreads="4">
  <mem-info id="777" free="1339615200" total="1610612736" percent="83">
    <mem type="nursery" free="265443192" total="402653184" percent="65">
      <mem type="allocate" free="265443192" total="329842688" percent="80" />
      <mem type="survivor" free="0" total="72810496" percent="0" />
    </mem>
    <mem type="tenure" free="1074172008" total="1207959552" percent="88" macro-fragmented="0">
      <mem type="soa" free="1013773416" total="1147560960" percent="88" />
      <mem type="loa" free="60398592" total="60398592" percent="100" />
    </mem>
    <remembered-set count="1334" />
  </mem-info>
</gc-end>
<cycle-end id="778" type="scavenge" contextid="772" timestamp="2021-04-05T23:14:08.192" />
<allocation-satisfied id="779" threadId="000000000033BE00" bytesRequested="1040" />
<af-end id="780" timestamp="2021-04-05T23:14:08.192" threadId="000000000033C780" success="true" from="nursery"/>
<exclusive-end id="781" timestamp="2021-04-05T23:14:08.192" durationms="109.615" />

<exclusive-start id="782" timestamp="2021-04-05T23:14:09.010" intervalms="927.424">
  <response-info timems="0.047" idlems="0.047" threads="0" lastid="000000000033BE00" lastname="BenchmarkThread xml.validation 8" />
</exclusive-start>
<af-start id="783" threadId="000000000033C780" totalBytesRequested="1040" timestamp="2021-04-05T23:14:09.010" intervalms="927.423" type="nursery" />
<cycle-start id="784" type="scavenge" contextid="0" timestamp="2021-04-05T23:14:09.010" intervalms="927.414" />
<gc-start id="785" type="scavenge" contextid="784" timestamp="2021-04-05T23:14:09.010">
  <mem-info id="786" free="1074172008" total="1610612736" percent="66">
    <mem type="nursery" free="0" total="402653184" percent="0">
      <mem type="allocate" free="0" total="329842688" percent="0" />
      <mem type="survivor" free="0" total="72810496" percent="0" />
    </mem>
    <mem type="tenure" free="1074172008" total="1207959552" percent="88">
      <mem type="soa" free="1013773416" total="1147560960" percent="88" />
      <mem type="loa" free="60398592" total="60398592" percent="100" />
    </mem>
    <remembered-set count="1529" />
  </mem-info>
</gc-start>
<allocation-stats totalBytes="265286720" >
  <allocated-bytes non-tlh="5200" tlh="265281520" />
  <largest-consumer threadName="BenchmarkThread xml.validation 8" threadId="000000000033BE00" bytes="53964056" />
</allocation-stats>
<gc-op id="787" type="scavenge" timems="107.511" contextid="784" timestamp="2021-04-05T23:14:09.117">
  <scavenger-info tenureage="3" tenuremask="7ff8" tiltratio="81" />
  <memory-copied type="nursery" objects="1571710" bytes="63443824" bytesdiscarded="13016" />
  <memory-copied type="tenure" objects="2" bytes="64" bytesdiscarded="0" />
</gc-op>
<gc-end id="788" type="scavenge" contextid="784" durationms="107.499" usertimems="418.833" systemtimems="0.000" timestamp="2021-04-05T23:14:09.118" activeThreads="4">
  <mem-info id="789" free="1341213216" total="1610612736" percent="83">
    <mem type="nursery" free="267041208" total="402653184" percent="66">
      <mem type="allocate" free="267041208" total="330498048" percent="80" />
      <mem type="survivor" free="0" total="72155136" percent="0" />
    </mem>
    <mem type="tenure" free="1074172008" total="1207959552" percent="88" macro-fragmented="0">
      <mem type="soa" free="1013773416" total="1147560960" percent="88" />
      <mem type="loa" free="60398592" total="60398592" percent="100" />
    </mem>
    <remembered-set count="1340" />
  </mem-info>
</gc-end>
<cycle-end id="790" type="scavenge" contextid="784" timestamp="2021-04-05T23:14:09.118" />
<allocation-satisfied id="791" threadId="000000000033BE00" bytesRequested="1040" />
<af-end id="792" timestamp="2021-04-05T23:14:09.118" threadId="000000000033C780" success="true" from="nursery"/>
<exclusive-end id="793" timestamp="2021-04-05T23:14:09.118" durationms="108.401" />

<exclusive-start id="794" timestamp="2021-04-05T23:14:09.945" intervalms="935.753">
  <response-info timems="0.077" idlems="0.033" threads="3" lastid="000000000032CF00" lastname="BenchmarkThread xml.validation 4" />
</exclusive-start>
<af-start id="795" threadId="000000000013D880" totalBytesRequested="1040" timestamp="2021-04-05T23:14:09.945" intervalms="935.740" type="nursery" />
<cycle-start id="796" type="scavenge" contextid="0" timestamp="2021-04-05T23:14:09.945" intervalms="935.733" />
<gc-start id="797" type="scavenge" contextid="796" timestamp="2021-04-05T23:14:09.945">
  <mem-info id="798" free="1074172008" total="1610612736" percent="66">
    <mem type="nursery" free="0" total="402653184" percent="0">
      <mem type="allocate" free="0" total="330498048" percent="0" />
      <mem type="survivor" free="0" total="72155136" percent="0" />
    </mem>
    <mem type="tenure" free="1074172008" total="1207959552" percent="88">
      <mem type="soa" free="1013773416" total="1147560960" percent="88" />
      <mem type="loa" free="60398592" total="60398592" percent="100" />
    </mem>
    <remembered-set count="1521" />
  </mem-info>
</gc-start>
<allocation-stats totalBytes="266898960" >
  <allocated-bytes non-tlh="7280" tlh="266891680" />
  <largest-consumer threadName="BenchmarkThread xml.validation 3" threadId="0000000000329300" bytes="40967736" />
</allocation-stats>
<gc-op id="799" type="scavenge" timems="96.689" contextid="796" timestamp="2021-04-05T23:14:10.042">
  <scavenger-info tenureage="3" tenuremask="7ff8" tiltratio="82" />
  <memory-copied type="nursery" objects="1555086" bytes="62487104" bytesdiscarded="12720" />
  <memory-copied type="tenure" objects="8" bytes="256" bytesdiscarded="0" />
</gc-op>
<gc-end id="800" type="scavenge" contextid="796" durationms="96.680" usertimems="366.015" systemtimems="0.000" timestamp="2021-04-05T23:14:10.043" activeThreads="4">
  <mem-info id="801" free="1342891128" total="1610612736" percent="83">
    <mem type="nursery" free="268719120" total="402653184" percent="66">
      <mem type="allocate" free="268719120" total="331218944" percent="81" />
      <mem type="survivor" free="0" total="71434240" percent="0" />
    </mem>
    <mem type="tenure" free="1074172008" total="1207959552" percent="88" macro-fragmented="0">
      <mem type="soa" free="1013773416" total="1147560960" percent="88" />
      <mem type="loa" free="60398592" total="60398592" percent="100" />
    </mem>
    <remembered-set count="1342" />
  </mem-info>
</gc-end>
<cycle-end id="802" type="scavenge" contextid="796" timestamp="2021-04-05T23:14:10.043" />
<allocation-satisfied id="803" threadId="000000000013CF00" bytesRequested="1040" />
<af-end id="804" timestamp="2021-04-05T23:14:10.043" threadId="000000000013D880" success="true" from="nursery"/>
<exclusive-end id="805" timestamp="2021-04-05T23:14:10.043" durationms="97.685" />

<exclusive-start id="806" timestamp="2021-04-05T23:14:10.964" intervalms="1019.073">
  <response-info timems="0.064" idlems="0.040" threads="1" lastid="000000000032CF00" lastname="BenchmarkThread xml.validation 4" />
</exclusive-start>
<af-start id="807" threadId="000000000013D880" totalBytesRequested="96" timestamp="2021-04-05T23:14:10.964" intervalms="1019.073" type="nursery" />
<cycle-start id="808" type="scavenge" contextid="0" timestamp="2021-04-05T23:14:10.964" intervalms="1019.073" />
<gc-start id="809" type="scavenge" contextid="808" timestamp="2021-04-05T23:14:10.965">
  <mem-info id="810" free="1074172008" total="1610612736" percent="66">
    <mem type="nursery" free="0" total="402653184" percent="0">
      <mem type="allocate" free="0" total="331218944" percent="0" />
      <mem type="survivor" free="0" total="71434240" percent="0" />
    </mem>
    <mem type="tenure" free="1074172008" total="1207959552" percent="88">
      <mem type="soa" free="1013773416" total="1147560960" percent="88" />
      <mem type="loa" free="60398592" total="60398592" percent="100" />
    </mem>
    <remembered-set count="1554" />
  </mem-info>
</gc-start>
<allocation-stats totalBytes="268566040" >
  <allocated-bytes non-tlh="1040" tlh="268565000" />
  <largest-consumer threadName="BenchmarkThread xml.validation 8" threadId="000000000033BE00" bytes="47829048" />
</allocation-stats>
<gc-op id="811" type="scavenge" timems="100.236" contextid="808" timestamp="2021-04-05T23:14:11.065">
  <scavenger-info tenureage="3" tenuremask="7ff8" tiltratio="82" />
  <memory-copied type="nursery" objects="1556665" bytes="62677440" bytesdiscarded="15416" />
  <memory-copied type="tenure" objects="8" bytes="256" bytesdiscarded="0" />
</gc-op>
<gc-end id="812" type="scavenge" contextid="808" durationms="100.226" usertimems="375.866" systemtimems="0.000" timestamp="2021-04-05T23:14:11.066" activeThreads="4">
  <mem-info id="813" free="1343418992" total="1610612736" percent="83">
    <mem type="nursery" free="269246984" total="402653184" percent="66">
      <mem type="allocate" free="269246984" total="331939840" percent="81" />
      <mem type="survivor" free="0" total="70713344" percent="0" />
    </mem>
    <mem type="tenure" free="1074172008" total="1207959552" percent="88" macro-fragmented="1800196">
      <mem type="soa" free="1013773416" total="1147560960" percent="88" />
      <mem type="loa" free="60398592" total="60398592" percent="100" />
    </mem>
    <remembered-set count="1342" />
  </mem-info>
</gc-end>
<cycle-end id="814" type="scavenge" contextid="808" timestamp="2021-04-05T23:14:11.066" />
<allocation-satisfied id="815" threadId="000000000013CF00" bytesRequested="96" />
<af-end id="816" timestamp="2021-04-05T23:14:11.066" threadId="000000000013D880" success="true" from="nursery"/>
<exclusive-end id="817" timestamp="2021-04-05T23:14:11.066" durationms="101.274" />

<exclusive-start id="818" timestamp="2021-04-05T23:14:11.908" intervalms="943.476">
  <response-info timems="0.073" idlems="0.033" threads="3" lastid="000000000011CB00" lastname="BenchmarkThread xml.validation 1" />
</exclusive-start>
<af-start id="819" threadId="000000000032D880" totalBytesRequested="48" timestamp="2021-04-05T23:14:11.908" intervalms="943.478" type="nursery" />
<cycle-start id="820" type="scavenge" contextid="0" timestamp="2021-04-05T23:14:11.908" intervalms="943.480" />
<gc-start id="821" type="scavenge" contextid="820" timestamp="2021-04-05T23:14:11.908">
  <mem-info id="822" free="1074172008" total="1610612736" percent="66">
    <mem type="nursery" free="0" total="402653184" percent="0">
      <mem type="allocate" free="0" total="331939840" percent="0" />
      <mem type="survivor" free="0" total="70713344" percent="0" />
    </mem>
    <mem type="tenure" free="1074172008" total="1207959552" percent="88">
      <mem type="soa" free="1013773416" total="1147560960" percent="88" />
      <mem type="loa" free="60398592" total="60398592" percent="100" />
    </mem>
    <remembered-set count="1535" />
  </mem-info>
</gc-start>
<allocation-stats totalBytes="269095704" >
  <allocated-bytes non-tlh="96" tlh="269095608" />
  <largest-consumer threadName="BenchmarkThread xml.validation 4" threadId="000000000032CF00" bytes="43578824" />
</allocation-stats>
<gc-op id="823" type="scavenge" timems="110.151" contextid="820" timestamp="2021-04-05T23:14:12.018">
  <scavenger-info tenureage="3" tenuremask="7ff8" tiltratio="82" />
  <memory-copied type="nursery" objects="1581475" bytes="63859648" bytesdiscarded="9656" />
  <memory-copied type="tenure" objects="2" bytes="64" bytesdiscarded="0" />
</gc-op>
<gc-end id="824" type="scavenge" contextid="820" durationms="110.140" usertimems="426.223" systemtimems="0.004" timestamp="2021-04-05T23:14:12.019" activeThreads="4">
  <mem-info id="825" free="1342570224" total="1610612736" percent="83">
    <mem type="nursery" free="268398216" total="402653184" percent="66">
      <mem type="allocate" free="268398216" total="332267520" percent="80" />
      <mem type="survivor" free="0" total="70385664" percent="0" />
    </mem>
    <mem type="tenure" free="1074172008" total="1207959552" percent="88" macro-fragmented="1500163">
      <mem type="soa" free="1013773416" total="1147560960" percent="88" />
      <mem type="loa" free="60398592" total="60398592" percent="100" />
    </mem>
    <remembered-set count="1339" />
  </mem-info>
</gc-end>
<cycle-end id="826" type="scavenge" contextid="820" timestamp="2021-04-05T23:14:12.019" />
<allocation-satisfied id="827" threadId="000000000032CF00" bytesRequested="48" />
<af-end id="828" timestamp="2021-04-05T23:14:12.019" threadId="000000000032D880" success="true" from="nursery"/>
<exclusive-end id="829" timestamp="2021-04-05T23:14:12.019" durationms="111.095" />

<exclusive-start id="830" timestamp="2021-04-05T23:14:12.914" intervalms="1006.025">
  <response-info timems="0.051" idlems="0.051" threads="0" lastid="000000000013CF00" lastname="BenchmarkThread xml.validation 2" />
</exclusive-start>
<af-start id="831" threadId="000000000013D880" totalBytesRequested="24" timestamp="2021-04-05T23:14:12.914" intervalms="1006.039" type="nursery" />
<cycle-start id="832" type="scavenge" contextid="0" timestamp="2021-04-05T23:14:12.914" intervalms="1006.066" />
<gc-start id="833" type="scavenge" contextid="832" timestamp="2021-04-05T23:14:12.914">
  <mem-info id="834" free="1074172008" total="1610612736" percent="66">
    <mem type="nursery" free="0" total="402653184" percent="0">
      <mem type="allocate" free="0" total="332267520" percent="0" />
      <mem type="survivor" free="0" total="70385664" percent="0" />
    </mem>
    <mem type="tenure" free="1074172008" total="1207959552" percent="88">
      <mem type="soa" free="1013773416" total="1147560960" percent="88" />
      <mem type="loa" free="60398592" total="60398592" percent="100" />
    </mem>
    <remembered-set count="1538" />
  </mem-info>
</gc-start>
<allocation-stats totalBytes="268237128" >
  <allocated-bytes non-tlh="48" tlh="268237080" />
  <largest-consumer threadName="BenchmarkThread xml.validation 2" threadId="000000000013CF00" bytes="47483176" />
</allocation-stats>
<gc-op id="835" type="scavenge" timems="114.982" contextid="832" timestamp="2021-04-05T23:14:13.029">
  <scavenger-info tenureage="3" tenuremask="7ff8" tiltratio="82" />
  <memory-copied type="nursery" objects="1607548" bytes="65126640" bytesdiscarded="10064" />
  <memory-copied type="tenure" objects="8" bytes="256" bytesdiscarded="0" />
</gc-op>
<gc-end id="836" type="scavenge" contextid="832" durationms="114.968" usertimems="441.460" systemtimems="3.987" timestamp="2021-04-05T23:14:13.030" activeThreads="4">
  <mem-info id="837" free="1340254248" total="1610612736" percent="83">
    <mem type="nursery" free="266082240" total="402653184" percent="66">
      <mem type="allocate" free="266082240" total="331218944" percent="80" />
      <mem type="survivor" free="0" total="71434240" percent="0" />
    </mem>
    <mem type="tenure" free="1074172008" total="1207959552" percent="88" macro-fragmented="0">
      <mem type="soa" free="1013773416" total="1147560960" percent="88" />
      <mem type="loa" free="60398592" total="60398592" percent="100" />
    </mem>
    <remembered-set count="1333" />
  </mem-info>
</gc-end>
<cycle-end id="838" type="scavenge" contextid="832" timestamp="2021-04-05T23:14:13.030" />
<allocation-satisfied id="839" threadId="000000000013CF00" bytesRequested="24" />
<af-end id="840" timestamp="2021-04-05T23:14:13.030" threadId="000000000013D880" success="true" from="nursery"/>
<exclusive-end id="841" timestamp="2021-04-05T23:14:13.030" durationms="115.939" />

<exclusive-start id="842" timestamp="2021-04-05T23:14:13.879" intervalms="964.919">
  <response-info timems="0.070" idlems="0.033" threads="2" lastid="0000000000330B00" lastname="BenchmarkThread xml.validation 5" />
</exclusive-start>
<af-start id="843" threadId="000000000011D480" totalBytesRequested="40" timestamp="2021-04-05T23:14:13.879" intervalms="964.910" type="nursery" />
<cycle-start id="844" type="scavenge" contextid="0" timestamp="2021-04-05T23:14:13.879" intervalms="964.883" />
<gc-start id="845" type="scavenge" contextid="844" timestamp="2021-04-05T23:14:13.879">
  <mem-info id="846" free="1074172008" total="1610612736" percent="66">
    <mem type="nursery" free="0" total="402653184" percent="0">
      <mem type="allocate" free="0" total="331218944" percent="0" />
      <mem type="survivor" free="0" total="71434240" percent="0" />
    </mem>
    <mem type="tenure" free="1074172008" total="1207959552" percent="88">
      <mem type="soa" free="1013773416" total="1147560960" percent="88" />
      <mem type="loa" free="60398592" total="60398592" percent="100" />
    </mem>
    <remembered-set count="1539" />
  </mem-info>
</gc-start>
<allocation-stats totalBytes="265929000" >
  <allocated-bytes non-tlh="24" tlh="265928976" />
  <largest-consumer threadName="BenchmarkThread xml.validation 4" threadId="000000000032CF00" bytes="44698000" />
</allocation-stats>
<gc-op id="847" type="scavenge" timems="100.847" contextid="844" timestamp="2021-04-05T23:14:13.980">
  <scavenger-info tenureage="3" tenuremask="7ff8" tiltratio="82" />
  <memory-copied type="nursery" objects="1591515" bytes="64253232" bytesdiscarded="11688" />
  <memory-copied type="tenure" objects="6" bytes="192" bytesdiscarded="0" />
</gc-op>
<gc-end id="848" type="scavenge" contextid="844" durationms="100.837" usertimems="383.013" systemtimems="0.000" timestamp="2021-04-05T23:14:13.981" activeThreads="4">
  <mem-info id="849" free="1341322640" total="1610612736" percent="83">
    <mem type="nursery" free="267150632" total="402653184" percent="66">
      <mem type="allocate" free="267150632" total="331415552" percent="80" />
      <mem type="survivor" free="0" total="71237632" percent="0" />
    </mem>
    <mem type="tenure" free="1074172008" total="1207959552" percent="88" macro-fragmented="2592282">
      <mem type="soa" free="1013773416" total="1147560960" percent="88" />
      <mem type="loa" free="60398592" total="60398592" percent="100" />
    </mem>
    <remembered-set count="1330" />
  </mem-info>
</gc-end>
<cycle-end id="850" type="scavenge" contextid="844" timestamp="2021-04-05T23:14:13.981" />
<allocation-satisfied id="851" threadId="000000000011CB00" bytesRequested="40" />
<af-end id="852" timestamp="2021-04-05T23:14:13.981" threadId="000000000011D480" success="true" from="nursery"/>
<exclusive-end id="853" timestamp="2021-04-05T23:14:13.981" durationms="102.116" />

<exclusive-start id="854" timestamp="2021-04-05T23:14:14.809" intervalms="930.643">
  <response-info timems="0.070" idlems="0.029" threads="4" lastid="000000000013CF00" lastname="BenchmarkThread xml.validation 2" />
</exclusive-start>
<af-start id="855" threadId="000000000033C780" totalBytesRequested="1040" timestamp="2021-04-05T23:14:14.809" intervalms="930.638" type="nursery" />
<cycle-start id="856" type="scavenge" contextid="0" timestamp="2021-04-05T23:14:14.810" intervalms="930.637" />
<gc-start id="857" type="scavenge" contextid="856" timestamp="2021-04-05T23:14:14.810">
  <mem-info id="858" free="1074172008" total="1610612736" percent="66">
    <mem type="nursery" free="0" total="402653184" percent="0">
      <mem type="allocate" free="0" total="331415552" percent="0" />
      <mem type="survivor" free="0" total="71237632" percent="0" />
    </mem>
    <mem type="tenure" free="1074172008" total="1207959552" percent="88">
      <mem type="soa" free="1013773416" total="1147560960" percent="88" />
      <mem type="loa" free="60398592" total="60398592" percent="100" />
    </mem>
    <remembered-set count="1544" />
  </mem-info>
</gc-start>
<allocation-stats totalBytes="267005112" >
  <allocated-bytes non-tlh="40" tlh="267005072" />
  <largest-consumer threadName="BenchmarkThread xml.validation 6" threadId="0000000000334700" bytes="45813760" />
</allocation-stats>
<gc-op id="859" type="scavenge" timems="117.261" contextid="856" timestamp="2021-04-05T23:14:14.927">
  <scavenger-info tenureage="3" tenuremask="7ff8" tiltratio="82" />
  <memory-copied type="nursery" objects="1502591" bytes="60762944" bytesdiscarded="13336" />
  <memory-copied type="tenure" objects="8" bytes="256" bytesdiscarded="0" />
</gc-op>
<gc-end id="860" type="scavenge" contextid="856" durationms="117.250" usertimems="448.036" systemtimems="0.001" timestamp="2021-04-05T23:14:14.927" activeThreads="4">
  <mem-info id="861" free="1345138960" total="1610612736" percent="83">
    <mem type="nursery" free="270966952" total="402653184" percent="67">
      <mem type="allocate" free="270966952" total="331743232" percent="81" />
      <mem type="survivor" free="0" total="70909952" percent="0" />
    </mem>
    <mem type="tenure" free="1074172008" total="1207959552" percent="88" macro-fragmented="1800196">
      <mem type="soa" free="1013773416" total="1147560960" percent="88" />
      <mem type="loa" free="60398592" total="60398592" percent="100" />
    </mem>
    <remembered-set count="1344" />
  </mem-info>
</gc-end>
<cycle-end id="862" type="scavenge" contextid="856" timestamp="2021-04-05T23:14:14.928" />
<allocation-satisfied id="863" threadId="000000000033BE00" bytesRequested="1040" />
<af-end id="864" timestamp="2021-04-05T23:14:14.928" threadId="000000000033C780" success="true" from="nursery"/>
<exclusive-end id="865" timestamp="2021-04-05T23:14:14.928" durationms="118.156" />

<exclusive-start id="866" timestamp="2021-04-05T23:14:15.832" intervalms="1022.917">
  <response-info timems="0.065" idlems="0.041" threads="1" lastid="000000000011CB00" lastname="BenchmarkThread xml.validation 1" />
</exclusive-start>
<af-start id="867" threadId="0000000000329C80" totalBytesRequested="24" timestamp="2021-04-05T23:14:15.832" intervalms="1022.925" type="nursery" />
<cycle-start id="868" type="scavenge" contextid="0" timestamp="2021-04-05T23:14:15.832" intervalms="1022.933" />
<gc-start id="869" type="scavenge" contextid="868" timestamp="2021-04-05T23:14:15.833">
  <mem-info id="870" free="1074172008" total="1610612736" percent="66">
    <mem type="nursery" free="0" total="402653184" percent="0">
      <mem type="allocate" free="0" total="331743232" percent="0" />
      <mem type="survivor" free="0" total="70909952" percent="0" />
    </mem>
    <mem type="tenure" free="1074172008" total="1207959552" percent="88">
      <mem type="soa" free="1013773416" total="1147560960" percent="88" />
      <mem type="loa" free="60398592" total="60398592" percent="100" />
    </mem>
    <remembered-set count="1547" />
  </mem-info>
</gc-start>
<allocation-stats totalBytes="270816080" >
  <allocated-bytes non-tlh="3120" tlh="270812960" />
  <largest-consumer threadName="BenchmarkThread xml.validation 8" threadId="000000000033BE00" bytes="50028128" />
</allocation-stats>
<gc-op id="871" type="scavenge" timems="99.297" contextid="868" timestamp="2021-04-05T23:14:15.932">
  <scavenger-info tenureage="3" tenuremask="7ff8" tiltratio="82" />
  <memory-copied type="nursery" objects="1526628" bytes="61476496" bytesdiscarded="11752" />
  <memory-copied type="tenure" objects="6" bytes="192" bytesdiscarded="0" />
</gc-op>
<gc-end id="872" type="scavenge" contextid="868" durationms="99.284" usertimems="375.767" systemtimems="0.000" timestamp="2021-04-05T23:14:15.932" activeThreads="4">
  <mem-info id="873" free="1345213424" total="1610612736" percent="83">
    <mem type="nursery" free="271041416" total="402653184" percent="67">
      <mem type="allocate" free="271041416" total="332529664" percent="81" />
      <mem type="survivor" free="0" total="70123520" percent="0" />
    </mem>
    <mem type="tenure" free="1074172008" total="1207959552" percent="88" macro-fragmented="1800196">
      <mem type="soa" free="1013773416" total="1147560960" percent="88" />
      <mem type="loa" free="60398592" total="60398592" percent="100" />
    </mem>
    <remembered-set count="1337" />
  </mem-info>
</gc-end>
<cycle-end id="874" type="scavenge" contextid="868" timestamp="2021-04-05T23:14:15.933" />
<allocation-satisfied id="875" threadId="0000000000329300" bytesRequested="24" />
<af-end id="876" timestamp="2021-04-05T23:14:15.933" threadId="0000000000329C80" success="true" from="nursery"/>
<exclusive-end id="877" timestamp="2021-04-05T23:14:15.933" durationms="100.345" />

<exclusive-start id="878" timestamp="2021-04-05T23:14:16.779" intervalms="946.549">
  <response-info timems="0.071" idlems="0.033" threads="3" lastid="0000000000334700" lastname="BenchmarkThread xml.validation 6" />
</exclusive-start>
<af-start id="879" threadId="000000000013D880" totalBytesRequested="64" timestamp="2021-04-05T23:14:16.779" intervalms="946.542" type="nursery" />
<cycle-start id="880" type="scavenge" contextid="0" timestamp="2021-04-05T23:14:16.779" intervalms="946.535" />
<gc-start id="881" type="scavenge" contextid="880" timestamp="2021-04-05T23:14:16.779">
  <mem-info id="882" free="1074172008" total="1610612736" percent="66">
    <mem type="nursery" free="0" total="402653184" percent="0">
      <mem type="allocate" free="0" total="332529664" percent="0" />
      <mem type="survivor" free="0" total="70123520" percent="0" />
    </mem>
    <mem type="tenure" free="1074172008" total="1207959552" percent="88">
      <mem type="soa" free="1013773416" total="1147560960" percent="88" />
      <mem type="loa" free="60398592" total="60398592" percent="100" />
    </mem>
    <remembered-set count="1538" />
  </mem-info>
</gc-start>
<allocation-stats totalBytes="270887608" >
  <allocated-bytes non-tlh="24" tlh="270887584" />
  <largest-consumer threadName="BenchmarkThread xml.validation 3" threadId="0000000000329300" bytes="46546352" />
</allocation-stats>
<gc-op id="883" type="scavenge" timems="95.808" contextid="880" timestamp="2021-04-05T23:14:16.875">
  <scavenger-info tenureage="3" tenuremask="7ff8" tiltratio="82" />
  <memory-copied type="nursery" objects="1475698" bytes="59912928" bytesdiscarded="11696" />
  <memory-copied type="tenure" objects="6" bytes="192" bytesdiscarded="0" />
</gc-op>
<gc-end id="884" type="scavenge" contextid="880" durationms="95.799" usertimems="374.050" systemtimems="0.028" timestamp="2021-04-05T23:14:16.876" activeThreads="4">
  <mem-info id="885" free="1347497944" total="1610612736" percent="83">
    <mem type="nursery" free="273325936" total="402653184" percent="67">
      <mem type="allocate" free="273325936" total="333250560" percent="82" />
      <mem type="survivor" free="0" total="69402624" percent="0" />
    </mem>
    <mem type="tenure" free="1074172008" total="1207959552" percent="88" macro-fragmented="0">
      <mem type="soa" free="1013773416" total="1147560960" percent="88" />
      <mem type="loa" free="60398592" total="60398592" percent="100" />
    </mem>
    <remembered-set count="1336" />
  </mem-info>
</gc-end>
<cycle-end id="886" type="scavenge" contextid="880" timestamp="2021-04-05T23:14:16.876" />
<allocation-satisfied id="887" threadId="000000000013CF00" bytesRequested="64" />
<af-end id="888" timestamp="2021-04-05T23:14:16.876" threadId="000000000013D880" success="true" from="nursery"/>
<exclusive-end id="889" timestamp="2021-04-05T23:14:16.876" durationms="96.773" />

<exclusive-start id="890" timestamp="2021-04-05T23:14:17.748" intervalms="968.701">
  <response-info timems="0.066" idlems="0.035" threads="2" lastid="000000000033BE00" lastname="BenchmarkThread xml.validation 8" />
</exclusive-start>
<af-start id="891" threadId="000000000011D480" totalBytesRequested="16" timestamp="2021-04-05T23:14:17.748" intervalms="968.701" type="nursery" />
<cycle-start id="892" type="scavenge" contextid="0" timestamp="2021-04-05T23:14:17.748" intervalms="968.700" />
<gc-start id="893" type="scavenge" contextid="892" timestamp="2021-04-05T23:14:17.748">
  <mem-info id="894" free="1074172008" total="1610612736" percent="66">
    <mem type="nursery" free="0" total="402653184" percent="0">
      <mem type="allocate" free="0" total="333250560" percent="0" />
      <mem type="survivor" free="0" total="69402624" percent="0" />
    </mem>
    <mem type="tenure" free="1074172008" total="1207959552" percent="88">
      <mem type="soa" free="1013773416" total="1147560960" percent="88" />
      <mem type="loa" free="60398592" total="60398592" percent="100" />
    </mem>
    <remembered-set count="1543" />
  </mem-info>
</gc-start>
<allocation-stats totalBytes="273188320" >
  <allocated-bytes non-tlh="64" tlh="273188256" />
  <largest-consumer threadName="BenchmarkThread xml.validation 2" threadId="000000000013CF00" bytes="52716872" />
</allocation-stats>
<gc-op id="895" type="scavenge" timems="100.670" contextid="892" timestamp="2021-04-05T23:14:17.848">
  <scavenger-info tenureage="3" tenuremask="7ff8" tiltratio="82" />
  <memory-copied type="nursery" objects="1570195" bytes="64162616" bytesdiscarded="13536" />
  <memory-copied type="tenure" objects="6" bytes="192" bytesdiscarded="0" />
</gc-op>
<gc-end id="896" type="scavenge" contextid="892" durationms="100.661" usertimems="383.768" systemtimems="0.000" timestamp="2021-04-05T23:14:17.849" activeThreads="4">
  <mem-info id="897" free="1339641936" total="1610612736" percent="83">
    <mem type="nursery" free="265469928" total="402653184" percent="65">
      <mem type="allocate" free="265469928" total="329646080" percent="80" />
      <mem type="survivor" free="0" total="73007104" percent="0" />
    </mem>
    <mem type="tenure" free="1074172008" total="1207959552" percent="88" macro-fragmented="723458">
      <mem type="soa" free="1013773416" total="1147560960" percent="88" />
      <mem type="loa" free="60398592" total="60398592" percent="100" />
    </mem>
    <remembered-set count="1329" />
  </mem-info>
</gc-end>
<cycle-end id="898" type="scavenge" contextid="892" timestamp="2021-04-05T23:14:17.849" />
<allocation-satisfied id="899" threadId="000000000011CB00" bytesRequested="16" />
<af-end id="900" timestamp="2021-04-05T23:14:17.849" threadId="000000000011D480" success="true" from="nursery"/>
<exclusive-end id="901" timestamp="2021-04-05T23:14:17.849" durationms="101.591" />

<exclusive-start id="902" timestamp="2021-04-05T23:14:18.814" intervalms="1066.205">
  <response-info timems="0.075" idlems="0.044" threads="1" lastid="0000000000334700" lastname="BenchmarkThread xml.validation 6" />
</exclusive-start>
<af-start id="903" threadId="000000000032D880" totalBytesRequested="1040" timestamp="2021-04-05T23:14:18.814" intervalms="1066.210" type="nursery" />
<cycle-start id="904" type="scavenge" contextid="0" timestamp="2021-04-05T23:14:18.814" intervalms="1066.215" />
<gc-start id="905" type="scavenge" contextid="904" timestamp="2021-04-05T23:14:18.814">
  <mem-info id="906" free="1074172008" total="1610612736" percent="66">
    <mem type="nursery" free="0" total="402653184" percent="0">
      <mem type="allocate" free="0" total="329646080" percent="0" />
      <mem type="survivor" free="0" total="73007104" percent="0" />
    </mem>
    <mem type="tenure" free="1074172008" total="1207959552" percent="88">
      <mem type="soa" free="1013773416" total="1147560960" percent="88" />
      <mem type="loa" free="60398592" total="60398592" percent="100" />
    </mem>
    <remembered-set count="1569" />
  </mem-info>
</gc-start>
<allocation-stats totalBytes="265318072" >
  <allocated-bytes non-tlh="16" tlh="265318056" />
  <largest-consumer threadName="BenchmarkThread xml.validation 7" threadId="0000000000338300" bytes="40574536" />
</allocation-stats>
<gc-op id="907" type="scavenge" timems="129.261" contextid="904" timestamp="2021-04-05T23:14:18.943">
  <scavenger-info tenureage="3" tenuremask="7ff8" tiltratio="81" />
  <memory-copied type="nursery" objects="1543430" bytes="61989472" bytesdiscarded="15280" />
  <memory-copied type="tenure" objects="6" bytes="192" bytesdiscarded="0" />
</gc-op>
<gc-end id="908" type="scavenge" contextid="904" durationms="129.248" usertimems="480.034" systemtimems="0.000" timestamp="2021-04-05T23:14:18.944" activeThreads="4">
  <mem-info id="909" free="1342534232" total="1610612736" percent="83">
    <mem type="nursery" free="268362224" total="402653184" percent="66">
      <mem type="allocate" free="268362224" total="330366976" percent="81" />
      <mem type="survivor" free="0" total="72286208" percent="0" />
    </mem>
    <mem type="tenure" free="1074172008" total="1207959552" percent="88" macro-fragmented="868149">
      <mem type="soa" free="1013773416" total="1147560960" percent="88" />
      <mem type="loa" free="60398592" total="60398592" percent="100" />
    </mem>
    <remembered-set count="1340" />
  </mem-info>
</gc-end>
<cycle-end id="910" type="scavenge" contextid="904" timestamp="2021-04-05T23:14:18.944" />
<allocation-satisfied id="911" threadId="000000000032CF00" bytesRequested="1040" />
<af-end id="912" timestamp="2021-04-05T23:14:18.944" threadId="000000000032D880" success="true" from="nursery"/>
<exclusive-end id="913" timestamp="2021-04-05T23:14:18.944" durationms="130.363" />

<exclusive-start id="914" timestamp="2021-04-05T23:14:19.876" intervalms="1062.399">
  <response-info timems="0.064" idlems="0.039" threads="1" lastid="0000000000338300" lastname="BenchmarkThread xml.validation 7" />
</exclusive-start>
<af-start id="915" threadId="000000000032D880" totalBytesRequested="56" timestamp="2021-04-05T23:14:19.876" intervalms="1062.392" type="nursery" />
<cycle-start id="916" type="scavenge" contextid="0" timestamp="2021-04-05T23:14:19.876" intervalms="1062.387" />
<gc-start id="917" type="scavenge" contextid="916" timestamp="2021-04-05T23:14:19.876">
  <mem-info id="918" free="1074172008" total="1610612736" percent="66">
    <mem type="nursery" free="0" total="402653184" percent="0">
      <mem type="allocate" free="0" total="330366976" percent="0" />
      <mem type="survivor" free="0" total="72286208" percent="0" />
    </mem>
    <mem type="tenure" free="1074172008" total="1207959552" percent="88">
      <mem type="soa" free="1013773416" total="1147560960" percent="88" />
      <mem type="loa" free="60398592" total="60398592" percent="100" />
    </mem>
    <remembered-set count="1503" />
  </mem-info>
</gc-start>
<allocation-stats totalBytes="268219872" >
  <allocated-bytes non-tlh="1040" tlh="268218832" />
  <largest-consumer threadName="BenchmarkThread xml.validation 5" threadId="0000000000330B00" bytes="40281056" />
</allocation-stats>
<gc-op id="919" type="scavenge" timems="96.262" contextid="916" timestamp="2021-04-05T23:14:19.973">
  <scavenger-info tenureage="3" tenuremask="7ff8" tiltratio="82" />
  <memory-copied type="nursery" objects="1538984" bytes="61833464" bytesdiscarded="11728" />
  <memory-copied type="tenure" objects="6" bytes="192" bytesdiscarded="0" />
</gc-op>
<gc-end id="920" type="scavenge" contextid="916" durationms="96.252" usertimems="374.451" systemtimems="0.005" timestamp="2021-04-05T23:14:19.973" activeThreads="4">
  <mem-info id="921" free="1343742368" total="1610612736" percent="83">
    <mem type="nursery" free="269570360" total="402653184" percent="66">
      <mem type="allocate" free="269570360" total="331415552" percent="81" />
      <mem type="survivor" free="0" total="71237632" percent="0" />
    </mem>
    <mem type="tenure" free="1074172008" total="1207959552" percent="88" macro-fragmented="0">
      <mem type="soa" free="1013773416" total="1147560960" percent="88" />
      <mem type="loa" free="60398592" total="60398592" percent="100" />
    </mem>
    <remembered-set count="1337" />
  </mem-info>
</gc-end>
<cycle-end id="922" type="scavenge" contextid="916" timestamp="2021-04-05T23:14:19.973" />
<allocation-satisfied id="923" threadId="000000000032CF00" bytesRequested="56" />
<af-end id="924" timestamp="2021-04-05T23:14:19.973" threadId="000000000032D880" success="true" from="nursery"/>
<exclusive-end id="925" timestamp="2021-04-05T23:14:19.973" durationms="97.165" />

<exclusive-start id="926" timestamp="2021-04-05T23:14:20.902" intervalms="1025.968">
  <response-info timems="0.059" idlems="0.036" threads="1" lastid="0000000000338300" lastname="BenchmarkThread xml.validation 7" />
</exclusive-start>
<af-start id="927" threadId="000000000033C780" totalBytesRequested="24" timestamp="2021-04-05T23:14:20.902" intervalms="1025.981" type="nursery" />
<cycle-start id="928" type="scavenge" contextid="0" timestamp="2021-04-05T23:14:20.902" intervalms="1025.984" />
<gc-start id="929" type="scavenge" contextid="928" timestamp="2021-04-05T23:14:20.902">
  <mem-info id="930" free="1074172008" total="1610612736" percent="66">
    <mem type="nursery" free="0" total="402653184" percent="0">
      <mem type="allocate" free="0" total="331415552" percent="0" />
      <mem type="survivor" free="0" total="71237632" percent="0" />
    </mem>
    <mem type="tenure" free="1074172008" total="1207959552" percent="88">
      <mem type="soa" free="1013773416" total="1147560960" percent="88" />
      <mem type="loa" free="60398592" total="60398592" percent="100" />
    </mem>
    <remembered-set count="1566" />
  </mem-info>
</gc-start>
<allocation-stats totalBytes="269433504" >
  <allocated-bytes non-tlh="56" tlh="269433448" />
  <largest-consumer threadName="BenchmarkThread xml.validation 8" threadId="000000000033BE00" bytes="43722136" />
</allocation-stats>
<gc-op id="931" type="scavenge" timems="105.827" contextid="928" timestamp="2021-04-05T23:14:21.008">
  <scavenger-info tenureage="3" tenuremask="7ff8" tiltratio="82" />
  <memory-copied type="nursery" objects="1499363" bytes="60523016" bytesdiscarded="8696" />
  <memory-copied type="tenure" objects="10" bytes="320" bytesdiscarded="0" />
</gc-op>
<gc-end id="932" type="scavenge" contextid="928" durationms="105.815" usertimems="386.271" systemtimems="0.000" timestamp="2021-04-05T23:14:21.009" activeThreads="4">
  <mem-info id="933" free="1345973352" total="1610612736" percent="83">
    <mem type="nursery" free="271801344" total="402653184" percent="67">
      <mem type="allocate" free="271801344" total="332333056" percent="81" />
      <mem type="survivor" free="0" total="70320128" percent="0" />
    </mem>
    <mem type="tenure" free="1074172008" total="1207959552" percent="88" macro-fragmented="1500163">
      <mem type="soa" free="1013773416" total="1147560960" percent="88" />
      <mem type="loa" free="60398592" total="60398592" percent="100" />
    </mem>
    <remembered-set count="1333" />
  </mem-info>
</gc-end>
<cycle-end id="934" type="scavenge" contextid="928" timestamp="2021-04-05T23:14:21.009" />
<allocation-satisfied id="935" threadId="000000000033BE00" bytesRequested="24" />
<af-end id="936" timestamp="2021-04-05T23:14:21.009" threadId="000000000033C780" success="true" from="nursery"/>
<exclusive-end id="937" timestamp="2021-04-05T23:14:21.009" durationms="106.853" />

<exclusive-start id="938" timestamp="2021-04-05T23:14:21.844" intervalms="941.747">
  <response-info timems="0.050" idlems="0.027" threads="1" lastid="000000000001DF00" lastname="JIT Compilation Thread-001" />
</exclusive-start>
<af-start id="939" threadId="0000000000331480" totalBytesRequested="136" timestamp="2021-04-05T23:14:21.844" intervalms="941.741" type="nursery" />
<cycle-start id="940" type="scavenge" contextid="0" timestamp="2021-04-05T23:14:21.844" intervalms="941.736" />
<gc-start id="941" type="scavenge" contextid="940" timestamp="2021-04-05T23:14:21.844">
  <mem-info id="942" free="1074172008" total="1610612736" percent="66">
    <mem type="nursery" free="0" total="402653184" percent="0">
      <mem type="allocate" free="0" total="332333056" percent="0" />
      <mem type="survivor" free="0" total="70320128" percent="0" />
    </mem>
    <mem type="tenure" free="1074172008" total="1207959552" percent="88">
      <mem type="soa" free="1013773416" total="1147560960" percent="88" />
      <mem type="loa" free="60398592" total="60398592" percent="100" />
    </mem>
    <remembered-set count="1532" />
  </mem-info>
</gc-start>
<allocation-stats totalBytes="271653024" >
  <allocated-bytes non-tlh="24" tlh="271653000" />
  <largest-consumer threadName="BenchmarkThread xml.validation 3" threadId="0000000000329300" bytes="43907064" />
</allocation-stats>
<gc-op id="943" type="scavenge" timems="94.529" contextid="940" timestamp="2021-04-05T23:14:21.939">
  <scavenger-info tenureage="3" tenuremask="7ff8" tiltratio="82" />
  <memory-copied type="nursery" objects="1524023" bytes="61445200" bytesdiscarded="11944" />
  <memory-copied type="tenure" objects="2" bytes="64" bytesdiscarded="0" />
</gc-op>
<gc-end id="944" type="scavenge" contextid="940" durationms="94.520" usertimems="367.451" systemtimems="0.000" timestamp="2021-04-05T23:14:21.939" activeThreads="4">
  <mem-info id="945" free="1345637744" total="1610612736" percent="83">
    <mem type="nursery" free="271465736" total="402653184" percent="67">
      <mem type="allocate" free="271465736" total="332922880" percent="81" />
      <mem type="survivor" free="0" total="69730304" percent="0" />
    </mem>
    <mem type="tenure" free="1074172008" total="1207959552" percent="88" macro-fragmented="868149">
      <mem type="soa" free="1013773416" total="1147560960" percent="88" />
      <mem type="loa" free="60398592" total="60398592" percent="100" />
    </mem>
    <remembered-set count="1336" />
  </mem-info>
</gc-end>
<cycle-end id="946" type="scavenge" contextid="940" timestamp="2021-04-05T23:14:21.939" />
<allocation-satisfied id="947" threadId="0000000000330B00" bytesRequested="136" />
<af-end id="948" timestamp="2021-04-05T23:14:21.939" threadId="0000000000331480" success="true" from="nursery"/>
<exclusive-end id="949" timestamp="2021-04-05T23:14:21.939" durationms="95.404" />

<exclusive-start id="950" timestamp="2021-04-05T23:14:22.784" intervalms="940.014">
  <response-info timems="0.077" idlems="0.049" threads="3" lastid="000000000013CF00" lastname="BenchmarkThread xml.validation 2" />
</exclusive-start>
<af-start id="951" threadId="0000000000338C80" totalBytesRequested="56" timestamp="2021-04-05T23:14:22.784" intervalms="940.019" type="nursery" />
<cycle-start id="952" type="scavenge" contextid="0" timestamp="2021-04-05T23:14:22.784" intervalms="940.025" />
<gc-start id="953" type="scavenge" contextid="952" timestamp="2021-04-05T23:14:22.784">
  <mem-info id="954" free="1074172008" total="1610612736" percent="66">
    <mem type="nursery" free="0" total="402653184" percent="0">
      <mem type="allocate" free="0" total="332922880" percent="0" />
      <mem type="survivor" free="0" total="69730304" percent="0" />
    </mem>
    <mem type="tenure" free="1074172008" total="1207959552" percent="88">
      <mem type="soa" free="1013773416" total="1147560960" percent="88" />
      <mem type="loa" free="60398592" total="60398592" percent="100" />
    </mem>
    <remembered-set count="1557" />
  </mem-info>
</gc-start>
<allocation-stats totalBytes="271322448" >
  <allocated-bytes non-tlh="136" tlh="271322312" />
  <largest-consumer threadName="BenchmarkThread xml.validation 5" threadId="0000000000330B00" bytes="42367920" />
</allocation-stats>
<gc-op id="955" type="scavenge" timems="98.981" contextid="952" timestamp="2021-04-05T23:14:22.883">
  <scavenger-info tenureage="3" tenuremask="7ff8" tiltratio="82" />
  <memory-copied type="nursery" objects="1557035" bytes="62925872" bytesdiscarded="11424" />
  <memory-copied type="tenure" objects="8" bytes="256" bytesdiscarded="0" />
</gc-op>
<gc-end id="956" type="scavenge" contextid="952" durationms="98.969" usertimems="383.837" systemtimems="0.015" timestamp="2021-04-05T23:14:22.884" activeThreads="4">
  <mem-info id="957" free="1344288664" total="1610612736" percent="83">
    <mem type="nursery" free="270116656" total="402653184" percent="67">
      <mem type="allocate" free="270116656" total="333053952" percent="81" />
      <mem type="survivor" free="0" total="69599232" percent="0" />
    </mem>
    <mem type="tenure" free="1074172008" total="1207959552" percent="88" macro-fragmented="0">
      <mem type="soa" free="1013773416" total="1147560960" percent="88" />
      <mem type="loa" free="60398592" total="60398592" percent="100" />
    </mem>
    <remembered-set count="1334" />
  </mem-info>
</gc-end>
<cycle-end id="958" type="scavenge" contextid="952" timestamp="2021-04-05T23:14:22.884" />
<allocation-satisfied id="959" threadId="0000000000338300" bytesRequested="56" />
<af-end id="960" timestamp="2021-04-05T23:14:22.884" threadId="0000000000338C80" success="true" from="nursery"/>
<exclusive-end id="961" timestamp="2021-04-05T23:14:22.884" durationms="99.862" />

<exclusive-start id="962" timestamp="2021-04-05T23:14:23.751" intervalms="967.397">
  <response-info timems="0.061" idlems="0.029" threads="3" lastid="000000000011CB00" lastname="BenchmarkThread xml.validation 1" />
</exclusive-start>
<af-start id="963" threadId="0000000000329C80" totalBytesRequested="24" timestamp="2021-04-05T23:14:23.751" intervalms="967.392" type="nursery" />
<cycle-start id="964" type="scavenge" contextid="0" timestamp="2021-04-05T23:14:23.751" intervalms="967.395" />
<gc-start id="965" type="scavenge" contextid="964" timestamp="2021-04-05T23:14:23.751">
  <mem-info id="966" free="1074172008" total="1610612736" percent="66">
    <mem type="nursery" free="0" total="402653184" percent="0">
      <mem type="allocate" free="0" total="333053952" percent="0" />
      <mem type="survivor" free="0" total="69599232" percent="0" />
    </mem>
    <mem type="tenure" free="1074172008" total="1207959552" percent="88">
      <mem type="soa" free="1013773416" total="1147560960" percent="88" />
      <mem type="loa" free="60398592" total="60398592" percent="100" />
    </mem>
    <remembered-set count="1548" />
  </mem-info>
</gc-start>
<allocation-stats totalBytes="269961856" >
  <allocated-bytes non-tlh="2136" tlh="269959720" />
  <largest-consumer threadName="BenchmarkThread xml.validation 3" threadId="0000000000329300" bytes="39772504" />
</allocation-stats>
<gc-op id="967" type="scavenge" timems="114.411" contextid="964" timestamp="2021-04-05T23:14:23.866">
  <scavenger-info tenureage="3" tenuremask="7ff8" tiltratio="82" />
  <memory-copied type="nursery" objects="1528888" bytes="61555280" bytesdiscarded="11120" />
  <memory-copied type="tenure" objects="8" bytes="256" bytesdiscarded="0" />
</gc-op>
<gc-end id="968" type="scavenge" contextid="964" durationms="114.397" usertimems="443.204" systemtimems="0.009" timestamp="2021-04-05T23:14:23.867" activeThreads="4">
  <mem-info id="969" free="1345987240" total="1610612736" percent="83">
    <mem type="nursery" free="271815232" total="402653184" percent="67">
      <mem type="allocate" free="271815232" total="333381632" percent="81" />
      <mem type="survivor" free="0" total="69271552" percent="0" />
    </mem>
    <mem type="tenure" free="1074172008" total="1207959552" percent="88" macro-fragmented="1500163">
      <mem type="soa" free="1013773416" total="1147560960" percent="88" />
      <mem type="loa" free="60398592" total="60398592" percent="100" />
    </mem>
    <remembered-set count="1335" />
  </mem-info>
</gc-end>
<cycle-end id="970" type="scavenge" contextid="964" timestamp="2021-04-05T23:14:23.867" />
<allocation-satisfied id="971" threadId="0000000000329300" bytesRequested="24" />
<af-end id="972" timestamp="2021-04-05T23:14:23.867" threadId="0000000000329C80" success="true" from="nursery"/>
<exclusive-end id="973" timestamp="2021-04-05T23:14:23.867" durationms="115.502" />

<exclusive-start id="974" timestamp="2021-04-05T23:14:24.687" intervalms="936.151">
  <response-info timems="0.058" idlems="0.035" threads="1" lastid="0000000000338300" lastname="BenchmarkThread xml.validation 7" />
</exclusive-start>
<af-start id="975" threadId="0000000000335080" totalBytesRequested="16" timestamp="2021-04-05T23:14:24.688" intervalms="936.150" type="nursery" />
<cycle-start id="976" type="scavenge" contextid="0" timestamp="2021-04-05T23:14:24.688" intervalms="936.144" />
<gc-start id="977" type="scavenge" contextid="976" timestamp="2021-04-05T23:14:24.688">
  <mem-info id="978" free="1074172008" total="1610612736" percent="66">
    <mem type="nursery" free="0" total="402653184" percent="0">
      <mem type="allocate" free="0" total="333381632" percent="0" />
      <mem type="survivor" free="0" total="69271552" percent="0" />
    </mem>
    <mem type="tenure" free="1074172008" total="1207959552" percent="88">
      <mem type="soa" free="1013773416" total="1147560960" percent="88" />
      <mem type="loa" free="60398592" total="60398592" percent="100" />
    </mem>
    <remembered-set count="1532" />
  </mem-info>
</gc-start>
<allocation-stats totalBytes="271671280" >
  <allocated-bytes non-tlh="24" tlh="271671256" />
  <largest-consumer threadName="BenchmarkThread xml.validation 7" threadId="0000000000338300" bytes="41384208" />
</allocation-stats>
<gc-op id="979" type="scavenge" timems="111.056" contextid="976" timestamp="2021-04-05T23:14:24.799">
  <scavenger-info tenureage="3" tenuremask="7ff8" tiltratio="82" />
  <memory-copied type="nursery" objects="1569888" bytes="63262056" bytesdiscarded="8920" />
  <memory-copied type="tenure" objects="2" bytes="64" bytesdiscarded="0" />
</gc-op>
<gc-end id="980" type="scavenge" contextid="976" durationms="111.046" usertimems="429.835" systemtimems="0.001" timestamp="2021-04-05T23:14:24.799" activeThreads="4">
  <mem-info id="981" free="1343561768" total="1610612736" percent="83">
    <mem type="nursery" free="269389760" total="402653184" percent="66">
      <mem type="allocate" free="269389760" total="332660736" percent="80" />
      <mem type="survivor" free="0" total="69992448" percent="0" />
    </mem>
    <mem type="tenure" free="1074172008" total="1207959552" percent="88" macro-fragmented="1041780">
      <mem type="soa" free="1013773416" total="1147560960" percent="88" />
      <mem type="loa" free="60398592" total="60398592" percent="100" />
    </mem>
    <remembered-set count="1333" />
  </mem-info>
</gc-end>
<cycle-end id="982" type="scavenge" contextid="976" timestamp="2021-04-05T23:14:24.799" />
<allocation-satisfied id="983" threadId="0000000000334700" bytesRequested="16" />
<af-end id="984" timestamp="2021-04-05T23:14:24.799" threadId="0000000000335080" success="true" from="nursery"/>
<exclusive-end id="985" timestamp="2021-04-05T23:14:24.799" durationms="111.985" />

<exclusive-start id="986" timestamp="2021-04-05T23:14:25.720" intervalms="1032.616">
  <response-info timems="0.043" idlems="0.043" threads="0" lastid="0000000000329300" lastname="BenchmarkThread xml.validation 3" />
</exclusive-start>
<af-start id="987" threadId="0000000000329C80" totalBytesRequested="112" timestamp="2021-04-05T23:14:25.720" intervalms="1032.613" type="nursery" />
<cycle-start id="988" type="scavenge" contextid="0" timestamp="2021-04-05T23:14:25.720" intervalms="1032.612" />
<gc-start id="989" type="scavenge" contextid="988" timestamp="2021-04-05T23:14:25.720">
  <mem-info id="990" free="1074172008" total="1610612736" percent="66">
    <mem type="nursery" free="0" total="402653184" percent="0">
      <mem type="allocate" free="0" total="332660736" percent="0" />
      <mem type="survivor" free="0" total="69992448" percent="0" />
    </mem>
    <mem type="tenure" free="1074172008" total="1207959552" percent="88">
      <mem type="soa" free="1013773416" total="1147560960" percent="88" />
      <mem type="loa" free="60398592" total="60398592" percent="100" />
    </mem>
    <remembered-set count="1556" />
  </mem-info>
</gc-start>
<allocation-stats totalBytes="269243472" >
  <allocated-bytes non-tlh="3136" tlh="269240336" />
  <largest-consumer threadName="BenchmarkThread xml.validation 6" threadId="0000000000334700" bytes="50015704" />
</allocation-stats>
<gc-op id="991" type="scavenge" timems="105.366" contextid="988" timestamp="2021-04-05T23:14:25.826">
  <scavenger-info tenureage="3" tenuremask="7ff8" tiltratio="82" />
  <memory-copied type="nursery" objects="1560957" bytes="62728800" bytesdiscarded="10032" />
  <memory-copied type="tenure" objects="8" bytes="256" bytesdiscarded="0" />
</gc-op>
<gc-end id="992" type="scavenge" contextid="988" durationms="105.356" usertimems="412.382" systemtimems="0.004" timestamp="2021-04-05T23:14:25.826" activeThreads="4">
  <mem-info id="993" free="1344421592" total="1610612736" percent="83">
    <mem type="nursery" free="270249584" total="402653184" percent="67">
      <mem type="allocate" free="270249584" total="332988416" percent="81" />
      <mem type="survivor" free="0" total="69664768" percent="0" />
    </mem>
    <mem type="tenure" free="1074172008" total="1207959552" percent="88" macro-fragmented="0">
      <mem type="soa" free="1013773416" total="1147560960" percent="88" />
      <mem type="loa" free="60398592" total="60398592" percent="100" />
    </mem>
    <remembered-set count="1338" />
  </mem-info>
</gc-end>
<cycle-end id="994" type="scavenge" contextid="988" timestamp="2021-04-05T23:14:25.826" />
<allocation-satisfied id="995" threadId="0000000000329300" bytesRequested="112" />
<af-end id="996" timestamp="2021-04-05T23:14:25.826" threadId="0000000000329C80" success="true" from="nursery"/>
<exclusive-end id="997" timestamp="2021-04-05T23:14:25.826" durationms="106.262" />

<exclusive-start id="998" timestamp="2021-04-05T23:14:26.580" intervalms="860.396">
  <response-info timems="0.049" idlems="0.049" threads="0" lastid="000000000011CB00" lastname="BenchmarkThread xml.validation 1" />
</exclusive-start>
<af-start id="999" threadId="000000000011D480" totalBytesRequested="64" timestamp="2021-04-05T23:14:26.581" intervalms="860.395" type="nursery" />
<cycle-start id="1000" type="scavenge" contextid="0" timestamp="2021-04-05T23:14:26.581" intervalms="860.396" />
<gc-start id="1001" type="scavenge" contextid="1000" timestamp="2021-04-05T23:14:26.581">
  <mem-info id="1002" free="1074172008" total="1610612736" percent="66">
    <mem type="nursery" free="0" total="402653184" percent="0">
      <mem type="allocate" free="0" total="332988416" percent="0" />
      <mem type="survivor" free="0" total="69664768" percent="0" />
    </mem>
    <mem type="tenure" free="1074172008" total="1207959552" percent="88">
      <mem type="soa" free="1013773416" total="1147560960" percent="88" />
      <mem type="loa" free="60398592" total="60398592" percent="100" />
    </mem>
    <remembered-set count="1532" />
  </mem-info>
</gc-start>
<allocation-stats totalBytes="270104160" >
  <allocated-bytes non-tlh="2192" tlh="270101968" />
  <largest-consumer threadName="BenchmarkThread xml.validation 3" threadId="0000000000329300" bytes="53351808" />
</allocation-stats>
<gc-op id="1003" type="scavenge" timems="113.193" contextid="1000" timestamp="2021-04-05T23:14:26.694">
  <scavenger-info tenureage="3" tenuremask="7ff8" tiltratio="82" />
  <memory-copied type="nursery" objects="1480450" bytes="59793392" bytesdiscarded="13104" />
  <memory-copied type="tenure" objects="6" bytes="192" bytesdiscarded="0" />
</gc-op>
<gc-end id="1004" type="scavenge" contextid="1000" durationms="113.182" usertimems="442.561" systemtimems="0.000" timestamp="2021-04-05T23:14:26.695" activeThreads="4">
  <mem-info id="1005" free="1347681608" total="1610612736" percent="83">
    <mem type="nursery" free="273509600" total="402653184" percent="67">
      <mem type="allocate" free="273509600" total="333316096" percent="82" />
      <mem type="survivor" free="0" total="69337088" percent="0" />
    </mem>
    <mem type="tenure" free="1074172008" total="1207959552" percent="88" macro-fragmented="0">
      <mem type="soa" free="1013773416" total="1147560960" percent="88" />
      <mem type="loa" free="60398592" total="60398592" percent="100" />
    </mem>
    <remembered-set count="1331" />
  </mem-info>
</gc-end>
<cycle-end id="1006" type="scavenge" contextid="1000" timestamp="2021-04-05T23:14:26.695" />
<allocation-satisfied id="1007" threadId="000000000011CB00" bytesRequested="64" />
<af-end id="1008" timestamp="2021-04-05T23:14:26.695" threadId="000000000011D480" success="true" from="nursery"/>
<exclusive-end id="1009" timestamp="2021-04-05T23:14:26.695" durationms="114.125" />

<exclusive-start id="1010" timestamp="2021-04-05T23:14:27.624" intervalms="1043.812">
  <response-info timems="0.046" idlems="0.046" threads="0" lastid="0000000000334700" lastname="BenchmarkThread xml.validation 6" />
</exclusive-start>
<af-start id="1011" threadId="0000000000335080" totalBytesRequested="16" timestamp="2021-04-05T23:14:27.624" intervalms="1043.818" type="nursery" />
<cycle-start id="1012" type="scavenge" contextid="0" timestamp="2021-04-05T23:14:27.624" intervalms="1043.824" />
<gc-start id="1013" type="scavenge" contextid="1012" timestamp="2021-04-05T23:14:27.624">
  <mem-info id="1014" free="1074172008" total="1610612736" percent="66">
    <mem type="nursery" free="0" total="402653184" percent="0">
      <mem type="allocate" free="0" total="333316096" percent="0" />
      <mem type="survivor" free="0" total="69337088" percent="0" />
    </mem>
    <mem type="tenure" free="1074172008" total="1207959552" percent="88">
      <mem type="soa" free="1013773416" total="1147560960" percent="88" />
      <mem type="loa" free="60398592" total="60398592" percent="100" />
    </mem>
    <remembered-set count="1557" />
  </mem-info>
</gc-start>
<allocation-stats totalBytes="273351616" >
  <allocated-bytes non-tlh="64" tlh="273351552" />
  <largest-consumer threadName="BenchmarkThread xml.validation 8" threadId="000000000033BE00" bytes="43718784" />
</allocation-stats>
<gc-op id="1015" type="scavenge" timems="128.182" contextid="1012" timestamp="2021-04-05T23:14:27.753">
  <scavenger-info tenureage="3" tenuremask="7ff8" tiltratio="82" />
  <memory-copied type="nursery" objects="1547163" bytes="62224896" bytesdiscarded="13096" />
  <memory-copied type="tenure" objects="10" bytes="320" bytesdiscarded="0" />
</gc-op>
<gc-end id="1016" type="scavenge" contextid="1012" durationms="128.170" usertimems="491.737" systemtimems="0.000" timestamp="2021-04-05T23:14:27.753" activeThreads="4">
  <mem-info id="1017" free="1345184576" total="1610612736" percent="83">
    <mem type="nursery" free="271012568" total="402653184" percent="67">
      <mem type="allocate" free="271012568" total="333250560" percent="81" />
      <mem type="survivor" free="0" total="69402624" percent="0" />
    </mem>
    <mem type="tenure" free="1074172008" total="1207959552" percent="88" macro-fragmented="0">
      <mem type="soa" free="1013773416" total="1147560960" percent="88" />
      <mem type="loa" free="60398592" total="60398592" percent="100" />
    </mem>
    <remembered-set count="1331" />
  </mem-info>
</gc-end>
<cycle-end id="1018" type="scavenge" contextid="1012" timestamp="2021-04-05T23:14:27.753" />
<allocation-satisfied id="1019" threadId="0000000000334700" bytesRequested="16" />
<af-end id="1020" timestamp="2021-04-05T23:14:27.753" threadId="0000000000335080" success="true" from="nursery"/>
<exclusive-end id="1021" timestamp="2021-04-05T23:14:27.753" durationms="129.174" />

<exclusive-start id="1022" timestamp="2021-04-05T23:14:28.536" intervalms="911.876">
  <response-info timems="0.077" idlems="0.039" threads="3" lastid="0000000000338300" lastname="BenchmarkThread xml.validation 7" />
</exclusive-start>
<af-start id="1023" threadId="0000000000329C80" totalBytesRequested="1040" timestamp="2021-04-05T23:14:28.536" intervalms="911.869" type="nursery" />
<cycle-start id="1024" type="scavenge" contextid="0" timestamp="2021-04-05T23:14:28.536" intervalms="911.865" />
<gc-start id="1025" type="scavenge" contextid="1024" timestamp="2021-04-05T23:14:28.536">
  <mem-info id="1026" free="1074172008" total="1610612736" percent="66">
    <mem type="nursery" free="0" total="402653184" percent="0">
      <mem type="allocate" free="0" total="333250560" percent="0" />
      <mem type="survivor" free="0" total="69402624" percent="0" />
    </mem>
    <mem type="tenure" free="1074172008" total="1207959552" percent="88">
      <mem type="soa" free="1013773416" total="1147560960" percent="88" />
      <mem type="loa" free="60398592" total="60398592" percent="100" />
    </mem>
    <remembered-set count="1527" />
  </mem-info>
</gc-start>
<allocation-stats totalBytes="270864984" >
  <allocated-bytes non-tlh="16" tlh="270864968" />
  <largest-consumer threadName="BenchmarkThread xml.validation 1" threadId="000000000011CB00" bytes="45162016" />
</allocation-stats>
<gc-op id="1027" type="scavenge" timems="101.260" contextid="1024" timestamp="2021-04-05T23:14:28.638">
  <scavenger-info tenureage="3" tenuremask="7ff8" tiltratio="82" />
  <memory-copied type="nursery" objects="1492763" bytes="60466432" bytesdiscarded="10528" />
  <memory-copied type="tenure" objects="6" bytes="192" bytesdiscarded="0" />
</gc-op>
<gc-end id="1028" type="scavenge" contextid="1024" durationms="101.250" usertimems="375.693" systemtimems="0.004" timestamp="2021-04-05T23:14:28.638" activeThreads="4">
  <mem-info id="1029" free="1347338824" total="1610612736" percent="83">
    <mem type="nursery" free="273166816" total="402653184" percent="67">
      <mem type="allocate" free="273166816" total="333643776" percent="81" />
      <mem type="survivor" free="0" total="69009408" percent="0" />
    </mem>
    <mem type="tenure" free="1074172008" total="1207959552" percent="88" macro-fragmented="2160235">
      <mem type="soa" free="1013773416" total="1147560960" percent="88" />
      <mem type="loa" free="60398592" total="60398592" percent="100" />
    </mem>
    <remembered-set count="1339" />
  </mem-info>
</gc-end>
<cycle-end id="1030" type="scavenge" contextid="1024" timestamp="2021-04-05T23:14:28.638" />
<allocation-satisfied id="1031" threadId="0000000000329300" bytesRequested="1040" />
<af-end id="1032" timestamp="2021-04-05T23:14:28.638" threadId="0000000000329C80" success="true" from="nursery"/>
<exclusive-end id="1033" timestamp="2021-04-05T23:14:28.638" durationms="102.270" />

<exclusive-start id="1034" timestamp="2021-04-05T23:14:29.547" intervalms="1011.163">
  <response-info timems="0.082" idlems="0.040" threads="2" lastid="000000000011CB00" lastname="BenchmarkThread xml.validation 1" />
</exclusive-start>
<af-start id="1035" threadId="0000000000329C80" totalBytesRequested="40" timestamp="2021-04-05T23:14:29.547" intervalms="1011.176" type="nursery" />
<cycle-start id="1036" type="scavenge" contextid="0" timestamp="2021-04-05T23:14:29.547" intervalms="1011.173" />
<gc-start id="1037" type="scavenge" contextid="1036" timestamp="2021-04-05T23:14:29.548">
  <mem-info id="1038" free="1074172008" total="1610612736" percent="66">
    <mem type="nursery" free="0" total="402653184" percent="0">
      <mem type="allocate" free="0" total="333643776" percent="0" />
      <mem type="survivor" free="0" total="69009408" percent="0" />
    </mem>
    <mem type="tenure" free="1074172008" total="1207959552" percent="88">
      <mem type="soa" free="1013773416" total="1147560960" percent="88" />
      <mem type="loa" free="60398592" total="60398592" percent="100" />
    </mem>
    <remembered-set count="1564" />
  </mem-info>
</gc-start>
<allocation-stats totalBytes="273014928" >
  <allocated-bytes non-tlh="1040" tlh="273013888" />
  <largest-consumer threadName="BenchmarkThread xml.validation 7" threadId="0000000000338300" bytes="45079832" />
</allocation-stats>
<gc-op id="1039" type="scavenge" timems="109.565" contextid="1036" timestamp="2021-04-05T23:14:29.657">
  <scavenger-info tenureage="3" tenuremask="7ff8" tiltratio="82" />
  <memory-copied type="nursery" objects="1529775" bytes="61580200" bytesdiscarded="11168" />
  <memory-copied type="tenure" objects="6" bytes="192" bytesdiscarded="0" />
</gc-op>
<gc-end id="1040" type="scavenge" contextid="1036" durationms="109.555" usertimems="428.396" systemtimems="0.008" timestamp="2021-04-05T23:14:29.658" activeThreads="4">
  <mem-info id="1041" free="1346486560" total="1610612736" percent="83">
    <mem type="nursery" free="272314552" total="402653184" percent="67">
      <mem type="allocate" free="272314552" total="333905920" percent="81" />
      <mem type="survivor" free="0" total="68747264" percent="0" />
    </mem>
    <mem type="tenure" free="1074172008" total="1207959552" percent="88" macro-fragmented="1800196">
      <mem type="soa" free="1013773416" total="1147560960" percent="88" />
      <mem type="loa" free="60398592" total="60398592" percent="100" />
    </mem>
    <remembered-set count="1329" />
  </mem-info>
</gc-end>
<cycle-end id="1042" type="scavenge" contextid="1036" timestamp="2021-04-05T23:14:29.658" />
<allocation-satisfied id="1043" threadId="0000000000329300" bytesRequested="40" />
<af-end id="1044" timestamp="2021-04-05T23:14:29.658" threadId="0000000000329C80" success="true" from="nursery"/>
<exclusive-end id="1045" timestamp="2021-04-05T23:14:29.658" durationms="110.687" />

<exclusive-start id="1046" timestamp="2021-04-05T23:14:30.468" intervalms="920.557">
  <response-info timems="0.068" idlems="0.031" threads="3" lastid="000000000011CB00" lastname="BenchmarkThread xml.validation 1" />
</exclusive-start>
<af-start id="1047" threadId="000000000032D880" totalBytesRequested="16" timestamp="2021-04-05T23:14:30.468" intervalms="920.568" type="nursery" />
<cycle-start id="1048" type="scavenge" contextid="0" timestamp="2021-04-05T23:14:30.468" intervalms="920.845" />
<gc-start id="1049" type="scavenge" contextid="1048" timestamp="2021-04-05T23:14:30.468">
  <mem-info id="1050" free="1074172008" total="1610612736" percent="66">
    <mem type="nursery" free="0" total="402653184" percent="0">
      <mem type="allocate" free="0" total="333905920" percent="0" />
      <mem type="survivor" free="0" total="68747264" percent="0" />
    </mem>
    <mem type="tenure" free="1074172008" total="1207959552" percent="88">
      <mem type="soa" free="1013773416" total="1147560960" percent="88" />
      <mem type="loa" free="60398592" total="60398592" percent="100" />
    </mem>
    <remembered-set count="1535" />
  </mem-info>
</gc-start>
<allocation-stats totalBytes="272149424" >
  <allocated-bytes non-tlh="40" tlh="272149384" />
  <largest-consumer threadName="BenchmarkThread xml.validation 8" threadId="000000000033BE00" bytes="41799928" />
</allocation-stats>
<gc-op id="1051" type="scavenge" timems="101.675" contextid="1048" timestamp="2021-04-05T23:14:30.570">
  <scavenger-info tenureage="3" tenuremask="7ff8" tiltratio="82" />
  <memory-copied type="nursery" objects="1544738" bytes="62018448" bytesdiscarded="10464" />
  <memory-copied type="tenure" objects="4" bytes="128" bytesdiscarded="0" />
</gc-op>
<gc-end id="1052" type="scavenge" contextid="1048" durationms="101.664" usertimems="400.839" systemtimems="0.000" timestamp="2021-04-05T23:14:30.571" activeThreads="4">
  <mem-info id="1053" free="1347032056" total="1610612736" percent="83">
    <mem type="nursery" free="272860048" total="402653184" percent="67">
      <mem type="allocate" free="272860048" total="334888960" percent="81" />
      <mem type="survivor" free="0" total="67764224" percent="0" />
    </mem>
    <mem type="tenure" free="1074172008" total="1207959552" percent="88" macro-fragmented="1041780">
      <mem type="soa" free="1013773416" total="1147560960" percent="88" />
      <mem type="loa" free="60398592" total="60398592" percent="100" />
    </mem>
    <remembered-set count="1335" />
  </mem-info>
</gc-end>
<cycle-end id="1054" type="scavenge" contextid="1048" timestamp="2021-04-05T23:14:30.571" />
<allocation-satisfied id="1055" threadId="000000000032CF00" bytesRequested="16" />
<af-end id="1056" timestamp="2021-04-05T23:14:30.571" threadId="000000000032D880" success="true" from="nursery"/>
<exclusive-end id="1057" timestamp="2021-04-05T23:14:30.571" durationms="102.987" />

<exclusive-start id="1058" timestamp="2021-04-05T23:14:31.379" intervalms="910.882">
  <response-info timems="0.058" idlems="0.034" threads="1" lastid="000000000013CF00" lastname="BenchmarkThread xml.validation 2" />
</exclusive-start>
<af-start id="1059" threadId="000000000033C780" totalBytesRequested="32" timestamp="2021-04-05T23:14:31.379" intervalms="910.860" type="nursery" />
<cycle-start id="1060" type="scavenge" contextid="0" timestamp="2021-04-05T23:14:31.379" intervalms="910.583" />
<gc-start id="1061" type="scavenge" contextid="1060" timestamp="2021-04-05T23:14:31.379">
  <mem-info id="1062" free="1074172008" total="1610612736" percent="66">
    <mem type="nursery" free="0" total="402653184" percent="0">
      <mem type="allocate" free="0" total="334888960" percent="0" />
      <mem type="survivor" free="0" total="67764224" percent="0" />
    </mem>
    <mem type="tenure" free="1074172008" total="1207959552" percent="88">
      <mem type="soa" free="1013773416" total="1147560960" percent="88" />
      <mem type="loa" free="60398592" total="60398592" percent="100" />
    </mem>
    <remembered-set count="1532" />
  </mem-info>
</gc-start>
<allocation-stats totalBytes="272711712" >
  <allocated-bytes non-tlh="3136" tlh="272708576" />
  <largest-consumer threadName="BenchmarkThread xml.validation 4" threadId="000000000032CF00" bytes="45819752" />
</allocation-stats>
<gc-op id="1063" type="scavenge" timems="106.631" contextid="1060" timestamp="2021-04-05T23:14:31.486">
  <scavenger-info tenureage="3" tenuremask="7ff8" tiltratio="83" />
  <memory-copied type="nursery" objects="1579889" bytes="64227504" bytesdiscarded="14080" />
  <memory-copied type="tenure" objects="6" bytes="192" bytesdiscarded="0" />
</gc-op>
<gc-end id="1064" type="scavenge" contextid="1060" durationms="106.621" usertimems="409.987" systemtimems="0.000" timestamp="2021-04-05T23:14:31.486" activeThreads="4">
  <mem-info id="1065" free="1341608120" total="1610612736" percent="83">
    <mem type="nursery" free="267436112" total="402653184" percent="66">
      <mem type="allocate" free="267436112" total="331677696" percent="80" />
      <mem type="survivor" free="0" total="70975488" percent="0" />
    </mem>
    <mem type="tenure" free="1074172008" total="1207959552" percent="88" macro-fragmented="0">
      <mem type="soa" free="1013773416" total="1147560960" percent="88" />
      <mem type="loa" free="60398592" total="60398592" percent="100" />
    </mem>
    <remembered-set count="1335" />
  </mem-info>
</gc-end>
<cycle-end id="1066" type="scavenge" contextid="1060" timestamp="2021-04-05T23:14:31.486" />
<allocation-satisfied id="1067" threadId="000000000033BE00" bytesRequested="32" />
<af-end id="1068" timestamp="2021-04-05T23:14:31.486" threadId="000000000033C780" success="true" from="nursery"/>
<exclusive-end id="1069" timestamp="2021-04-05T23:14:31.486" durationms="107.604" />

<exclusive-start id="1070" timestamp="2021-04-05T23:14:32.373" intervalms="994.272">
  <response-info timems="0.090" idlems="0.043" threads="3" lastid="0000000000334700" lastname="BenchmarkThread xml.validation 6" />
</exclusive-start>
<af-start id="1071" threadId="0000000000338C80" totalBytesRequested="16" timestamp="2021-04-05T23:14:32.373" intervalms="994.278" type="nursery" />
<cycle-start id="1072" type="scavenge" contextid="0" timestamp="2021-04-05T23:14:32.373" intervalms="994.280" />
<gc-start id="1073" type="scavenge" contextid="1072" timestamp="2021-04-05T23:14:32.373">
  <mem-info id="1074" free="1074172008" total="1610612736" percent="66">
    <mem type="nursery" free="0" total="402653184" percent="0">
      <mem type="allocate" free="0" total="331677696" percent="0" />
      <mem type="survivor" free="0" total="70975488" percent="0" />
    </mem>
    <mem type="tenure" free="1074172008" total="1207959552" percent="88">
      <mem type="soa" free="1013773416" total="1147560960" percent="88" />
      <mem type="loa" free="60398592" total="60398592" percent="100" />
    </mem>
    <remembered-set count="1565" />
  </mem-info>
</gc-start>
<allocation-stats totalBytes="267287712" >
  <allocated-bytes non-tlh="1072" tlh="267286640" />
  <largest-consumer threadName="BenchmarkThread xml.validation 8" threadId="000000000033BE00" bytes="53221568" />
</allocation-stats>
<gc-op id="1075" type="scavenge" timems="124.017" contextid="1072" timestamp="2021-04-05T23:14:32.497">
  <scavenger-info tenureage="3" tenuremask="7ff8" tiltratio="82" />
  <memory-copied type="nursery" objects="1474037" bytes="59636928" bytesdiscarded="10064" />
  <memory-copied type="tenure" objects="8" bytes="256" bytesdiscarded="0" />
</gc-op>
<gc-end id="1076" type="scavenge" contextid="1072" durationms="124.008" usertimems="457.144" systemtimems="15.980" timestamp="2021-04-05T23:14:32.498" activeThreads="4">
  <mem-info id="1077" free="1346530392" total="1610612736" percent="83">
    <mem type="nursery" free="272358384" total="402653184" percent="67">
      <mem type="allocate" free="272358384" total="332005376" percent="82" />
      <mem type="survivor" free="0" total="70647808" percent="0" />
    </mem>
    <mem type="tenure" free="1074172008" total="1207959552" percent="88" macro-fragmented="0">
      <mem type="soa" free="1013773416" total="1147560960" percent="88" />
      <mem type="loa" free="60398592" total="60398592" percent="100" />
    </mem>
    <remembered-set count="1332" />
  </mem-info>
</gc-end>
<cycle-end id="1078" type="scavenge" contextid="1072" timestamp="2021-04-05T23:14:32.498" />
<allocation-satisfied id="1079" threadId="0000000000338300" bytesRequested="16" />
<af-end id="1080" timestamp="2021-04-05T23:14:32.498" threadId="0000000000338C80" success="true" from="nursery"/>
<exclusive-end id="1081" timestamp="2021-04-05T23:14:32.498" durationms="125.040" />

<exclusive-start id="1082" timestamp="2021-04-05T23:14:33.243" intervalms="869.630">
  <response-info timems="0.049" idlems="0.049" threads="0" lastid="000000000013CF00" lastname="BenchmarkThread xml.validation 2" />
</exclusive-start>
<af-start id="1083" threadId="000000000013D880" totalBytesRequested="64" timestamp="2021-04-05T23:14:33.243" intervalms="869.628" type="nursery" />
<cycle-start id="1084" type="scavenge" contextid="0" timestamp="2021-04-05T23:14:33.243" intervalms="869.633" />
<gc-start id="1085" type="scavenge" contextid="1084" timestamp="2021-04-05T23:14:33.243">
  <mem-info id="1086" free="1074172008" total="1610612736" percent="66">
    <mem type="nursery" free="0" total="402653184" percent="0">
      <mem type="allocate" free="0" total="332005376" percent="0" />
      <mem type="survivor" free="0" total="70647808" percent="0" />
    </mem>
    <mem type="tenure" free="1074172008" total="1207959552" percent="88">
      <mem type="soa" free="1013773416" total="1147560960" percent="88" />
      <mem type="loa" free="60398592" total="60398592" percent="100" />
    </mem>
    <remembered-set count="1525" />
  </mem-info>
</gc-start>
<allocation-stats totalBytes="272217304" >
  <allocated-bytes non-tlh="16" tlh="272217288" />
  <largest-consumer threadName="BenchmarkThread xml.validation 2" threadId="000000000013CF00" bytes="41144384" />
</allocation-stats>
<gc-op id="1087" type="scavenge" timems="112.727" contextid="1084" timestamp="2021-04-05T23:14:33.356">
  <scavenger-info tenureage="3" tenuremask="7ff8" tiltratio="82" />
  <memory-copied type="nursery" objects="1496355" bytes="60397584" bytesdiscarded="10528" />
  <memory-copied type="tenure" objects="4" bytes="128" bytesdiscarded="0" />
</gc-op>
<gc-end id="1088" type="scavenge" contextid="1084" durationms="112.716" usertimems="431.813" systemtimems="3.985" timestamp="2021-04-05T23:14:33.356" activeThreads="4">
  <mem-info id="1089" free="1346686776" total="1610612736" percent="83">
    <mem type="nursery" free="272514768" total="402653184" percent="67">
      <mem type="allocate" free="272514768" total="332922880" percent="81" />
      <mem type="survivor" free="0" total="69730304" percent="0" />
    </mem>
    <mem type="tenure" free="1074172008" total="1207959552" percent="88" macro-fragmented="1041780">
      <mem type="soa" free="1013773416" total="1147560960" percent="88" />
      <mem type="loa" free="60398592" total="60398592" percent="100" />
    </mem>
    <remembered-set count="1342" />
  </mem-info>
</gc-end>
<cycle-end id="1090" type="scavenge" contextid="1084" timestamp="2021-04-05T23:14:33.356" />
<allocation-satisfied id="1091" threadId="000000000013CF00" bytesRequested="64" />
<af-end id="1092" timestamp="2021-04-05T23:14:33.356" threadId="000000000013D880" success="true" from="nursery"/>
<exclusive-end id="1093" timestamp="2021-04-05T23:14:33.356" durationms="113.731" />

<exclusive-start id="1094" timestamp="2021-04-05T23:14:34.259" intervalms="1016.410">
  <response-info timems="0.088" idlems="0.041" threads="2" lastid="000000000011CB00" lastname="BenchmarkThread xml.validation 1" />
</exclusive-start>
<af-start id="1095" threadId="000000000013D880" totalBytesRequested="16" timestamp="2021-04-05T23:14:34.259" intervalms="1016.405" type="nursery" />
<cycle-start id="1096" type="scavenge" contextid="0" timestamp="2021-04-05T23:14:34.259" intervalms="1016.400" />
<gc-start id="1097" type="scavenge" contextid="1096" timestamp="2021-04-05T23:14:34.259">
  <mem-info id="1098" free="1074172008" total="1610612736" percent="66">
    <mem type="nursery" free="0" total="402653184" percent="0">
      <mem type="allocate" free="0" total="332922880" percent="0" />
      <mem type="survivor" free="0" total="69730304" percent="0" />
    </mem>
    <mem type="tenure" free="1074172008" total="1207959552" percent="88">
      <mem type="soa" free="1013773416" total="1147560960" percent="88" />
      <mem type="loa" free="60398592" total="60398592" percent="100" />
    </mem>
    <remembered-set count="1563" />
  </mem-info>
</gc-start>
<allocation-stats totalBytes="272361288" >
  <allocated-bytes non-tlh="64" tlh="272361224" />
  <largest-consumer threadName="BenchmarkThread xml.validation 8" threadId="000000000033BE00" bytes="46508176" />
</allocation-stats>
<gc-op id="1099" type="scavenge" timems="120.547" contextid="1096" timestamp="2021-04-05T23:14:34.380">
  <scavenger-info tenureage="3" tenuremask="7ff8" tiltratio="82" />
  <memory-copied type="nursery" objects="1555642" bytes="62591632" bytesdiscarded="14296" />
  <memory-copied type="tenure" objects="12" bytes="384" bytesdiscarded="0" />
</gc-op>
<gc-end id="1100" type="scavenge" contextid="1096" durationms="120.537" usertimems="467.991" systemtimems="0.007" timestamp="2021-04-05T23:14:34.381" activeThreads="4">
  <mem-info id="1101" free="1344292352" total="1610612736" percent="83">
    <mem type="nursery" free="270120344" total="402653184" percent="67">
      <mem type="allocate" free="270120344" total="332726272" percent="81" />
      <mem type="survivor" free="0" total="69926912" percent="0" />
    </mem>
    <mem type="tenure" free="1074172008" total="1207959552" percent="88" macro-fragmented="723458">
      <mem type="soa" free="1013773416" total="1147560960" percent="88" />
      <mem type="loa" free="60398592" total="60398592" percent="100" />
    </mem>
    <remembered-set count="1335" />
  </mem-info>
</gc-end>
<cycle-end id="1102" type="scavenge" contextid="1096" timestamp="2021-04-05T23:14:34.381" />
<allocation-satisfied id="1103" threadId="000000000013CF00" bytesRequested="16" />
<af-end id="1104" timestamp="2021-04-05T23:14:34.381" threadId="000000000013D880" success="true" from="nursery"/>
<exclusive-end id="1105" timestamp="2021-04-05T23:14:34.381" durationms="121.514" />

<exclusive-start id="1106" timestamp="2021-04-05T23:14:35.203" intervalms="944.007">
  <response-info timems="0.063" idlems="0.063" threads="0" lastid="000000000011CB00" lastname="BenchmarkThread xml.validation 1" />
</exclusive-start>
<af-start id="1107" threadId="000000000011D480" totalBytesRequested="1040" timestamp="2021-04-05T23:14:35.203" intervalms="944.015" type="nursery" />
<cycle-start id="1108" type="scavenge" contextid="0" timestamp="2021-04-05T23:14:35.203" intervalms="944.021" />
<gc-start id="1109" type="scavenge" contextid="1108" timestamp="2021-04-05T23:14:35.203">
  <mem-info id="1110" free="1074172008" total="1610612736" percent="66">
    <mem type="nursery" free="0" total="402653184" percent="0">
      <mem type="allocate" free="0" total="332726272" percent="0" />
      <mem type="survivor" free="0" total="69926912" percent="0" />
    </mem>
    <mem type="tenure" free="1074172008" total="1207959552" percent="88">
      <mem type="soa" free="1013773416" total="1147560960" percent="88" />
      <mem type="loa" free="60398592" total="60398592" percent="100" />
    </mem>
    <remembered-set count="1541" />
  </mem-info>
</gc-start>
<allocation-stats totalBytes="269952928" >
  <allocated-bytes non-tlh="1056" tlh="269951872" />
  <largest-consumer threadName="BenchmarkThread xml.validation 2" threadId="000000000013CF00" bytes="47257336" />
</allocation-stats>
<gc-op id="1111" type="scavenge" timems="124.622" contextid="1108" timestamp="2021-04-05T23:14:35.328">
  <scavenger-info tenureage="3" tenuremask="7ff8" tiltratio="82" />
  <memory-copied type="nursery" objects="1590209" bytes="64211048" bytesdiscarded="11080" />
  <memory-copied type="tenure" objects="4" bytes="128" bytesdiscarded="0" />
</gc-op>
<gc-end id="1112" type="scavenge" contextid="1108" durationms="124.608" usertimems="481.029" systemtimems="0.017" timestamp="2021-04-05T23:14:35.329" activeThreads="4">
  <mem-info id="1113" free="1341693112" total="1610612736" percent="83">
    <mem type="nursery" free="267521104" total="402653184" percent="66">
      <mem type="allocate" free="267521104" total="331743232" percent="80" />
      <mem type="survivor" free="0" total="70909952" percent="0" />
    </mem>
    <mem type="tenure" free="1074172008" total="1207959552" percent="88" macro-fragmented="0">
      <mem type="soa" free="1013773416" total="1147560960" percent="88" />
      <mem type="loa" free="60398592" total="60398592" percent="100" />
    </mem>
    <remembered-set count="1344" />
  </mem-info>
</gc-end>
<cycle-end id="1114" type="scavenge" contextid="1108" timestamp="2021-04-05T23:14:35.329" />
<allocation-satisfied id="1115" threadId="000000000011CB00" bytesRequested="1040" />
<af-end id="1116" timestamp="2021-04-05T23:14:35.329" threadId="000000000011D480" success="true" from="nursery"/>
<exclusive-end id="1117" timestamp="2021-04-05T23:14:35.329" durationms="125.609" />

<exclusive-start id="1118" timestamp="2021-04-05T23:14:36.089" intervalms="885.945">
  <response-info timems="0.069" idlems="0.031" threads="3" lastid="000000000033BE00" lastname="BenchmarkThread xml.validation 8" />
</exclusive-start>
<af-start id="1119" threadId="000000000013D880" totalBytesRequested="136" timestamp="2021-04-05T23:14:36.089" intervalms="885.960" type="nursery" />
<cycle-start id="1120" type="scavenge" contextid="0" timestamp="2021-04-05T23:14:36.090" intervalms="886.394" />
<gc-start id="1121" type="scavenge" contextid="1120" timestamp="2021-04-05T23:14:36.090">
  <mem-info id="1122" free="1074172008" total="1610612736" percent="66">
    <mem type="nursery" free="0" total="402653184" percent="0">
      <mem type="allocate" free="0" total="331743232" percent="0" />
      <mem type="survivor" free="0" total="70909952" percent="0" />
    </mem>
    <mem type="tenure" free="1074172008" total="1207959552" percent="88">
      <mem type="soa" free="1013773416" total="1147560960" percent="88" />
      <mem type="loa" free="60398592" total="60398592" percent="100" />
    </mem>
    <remembered-set count="1528" />
  </mem-info>
</gc-start>
<allocation-stats totalBytes="267365320" >
  <allocated-bytes non-tlh="10368" tlh="267354952" />
  <largest-consumer threadName="BenchmarkThread xml.validation 1" threadId="000000000011CB00" bytes="44812568" />
</allocation-stats>
<gc-op id="1123" type="scavenge" timems="104.494" contextid="1120" timestamp="2021-04-05T23:14:36.194">
  <scavenger-info tenureage="3" tenuremask="7ff8" tiltratio="82" />
  <memory-copied type="nursery" objects="1553219" bytes="62393648" bytesdiscarded="13504" />
  <memory-copied type="tenure" objects="4" bytes="128" bytesdiscarded="0" />
</gc-op>
<gc-end id="1124" type="scavenge" contextid="1120" durationms="104.484" usertimems="405.477" systemtimems="0.002" timestamp="2021-04-05T23:14:36.195" activeThreads="4">
  <mem-info id="1125" free="1343835768" total="1610612736" percent="83">
    <mem type="nursery" free="269663760" total="402653184" percent="66">
      <mem type="allocate" free="269663760" total="332070912" percent="81" />
      <mem type="survivor" free="0" total="70582272" percent="0" />
    </mem>
    <mem type="tenure" free="1074172008" total="1207959552" percent="88" macro-fragmented="1800196">
      <mem type="soa" free="1013773416" total="1147560960" percent="88" />
      <mem type="loa" free="60398592" total="60398592" percent="100" />
    </mem>
    <remembered-set count="1337" />
  </mem-info>
</gc-end>
<cycle-end id="1126" type="scavenge" contextid="1120" timestamp="2021-04-05T23:14:36.195" />
<allocation-satisfied id="1127" threadId="000000000013CF00" bytesRequested="136" />
<af-end id="1128" timestamp="2021-04-05T23:14:36.195" threadId="000000000013D880" success="true" from="nursery"/>
<exclusive-end id="1129" timestamp="2021-04-05T23:14:36.195" durationms="105.999" />

<exclusive-start id="1130" timestamp="2021-04-05T23:14:37.075" intervalms="985.901">
  <response-info timems="0.078" idlems="0.046" threads="1" lastid="0000000000330B00" lastname="BenchmarkThread xml.validation 5" />
</exclusive-start>
<af-start id="1131" threadId="000000000013D880" totalBytesRequested="64" timestamp="2021-04-05T23:14:37.075" intervalms="985.882" type="nursery" />
<cycle-start id="1132" type="scavenge" contextid="0" timestamp="2021-04-05T23:14:37.075" intervalms="985.442" />
<gc-start id="1133" type="scavenge" contextid="1132" timestamp="2021-04-05T23:14:37.075">
  <mem-info id="1134" free="1074172008" total="1610612736" percent="66">
    <mem type="nursery" free="0" total="402653184" percent="0">
      <mem type="allocate" free="0" total="332070912" percent="0" />
      <mem type="survivor" free="0" total="70582272" percent="0" />
    </mem>
    <mem type="tenure" free="1074172008" total="1207959552" percent="88">
      <mem type="soa" free="1013773416" total="1147560960" percent="88" />
      <mem type="loa" free="60398592" total="60398592" percent="100" />
    </mem>
    <remembered-set count="1564" />
  </mem-info>
</gc-start>
<allocation-stats totalBytes="269501152" >
  <allocated-bytes non-tlh="3256" tlh="269497896" />
  <largest-consumer threadName="BenchmarkThread xml.validation 2" threadId="000000000013CF00" bytes="45326944" />
</allocation-stats>
<gc-op id="1135" type="scavenge" timems="104.242" contextid="1132" timestamp="2021-04-05T23:14:37.179">
  <scavenger-info tenureage="3" tenuremask="7ff8" tiltratio="82" />
  <memory-copied type="nursery" objects="1557825" bytes="62699608" bytesdiscarded="10384" />
  <memory-copied type="tenure" objects="8" bytes="256" bytesdiscarded="0" />
</gc-op>
<gc-end id="1136" type="scavenge" contextid="1132" durationms="104.232" usertimems="397.453" systemtimems="0.018" timestamp="2021-04-05T23:14:37.180" activeThreads="4">
  <mem-info id="1137" free="1344057216" total="1610612736" percent="83">
    <mem type="nursery" free="269885208" total="402653184" percent="67">
      <mem type="allocate" free="269885208" total="332595200" percent="81" />
      <mem type="survivor" free="0" total="70057984" percent="0" />
    </mem>
    <mem type="tenure" free="1074172008" total="1207959552" percent="88" macro-fragmented="0">
      <mem type="soa" free="1013773416" total="1147560960" percent="88" />
      <mem type="loa" free="60398592" total="60398592" percent="100" />
    </mem>
    <remembered-set count="1340" />
  </mem-info>
</gc-end>
<cycle-end id="1138" type="scavenge" contextid="1132" timestamp="2021-04-05T23:14:37.180" />
<allocation-satisfied id="1139" threadId="000000000013CF00" bytesRequested="64" />
<af-end id="1140" timestamp="2021-04-05T23:14:37.180" threadId="000000000013D880" success="true" from="nursery"/>
<exclusive-end id="1141" timestamp="2021-04-05T23:14:37.180" durationms="105.282" />

<exclusive-start id="1142" timestamp="2021-04-05T23:14:37.958" intervalms="883.264">
  <response-info timems="0.081" idlems="0.034" threads="3" lastid="0000000000338300" lastname="BenchmarkThread xml.validation 7" />
</exclusive-start>
<af-start id="1143" threadId="000000000011D480" totalBytesRequested="16" timestamp="2021-04-05T23:14:37.958" intervalms="883.263" type="nursery" />
<cycle-start id="1144" type="scavenge" contextid="0" timestamp="2021-04-05T23:14:37.958" intervalms="883.262" />
<gc-start id="1145" type="scavenge" contextid="1144" timestamp="2021-04-05T23:14:37.958">
  <mem-info id="1146" free="1074172008" total="1610612736" percent="66">
    <mem type="nursery" free="0" total="402653184" percent="0">
      <mem type="allocate" free="0" total="332595200" percent="0" />
      <mem type="survivor" free="0" total="70057984" percent="0" />
    </mem>
    <mem type="tenure" free="1074172008" total="1207959552" percent="88">
      <mem type="soa" free="1013773416" total="1147560960" percent="88" />
      <mem type="loa" free="60398592" total="60398592" percent="100" />
    </mem>
    <remembered-set count="1524" />
  </mem-info>
</gc-start>
<allocation-stats totalBytes="269714000" >
  <allocated-bytes non-tlh="64" tlh="269713936" />
  <largest-consumer threadName="BenchmarkThread xml.validation 4" threadId="000000000032CF00" bytes="44059760" />
</allocation-stats>
<gc-op id="1147" type="scavenge" timems="105.435" contextid="1144" timestamp="2021-04-05T23:14:38.064">
  <scavenger-info tenureage="3" tenuremask="7ff8" tiltratio="82" />
  <memory-copied type="nursery" objects="1552946" bytes="62442352" bytesdiscarded="11160" />
  <memory-copied type="tenure" objects="6" bytes="192" bytesdiscarded="0" />
</gc-op>
<gc-end id="1148" type="scavenge" contextid="1144" durationms="105.425" usertimems="402.344" systemtimems="0.000" timestamp="2021-04-05T23:14:38.064" activeThreads="4">
  <mem-info id="1149" free="1344772448" total="1610612736" percent="83">
    <mem type="nursery" free="270600440" total="402653184" percent="67">
      <mem type="allocate" free="270600440" total="333053952" percent="81" />
      <mem type="survivor" free="0" total="69599232" percent="0" />
    </mem>
    <mem type="tenure" free="1074172008" total="1207959552" percent="88" macro-fragmented="1800196">
      <mem type="soa" free="1013773416" total="1147560960" percent="88" />
      <mem type="loa" free="60398592" total="60398592" percent="100" />
    </mem>
    <remembered-set count="1338" />
  </mem-info>
</gc-end>
<cycle-end id="1150" type="scavenge" contextid="1144" timestamp="2021-04-05T23:14:38.065" />
<allocation-satisfied id="1151" threadId="000000000011CB00" bytesRequested="16" />
<af-end id="1152" timestamp="2021-04-05T23:14:38.065" threadId="000000000011D480" success="true" from="nursery"/>
<exclusive-end id="1153" timestamp="2021-04-05T23:14:38.065" durationms="106.382" />

<exclusive-start id="1154" timestamp="2021-04-05T23:14:38.852" intervalms="893.738">
  <response-info timems="0.066" idlems="0.031" threads="3" lastid="0000000000330B00" lastname="BenchmarkThread xml.validation 5" />
</exclusive-start>
<af-start id="1155" threadId="000000000033C780" totalBytesRequested="48" timestamp="2021-04-05T23:14:38.852" intervalms="893.736" type="nursery" />
<cycle-start id="1156" type="scavenge" contextid="0" timestamp="2021-04-05T23:14:38.852" intervalms="893.736" />
<gc-start id="1157" type="scavenge" contextid="1156" timestamp="2021-04-05T23:14:38.852">
  <mem-info id="1158" free="1074172008" total="1610612736" percent="66">
    <mem type="nursery" free="0" total="402653184" percent="0">
      <mem type="allocate" free="0" total="333053952" percent="0" />
      <mem type="survivor" free="0" total="69599232" percent="0" />
    </mem>
    <mem type="tenure" free="1074172008" total="1207959552" percent="88">
      <mem type="soa" free="1013773416" total="1147560960" percent="88" />
      <mem type="loa" free="60398592" total="60398592" percent="100" />
    </mem>
    <remembered-set count="1546" />
  </mem-info>
</gc-start>
<allocation-stats totalBytes="270430464" >
  <allocated-bytes non-tlh="4176" tlh="270426288" />
  <largest-consumer threadName="BenchmarkThread xml.validation 8" threadId="000000000033BE00" bytes="40816400" />
</allocation-stats>
<gc-op id="1159" type="scavenge" timems="104.648" contextid="1156" timestamp="2021-04-05T23:14:38.957">
  <scavenger-info tenureage="3" tenuremask="7ff8" tiltratio="82" />
  <memory-copied type="nursery" objects="1479223" bytes="59771904" bytesdiscarded="12720" />
  <memory-copied type="tenure" objects="6" bytes="192" bytesdiscarded="0" />
</gc-op>
<gc-end id="1160" type="scavenge" contextid="1156" durationms="104.638" usertimems="393.192" systemtimems="0.010" timestamp="2021-04-05T23:14:38.957" activeThreads="4">
  <mem-info id="1161" free="1347834552" total="1610612736" percent="83">
    <mem type="nursery" free="273662544" total="402653184" percent="67">
      <mem type="allocate" free="273662544" total="333447168" percent="82" />
      <mem type="survivor" free="0" total="69206016" percent="0" />
    </mem>
    <mem type="tenure" free="1074172008" total="1207959552" percent="88" macro-fragmented="1041780">
      <mem type="soa" free="1013773416" total="1147560960" percent="88" />
      <mem type="loa" free="60398592" total="60398592" percent="100" />
    </mem>
    <remembered-set count="1336" />
  </mem-info>
</gc-end>
<cycle-end id="1162" type="scavenge" contextid="1156" timestamp="2021-04-05T23:14:38.958" />
<allocation-satisfied id="1163" threadId="000000000033BE00" bytesRequested="48" />
<af-end id="1164" timestamp="2021-04-05T23:14:38.958" threadId="000000000033C780" success="true" from="nursery"/>
<exclusive-end id="1165" timestamp="2021-04-05T23:14:38.958" durationms="105.635" />

<exclusive-start id="1166" timestamp="2021-04-05T23:14:39.848" intervalms="996.449">
  <response-info timems="0.046" idlems="0.046" threads="0" lastid="000000000032CF00" lastname="BenchmarkThread xml.validation 4" />
</exclusive-start>
<af-start id="1167" threadId="000000000032D880" totalBytesRequested="1040" timestamp="2021-04-05T23:14:39.848" intervalms="996.452" type="nursery" />
<cycle-start id="1168" type="scavenge" contextid="0" timestamp="2021-04-05T23:14:39.848" intervalms="996.453" />
<gc-start id="1169" type="scavenge" contextid="1168" timestamp="2021-04-05T23:14:39.849">
  <mem-info id="1170" free="1074172008" total="1610612736" percent="66">
    <mem type="nursery" free="0" total="402653184" percent="0">
      <mem type="allocate" free="0" total="333447168" percent="0" />
      <mem type="survivor" free="0" total="69206016" percent="0" />
    </mem>
    <mem type="tenure" free="1074172008" total="1207959552" percent="88">
      <mem type="soa" free="1013773416" total="1147560960" percent="88" />
      <mem type="loa" free="60398592" total="60398592" percent="100" />
    </mem>
    <remembered-set count="1563" />
  </mem-info>
</gc-start>
<allocation-stats totalBytes="273503656" >
  <allocated-bytes non-tlh="48" tlh="273503608" />
  <largest-consumer threadName="BenchmarkThread xml.validation 6" threadId="0000000000334700" bytes="42274640" />
</allocation-stats>
<gc-op id="1171" type="scavenge" timems="108.365" contextid="1168" timestamp="2021-04-05T23:14:39.957">
  <scavenger-info tenureage="3" tenuremask="7ff8" tiltratio="82" />
  <memory-copied type="nursery" objects="1541385" bytes="61924088" bytesdiscarded="11960" />
  <memory-copied type="tenure" objects="6" bytes="192" bytesdiscarded="0" />
</gc-op>
<gc-end id="1172" type="scavenge" contextid="1168" durationms="108.355" usertimems="415.986" systemtimems="0.000" timestamp="2021-04-05T23:14:39.958" activeThreads="4">
  <mem-info id="1173" free="1345683128" total="1610612736" percent="83">
    <mem type="nursery" free="271511120" total="402653184" percent="67">
      <mem type="allocate" free="271511120" total="333447168" percent="81" />
      <mem type="survivor" free="0" total="69206016" percent="0" />
    </mem>
    <mem type="tenure" free="1074172008" total="1207959552" percent="88" macro-fragmented="0">
      <mem type="soa" free="1013773416" total="1147560960" percent="88" />
      <mem type="loa" free="60398592" total="60398592" percent="100" />
    </mem>
    <remembered-set count="1342" />
  </mem-info>
</gc-end>
<cycle-end id="1174" type="scavenge" contextid="1168" timestamp="2021-04-05T23:14:39.958" />
<allocation-satisfied id="1175" threadId="000000000032CF00" bytesRequested="1040" />
<af-end id="1176" timestamp="2021-04-05T23:14:39.958" threadId="000000000032D880" success="true" from="nursery"/>
<exclusive-end id="1177" timestamp="2021-04-05T23:14:39.958" durationms="109.286" />

<exclusive-start id="1178" timestamp="2021-04-05T23:14:40.716" intervalms="867.545">
  <response-info timems="0.054" idlems="0.028" threads="2" lastid="0000000000330B00" lastname="BenchmarkThread xml.validation 5" />
</exclusive-start>
<af-start id="1179" threadId="000000000013D880" totalBytesRequested="16" timestamp="2021-04-05T23:14:40.716" intervalms="867.539" type="nursery" />
<cycle-start id="1180" type="scavenge" contextid="0" timestamp="2021-04-05T23:14:40.716" intervalms="867.537" />
<gc-start id="1181" type="scavenge" contextid="1180" timestamp="2021-04-05T23:14:40.716">
  <mem-info id="1182" free="1074172008" total="1610612736" percent="66">
    <mem type="nursery" free="0" total="402653184" percent="0">
      <mem type="allocate" free="0" total="333447168" percent="0" />
      <mem type="survivor" free="0" total="69206016" percent="0" />
    </mem>
    <mem type="tenure" free="1074172008" total="1207959552" percent="88">
      <mem type="soa" free="1013773416" total="1147560960" percent="88" />
      <mem type="loa" free="60398592" total="60398592" percent="100" />
    </mem>
    <remembered-set count="1525" />
  </mem-info>
</gc-start>
<allocation-stats totalBytes="271344120" >
  <allocated-bytes non-tlh="1040" tlh="271343080" />
  <largest-consumer threadName="BenchmarkThread xml.validation 8" threadId="000000000033BE00" bytes="48206568" />
</allocation-stats>
<gc-op id="1183" type="scavenge" timems="109.731" contextid="1180" timestamp="2021-04-05T23:14:40.826">
  <scavenger-info tenureage="3" tenuremask="7ff8" tiltratio="82" />
  <memory-copied type="nursery" objects="1538596" bytes="61835472" bytesdiscarded="12192" />
  <memory-copied type="tenure" objects="4" bytes="128" bytesdiscarded="0" />
</gc-op>
<gc-end id="1184" type="scavenge" contextid="1180" durationms="109.720" usertimems="409.576" systemtimems="0.000" timestamp="2021-04-05T23:14:40.827" activeThreads="4">
  <mem-info id="1185" free="1346230264" total="1610612736" percent="83">
    <mem type="nursery" free="272058256" total="402653184" percent="67">
      <mem type="allocate" free="272058256" total="333905920" percent="81" />
      <mem type="survivor" free="0" total="68747264" percent="0" />
    </mem>
    <mem type="tenure" free="1074172008" total="1207959552" percent="88" macro-fragmented="0">
      <mem type="soa" free="1013773416" total="1147560960" percent="88" />
      <mem type="loa" free="60398592" total="60398592" percent="100" />
    </mem>
    <remembered-set count="1334" />
  </mem-info>
</gc-end>
<cycle-end id="1186" type="scavenge" contextid="1180" timestamp="2021-04-05T23:14:40.827" />
<allocation-satisfied id="1187" threadId="000000000013CF00" bytesRequested="16" />
<af-end id="1188" timestamp="2021-04-05T23:14:40.827" threadId="000000000013D880" success="true" from="nursery"/>
<exclusive-end id="1189" timestamp="2021-04-05T23:14:40.827" durationms="111.046" />

<exclusive-start id="1190" timestamp="2021-04-05T23:14:41.686" intervalms="970.049">
  <response-info timems="0.050" idlems="0.050" threads="0" lastid="0000000000329300" lastname="BenchmarkThread xml.validation 3" />
</exclusive-start>
<af-start id="1191" threadId="0000000000329C80" totalBytesRequested="1040" timestamp="2021-04-05T23:14:41.686" intervalms="970.052" type="nursery" />
<cycle-start id="1192" type="scavenge" contextid="0" timestamp="2021-04-05T23:14:41.686" intervalms="970.054" />
<gc-start id="1193" type="scavenge" contextid="1192" timestamp="2021-04-05T23:14:41.686">
  <mem-info id="1194" free="1074172008" total="1610612736" percent="66">
    <mem type="nursery" free="0" total="402653184" percent="0">
      <mem type="allocate" free="0" total="333905920" percent="0" />
      <mem type="survivor" free="0" total="68747264" percent="0" />
    </mem>
    <mem type="tenure" free="1074172008" total="1207959552" percent="88">
      <mem type="soa" free="1013773416" total="1147560960" percent="88" />
      <mem type="loa" free="60398592" total="60398592" percent="100" />
    </mem>
    <remembered-set count="1556" />
  </mem-info>
</gc-start>
<allocation-stats totalBytes="271893624" >
  <allocated-bytes non-tlh="16" tlh="271893608" />
  <largest-consumer threadName="BenchmarkThread xml.validation 7" threadId="0000000000338300" bytes="44238448" />
</allocation-stats>
<gc-op id="1195" type="scavenge" timems="109.029" contextid="1192" timestamp="2021-04-05T23:14:41.795">
  <scavenger-info tenureage="3" tenuremask="7ff8" tiltratio="82" />
  <memory-copied type="nursery" objects="1561902" bytes="62862640" bytesdiscarded="9992" />
  <memory-copied type="tenure" objects="10" bytes="320" bytesdiscarded="0" />
</gc-op>
<gc-end id="1196" type="scavenge" contextid="1192" durationms="109.019" usertimems="414.564" systemtimems="0.000" timestamp="2021-04-05T23:14:41.796" activeThreads="4">
  <mem-info id="1197" free="1345008688" total="1610612736" percent="83">
    <mem type="nursery" free="270836680" total="402653184" percent="67">
      <mem type="allocate" free="270836680" total="333709312" percent="81" />
      <mem type="survivor" free="0" total="68943872" percent="0" />
    </mem>
    <mem type="tenure" free="1074172008" total="1207959552" percent="88" macro-fragmented="1041780">
      <mem type="soa" free="1013773416" total="1147560960" percent="88" />
      <mem type="loa" free="60398592" total="60398592" percent="100" />
    </mem>
    <remembered-set count="1336" />
  </mem-info>
</gc-end>
<cycle-end id="1198" type="scavenge" contextid="1192" timestamp="2021-04-05T23:14:41.796" />
<allocation-satisfied id="1199" threadId="0000000000329300" bytesRequested="1040" />
<af-end id="1200" timestamp="2021-04-05T23:14:41.796" threadId="0000000000329C80" success="true" from="nursery"/>
<exclusive-end id="1201" timestamp="2021-04-05T23:14:41.796" durationms="110.092" />

<exclusive-start id="1202" timestamp="2021-04-05T23:14:42.592" intervalms="905.603">
  <response-info timems="0.059" idlems="0.035" threads="1" lastid="000000000011CB00" lastname="BenchmarkThread xml.validation 1" />
</exclusive-start>
<af-start id="1203" threadId="000000000033C780" totalBytesRequested="136" timestamp="2021-04-05T23:14:42.592" intervalms="905.605" type="nursery" />
<cycle-start id="1204" type="scavenge" contextid="0" timestamp="2021-04-05T23:14:42.592" intervalms="905.618" />
<gc-start id="1205" type="scavenge" contextid="1204" timestamp="2021-04-05T23:14:42.592">
  <mem-info id="1206" free="1074172008" total="1610612736" percent="66">
    <mem type="nursery" free="0" total="402653184" percent="0">
      <mem type="allocate" free="0" total="333709312" percent="0" />
      <mem type="survivor" free="0" total="68943872" percent="0" />
    </mem>
    <mem type="tenure" free="1074172008" total="1207959552" percent="88">
      <mem type="soa" free="1013773416" total="1147560960" percent="88" />
      <mem type="loa" free="60398592" total="60398592" percent="100" />
    </mem>
    <remembered-set count="1534" />
  </mem-info>
</gc-start>
<allocation-stats totalBytes="270655216" >
  <allocated-bytes non-tlh="8320" tlh="270646896" />
  <largest-consumer threadName="BenchmarkThread xml.validation 6" threadId="0000000000334700" bytes="43148000" />
</allocation-stats>
<gc-op id="1207" type="scavenge" timems="141.507" contextid="1204" timestamp="2021-04-05T23:14:42.733">
  <scavenger-info tenureage="3" tenuremask="7ff8" tiltratio="82" />
  <memory-copied type="nursery" objects="1550169" bytes="62266184" bytesdiscarded="14192" />
  <memory-copied type="tenure" objects="6" bytes="192" bytesdiscarded="0" />
</gc-op>
<gc-end id="1208" type="scavenge" contextid="1204" durationms="141.497" usertimems="551.091" systemtimems="0.000" timestamp="2021-04-05T23:14:42.734" activeThreads="4">
  <mem-info id="1209" free="1345797552" total="1610612736" percent="83">
    <mem type="nursery" free="271625544" total="402653184" percent="67">
      <mem type="allocate" free="271625544" total="333905920" percent="81" />
      <mem type="survivor" free="0" total="68747264" percent="0" />
    </mem>
    <mem type="tenure" free="1074172008" total="1207959552" percent="88" macro-fragmented="2160235">
      <mem type="soa" free="1013773416" total="1147560960" percent="88" />
      <mem type="loa" free="60398592" total="60398592" percent="100" />
    </mem>
    <remembered-set count="1338" />
  </mem-info>
</gc-end>
<cycle-end id="1210" type="scavenge" contextid="1204" timestamp="2021-04-05T23:14:42.734" />
<allocation-satisfied id="1211" threadId="000000000033BE00" bytesRequested="136" />
<af-end id="1212" timestamp="2021-04-05T23:14:42.734" threadId="000000000033C780" success="true" from="nursery"/>
<exclusive-end id="1213" timestamp="2021-04-05T23:14:42.734" durationms="142.454" />

<exclusive-start id="1214" timestamp="2021-04-05T23:14:43.549" intervalms="957.110">
  <response-info timems="0.044" idlems="0.025" threads="1" lastid="0000000000329300" lastname="BenchmarkThread xml.validation 3" />
</exclusive-start>
<af-start id="1215" threadId="000000000013D880" totalBytesRequested="64" timestamp="2021-04-05T23:14:43.549" intervalms="957.112" type="nursery" />
<cycle-start id="1216" type="scavenge" contextid="0" timestamp="2021-04-05T23:14:43.549" intervalms="957.101" />
<gc-start id="1217" type="scavenge" contextid="1216" timestamp="2021-04-05T23:14:43.549">
  <mem-info id="1218" free="1074172008" total="1610612736" percent="66">
    <mem type="nursery" free="0" total="402653184" percent="0">
      <mem type="allocate" free="0" total="333905920" percent="0" />
      <mem type="survivor" free="0" total="68747264" percent="0" />
    </mem>
    <mem type="tenure" free="1074172008" total="1207959552" percent="88">
      <mem type="soa" free="1013773416" total="1147560960" percent="88" />
      <mem type="loa" free="60398592" total="60398592" percent="100" />
    </mem>
    <remembered-set count="1552" />
  </mem-info>
</gc-start>
<allocation-stats totalBytes="271456192" >
  <allocated-bytes non-tlh="136" tlh="271456056" />
  <largest-consumer threadName="BenchmarkThread xml.validation 8" threadId="000000000033BE00" bytes="44104112" />
</allocation-stats>
<gc-op id="1219" type="scavenge" timems="112.130" contextid="1216" timestamp="2021-04-05T23:14:43.661">
  <scavenger-info tenureage="3" tenuremask="7ff8" tiltratio="82" />
  <memory-copied type="nursery" objects="1541524" bytes="61916744" bytesdiscarded="14936" />
  <memory-copied type="tenure" objects="6" bytes="192" bytesdiscarded="0" />
</gc-op>
<gc-end id="1220" type="scavenge" contextid="1216" durationms="112.120" usertimems="441.085" systemtimems="0.002" timestamp="2021-04-05T23:14:43.662" activeThreads="4">
  <mem-info id="1221" free="1346408392" total="1610612736" percent="83">
    <mem type="nursery" free="272236384" total="402653184" percent="67">
      <mem type="allocate" free="272236384" total="334168064" percent="81" />
      <mem type="survivor" free="0" total="68485120" percent="0" />
    </mem>
    <mem type="tenure" free="1074172008" total="1207959552" percent="88" macro-fragmented="1041780">
      <mem type="soa" free="1013773416" total="1147560960" percent="88" />
      <mem type="loa" free="60398592" total="60398592" percent="100" />
    </mem>
    <remembered-set count="1330" />
  </mem-info>
</gc-end>
<cycle-end id="1222" type="scavenge" contextid="1216" timestamp="2021-04-05T23:14:43.662" />
<allocation-satisfied id="1223" threadId="000000000013CF00" bytesRequested="64" />
<af-end id="1224" timestamp="2021-04-05T23:14:43.662" threadId="000000000013D880" success="true" from="nursery"/>
<exclusive-end id="1225" timestamp="2021-04-05T23:14:43.662" durationms="113.081" />

<exclusive-start id="1226" timestamp="2021-04-05T23:14:44.531" intervalms="982.145">
  <response-info timems="0.044" idlems="0.044" threads="0" lastid="0000000000330B00" lastname="BenchmarkThread xml.validation 5" />
</exclusive-start>
<af-start id="1227" threadId="0000000000331480" totalBytesRequested="16" timestamp="2021-04-05T23:14:44.531" intervalms="982.144" type="nursery" />
<cycle-start id="1228" type="scavenge" contextid="0" timestamp="2021-04-05T23:14:44.531" intervalms="982.142" />
<gc-start id="1229" type="scavenge" contextid="1228" timestamp="2021-04-05T23:14:44.531">
  <mem-info id="1230" free="1074172008" total="1610612736" percent="66">
    <mem type="nursery" free="0" total="402653184" percent="0">
      <mem type="allocate" free="0" total="334168064" percent="0" />
      <mem type="survivor" free="0" total="68485120" percent="0" />
    </mem>
    <mem type="tenure" free="1074172008" total="1207959552" percent="88">
      <mem type="soa" free="1013773416" total="1147560960" percent="88" />
      <mem type="loa" free="60398592" total="60398592" percent="100" />
    </mem>
    <remembered-set count="1546" />
  </mem-info>
</gc-start>
<allocation-stats totalBytes="272078040" >
  <allocated-bytes non-tlh="1104" tlh="272076936" />
  <largest-consumer threadName="BenchmarkThread xml.validation 2" threadId="000000000013CF00" bytes="44505104" />
</allocation-stats>
<gc-op id="1231" type="scavenge" timems="128.009" contextid="1228" timestamp="2021-04-05T23:14:44.659">
  <scavenger-info tenureage="3" tenuremask="7ff8" tiltratio="82" />
  <memory-copied type="nursery" objects="1544681" bytes="62007712" bytesdiscarded="9968" />
  <memory-copied type="tenure" objects="6" bytes="192" bytesdiscarded="0" />
</gc-op>
<gc-end id="1232" type="scavenge" contextid="1228" durationms="127.999" usertimems="479.604" systemtimems="0.007" timestamp="2021-04-05T23:14:44.660" activeThreads="4">
  <mem-info id="1233" free="1346584536" total="1610612736" percent="83">
    <mem type="nursery" free="272412528" total="402653184" percent="67">
      <mem type="allocate" free="272412528" total="334430208" percent="81" />
      <mem type="survivor" free="0" total="68222976" percent="0" />
    </mem>
    <mem type="tenure" free="1074172008" total="1207959552" percent="88" macro-fragmented="0">
      <mem type="soa" free="1013773416" total="1147560960" percent="88" />
      <mem type="loa" free="60398592" total="60398592" percent="100" />
    </mem>
    <remembered-set count="1345" />
  </mem-info>
</gc-end>
<cycle-end id="1234" type="scavenge" contextid="1228" timestamp="2021-04-05T23:14:44.660" />
<allocation-satisfied id="1235" threadId="0000000000330B00" bytesRequested="16" />
<af-end id="1236" timestamp="2021-04-05T23:14:44.660" threadId="0000000000331480" success="true" from="nursery"/>
<exclusive-end id="1237" timestamp="2021-04-05T23:14:44.660" durationms="129.040" />

<exclusive-start id="1238" timestamp="2021-04-05T23:14:45.614" intervalms="1083.102">
  <response-info timems="0.048" idlems="0.048" threads="0" lastid="000000000011CB00" lastname="BenchmarkThread xml.validation 1" />
</exclusive-start>
<af-start id="1239" threadId="000000000011D480" totalBytesRequested="136" timestamp="2021-04-05T23:14:45.614" intervalms="1083.113" type="nursery" />
<cycle-start id="1240" type="scavenge" contextid="0" timestamp="2021-04-05T23:14:45.614" intervalms="1083.124" />
<gc-start id="1241" type="scavenge" contextid="1240" timestamp="2021-04-05T23:14:45.614">
  <mem-info id="1242" free="1074172008" total="1610612736" percent="66">
    <mem type="nursery" free="0" total="402653184" percent="0">
      <mem type="allocate" free="0" total="334430208" percent="0" />
      <mem type="survivor" free="0" total="68222976" percent="0" />
    </mem>
    <mem type="tenure" free="1074172008" total="1207959552" percent="88">
      <mem type="soa" free="1013773416" total="1147560960" percent="88" />
      <mem type="loa" free="60398592" total="60398592" percent="100" />
    </mem>
    <remembered-set count="1536" />
  </mem-info>
</gc-start>
<allocation-stats totalBytes="272235664" >
  <allocated-bytes non-tlh="16" tlh="272235648" />
  <largest-consumer threadName="BenchmarkThread xml.validation 8" threadId="000000000033BE00" bytes="50407368" />
</allocation-stats>
<gc-op id="1243" type="scavenge" timems="120.603" contextid="1240" timestamp="2021-04-05T23:14:45.735">
  <scavenger-info tenureage="3" tenuremask="7ff8" tiltratio="83" />
  <memory-copied type="nursery" objects="1526241" bytes="61637232" bytesdiscarded="11480" />
  <memory-copied type="tenure" objects="4" bytes="128" bytesdiscarded="0" />
</gc-op>
<gc-end id="1244" type="scavenge" contextid="1240" durationms="120.587" usertimems="462.850" systemtimems="0.000" timestamp="2021-04-05T23:14:45.736" activeThreads="4">
  <mem-info id="1245" free="1347215648" total="1610612736" percent="83">
    <mem type="nursery" free="273043640" total="402653184" percent="67">
      <mem type="allocate" free="273043640" total="334692352" percent="81" />
      <mem type="survivor" free="0" total="67960832" percent="0" />
    </mem>
    <mem type="tenure" free="1074172008" total="1207959552" percent="88" macro-fragmented="868149">
      <mem type="soa" free="1013773416" total="1147560960" percent="88" />
      <mem type="loa" free="60398592" total="60398592" percent="100" />
    </mem>
    <remembered-set count="1329" />
  </mem-info>
</gc-end>
<cycle-end id="1246" type="scavenge" contextid="1240" timestamp="2021-04-05T23:14:45.736" />
<allocation-satisfied id="1247" threadId="000000000011CB00" bytesRequested="136" />
<af-end id="1248" timestamp="2021-04-05T23:14:45.736" threadId="000000000011D480" success="true" from="nursery"/>
<exclusive-end id="1249" timestamp="2021-04-05T23:14:45.736" durationms="121.935" />

<exclusive-start id="1250" timestamp="2021-04-05T23:14:46.576" intervalms="962.437">
  <response-info timems="0.072" idlems="0.037" threads="2" lastid="0000000000338300" lastname="BenchmarkThread xml.validation 7" />
</exclusive-start>
<af-start id="1251" threadId="000000000033C780" totalBytesRequested="56" timestamp="2021-04-05T23:14:46.576" intervalms="962.428" type="nursery" />
<cycle-start id="1252" type="scavenge" contextid="0" timestamp="2021-04-05T23:14:46.576" intervalms="962.423" />
<gc-start id="1253" type="scavenge" contextid="1252" timestamp="2021-04-05T23:14:46.577">
  <mem-info id="1254" free="1074172008" total="1610612736" percent="66">
    <mem type="nursery" free="0" total="402653184" percent="0">
      <mem type="allocate" free="0" total="334692352" percent="0" />
      <mem type="survivor" free="0" total="67960832" percent="0" />
    </mem>
    <mem type="tenure" free="1074172008" total="1207959552" percent="88">
      <mem type="soa" free="1013773416" total="1147560960" percent="88" />
      <mem type="loa" free="60398592" total="60398592" percent="100" />
    </mem>
    <remembered-set count="1545" />
  </mem-info>
</gc-start>
<allocation-stats totalBytes="272873936" >
  <allocated-bytes non-tlh="136" tlh="272873800" />
  <largest-consumer threadName="BenchmarkThread xml.validation 2" threadId="000000000013CF00" bytes="48802416" />
</allocation-stats>
<gc-op id="1255" type="scavenge" timems="129.754" contextid="1252" timestamp="2021-04-05T23:14:46.706">
  <scavenger-info tenureage="3" tenuremask="7ff8" tiltratio="83" />
  <memory-copied type="nursery" objects="1537321" bytes="61782832" bytesdiscarded="13680" />
  <memory-copied type="tenure" objects="10" bytes="320" bytesdiscarded="0" />
</gc-op>
<gc-end id="1256" type="scavenge" contextid="1252" durationms="129.742" usertimems="492.203" systemtimems="0.001" timestamp="2021-04-05T23:14:46.707" activeThreads="4">
  <mem-info id="1257" free="1347264456" total="1610612736" percent="83">
    <mem type="nursery" free="273092448" total="402653184" percent="67">
      <mem type="allocate" free="273092448" total="334888960" percent="81" />
      <mem type="survivor" free="0" total="67764224" percent="0" />
    </mem>
    <mem type="tenure" free="1074172008" total="1207959552" percent="88" macro-fragmented="0">
      <mem type="soa" free="1013773416" total="1147560960" percent="88" />
      <mem type="loa" free="60398592" total="60398592" percent="100" />
    </mem>
    <remembered-set count="1340" />
  </mem-info>
</gc-end>
<cycle-end id="1258" type="scavenge" contextid="1252" timestamp="2021-04-05T23:14:46.707" />
<allocation-satisfied id="1259" threadId="000000000033BE00" bytesRequested="56" />
<af-end id="1260" timestamp="2021-04-05T23:14:46.707" threadId="000000000033C780" success="true" from="nursery"/>
<exclusive-end id="1261" timestamp="2021-04-05T23:14:46.707" durationms="130.923" />

<exclusive-start id="1262" timestamp="2021-04-05T23:14:47.564" intervalms="987.373">
  <response-info timems="0.052" idlems="0.052" threads="0" lastid="000000000011CB00" lastname="BenchmarkThread xml.validation 1" />
</exclusive-start>
<af-start id="1263" threadId="000000000011D480" totalBytesRequested="16" timestamp="2021-04-05T23:14:47.564" intervalms="987.368" type="nursery" />
<cycle-start id="1264" type="scavenge" contextid="0" timestamp="2021-04-05T23:14:47.564" intervalms="987.364" />
<gc-start id="1265" type="scavenge" contextid="1264" timestamp="2021-04-05T23:14:47.564">
  <mem-info id="1266" free="1074172008" total="1610612736" percent="66">
    <mem type="nursery" free="0" total="402653184" percent="0">
      <mem type="allocate" free="0" total="334888960" percent="0" />
      <mem type="survivor" free="0" total="67764224" percent="0" />
    </mem>
    <mem type="tenure" free="1074172008" total="1207959552" percent="88">
      <mem type="soa" free="1013773416" total="1147560960" percent="88" />
      <mem type="loa" free="60398592" total="60398592" percent="100" />
    </mem>
    <remembered-set count="1559" />
  </mem-info>
</gc-start>
<allocation-stats totalBytes="272921528" >
  <allocated-bytes non-tlh="56" tlh="272921472" />
  <largest-consumer threadName="BenchmarkThread xml.validation 8" threadId="000000000033BE00" bytes="59040328" />
</allocation-stats>
<gc-op id="1267" type="scavenge" timems="104.714" contextid="1264" timestamp="2021-04-05T23:14:47.669">
  <scavenger-info tenureage="3" tenuremask="7ff8" tiltratio="83" />
  <memory-copied type="nursery" objects="1566383" bytes="63146704" bytesdiscarded="13224" />
  <memory-copied type="tenure" objects="6" bytes="192" bytesdiscarded="0" />
</gc-op>
<gc-end id="1268" type="scavenge" contextid="1264" durationms="104.704" usertimems="409.329" systemtimems="0.000" timestamp="2021-04-05T23:14:47.669" activeThreads="4">
  <mem-info id="1269" free="1344328176" total="1610612736" percent="83">
    <mem type="nursery" free="270156168" total="402653184" percent="67">
      <mem type="allocate" free="270156168" total="333316096" percent="81" />
      <mem type="survivor" free="0" total="69337088" percent="0" />
    </mem>
    <mem type="tenure" free="1074172008" total="1207959552" percent="88" macro-fragmented="0">
      <mem type="soa" free="1013773416" total="1147560960" percent="88" />
      <mem type="loa" free="60398592" total="60398592" percent="100" />
    </mem>
    <remembered-set count="1332" />
  </mem-info>
</gc-end>
<cycle-end id="1270" type="scavenge" contextid="1264" timestamp="2021-04-05T23:14:47.669" />
<allocation-satisfied id="1271" threadId="000000000011CB00" bytesRequested="16" />
<af-end id="1272" timestamp="2021-04-05T23:14:47.669" threadId="000000000011D480" success="true" from="nursery"/>
<exclusive-end id="1273" timestamp="2021-04-05T23:14:47.669" durationms="105.696" />

<exclusive-start id="1274" timestamp="2021-04-05T23:14:48.503" intervalms="939.079">
  <response-info timems="0.091" idlems="0.045" threads="5" lastid="0000000000329300" lastname="BenchmarkThread xml.validation 3" />
</exclusive-start>
<af-start id="1275" threadId="0000000000335080" totalBytesRequested="40" timestamp="2021-04-05T23:14:48.503" intervalms="939.084" type="nursery" />
<cycle-start id="1276" type="scavenge" contextid="0" timestamp="2021-04-05T23:14:48.503" intervalms="939.084" />
<gc-start id="1277" type="scavenge" contextid="1276" timestamp="2021-04-05T23:14:48.503">
  <mem-info id="1278" free="1074172008" total="1610612736" percent="66">
    <mem type="nursery" free="0" total="402653184" percent="0">
      <mem type="allocate" free="0" total="333316096" percent="0" />
      <mem type="survivor" free="0" total="69337088" percent="0" />
    </mem>
    <mem type="tenure" free="1074172008" total="1207959552" percent="88">
      <mem type="soa" free="1013773416" total="1147560960" percent="88" />
      <mem type="loa" free="60398592" total="60398592" percent="100" />
    </mem>
    <remembered-set count="1528" />
  </mem-info>
</gc-start>
<allocation-stats totalBytes="269991744" >
  <allocated-bytes non-tlh="16" tlh="269991728" />
  <largest-consumer threadName="BenchmarkThread xml.validation 4" threadId="000000000032CF00" bytes="40148416" />
</allocation-stats>
<gc-op id="1279" type="scavenge" timems="129.102" contextid="1276" timestamp="2021-04-05T23:14:48.632">
  <scavenger-info tenureage="3" tenuremask="7ff8" tiltratio="82" />
  <memory-copied type="nursery" objects="1546232" bytes="62089912" bytesdiscarded="12648" />
  <memory-copied type="tenure" objects="8" bytes="256" bytesdiscarded="0" />
</gc-op>
<gc-end id="1280" type="scavenge" contextid="1276" durationms="129.091" usertimems="500.883" systemtimems="0.002" timestamp="2021-04-05T23:14:48.633" activeThreads="4">
  <mem-info id="1281" free="1345647688" total="1610612736" percent="83">
    <mem type="nursery" free="271475680" total="402653184" percent="67">
      <mem type="allocate" free="271475680" total="333578240" percent="81" />
      <mem type="survivor" free="0" total="69074944" percent="0" />
    </mem>
    <mem type="tenure" free="1074172008" total="1207959552" percent="88" macro-fragmented="0">
      <mem type="soa" free="1013773416" total="1147560960" percent="88" />
      <mem type="loa" free="60398592" total="60398592" percent="100" />
    </mem>
    <remembered-set count="1337" />
  </mem-info>
</gc-end>
<cycle-end id="1282" type="scavenge" contextid="1276" timestamp="2021-04-05T23:14:48.633" />
<allocation-satisfied id="1283" threadId="0000000000334700" bytesRequested="40" />
<af-end id="1284" timestamp="2021-04-05T23:14:48.633" threadId="0000000000335080" success="true" from="nursery"/>
<exclusive-end id="1285" timestamp="2021-04-05T23:14:48.633" durationms="130.018" />

<exclusive-start id="1286" timestamp="2021-04-05T23:14:49.467" intervalms="963.760">
  <response-info timems="0.072" idlems="0.034" threads="2" lastid="0000000000330B00" lastname="BenchmarkThread xml.validation 5" />
</exclusive-start>
<af-start id="1287" threadId="000000000011D480" totalBytesRequested="1040" timestamp="2021-04-05T23:14:49.467" intervalms="963.752" type="nursery" />
<cycle-start id="1288" type="scavenge" contextid="0" timestamp="2021-04-05T23:14:49.467" intervalms="963.749" />
<gc-start id="1289" type="scavenge" contextid="1288" timestamp="2021-04-05T23:14:49.467">
  <mem-info id="1290" free="1074172008" total="1610612736" percent="66">
    <mem type="nursery" free="0" total="402653184" percent="0">
      <mem type="allocate" free="0" total="333578240" percent="0" />
      <mem type="survivor" free="0" total="69074944" percent="0" />
    </mem>
    <mem type="tenure" free="1074172008" total="1207959552" percent="88">
      <mem type="soa" free="1013773416" total="1147560960" percent="88" />
      <mem type="loa" free="60398592" total="60398592" percent="100" />
    </mem>
    <remembered-set count="1534" />
  </mem-info>
</gc-start>
<allocation-stats totalBytes="271298400" >
  <allocated-bytes non-tlh="40" tlh="271298360" />
  <largest-consumer threadName="BenchmarkThread xml.validation 8" threadId="000000000033BE00" bytes="44585704" />
</allocation-stats>
<gc-op id="1291" type="scavenge" timems="109.589" contextid="1288" timestamp="2021-04-05T23:14:49.576">
  <scavenger-info tenureage="3" tenuremask="7ff8" tiltratio="82" />
  <memory-copied type="nursery" objects="1465782" bytes="59732472" bytesdiscarded="17032" />
  <memory-copied type="tenure" objects="2" bytes="64" bytesdiscarded="0" />
</gc-op>
<gc-end id="1292" type="scavenge" contextid="1288" durationms="109.579" usertimems="436.528" systemtimems="0.000" timestamp="2021-04-05T23:14:49.577" activeThreads="4">
  <mem-info id="1293" free="1348393960" total="1610612736" percent="83">
    <mem type="nursery" free="274221952" total="402653184" percent="68">
      <mem type="allocate" free="274221952" total="333971456" percent="82" />
      <mem type="survivor" free="0" total="68681728" percent="0" />
    </mem>
    <mem type="tenure" free="1074172008" total="1207959552" percent="88" macro-fragmented="0">
      <mem type="soa" free="1013773416" total="1147560960" percent="88" />
      <mem type="loa" free="60398592" total="60398592" percent="100" />
    </mem>
    <remembered-set count="1329" />
  </mem-info>
</gc-end>
<cycle-end id="1294" type="scavenge" contextid="1288" timestamp="2021-04-05T23:14:49.577" />
<allocation-satisfied id="1295" threadId="000000000011CB00" bytesRequested="1040" />
<af-end id="1296" timestamp="2021-04-05T23:14:49.577" threadId="000000000011D480" success="true" from="nursery"/>
<exclusive-end id="1297" timestamp="2021-04-05T23:14:49.577" durationms="110.524" />

<exclusive-start id="1298" timestamp="2021-04-05T23:14:50.469" intervalms="1002.436">
  <response-info timems="0.072" idlems="0.034" threads="2" lastid="000000000032CF00" lastname="BenchmarkThread xml.validation 4" />
</exclusive-start>
<af-start id="1299" threadId="0000000000338C80" totalBytesRequested="16" timestamp="2021-04-05T23:14:50.469" intervalms="1002.440" type="nursery" />
<cycle-start id="1300" type="scavenge" contextid="0" timestamp="2021-04-05T23:14:50.469" intervalms="1002.441" />
<gc-start id="1301" type="scavenge" contextid="1300" timestamp="2021-04-05T23:14:50.469">
  <mem-info id="1302" free="1074172008" total="1610612736" percent="66">
    <mem type="nursery" free="0" total="402653184" percent="0">
      <mem type="allocate" free="0" total="333971456" percent="0" />
      <mem type="survivor" free="0" total="68681728" percent="0" />
    </mem>
    <mem type="tenure" free="1074172008" total="1207959552" percent="88">
      <mem type="soa" free="1013773416" total="1147560960" percent="88" />
      <mem type="loa" free="60398592" total="60398592" percent="100" />
    </mem>
    <remembered-set count="1564" />
  </mem-info>
</gc-start>
<allocation-stats totalBytes="274056440" >
  <allocated-bytes non-tlh="2080" tlh="274054360" />
  <largest-consumer threadName="BenchmarkThread xml.validation 6" threadId="0000000000334700" bytes="54891224" />
</allocation-stats>
<gc-op id="1303" type="scavenge" timems="102.820" contextid="1300" timestamp="2021-04-05T23:14:50.572">
  <scavenger-info tenureage="3" tenuremask="7ff8" tiltratio="82" />
  <memory-copied type="nursery" objects="1416825" bytes="57677648" bytesdiscarded="13048" />
  <memory-copied type="tenure" objects="10" bytes="320" bytesdiscarded="0" />
</gc-op>
<gc-end id="1304" type="scavenge" contextid="1300" durationms="102.810" usertimems="400.501" systemtimems="0.001" timestamp="2021-04-05T23:14:50.573" activeThreads="4">
  <mem-info id="1305" free="1351239200" total="1610612736" percent="83">
    <mem type="nursery" free="277067192" total="402653184" percent="68">
      <mem type="allocate" free="277067192" total="334757888" percent="82" />
      <mem type="survivor" free="0" total="67895296" percent="0" />
    </mem>
    <mem type="tenure" free="1074172008" total="1207959552" percent="88" macro-fragmented="1250136">
      <mem type="soa" free="1013773416" total="1147560960" percent="88" />
      <mem type="loa" free="60398592" total="60398592" percent="100" />
    </mem>
    <remembered-set count="1332" />
  </mem-info>
</gc-end>
<cycle-end id="1306" type="scavenge" contextid="1300" timestamp="2021-04-05T23:14:50.573" />
<allocation-satisfied id="1307" threadId="0000000000338300" bytesRequested="16" />
<af-end id="1308" timestamp="2021-04-05T23:14:50.573" threadId="0000000000338C80" success="true" from="nursery"/>
<exclusive-end id="1309" timestamp="2021-04-05T23:14:50.573" durationms="103.763" />

<exclusive-start id="1310" timestamp="2021-04-05T23:14:51.392" intervalms="923.287">
  <response-info timems="0.049" idlems="0.049" threads="0" lastid="000000000033BE00" lastname="BenchmarkThread xml.validation 8" />
</exclusive-start>
<af-start id="1311" threadId="000000000033C780" totalBytesRequested="16" timestamp="2021-04-05T23:14:51.392" intervalms="923.299" type="nursery" />
<cycle-start id="1312" type="scavenge" contextid="0" timestamp="2021-04-05T23:14:51.393" intervalms="923.538" />
<gc-start id="1313" type="scavenge" contextid="1312" timestamp="2021-04-05T23:14:51.393">
  <mem-info id="1314" free="1074172008" total="1610612736" percent="66">
    <mem type="nursery" free="0" total="402653184" percent="0">
      <mem type="allocate" free="0" total="334757888" percent="0" />
      <mem type="survivor" free="0" total="67895296" percent="0" />
    </mem>
    <mem type="tenure" free="1074172008" total="1207959552" percent="88">
      <mem type="soa" free="1013773416" total="1147560960" percent="88" />
      <mem type="loa" free="60398592" total="60398592" percent="100" />
    </mem>
    <remembered-set count="1532" />
  </mem-info>
</gc-start>
<allocation-stats totalBytes="276881096" >
  <allocated-bytes non-tlh="16" tlh="276881080" />
  <largest-consumer threadName="BenchmarkThread xml.validation 8" threadId="000000000033BE00" bytes="46542960" />
</allocation-stats>
<gc-op id="1315" type="scavenge" timems="106.167" contextid="1312" timestamp="2021-04-05T23:14:51.499">
  <scavenger-info tenureage="3" tenuremask="7ff8" tiltratio="83" />
  <memory-copied type="nursery" objects="1536468" bytes="61775432" bytesdiscarded="10072" />
  <memory-copied type="tenure" objects="4" bytes="128" bytesdiscarded="0" />
</gc-op>
<gc-end id="1316" type="scavenge" contextid="1312" durationms="106.158" usertimems="406.828" systemtimems="0.003" timestamp="2021-04-05T23:14:51.500" activeThreads="4">
  <mem-info id="1317" free="1344522952" total="1610612736" percent="83">
    <mem type="nursery" free="270350944" total="402653184" percent="67">
      <mem type="allocate" free="270350944" total="332136448" percent="81" />
      <mem type="survivor" free="0" total="70516736" percent="0" />
    </mem>
    <mem type="tenure" free="1074172008" total="1207959552" percent="88" macro-fragmented="1250136">
      <mem type="soa" free="1013773416" total="1147560960" percent="88" />
      <mem type="loa" free="60398592" total="60398592" percent="100" />
    </mem>
    <remembered-set count="1338" />
  </mem-info>
</gc-end>
<cycle-end id="1318" type="scavenge" contextid="1312" timestamp="2021-04-05T23:14:51.500" />
<allocation-satisfied id="1319" threadId="000000000033BE00" bytesRequested="16" />
<af-end id="1320" timestamp="2021-04-05T23:14:51.500" threadId="000000000033C780" success="true" from="nursery"/>
<exclusive-end id="1321" timestamp="2021-04-05T23:14:51.500" durationms="107.379" />

<exclusive-start id="1322" timestamp="2021-04-05T23:14:52.329" intervalms="936.306">
  <response-info timems="0.053" idlems="0.027" threads="2" lastid="000000000032CF00" lastname="BenchmarkThread xml.validation 4" />
</exclusive-start>
<af-start id="1323" threadId="000000000011D480" totalBytesRequested="208" timestamp="2021-04-05T23:14:52.329" intervalms="936.295" type="nursery" />
<cycle-start id="1324" type="scavenge" contextid="0" timestamp="2021-04-05T23:14:52.329" intervalms="936.054" />
<gc-start id="1325" type="scavenge" contextid="1324" timestamp="2021-04-05T23:14:52.329">
  <mem-info id="1326" free="1074172008" total="1610612736" percent="66">
    <mem type="nursery" free="0" total="402653184" percent="0">
      <mem type="allocate" free="0" total="332136448" percent="0" />
      <mem type="survivor" free="0" total="70516736" percent="0" />
    </mem>
    <mem type="tenure" free="1074172008" total="1207959552" percent="88">
      <mem type="soa" free="1013773416" total="1147560960" percent="88" />
      <mem type="loa" free="60398592" total="60398592" percent="100" />
    </mem>
    <remembered-set count="1527" />
  </mem-info>
</gc-start>
<allocation-stats totalBytes="270177936" >
  <allocated-bytes non-tlh="16" tlh="270177920" />
  <largest-consumer threadName="BenchmarkThread xml.validation 1" threadId="000000000011CB00" bytes="52247864" />
</allocation-stats>
<gc-op id="1327" type="scavenge" timems="133.793" contextid="1324" timestamp="2021-04-05T23:14:52.463">
  <scavenger-info tenureage="3" tenuremask="7ff8" tiltratio="82" />
  <memory-copied type="nursery" objects="1547246" bytes="62256608" bytesdiscarded="17312" />
  <memory-copied type="tenure" objects="10" bytes="320" bytesdiscarded="0" />
</gc-op>
<gc-end id="1328" type="scavenge" contextid="1324" durationms="133.783" usertimems="511.175" systemtimems="0.006" timestamp="2021-04-05T23:14:52.463" activeThreads="4">
  <mem-info id="1329" free="1346197224" total="1610612736" percent="83">
    <mem type="nursery" free="272025216" total="402653184" percent="67">
      <mem type="allocate" free="272025216" total="334299136" percent="81" />
      <mem type="survivor" free="0" total="68354048" percent="0" />
    </mem>
    <mem type="tenure" free="1074172008" total="1207959552" percent="88" macro-fragmented="1250136">
      <mem type="soa" free="1013773416" total="1147560960" percent="88" />
      <mem type="loa" free="60398592" total="60398592" percent="100" />
    </mem>
    <remembered-set count="1334" />
  </mem-info>
</gc-end>
<cycle-end id="1330" type="scavenge" contextid="1324" timestamp="2021-04-05T23:14:52.463" />
<allocation-satisfied id="1331" threadId="000000000011CB00" bytesRequested="208" />
<af-end id="1332" timestamp="2021-04-05T23:14:52.463" threadId="000000000011D480" success="true" from="nursery"/>
<exclusive-end id="1333" timestamp="2021-04-05T23:14:52.463" durationms="134.725" />

<exclusive-start id="1334" timestamp="2021-04-05T23:14:53.358" intervalms="1029.760">
  <response-info timems="0.117" idlems="0.067" threads="2" lastid="000000000001DF00" lastname="JIT Compilation Thread-001" />
</exclusive-start>
<af-start id="1335" threadId="000000000032D880" totalBytesRequested="416" timestamp="2021-04-05T23:14:53.358" intervalms="1029.758" type="nursery" />
<cycle-start id="1336" type="scavenge" contextid="0" timestamp="2021-04-05T23:14:53.358" intervalms="1029.758" />
<gc-start id="1337" type="scavenge" contextid="1336" timestamp="2021-04-05T23:14:53.359">
  <mem-info id="1338" free="1074172008" total="1610612736" percent="66">
    <mem type="nursery" free="0" total="402653184" percent="0">
      <mem type="allocate" free="0" total="334299136" percent="0" />
      <mem type="survivor" free="0" total="68354048" percent="0" />
    </mem>
    <mem type="tenure" free="1074172008" total="1207959552" percent="88">
      <mem type="soa" free="1013773416" total="1147560960" percent="88" />
      <mem type="loa" free="60398592" total="60398592" percent="100" />
    </mem>
    <remembered-set count="1576" />
  </mem-info>
</gc-start>
<allocation-stats totalBytes="271855144" >
  <allocated-bytes non-tlh="208" tlh="271854936" />
  <largest-consumer threadName="BenchmarkThread xml.validation 4" threadId="000000000032CF00" bytes="44255456" />
</allocation-stats>
<gc-op id="1339" type="scavenge" timems="107.338" contextid="1336" timestamp="2021-04-05T23:14:53.466">
  <scavenger-info tenureage="3" tenuremask="7ff8" tiltratio="83" />
  <memory-copied type="nursery" objects="1544692" bytes="62010640" bytesdiscarded="11536" />
  <memory-copied type="tenure" objects="6" bytes="192" bytesdiscarded="0" />
</gc-op>
<gc-end id="1340" type="scavenge" contextid="1336" durationms="107.327" usertimems="409.116" systemtimems="0.000" timestamp="2021-04-05T23:14:53.467" activeThreads="4">
  <mem-info id="1341" free="1346711112" total="1610612736" percent="83">
    <mem type="nursery" free="272539104" total="402653184" percent="67">
      <mem type="allocate" free="272539104" total="334561280" percent="81" />
      <mem type="survivor" free="0" total="68091904" percent="0" />
    </mem>
    <mem type="tenure" free="1074172008" total="1207959552" percent="88" macro-fragmented="0">
      <mem type="soa" free="1013773416" total="1147560960" percent="88" />
      <mem type="loa" free="60398592" total="60398592" percent="100" />
    </mem>
    <remembered-set count="1337" />
  </mem-info>
</gc-end>
<cycle-end id="1342" type="scavenge" contextid="1336" timestamp="2021-04-05T23:14:53.467" />
<allocation-satisfied id="1343" threadId="000000000032CF00" bytesRequested="416" />
<af-end id="1344" timestamp="2021-04-05T23:14:53.467" threadId="000000000032D880" success="true" from="nursery"/>
<exclusive-end id="1345" timestamp="2021-04-05T23:14:53.467" durationms="108.320" />

<exclusive-start id="1346" timestamp="2021-04-05T23:14:54.232" intervalms="873.632">
  <response-info timems="0.058" idlems="0.035" threads="1" lastid="000000000011CB00" lastname="BenchmarkThread xml.validation 1" />
</exclusive-start>
<af-start id="1347" threadId="000000000013D880" totalBytesRequested="1040" timestamp="2021-04-05T23:14:54.232" intervalms="873.634" type="nursery" />
<cycle-start id="1348" type="scavenge" contextid="0" timestamp="2021-04-05T23:14:54.232" intervalms="873.636" />
<gc-start id="1349" type="scavenge" contextid="1348" timestamp="2021-04-05T23:14:54.232">
  <mem-info id="1350" free="1074172008" total="1610612736" percent="66">
    <mem type="nursery" free="0" total="402653184" percent="0">
      <mem type="allocate" free="0" total="334561280" percent="0" />
      <mem type="survivor" free="0" total="68091904" percent="0" />
    </mem>
    <mem type="tenure" free="1074172008" total="1207959552" percent="88">
      <mem type="soa" free="1013773416" total="1147560960" percent="88" />
      <mem type="loa" free="60398592" total="60398592" percent="100" />
    </mem>
    <remembered-set count="1515" />
  </mem-info>
</gc-start>
<allocation-stats totalBytes="272419080" >
  <allocated-bytes non-tlh="416" tlh="272418664" />
  <largest-consumer threadName="BenchmarkThread xml.validation 4" threadId="000000000032CF00" bytes="37376320" />
</allocation-stats>
<gc-op id="1351" type="scavenge" timems="106.390" contextid="1348" timestamp="2021-04-05T23:14:54.339">
  <scavenger-info tenureage="3" tenuremask="7ff8" tiltratio="83" />
  <memory-copied type="nursery" objects="1531947" bytes="61651008" bytesdiscarded="9168" />
  <memory-copied type="tenure" objects="2" bytes="64" bytesdiscarded="0" />
</gc-op>
<gc-end id="1352" type="scavenge" contextid="1348" durationms="106.380" usertimems="413.778" systemtimems="0.010" timestamp="2021-04-05T23:14:54.339" activeThreads="4">
  <mem-info id="1353" free="1347269720" total="1610612736" percent="83">
    <mem type="nursery" free="273097712" total="402653184" percent="67">
      <mem type="allocate" free="273097712" total="334757888" percent="81" />
      <mem type="survivor" free="0" total="67895296" percent="0" />
    </mem>
    <mem type="tenure" free="1074172008" total="1207959552" percent="88" macro-fragmented="0">
      <mem type="soa" free="1013773416" total="1147560960" percent="88" />
      <mem type="loa" free="60398592" total="60398592" percent="100" />
    </mem>
    <remembered-set count="1339" />
  </mem-info>
</gc-end>
<cycle-end id="1354" type="scavenge" contextid="1348" timestamp="2021-04-05T23:14:54.339" />
<allocation-satisfied id="1355" threadId="000000000013CF00" bytesRequested="1040" />
<af-end id="1356" timestamp="2021-04-05T23:14:54.339" threadId="000000000013D880" success="true" from="nursery"/>
<exclusive-end id="1357" timestamp="2021-04-05T23:14:54.339" durationms="107.457" />

<exclusive-start id="1358" timestamp="2021-04-05T23:14:55.183" intervalms="950.805">
  <response-info timems="0.085" idlems="0.039" threads="4" lastid="0000000000329300" lastname="BenchmarkThread xml.validation 3" />
</exclusive-start>
<af-start id="1359" threadId="0000000000331480" totalBytesRequested="40" timestamp="2021-04-05T23:14:55.183" intervalms="950.808" type="nursery" />
<cycle-start id="1360" type="scavenge" contextid="0" timestamp="2021-04-05T23:14:55.183" intervalms="950.813" />
<gc-start id="1361" type="scavenge" contextid="1360" timestamp="2021-04-05T23:14:55.183">
  <mem-info id="1362" free="1074172008" total="1610612736" percent="66">
    <mem type="nursery" free="0" total="402653184" percent="0">
      <mem type="allocate" free="0" total="334757888" percent="0" />
      <mem type="survivor" free="0" total="67895296" percent="0" />
    </mem>
    <mem type="tenure" free="1074172008" total="1207959552" percent="88">
      <mem type="soa" free="1013773416" total="1147560960" percent="88" />
      <mem type="loa" free="60398592" total="60398592" percent="100" />
    </mem>
    <remembered-set count="1570" />
  </mem-info>
</gc-start>
<allocation-stats totalBytes="272960568" >
  <allocated-bytes non-tlh="6240" tlh="272954328" />
  <largest-consumer threadName="BenchmarkThread xml.validation 6" threadId="0000000000334700" bytes="41297408" />
</allocation-stats>
<gc-op id="1363" type="scavenge" timems="124.631" contextid="1360" timestamp="2021-04-05T23:14:55.308">
  <scavenger-info tenureage="3" tenuremask="7ff8" tiltratio="83" />
  <memory-copied type="nursery" objects="1436029" bytes="58472408" bytesdiscarded="10600" />
  <memory-copied type="tenure" objects="10" bytes="320" bytesdiscarded="0" />
</gc-op>
<gc-end id="1364" type="scavenge" contextid="1360" durationms="124.620" usertimems="476.939" systemtimems="4.016" timestamp="2021-04-05T23:14:55.308" activeThreads="4">
  <mem-info id="1365" free="1350709032" total="1610612736" percent="83">
    <mem type="nursery" free="276537024" total="402653184" percent="68">
      <mem type="allocate" free="276537024" total="335020032" percent="82" />
      <mem type="survivor" free="0" total="67633152" percent="0" />
    </mem>
    <mem type="tenure" free="1074172008" total="1207959552" percent="88" macro-fragmented="0">
      <mem type="soa" free="1013773416" total="1147560960" percent="88" />
      <mem type="loa" free="60398592" total="60398592" percent="100" />
    </mem>
    <remembered-set count="1320" />
  </mem-info>
</gc-end>
<cycle-end id="1366" type="scavenge" contextid="1360" timestamp="2021-04-05T23:14:55.308" />
<allocation-satisfied id="1367" threadId="0000000000330B00" bytesRequested="40" />
<af-end id="1368" timestamp="2021-04-05T23:14:55.308" threadId="0000000000331480" success="true" from="nursery"/>
<exclusive-end id="1369" timestamp="2021-04-05T23:14:55.308" durationms="125.640" />

<exclusive-start id="1370" timestamp="2021-04-05T23:14:56.167" intervalms="984.556">
  <response-info timems="0.069" idlems="0.042" threads="1" lastid="0000000000330B00" lastname="BenchmarkThread xml.validation 5" />
</exclusive-start>
<af-start id="1371" threadId="000000000013D880" totalBytesRequested="16" timestamp="2021-04-05T23:14:56.167" intervalms="984.564" type="nursery" />
<cycle-start id="1372" type="scavenge" contextid="0" timestamp="2021-04-05T23:14:56.167" intervalms="984.559" />
<gc-start id="1373" type="scavenge" contextid="1372" timestamp="2021-04-05T23:14:56.168">
  <mem-info id="1374" free="1074172008" total="1610612736" percent="66">
    <mem type="nursery" free="0" total="402653184" percent="0">
      <mem type="allocate" free="0" total="335020032" percent="0" />
      <mem type="survivor" free="0" total="67633152" percent="0" />
    </mem>
    <mem type="tenure" free="1074172008" total="1207959552" percent="88">
      <mem type="soa" free="1013773416" total="1147560960" percent="88" />
      <mem type="loa" free="60398592" total="60398592" percent="100" />
    </mem>
    <remembered-set count="1545" />
  </mem-info>
</gc-start>
<allocation-stats totalBytes="276398328" >
  <allocated-bytes non-tlh="4200" tlh="276394128" />
  <largest-consumer threadName="BenchmarkThread xml.validation 8" threadId="000000000033BE00" bytes="48118144" />
</allocation-stats>
<gc-op id="1375" type="scavenge" timems="149.467" contextid="1372" timestamp="2021-04-05T23:14:56.317">
  <scavenger-info tenureage="3" tenuremask="7ff8" tiltratio="83" />
  <memory-copied type="nursery" objects="1542272" bytes="61958040" bytesdiscarded="13224" />
  <memory-copied type="tenure" objects="4" bytes="128" bytesdiscarded="0" />
</gc-op>
<gc-end id="1376" type="scavenge" contextid="1372" durationms="149.457" usertimems="576.622" systemtimems="0.008" timestamp="2021-04-05T23:14:56.318" activeThreads="4">
  <mem-info id="1377" free="1344730408" total="1610612736" percent="83">
    <mem type="nursery" free="270558400" total="402653184" percent="67">
      <mem type="allocate" free="270558400" total="332529664" percent="81" />
      <mem type="survivor" free="0" total="70123520" percent="0" />
    </mem>
    <mem type="tenure" free="1074172008" total="1207959552" percent="88" macro-fragmented="2592282">
      <mem type="soa" free="1013773416" total="1147560960" percent="88" />
      <mem type="loa" free="60398592" total="60398592" percent="100" />
    </mem>
    <remembered-set count="1335" />
  </mem-info>
</gc-end>
<cycle-end id="1378" type="scavenge" contextid="1372" timestamp="2021-04-05T23:14:56.318" />
<allocation-satisfied id="1379" threadId="000000000013CF00" bytesRequested="16" />
<af-end id="1380" timestamp="2021-04-05T23:14:56.318" threadId="000000000013D880" success="true" from="nursery"/>
<exclusive-end id="1381" timestamp="2021-04-05T23:14:56.318" durationms="150.606" />

<exclusive-start id="1382" timestamp="2021-04-05T23:14:57.119" intervalms="951.500">
  <response-info timems="0.088" idlems="0.042" threads="5" lastid="0000000000330B00" lastname="BenchmarkThread xml.validation 5" />
</exclusive-start>
<af-start id="1383" threadId="0000000000338C80" totalBytesRequested="16" timestamp="2021-04-05T23:14:57.119" intervalms="951.500" type="nursery" />
<cycle-start id="1384" type="scavenge" contextid="0" timestamp="2021-04-05T23:14:57.119" intervalms="951.741" />
<gc-start id="1385" type="scavenge" contextid="1384" timestamp="2021-04-05T23:14:57.119">
  <mem-info id="1386" free="1074172008" total="1610612736" percent="66">
    <mem type="nursery" free="0" total="402653184" percent="0">
      <mem type="allocate" free="0" total="332529664" percent="0" />
      <mem type="survivor" free="0" total="70123520" percent="0" />
    </mem>
    <mem type="tenure" free="1074172008" total="1207959552" percent="88">
      <mem type="soa" free="1013773416" total="1147560960" percent="88" />
      <mem type="loa" free="60398592" total="60398592" percent="100" />
    </mem>
    <remembered-set count="1527" />
  </mem-info>
</gc-start>
<allocation-stats totalBytes="270425016" >
  <allocated-bytes non-tlh="16" tlh="270425000" />
  <largest-consumer threadName="BenchmarkThread xml.validation 5" threadId="0000000000330B00" bytes="42807464" />
</allocation-stats>
<gc-op id="1387" type="scavenge" timems="112.684" contextid="1384" timestamp="2021-04-05T23:14:57.232">
  <scavenger-info tenureage="3" tenuremask="7ff8" tiltratio="82" />
  <memory-copied type="nursery" objects="1563623" bytes="62932504" bytesdiscarded="10392" />
  <memory-copied type="tenure" objects="4" bytes="128" bytesdiscarded="0" />
</gc-op>
<gc-end id="1388" type="scavenge" contextid="1384" durationms="112.674" usertimems="432.274" systemtimems="0.007" timestamp="2021-04-05T23:14:57.233" activeThreads="4">
  <mem-info id="1389" free="1344610744" total="1610612736" percent="83">
    <mem type="nursery" free="270438736" total="402653184" percent="67">
      <mem type="allocate" free="270438736" total="333381632" percent="81" />
      <mem type="survivor" free="0" total="69271552" percent="0" />
    </mem>
    <mem type="tenure" free="1074172008" total="1207959552" percent="88" macro-fragmented="723458">
      <mem type="soa" free="1013773416" total="1147560960" percent="88" />
      <mem type="loa" free="60398592" total="60398592" percent="100" />
    </mem>
    <remembered-set count="1334" />
  </mem-info>
</gc-end>
<cycle-end id="1390" type="scavenge" contextid="1384" timestamp="2021-04-05T23:14:57.233" />
<allocation-satisfied id="1391" threadId="0000000000338300" bytesRequested="16" />
<af-end id="1392" timestamp="2021-04-05T23:14:57.233" threadId="0000000000338C80" success="true" from="nursery"/>
<exclusive-end id="1393" timestamp="2021-04-05T23:14:57.233" durationms="113.910" />

<exclusive-start id="1394" timestamp="2021-04-05T23:14:58.089" intervalms="970.492">
  <response-info timems="0.048" idlems="0.048" threads="0" lastid="0000000000330B00" lastname="BenchmarkThread xml.validation 5" />
</exclusive-start>
<af-start id="1395" threadId="0000000000331480" totalBytesRequested="48" timestamp="2021-04-05T23:14:58.089" intervalms="970.485" type="nursery" />
<cycle-start id="1396" type="scavenge" contextid="0" timestamp="2021-04-05T23:14:58.089" intervalms="970.249" />
<gc-start id="1397" type="scavenge" contextid="1396" timestamp="2021-04-05T23:14:58.090">
  <mem-info id="1398" free="1074172008" total="1610612736" percent="66">
    <mem type="nursery" free="0" total="402653184" percent="0">
      <mem type="allocate" free="0" total="333381632" percent="0" />
      <mem type="survivor" free="0" total="69271552" percent="0" />
    </mem>
    <mem type="tenure" free="1074172008" total="1207959552" percent="88">
      <mem type="soa" free="1013773416" total="1147560960" percent="88" />
      <mem type="loa" free="60398592" total="60398592" percent="100" />
    </mem>
    <remembered-set count="1557" />
  </mem-info>
</gc-start>
<allocation-stats totalBytes="270297568" >
  <allocated-bytes non-tlh="16" tlh="270297552" />
  <largest-consumer threadName="BenchmarkThread xml.validation 8" threadId="000000000033BE00" bytes="50638064" />
</allocation-stats>
<gc-op id="1399" type="scavenge" timems="115.937" contextid="1396" timestamp="2021-04-05T23:14:58.206">
  <scavenger-info tenureage="3" tenuremask="7ff8" tiltratio="82" />
  <memory-copied type="nursery" objects="1558350" bytes="62615568" bytesdiscarded="13240" />
  <memory-copied type="tenure" objects="12" bytes="384" bytesdiscarded="0" />
</gc-op>
<gc-end id="1400" type="scavenge" contextid="1396" durationms="115.925" usertimems="433.145" systemtimems="0.000" timestamp="2021-04-05T23:14:58.206" activeThreads="4">
  <mem-info id="1401" free="1345186976" total="1610612736" percent="83">
    <mem type="nursery" free="271014968" total="402653184" percent="67">
      <mem type="allocate" free="271014968" total="333643776" percent="81" />
      <mem type="survivor" free="0" total="69009408" percent="0" />
    </mem>
    <mem type="tenure" free="1074172008" total="1207959552" percent="88" macro-fragmented="0">
      <mem type="soa" free="1013773416" total="1147560960" percent="88" />
      <mem type="loa" free="60398592" total="60398592" percent="100" />
    </mem>
    <remembered-set count="1342" />
  </mem-info>
</gc-end>
<cycle-end id="1402" type="scavenge" contextid="1396" timestamp="2021-04-05T23:14:58.206" />
<allocation-satisfied id="1403" threadId="0000000000330B00" bytesRequested="48" />
<af-end id="1404" timestamp="2021-04-05T23:14:58.206" threadId="0000000000331480" success="true" from="nursery"/>
<exclusive-end id="1405" timestamp="2021-04-05T23:14:58.206" durationms="116.935" />

<exclusive-start id="1406" timestamp="2021-04-05T23:14:59.016" intervalms="926.192">
  <response-info timems="0.056" idlems="0.035" threads="1" lastid="000000000011CB00" lastname="BenchmarkThread xml.validation 1" />
</exclusive-start>
<af-start id="1407" threadId="0000000000335080" totalBytesRequested="1040" timestamp="2021-04-05T23:14:59.016" intervalms="926.190" type="nursery" />
<cycle-start id="1408" type="scavenge" contextid="0" timestamp="2021-04-05T23:14:59.016" intervalms="926.191" />
<gc-start id="1409" type="scavenge" contextid="1408" timestamp="2021-04-05T23:14:59.016">
  <mem-info id="1410" free="1074172008" total="1610612736" percent="66">
    <mem type="nursery" free="0" total="402653184" percent="0">
      <mem type="allocate" free="0" total="333643776" percent="0" />
      <mem type="survivor" free="0" total="69009408" percent="0" />
    </mem>
    <mem type="tenure" free="1074172008" total="1207959552" percent="88">
      <mem type="soa" free="1013773416" total="1147560960" percent="88" />
      <mem type="loa" free="60398592" total="60398592" percent="100" />
    </mem>
    <remembered-set count="1539" />
  </mem-info>
</gc-start>
<allocation-stats totalBytes="270874800" >
  <allocated-bytes non-tlh="48" tlh="270874752" />
  <largest-consumer threadName="BenchmarkThread xml.validation 5" threadId="0000000000330B00" bytes="41383624" />
</allocation-stats>
<gc-op id="1411" type="scavenge" timems="140.527" contextid="1408" timestamp="2021-04-05T23:14:59.156">
  <scavenger-info tenureage="3" tenuremask="7ff8" tiltratio="82" />
  <memory-copied type="nursery" objects="1550813" bytes="62295160" bytesdiscarded="12376" />
  <memory-copied type="tenure" objects="2" bytes="64" bytesdiscarded="0" />
</gc-op>
<gc-end id="1412" type="scavenge" contextid="1408" durationms="140.515" usertimems="551.636" systemtimems="0.000" timestamp="2021-04-05T23:14:59.157" activeThreads="4">
  <mem-info id="1413" free="1345770392" total="1610612736" percent="83">
    <mem type="nursery" free="271598384" total="402653184" percent="67">
      <mem type="allocate" free="271598384" total="333905920" percent="81" />
      <mem type="survivor" free="0" total="68747264" percent="0" />
    </mem>
    <mem type="tenure" free="1074172008" total="1207959552" percent="88" macro-fragmented="0">
      <mem type="soa" free="1013773416" total="1147560960" percent="88" />
      <mem type="loa" free="60398592" total="60398592" percent="100" />
    </mem>
    <remembered-set count="1342" />
  </mem-info>
</gc-end>
<cycle-end id="1414" type="scavenge" contextid="1408" timestamp="2021-04-05T23:14:59.157" />
<allocation-satisfied id="1415" threadId="0000000000334700" bytesRequested="1040" />
<af-end id="1416" timestamp="2021-04-05T23:14:59.157" threadId="0000000000335080" success="true" from="nursery"/>
<exclusive-end id="1417" timestamp="2021-04-05T23:14:59.157" durationms="141.762" />

<exclusive-start id="1418" timestamp="2021-04-05T23:14:59.966" intervalms="950.483">
  <response-info timems="0.065" idlems="0.040" threads="1" lastid="0000000000330B00" lastname="BenchmarkThread xml.validation 5" />
</exclusive-start>
<af-start id="1419" threadId="0000000000338C80" totalBytesRequested="48" timestamp="2021-04-05T23:14:59.966" intervalms="950.487" type="nursery" />
<cycle-start id="1420" type="scavenge" contextid="0" timestamp="2021-04-05T23:14:59.966" intervalms="950.491" />
<gc-start id="1421" type="scavenge" contextid="1420" timestamp="2021-04-05T23:14:59.966">
  <mem-info id="1422" free="1074172008" total="1610612736" percent="66">
    <mem type="nursery" free="0" total="402653184" percent="0">
      <mem type="allocate" free="0" total="333905920" percent="0" />
      <mem type="survivor" free="0" total="68747264" percent="0" />
    </mem>
    <mem type="tenure" free="1074172008" total="1207959552" percent="88">
      <mem type="soa" free="1013773416" total="1147560960" percent="88" />
      <mem type="loa" free="60398592" total="60398592" percent="100" />
    </mem>
    <remembered-set count="1533" />
  </mem-info>
</gc-start>
<allocation-stats totalBytes="271465696" >
  <allocated-bytes non-tlh="7280" tlh="271458416" />
  <largest-consumer threadName="BenchmarkThread xml.validation 6" threadId="0000000000334700" bytes="57868392" />
</allocation-stats>
<gc-op id="1423" type="scavenge" timems="106.547" contextid="1420" timestamp="2021-04-05T23:15:00.073">
  <scavenger-info tenureage="3" tenuremask="7ff8" tiltratio="82" />
  <memory-copied type="nursery" objects="1525139" bytes="61443192" bytesdiscarded="18224" />
  <memory-copied type="tenure" objects="10" bytes="320" bytesdiscarded="0" />
</gc-op>
<gc-end id="1424" type="scavenge" contextid="1420" durationms="106.532" usertimems="402.915" systemtimems="0.000" timestamp="2021-04-05T23:15:00.074" activeThreads="4">
  <mem-info id="1425" free="1346878656" total="1610612736" percent="83">
    <mem type="nursery" free="272706648" total="402653184" percent="67">
      <mem type="allocate" free="272706648" total="334168064" percent="81" />
      <mem type="survivor" free="0" total="68485120" percent="0" />
    </mem>
    <mem type="tenure" free="1074172008" total="1207959552" percent="88" macro-fragmented="0">
      <mem type="soa" free="1013773416" total="1147560960" percent="88" />
      <mem type="loa" free="60398592" total="60398592" percent="100" />
    </mem>
    <remembered-set count="1332" />
  </mem-info>
</gc-end>
<cycle-end id="1426" type="scavenge" contextid="1420" timestamp="2021-04-05T23:15:00.074" />
<allocation-satisfied id="1427" threadId="0000000000338300" bytesRequested="48" />
<af-end id="1428" timestamp="2021-04-05T23:15:00.074" threadId="0000000000338C80" success="true" from="nursery"/>
<exclusive-end id="1429" timestamp="2021-04-05T23:15:00.074" durationms="107.618" />

<exclusive-start id="1430" timestamp="2021-04-05T23:15:00.927" intervalms="960.967">
  <response-info timems="0.050" idlems="0.050" threads="0" lastid="000000000011CB00" lastname="BenchmarkThread xml.validation 1" />
</exclusive-start>
<af-start id="1431" threadId="000000000011D480" totalBytesRequested="16" timestamp="2021-04-05T23:15:00.927" intervalms="960.973" type="nursery" />
<cycle-start id="1432" type="scavenge" contextid="0" timestamp="2021-04-05T23:15:00.927" intervalms="960.963" />
<gc-start id="1433" type="scavenge" contextid="1432" timestamp="2021-04-05T23:15:00.927">
  <mem-info id="1434" free="1074172008" total="1610612736" percent="66">
    <mem type="nursery" free="0" total="402653184" percent="0">
      <mem type="allocate" free="0" total="334168064" percent="0" />
      <mem type="survivor" free="0" total="68485120" percent="0" />
    </mem>
    <mem type="tenure" free="1074172008" total="1207959552" percent="88">
      <mem type="soa" free="1013773416" total="1147560960" percent="88" />
      <mem type="loa" free="60398592" total="60398592" percent="100" />
    </mem>
    <remembered-set count="1548" />
  </mem-info>
</gc-start>
<allocation-stats totalBytes="272561680" >
  <allocated-bytes non-tlh="48" tlh="272561632" />
  <largest-consumer threadName="BenchmarkThread xml.validation 7" threadId="0000000000338300" bytes="46954016" />
</allocation-stats>
<gc-op id="1435" type="scavenge" timems="128.893" contextid="1432" timestamp="2021-04-05T23:15:01.056">
  <scavenger-info tenureage="3" tenuremask="7ff8" tiltratio="82" />
  <memory-copied type="nursery" objects="1496661" bytes="60563032" bytesdiscarded="11864" />
  <memory-copied type="tenure" objects="6" bytes="192" bytesdiscarded="0" />
</gc-op>
<gc-end id="1436" type="scavenge" contextid="1432" durationms="128.883" usertimems="502.227" systemtimems="0.017" timestamp="2021-04-05T23:15:01.057" activeThreads="4">
  <mem-info id="1437" free="1348223928" total="1610612736" percent="83">
    <mem type="nursery" free="274051920" total="402653184" percent="68">
      <mem type="allocate" free="274051920" total="334626816" percent="81" />
      <mem type="survivor" free="0" total="68026368" percent="0" />
    </mem>
    <mem type="tenure" free="1074172008" total="1207959552" percent="88" macro-fragmented="0">
      <mem type="soa" free="1013773416" total="1147560960" percent="88" />
      <mem type="loa" free="60398592" total="60398592" percent="100" />
    </mem>
    <remembered-set count="1336" />
  </mem-info>
</gc-end>
<cycle-end id="1438" type="scavenge" contextid="1432" timestamp="2021-04-05T23:15:01.057" />
<allocation-satisfied id="1439" threadId="000000000011CB00" bytesRequested="16" />
<af-end id="1440" timestamp="2021-04-05T23:15:01.057" threadId="000000000011D480" success="true" from="nursery"/>
<exclusive-end id="1441" timestamp="2021-04-05T23:15:01.057" durationms="129.949" />

<exclusive-start id="1442" timestamp="2021-04-05T23:15:01.848" intervalms="921.403">
  <response-info timems="0.079" idlems="0.038" threads="5" lastid="000000000033BE00" lastname="BenchmarkThread xml.validation 8" />
</exclusive-start>
<af-start id="1443" threadId="0000000000338C80" totalBytesRequested="16" timestamp="2021-04-05T23:15:01.848" intervalms="921.387" type="nursery" />
<cycle-start id="1444" type="scavenge" contextid="0" timestamp="2021-04-05T23:15:01.849" intervalms="921.387" />
<gc-start id="1445" type="scavenge" contextid="1444" timestamp="2021-04-05T23:15:01.849">
  <mem-info id="1446" free="1074172008" total="1610612736" percent="66">
    <mem type="nursery" free="0" total="402653184" percent="0">
      <mem type="allocate" free="0" total="334626816" percent="0" />
      <mem type="survivor" free="0" total="68026368" percent="0" />
    </mem>
    <mem type="tenure" free="1074172008" total="1207959552" percent="88">
      <mem type="soa" free="1013773416" total="1147560960" percent="88" />
      <mem type="loa" free="60398592" total="60398592" percent="100" />
    </mem>
    <remembered-set count="1531" />
  </mem-info>
</gc-start>
<allocation-stats totalBytes="273928640" >
  <allocated-bytes non-tlh="16" tlh="273928624" />
  <largest-consumer threadName="BenchmarkThread xml.validation 2" threadId="000000000013CF00" bytes="44907168" />
</allocation-stats>
<gc-op id="1447" type="scavenge" timems="108.240" contextid="1444" timestamp="2021-04-05T23:15:01.957">
  <scavenger-info tenureage="3" tenuremask="7ff8" tiltratio="83" />
  <memory-copied type="nursery" objects="1583333" bytes="64197280" bytesdiscarded="12800" />
  <memory-copied type="tenure" objects="4" bytes="128" bytesdiscarded="0" />
</gc-op>
<gc-end id="1448" type="scavenge" contextid="1444" durationms="108.230" usertimems="411.945" systemtimems="0.000" timestamp="2021-04-05T23:15:01.958" activeThreads="4">
  <mem-info id="1449" free="1340394440" total="1610612736" percent="83">
    <mem type="nursery" free="266222432" total="402653184" percent="66">
      <mem type="allocate" free="266222432" total="330432512" percent="80" />
      <mem type="survivor" free="0" total="72220672" percent="0" />
    </mem>
    <mem type="tenure" free="1074172008" total="1207959552" percent="88" macro-fragmented="0">
      <mem type="soa" free="1013773416" total="1147560960" percent="88" />
      <mem type="loa" free="60398592" total="60398592" percent="100" />
    </mem>
    <remembered-set count="1339" />
  </mem-info>
</gc-end>
<cycle-end id="1450" type="scavenge" contextid="1444" timestamp="2021-04-05T23:15:01.958" />
<allocation-satisfied id="1451" threadId="0000000000338300" bytesRequested="16" />
<af-end id="1452" timestamp="2021-04-05T23:15:01.958" threadId="0000000000338C80" success="true" from="nursery"/>
<exclusive-end id="1453" timestamp="2021-04-05T23:15:01.958" durationms="109.338" />

<exclusive-start id="1454" timestamp="2021-04-05T23:15:02.920" intervalms="1071.696">
  <response-info timems="0.048" idlems="0.048" threads="0" lastid="000000000033BE00" lastname="BenchmarkThread xml.validation 8" />
</exclusive-start>
<af-start id="1455" threadId="000000000033C780" totalBytesRequested="16" timestamp="2021-04-05T23:15:02.920" intervalms="1071.706" type="nursery" />
<cycle-start id="1456" type="scavenge" contextid="0" timestamp="2021-04-05T23:15:02.920" intervalms="1071.712" />
<gc-start id="1457" type="scavenge" contextid="1456" timestamp="2021-04-05T23:15:02.920">
  <mem-info id="1458" free="1074172008" total="1610612736" percent="66">
    <mem type="nursery" free="0" total="402653184" percent="0">
      <mem type="allocate" free="0" total="330432512" percent="0" />
      <mem type="survivor" free="0" total="72220672" percent="0" />
    </mem>
    <mem type="tenure" free="1074172008" total="1207959552" percent="88">
      <mem type="soa" free="1013773416" total="1147560960" percent="88" />
      <mem type="loa" free="60398592" total="60398592" percent="100" />
    </mem>
    <remembered-set count="1562" />
  </mem-info>
</gc-start>
<allocation-stats totalBytes="266093528" >
  <allocated-bytes non-tlh="5216" tlh="266088312" />
  <largest-consumer threadName="BenchmarkThread xml.validation 8" threadId="000000000033BE00" bytes="43792792" />
</allocation-stats>
<gc-op id="1459" type="scavenge" timems="134.826" contextid="1456" timestamp="2021-04-05T23:15:03.055">
  <scavenger-info tenureage="3" tenuremask="7ff8" tiltratio="82" />
  <memory-copied type="nursery" objects="1544380" bytes="61993792" bytesdiscarded="11568" />
  <memory-copied type="tenure" objects="8" bytes="256" bytesdiscarded="0" />
</gc-op>
<gc-end id="1460" type="scavenge" contextid="1456" durationms="134.813" usertimems="514.804" systemtimems="7.991" timestamp="2021-04-05T23:15:03.056" activeThreads="4">
  <mem-info id="1461" free="1343123448" total="1610612736" percent="83">
    <mem type="nursery" free="268951440" total="402653184" percent="66">
      <mem type="allocate" free="268951440" total="330956800" percent="81" />
      <mem type="survivor" free="0" total="71696384" percent="0" />
    </mem>
    <mem type="tenure" free="1074172008" total="1207959552" percent="88" macro-fragmented="0">
      <mem type="soa" free="1013773416" total="1147560960" percent="88" />
      <mem type="loa" free="60398592" total="60398592" percent="100" />
    </mem>
    <remembered-set count="1332" />
  </mem-info>
</gc-end>
<cycle-end id="1462" type="scavenge" contextid="1456" timestamp="2021-04-05T23:15:03.056" />
<allocation-satisfied id="1463" threadId="000000000033BE00" bytesRequested="16" />
<af-end id="1464" timestamp="2021-04-05T23:15:03.056" threadId="000000000033C780" success="true" from="nursery"/>
<exclusive-end id="1465" timestamp="2021-04-05T23:15:03.056" durationms="135.789" />

<exclusive-start id="1466" timestamp="2021-04-05T23:15:03.840" intervalms="919.874">
  <response-info timems="0.046" idlems="0.046" threads="0" lastid="000000000011CB00" lastname="BenchmarkThread xml.validation 1" />
</exclusive-start>
<af-start id="1467" threadId="000000000011D480" totalBytesRequested="56" timestamp="2021-04-05T23:15:03.840" intervalms="919.868" type="nursery" />
<cycle-start id="1468" type="scavenge" contextid="0" timestamp="2021-04-05T23:15:03.840" intervalms="919.861" />
<gc-start id="1469" type="scavenge" contextid="1468" timestamp="2021-04-05T23:15:03.840">
  <mem-info id="1470" free="1074172008" total="1610612736" percent="66">
    <mem type="nursery" free="0" total="402653184" percent="0">
      <mem type="allocate" free="0" total="330956800" percent="0" />
      <mem type="survivor" free="0" total="71696384" percent="0" />
    </mem>
    <mem type="tenure" free="1074172008" total="1207959552" percent="88">
      <mem type="soa" free="1013773416" total="1147560960" percent="88" />
      <mem type="loa" free="60398592" total="60398592" percent="100" />
    </mem>
    <remembered-set count="1534" />
  </mem-info>
</gc-start>
<allocation-stats totalBytes="268813840" >
  <allocated-bytes non-tlh="16" tlh="268813824" />
  <largest-consumer threadName="BenchmarkThread xml.validation 7" threadId="0000000000338300" bytes="41242496" />
</allocation-stats>
<gc-op id="1471" type="scavenge" timems="108.480" contextid="1468" timestamp="2021-04-05T23:15:03.949">
  <scavenger-info tenureage="3" tenuremask="7ff8" tiltratio="82" />
  <memory-copied type="nursery" objects="1529572" bytes="61555456" bytesdiscarded="11328" />
  <memory-copied type="tenure" objects="6" bytes="192" bytesdiscarded="0" />
</gc-op>
<gc-end id="1472" type="scavenge" contextid="1468" durationms="108.469" usertimems="412.956" systemtimems="0.009" timestamp="2021-04-05T23:15:03.949" activeThreads="4">
  <mem-info id="1473" free="1344545064" total="1610612736" percent="83">
    <mem type="nursery" free="270373056" total="402653184" percent="67">
      <mem type="allocate" free="270373056" total="331939840" percent="81" />
      <mem type="survivor" free="0" total="70713344" percent="0" />
    </mem>
    <mem type="tenure" free="1074172008" total="1207959552" percent="88" macro-fragmented="0">
      <mem type="soa" free="1013773416" total="1147560960" percent="88" />
      <mem type="loa" free="60398592" total="60398592" percent="100" />
    </mem>
    <remembered-set count="1337" />
  </mem-info>
</gc-end>
<cycle-end id="1474" type="scavenge" contextid="1468" timestamp="2021-04-05T23:15:03.949" />
<allocation-satisfied id="1475" threadId="000000000011CB00" bytesRequested="56" />
<af-end id="1476" timestamp="2021-04-05T23:15:03.949" threadId="000000000011D480" success="true" from="nursery"/>
<exclusive-end id="1477" timestamp="2021-04-05T23:15:03.949" durationms="109.390" />

<exclusive-start id="1478" timestamp="2021-04-05T23:15:04.796" intervalms="956.456">
  <response-info timems="0.054" idlems="0.054" threads="0" lastid="0000000000334700" lastname="BenchmarkThread xml.validation 6" />
</exclusive-start>
<af-start id="1479" threadId="0000000000335080" totalBytesRequested="16" timestamp="2021-04-05T23:15:04.797" intervalms="956.454" type="nursery" />
<cycle-start id="1480" type="scavenge" contextid="0" timestamp="2021-04-05T23:15:04.797" intervalms="956.454" />
<gc-start id="1481" type="scavenge" contextid="1480" timestamp="2021-04-05T23:15:04.797">
  <mem-info id="1482" free="1074172008" total="1610612736" percent="66">
    <mem type="nursery" free="0" total="402653184" percent="0">
      <mem type="allocate" free="0" total="331939840" percent="0" />
      <mem type="survivor" free="0" total="70713344" percent="0" />
    </mem>
    <mem type="tenure" free="1074172008" total="1207959552" percent="88">
      <mem type="soa" free="1013773416" total="1147560960" percent="88" />
      <mem type="loa" free="60398592" total="60398592" percent="100" />
    </mem>
    <remembered-set count="1540" />
  </mem-info>
</gc-start>
<allocation-stats totalBytes="270242952" >
  <allocated-bytes non-tlh="56" tlh="270242896" />
  <largest-consumer threadName="BenchmarkThread xml.validation 5" threadId="0000000000330B00" bytes="42418608" />
</allocation-stats>
<gc-op id="1483" type="scavenge" timems="133.812" contextid="1480" timestamp="2021-04-05T23:15:04.930">
  <scavenger-info tenureage="3" tenuremask="7ff8" tiltratio="82" />
  <memory-copied type="nursery" objects="1529391" bytes="61558168" bytesdiscarded="13568" />
  <memory-copied type="tenure" objects="8" bytes="256" bytesdiscarded="0" />
</gc-op>
<gc-end id="1484" type="scavenge" contextid="1480" durationms="133.803" usertimems="498.455" systemtimems="0.011" timestamp="2021-04-05T23:15:04.931" activeThreads="4">
  <mem-info id="1485" free="1345392080" total="1610612736" percent="83">
    <mem type="nursery" free="271220072" total="402653184" percent="67">
      <mem type="allocate" free="271220072" total="332791808" percent="81" />
      <mem type="survivor" free="0" total="69861376" percent="0" />
    </mem>
    <mem type="tenure" free="1074172008" total="1207959552" percent="88" macro-fragmented="0">
      <mem type="soa" free="1013773416" total="1147560960" percent="88" />
      <mem type="loa" free="60398592" total="60398592" percent="100" />
    </mem>
    <remembered-set count="1338" />
  </mem-info>
</gc-end>
<cycle-end id="1486" type="scavenge" contextid="1480" timestamp="2021-04-05T23:15:04.931" />
<allocation-satisfied id="1487" threadId="0000000000334700" bytesRequested="16" />
<af-end id="1488" timestamp="2021-04-05T23:15:04.931" threadId="0000000000335080" success="true" from="nursery"/>
<exclusive-end id="1489" timestamp="2021-04-05T23:15:04.931" durationms="134.849" />

<exclusive-start id="1490" timestamp="2021-04-05T23:15:05.727" intervalms="930.545">
  <response-info timems="0.074" idlems="0.033" threads="2" lastid="0000000000334700" lastname="BenchmarkThread xml.validation 6" />
</exclusive-start>
<af-start id="1491" threadId="0000000000338C80" totalBytesRequested="1040" timestamp="2021-04-05T23:15:05.727" intervalms="930.567" type="nursery" />
<cycle-start id="1492" type="scavenge" contextid="0" timestamp="2021-04-05T23:15:05.727" intervalms="930.568" />
<gc-start id="1493" type="scavenge" contextid="1492" timestamp="2021-04-05T23:15:05.727">
  <mem-info id="1494" free="1074172008" total="1610612736" percent="66">
    <mem type="nursery" free="0" total="402653184" percent="0">
      <mem type="allocate" free="0" total="332791808" percent="0" />
      <mem type="survivor" free="0" total="69861376" percent="0" />
    </mem>
    <mem type="tenure" free="1074172008" total="1207959552" percent="88">
      <mem type="soa" free="1013773416" total="1147560960" percent="88" />
      <mem type="loa" free="60398592" total="60398592" percent="100" />
    </mem>
    <remembered-set count="1546" />
  </mem-info>
</gc-start>
<allocation-stats totalBytes="271090944" >
  <allocated-bytes non-tlh="16" tlh="271090928" />
  <largest-consumer threadName="BenchmarkThread xml.validation 4" threadId="000000000032CF00" bytes="45985672" />
</allocation-stats>
<gc-op id="1495" type="scavenge" timems="108.143" contextid="1492" timestamp="2021-04-05T23:15:05.835">
  <scavenger-info tenureage="3" tenuremask="7ff8" tiltratio="82" />
  <memory-copied type="nursery" objects="1583602" bytes="64203624" bytesdiscarded="13520" />
  <memory-copied type="tenure" objects="4" bytes="128" bytesdiscarded="0" />
</gc-op>
<gc-end id="1496" type="scavenge" contextid="1492" durationms="108.133" usertimems="409.720" systemtimems="0.010" timestamp="2021-04-05T23:15:05.836" activeThreads="4">
  <mem-info id="1497" free="1340846128" total="1610612736" percent="83">
    <mem type="nursery" free="266674120" total="402653184" percent="66">
      <mem type="allocate" free="266674120" total="330891264" percent="80" />
      <mem type="survivor" free="0" total="71761920" percent="0" />
    </mem>
    <mem type="tenure" free="1074172008" total="1207959552" percent="88" macro-fragmented="0">
      <mem type="soa" free="1013773416" total="1147560960" percent="88" />
      <mem type="loa" free="60398592" total="60398592" percent="100" />
    </mem>
    <remembered-set count="1336" />
  </mem-info>
</gc-end>
<cycle-end id="1498" type="scavenge" contextid="1492" timestamp="2021-04-05T23:15:05.836" />
<allocation-satisfied id="1499" threadId="0000000000338300" bytesRequested="1040" />
<af-end id="1500" timestamp="2021-04-05T23:15:05.836" threadId="0000000000338C80" success="true" from="nursery"/>
<exclusive-end id="1501" timestamp="2021-04-05T23:15:05.836" durationms="109.306" />

<exclusive-start id="1502" timestamp="2021-04-05T23:15:06.597" intervalms="869.549">
  <response-info timems="0.084" idlems="0.041" threads="2" lastid="000000000032CF00" lastname="BenchmarkThread xml.validation 4" />
</exclusive-start>
<af-start id="1503" threadId="0000000000331480" totalBytesRequested="24" timestamp="2021-04-05T23:15:06.597" intervalms="869.537" type="nursery" />
<cycle-start id="1504" type="scavenge" contextid="0" timestamp="2021-04-05T23:15:06.597" intervalms="869.543" />
<gc-start id="1505" type="scavenge" contextid="1504" timestamp="2021-04-05T23:15:06.597">
  <mem-info id="1506" free="1074172008" total="1610612736" percent="66">
    <mem type="nursery" free="0" total="402653184" percent="0">
      <mem type="allocate" free="0" total="330891264" percent="0" />
      <mem type="survivor" free="0" total="71761920" percent="0" />
    </mem>
    <mem type="tenure" free="1074172008" total="1207959552" percent="88">
      <mem type="soa" free="1013773416" total="1147560960" percent="88" />
      <mem type="loa" free="60398592" total="60398592" percent="100" />
    </mem>
    <remembered-set count="1520" />
  </mem-info>
</gc-start>
<allocation-stats totalBytes="266543936" >
  <allocated-bytes non-tlh="2080" tlh="266541856" />
  <largest-consumer threadName="BenchmarkThread xml.validation 3" threadId="0000000000329300" bytes="51732728" />
</allocation-stats>
<gc-op id="1507" type="scavenge" timems="128.912" contextid="1504" timestamp="2021-04-05T23:15:06.726">
  <scavenger-info tenureage="3" tenuremask="7ff8" tiltratio="82" />
  <memory-copied type="nursery" objects="1512199" bytes="61022824" bytesdiscarded="9568" />
  <memory-copied type="tenure" objects="6" bytes="192" bytesdiscarded="0" />
</gc-op>
<gc-end id="1508" type="scavenge" contextid="1504" durationms="128.898" usertimems="483.739" systemtimems="0.007" timestamp="2021-04-05T23:15:06.726" activeThreads="4">
  <mem-info id="1509" free="1344489632" total="1610612736" percent="83">
    <mem type="nursery" free="270317624" total="402653184" percent="67">
      <mem type="allocate" free="270317624" total="331350016" percent="81" />
      <mem type="survivor" free="0" total="71303168" percent="0" />
    </mem>
    <mem type="tenure" free="1074172008" total="1207959552" percent="88" macro-fragmented="0">
      <mem type="soa" free="1013773416" total="1147560960" percent="88" />
      <mem type="loa" free="60398592" total="60398592" percent="100" />
    </mem>
    <remembered-set count="1331" />
  </mem-info>
</gc-end>
<cycle-end id="1510" type="scavenge" contextid="1504" timestamp="2021-04-05T23:15:06.726" />
<allocation-satisfied id="1511" threadId="0000000000330B00" bytesRequested="24" />
<af-end id="1512" timestamp="2021-04-05T23:15:06.726" threadId="0000000000331480" success="true" from="nursery"/>
<exclusive-end id="1513" timestamp="2021-04-05T23:15:06.727" durationms="129.967" />

<exclusive-start id="1514" timestamp="2021-04-05T23:15:07.591" intervalms="994.779">
  <response-info timems="0.067" idlems="0.032" threads="2" lastid="0000000000334700" lastname="BenchmarkThread xml.validation 6" />
</exclusive-start>
<af-start id="1515" threadId="000000000033C780" totalBytesRequested="16" timestamp="2021-04-05T23:15:07.591" intervalms="994.776" type="nursery" />
<cycle-start id="1516" type="scavenge" contextid="0" timestamp="2021-04-05T23:15:07.591" intervalms="994.776" />
<gc-start id="1517" type="scavenge" contextid="1516" timestamp="2021-04-05T23:15:07.592">
  <mem-info id="1518" free="1074172008" total="1610612736" percent="66">
    <mem type="nursery" free="0" total="402653184" percent="0">
      <mem type="allocate" free="0" total="331350016" percent="0" />
      <mem type="survivor" free="0" total="71303168" percent="0" />
    </mem>
    <mem type="tenure" free="1074172008" total="1207959552" percent="88">
      <mem type="soa" free="1013773416" total="1147560960" percent="88" />
      <mem type="loa" free="60398592" total="60398592" percent="100" />
    </mem>
    <remembered-set count="1557" />
  </mem-info>
</gc-start>
<allocation-stats totalBytes="270175256" >
  <allocated-bytes non-tlh="24" tlh="270175232" />
  <largest-consumer threadName="BenchmarkThread xml.validation 8" threadId="000000000033BE00" bytes="52889216" />
</allocation-stats>
<gc-op id="1519" type="scavenge" timems="114.041" contextid="1516" timestamp="2021-04-05T23:15:07.706">
  <scavenger-info tenureage="3" tenuremask="7ff8" tiltratio="82" />
  <memory-copied type="nursery" objects="1582248" bytes="63996720" bytesdiscarded="12624" />
  <memory-copied type="tenure" objects="8" bytes="256" bytesdiscarded="0" />
</gc-op>
<gc-end id="1520" type="scavenge" contextid="1516" durationms="114.028" usertimems="417.925" systemtimems="0.023" timestamp="2021-04-05T23:15:07.706" activeThreads="4">
  <mem-info id="1521" free="1340660712" total="1610612736" percent="83">
    <mem type="nursery" free="266488704" total="402653184" percent="66">
      <mem type="allocate" free="266488704" total="330498048" percent="80" />
      <mem type="survivor" free="0" total="72155136" percent="0" />
    </mem>
    <mem type="tenure" free="1074172008" total="1207959552" percent="88" macro-fragmented="0">
      <mem type="soa" free="1013773416" total="1147560960" percent="88" />
      <mem type="loa" free="60398592" total="60398592" percent="100" />
    </mem>
    <remembered-set count="1338" />
  </mem-info>
</gc-end>
<cycle-end id="1522" type="scavenge" contextid="1516" timestamp="2021-04-05T23:15:07.706" />
<allocation-satisfied id="1523" threadId="000000000033BE00" bytesRequested="16" />
<af-end id="1524" timestamp="2021-04-05T23:15:07.706" threadId="000000000033C780" success="true" from="nursery"/>
<exclusive-end id="1525" timestamp="2021-04-05T23:15:07.706" durationms="115.064" />

<exclusive-start id="1526" timestamp="2021-04-05T23:15:08.458" intervalms="866.956">
  <response-info timems="0.076" idlems="0.044" threads="1" lastid="000000000013CF00" lastname="BenchmarkThread xml.validation 2" />
</exclusive-start>
<af-start id="1527" threadId="0000000000329C80" totalBytesRequested="16" timestamp="2021-04-05T23:15:08.458" intervalms="866.954" type="nursery" />
<cycle-start id="1528" type="scavenge" contextid="0" timestamp="2021-04-05T23:15:08.458" intervalms="866.949" />
<gc-start id="1529" type="scavenge" contextid="1528" timestamp="2021-04-05T23:15:08.458">
  <mem-info id="1530" free="1074172008" total="1610612736" percent="66">
    <mem type="nursery" free="0" total="402653184" percent="0">
      <mem type="allocate" free="0" total="330498048" percent="0" />
      <mem type="survivor" free="0" total="72155136" percent="0" />
    </mem>
    <mem type="tenure" free="1074172008" total="1207959552" percent="88">
      <mem type="soa" free="1013773416" total="1147560960" percent="88" />
      <mem type="loa" free="60398592" total="60398592" percent="100" />
    </mem>
    <remembered-set count="1521" />
  </mem-info>
</gc-start>
<allocation-stats totalBytes="266345816" >
  <allocated-bytes non-tlh="7296" tlh="266338520" />
  <largest-consumer threadName="BenchmarkThread xml.validation 3" threadId="0000000000329300" bytes="44039960" />
</allocation-stats>
<gc-op id="1531" type="scavenge" timems="107.557" contextid="1528" timestamp="2021-04-05T23:15:08.566">
  <scavenger-info tenureage="3" tenuremask="7ff8" tiltratio="82" />
  <memory-copied type="nursery" objects="1527076" bytes="62023592" bytesdiscarded="15488" />
  <memory-copied type="tenure" objects="32446" bytes="1298416" bytesdiscarded="0" />
</gc-op>
<gc-end id="1532" type="scavenge" contextid="1528" durationms="107.545" usertimems="398.297" systemtimems="0.000" timestamp="2021-04-05T23:15:08.566" activeThreads="4">
  <mem-info id="1533" free="1342041152" total="1610612736" percent="83">
    <mem type="nursery" free="269048792" total="402653184" percent="66">
      <mem type="allocate" free="269048792" total="331087872" percent="81" />
      <mem type="survivor" free="0" total="71565312" percent="0" />
    </mem>
    <mem type="tenure" free="1072992360" total="1207959552" percent="88" macro-fragmented="0">
      <mem type="soa" free="1012593768" total="1147560960" percent="88" />
      <mem type="loa" free="60398592" total="60398592" percent="100" />
    </mem>
    <remembered-set count="1339" />
  </mem-info>
</gc-end>
<cycle-end id="1534" type="scavenge" contextid="1528" timestamp="2021-04-05T23:15:08.566" />
<allocation-satisfied id="1535" threadId="0000000000329300" bytesRequested="16" />
<af-end id="1536" timestamp="2021-04-05T23:15:08.566" threadId="0000000000329C80" success="true" from="nursery"/>
<exclusive-end id="1537" timestamp="2021-04-05T23:15:08.566" durationms="108.183" />

<exclusive-start id="1538" timestamp="2021-04-05T23:15:09.403" intervalms="944.437">
  <response-info timems="0.063" idlems="0.039" threads="1" lastid="000000000011CB00" lastname="BenchmarkThread xml.validation 1" />
</exclusive-start>
<af-start id="1539" threadId="000000000013D880" totalBytesRequested="16" timestamp="2021-04-05T23:15:09.403" intervalms="944.433" type="nursery" />
<cycle-start id="1540" type="scavenge" contextid="0" timestamp="2021-04-05T23:15:09.403" intervalms="944.431" />
<gc-start id="1541" type="scavenge" contextid="1540" timestamp="2021-04-05T23:15:09.403">
  <mem-info id="1542" free="1072992360" total="1610612736" percent="66">
    <mem type="nursery" free="0" total="402653184" percent="0">
      <mem type="allocate" free="0" total="331087872" percent="0" />
      <mem type="survivor" free="0" total="71565312" percent="0" />
    </mem>
    <mem type="tenure" free="1072992360" total="1207959552" percent="88">
      <mem type="soa" free="1012593768" total="1147560960" percent="88" />
      <mem type="loa" free="60398592" total="60398592" percent="100" />
    </mem>
    <remembered-set count="1554" />
  </mem-info>
</gc-start>
<allocation-stats totalBytes="268927984" >
  <allocated-bytes non-tlh="1056" tlh="268926928" />
  <largest-consumer threadName="BenchmarkThread xml.validation 8" threadId="000000000033BE00" bytes="41760352" />
</allocation-stats>
<gc-op id="1543" type="scavenge" timems="126.966" contextid="1540" timestamp="2021-04-05T23:15:09.530">
  <scavenger-info tenureage="3" tenuremask="7ff8" tiltratio="82" />
  <memory-copied type="nursery" objects="1551566" bytes="62372560" bytesdiscarded="13896" />
  <memory-copied type="tenure" objects="97538" bytes="3918872" bytesdiscarded="0" />
</gc-op>
<gc-end id="1544" type="scavenge" contextid="1540" durationms="126.956" usertimems="473.041" systemtimems="0.000" timestamp="2021-04-05T23:15:09.530" activeThreads="4">
  <mem-info id="1545" free="1338416976" total="1610612736" percent="83">
    <mem type="nursery" free="269487848" total="402653184" percent="66">
      <mem type="allocate" free="269487848" total="331874304" percent="81" />
      <mem type="survivor" free="0" total="70778880" percent="0" />
    </mem>
    <mem type="tenure" free="1068929128" total="1207959552" percent="88" macro-fragmented="0">
      <mem type="soa" free="1008530536" total="1147560960" percent="87" />
      <mem type="loa" free="60398592" total="60398592" percent="100" />
    </mem>
    <remembered-set count="1333" />
  </mem-info>
</gc-end>
<cycle-end id="1546" type="scavenge" contextid="1540" timestamp="2021-04-05T23:15:09.530" />
<allocation-satisfied id="1547" threadId="000000000013CF00" bytesRequested="16" />
<af-end id="1548" timestamp="2021-04-05T23:15:09.530" threadId="000000000013D880" success="true" from="nursery"/>
<exclusive-end id="1549" timestamp="2021-04-05T23:15:09.530" durationms="127.628" />

<exclusive-start id="1550" timestamp="2021-04-05T23:15:10.327" intervalms="923.830">
  <response-info timems="0.073" idlems="0.033" threads="3" lastid="0000000000329300" lastname="BenchmarkThread xml.validation 3" />
</exclusive-start>
<af-start id="1551" threadId="0000000000331480" totalBytesRequested="16" timestamp="2021-04-05T23:15:10.327" intervalms="923.835" type="nursery" />
<cycle-start id="1552" type="scavenge" contextid="0" timestamp="2021-04-05T23:15:10.327" intervalms="923.843" />
<gc-start id="1553" type="scavenge" contextid="1552" timestamp="2021-04-05T23:15:10.327">
  <mem-info id="1554" free="1068929128" total="1610612736" percent="66">
    <mem type="nursery" free="0" total="402653184" percent="0">
      <mem type="allocate" free="0" total="331874304" percent="0" />
      <mem type="survivor" free="0" total="70778880" percent="0" />
    </mem>
    <mem type="tenure" free="1068929128" total="1207959552" percent="88">
      <mem type="soa" free="1008530536" total="1147560960" percent="87" />
      <mem type="loa" free="60398592" total="60398592" percent="100" />
    </mem>
    <remembered-set count="1546" />
  </mem-info>
</gc-start>
<allocation-stats totalBytes="269342016" >
  <allocated-bytes non-tlh="2096" tlh="269339920" />
  <largest-consumer threadName="BenchmarkThread xml.validation 1" threadId="000000000011CB00" bytes="45427888" />
</allocation-stats>
<gc-op id="1555" type="scavenge" timems="153.817" contextid="1552" timestamp="2021-04-05T23:15:10.481">
  <scavenger-info tenureage="3" tenuremask="7ff8" tiltratio="82" />
  <memory-copied type="nursery" objects="1544709" bytes="62018328" bytesdiscarded="14248" />
  <memory-copied type="tenure" objects="6" bytes="192" bytesdiscarded="0" />
</gc-op>
<gc-end id="1556" type="scavenge" contextid="1552" durationms="153.804" usertimems="567.981" systemtimems="3.976" timestamp="2021-04-05T23:15:10.481" activeThreads="4">
  <mem-info id="1557" free="1339426216" total="1610612736" percent="83">
    <mem type="nursery" free="270497088" total="402653184" percent="67">
      <mem type="allocate" free="270497088" total="332529664" percent="81" />
      <mem type="survivor" free="0" total="70123520" percent="0" />
    </mem>
    <mem type="tenure" free="1068929128" total="1207959552" percent="88" macro-fragmented="0">
      <mem type="soa" free="1008530536" total="1147560960" percent="87" />
      <mem type="loa" free="60398592" total="60398592" percent="100" />
    </mem>
    <remembered-set count="1337" />
  </mem-info>
</gc-end>
<cycle-end id="1558" type="scavenge" contextid="1552" timestamp="2021-04-05T23:15:10.481" />
<allocation-satisfied id="1559" threadId="0000000000330B00" bytesRequested="16" />
<af-end id="1560" timestamp="2021-04-05T23:15:10.481" threadId="0000000000331480" success="true" from="nursery"/>
<exclusive-end id="1561" timestamp="2021-04-05T23:15:10.481" durationms="154.676" />

<exclusive-start id="1562" timestamp="2021-04-05T23:15:11.386" intervalms="1058.992">
  <response-info timems="0.076" idlems="0.039" threads="2" lastid="000000000032CF00" lastname="BenchmarkThread xml.validation 4" />
</exclusive-start>
<af-start id="1563" threadId="0000000000335080" totalBytesRequested="136" timestamp="2021-04-05T23:15:11.386" intervalms="1058.992" type="nursery" />
<cycle-start id="1564" type="scavenge" contextid="0" timestamp="2021-04-05T23:15:11.386" intervalms="1058.989" />
<gc-start id="1565" type="scavenge" contextid="1564" timestamp="2021-04-05T23:15:11.386">
  <mem-info id="1566" free="1068929128" total="1610612736" percent="66">
    <mem type="nursery" free="0" total="402653184" percent="0">
      <mem type="allocate" free="0" total="332529664" percent="0" />
      <mem type="survivor" free="0" total="70123520" percent="0" />
    </mem>
    <mem type="tenure" free="1068929128" total="1207959552" percent="88">
      <mem type="soa" free="1008530536" total="1147560960" percent="87" />
      <mem type="loa" free="60398592" total="60398592" percent="100" />
    </mem>
    <remembered-set count="1529" />
  </mem-info>
</gc-start>
<allocation-stats totalBytes="270378392" >
  <allocated-bytes non-tlh="4176" tlh="270374216" />
  <largest-consumer threadName="BenchmarkThread xml.validation 5" threadId="0000000000330B00" bytes="43361264" />
</allocation-stats>
<gc-op id="1567" type="scavenge" timems="124.451" contextid="1564" timestamp="2021-04-05T23:15:11.510">
  <scavenger-info tenureage="3" tenuremask="7ff8" tiltratio="82" />
  <memory-copied type="nursery" objects="1600156" bytes="64599424" bytesdiscarded="11728" />
  <memory-copied type="tenure" objects="6" bytes="192" bytesdiscarded="0" />
</gc-op>
<gc-end id="1568" type="scavenge" contextid="1564" durationms="124.426" usertimems="478.465" systemtimems="0.000" timestamp="2021-04-05T23:15:11.511" activeThreads="4">
  <mem-info id="1569" free="1334881560" total="1610612736" percent="82">
    <mem type="nursery" free="265952432" total="402653184" percent="66">
      <mem type="allocate" free="265952432" total="330563584" percent="80" />
      <mem type="survivor" free="0" total="72089600" percent="0" />
    </mem>
    <mem type="tenure" free="1068929128" total="1207959552" percent="88" macro-fragmented="0">
      <mem type="soa" free="1008530536" total="1147560960" percent="87" />
      <mem type="loa" free="60398592" total="60398592" percent="100" />
    </mem>
    <remembered-set count="1335" />
  </mem-info>
</gc-end>
<cycle-end id="1570" type="scavenge" contextid="1564" timestamp="2021-04-05T23:15:11.511" />
<allocation-satisfied id="1571" threadId="0000000000334700" bytesRequested="136" />
<af-end id="1572" timestamp="2021-04-05T23:15:11.511" threadId="0000000000335080" success="true" from="nursery"/>
<exclusive-end id="1573" timestamp="2021-04-05T23:15:11.511" durationms="125.243" />

<exclusive-start id="1574" timestamp="2021-04-05T23:15:12.472" intervalms="1086.524">
  <response-info timems="0.067" idlems="0.041" threads="1" lastid="000000000011CB00" lastname="BenchmarkThread xml.validation 1" />
</exclusive-start>
<af-start id="1575" threadId="0000000000329C80" totalBytesRequested="16" timestamp="2021-04-05T23:15:12.472" intervalms="1086.531" type="nursery" />
<cycle-start id="1576" type="scavenge" contextid="0" timestamp="2021-04-05T23:15:12.472" intervalms="1086.529" />
<gc-start id="1577" type="scavenge" contextid="1576" timestamp="2021-04-05T23:15:12.472">
  <mem-info id="1578" free="1068929128" total="1610612736" percent="66">
    <mem type="nursery" free="0" total="402653184" percent="0">
      <mem type="allocate" free="0" total="330563584" percent="0" />
      <mem type="survivor" free="0" total="72089600" percent="0" />
    </mem>
    <mem type="tenure" free="1068929128" total="1207959552" percent="88">
      <mem type="soa" free="1008530536" total="1147560960" percent="87" />
      <mem type="loa" free="60398592" total="60398592" percent="100" />
    </mem>
    <remembered-set count="1558" />
  </mem-info>
</gc-start>
<allocation-stats totalBytes="265812936" >
  <allocated-bytes non-tlh="1176" tlh="265811760" />
  <largest-consumer threadName="BenchmarkThread xml.validation 8" threadId="000000000033BE00" bytes="46364752" />
</allocation-stats>
<gc-op id="1579" type="scavenge" timems="124.376" contextid="1576" timestamp="2021-04-05T23:15:12.597">
  <scavenger-info tenureage="3" tenuremask="7ff8" tiltratio="82" />
  <memory-copied type="nursery" objects="1600251" bytes="64659312" bytesdiscarded="15240" />
  <memory-copied type="tenure" objects="8" bytes="256" bytesdiscarded="0" />
</gc-op>
<gc-end id="1580" type="scavenge" contextid="1576" durationms="124.364" usertimems="492.182" systemtimems="0.002" timestamp="2021-04-05T23:15:12.597" activeThreads="4">
  <mem-info id="1581" free="1336522096" total="1610612736" percent="82">
    <mem type="nursery" free="267592968" total="402653184" percent="66">
      <mem type="allocate" free="267592968" total="332267520" percent="80" />
      <mem type="survivor" free="0" total="70385664" percent="0" />
    </mem>
    <mem type="tenure" free="1068929128" total="1207959552" percent="88" macro-fragmented="0">
      <mem type="soa" free="1008530536" total="1147560960" percent="87" />
      <mem type="loa" free="60398592" total="60398592" percent="100" />
    </mem>
    <remembered-set count="1338" />
  </mem-info>
</gc-end>
<cycle-end id="1582" type="scavenge" contextid="1576" timestamp="2021-04-05T23:15:12.597" />
<allocation-satisfied id="1583" threadId="0000000000329300" bytesRequested="16" />
<af-end id="1584" timestamp="2021-04-05T23:15:12.597" threadId="0000000000329C80" success="true" from="nursery"/>
<exclusive-end id="1585" timestamp="2021-04-05T23:15:12.597" durationms="125.185" />

<exclusive-start id="1586" timestamp="2021-04-05T23:15:13.385" intervalms="913.179">
  <response-info timems="0.046" idlems="0.046" threads="0" lastid="0000000000334700" lastname="BenchmarkThread xml.validation 6" />
</exclusive-start>
<af-start id="1587" threadId="0000000000335080" totalBytesRequested="16" timestamp="2021-04-05T23:15:13.385" intervalms="913.171" type="nursery" />
<cycle-start id="1588" type="scavenge" contextid="0" timestamp="2021-04-05T23:15:13.385" intervalms="913.174" />
<gc-start id="1589" type="scavenge" contextid="1588" timestamp="2021-04-05T23:15:13.385">
  <mem-info id="1590" free="1068929128" total="1610612736" percent="66">
    <mem type="nursery" free="0" total="402653184" percent="0">
      <mem type="allocate" free="0" total="332267520" percent="0" />
      <mem type="survivor" free="0" total="70385664" percent="0" />
    </mem>
    <mem type="tenure" free="1068929128" total="1207959552" percent="88">
      <mem type="soa" free="1008530536" total="1147560960" percent="87" />
      <mem type="loa" free="60398592" total="60398592" percent="100" />
    </mem>
    <remembered-set count="1527" />
  </mem-info>
</gc-start>
<allocation-stats totalBytes="267471704" >
  <allocated-bytes non-tlh="16" tlh="267471688" />
  <largest-consumer threadName="BenchmarkThread xml.validation 3" threadId="0000000000329300" bytes="45563824" />
</allocation-stats>
<gc-op id="1591" type="scavenge" timems="112.449" contextid="1588" timestamp="2021-04-05T23:15:13.498">
  <scavenger-info tenureage="3" tenuremask="7ff8" tiltratio="82" />
  <memory-copied type="nursery" objects="1544645" bytes="62019496" bytesdiscarded="10288" />
  <memory-copied type="tenure" objects="4" bytes="128" bytesdiscarded="0" />
</gc-op>
<gc-end id="1592" type="scavenge" contextid="1588" durationms="112.435" usertimems="428.321" systemtimems="0.000" timestamp="2021-04-05T23:15:13.499" activeThreads="4">
  <mem-info id="1593" free="1339297936" total="1610612736" percent="83">
    <mem type="nursery" free="270368808" total="402653184" percent="67">
      <mem type="allocate" free="270368808" total="332398592" percent="81" />
      <mem type="survivor" free="0" total="70254592" percent="0" />
    </mem>
    <mem type="tenure" free="1068929128" total="1207959552" percent="88" macro-fragmented="0">
      <mem type="soa" free="1008530536" total="1147560960" percent="87" />
      <mem type="loa" free="60398592" total="60398592" percent="100" />
    </mem>
    <remembered-set count="1336" />
  </mem-info>
</gc-end>
<cycle-end id="1594" type="scavenge" contextid="1588" timestamp="2021-04-05T23:15:13.499" />
<allocation-satisfied id="1595" threadId="0000000000334700" bytesRequested="16" />
<af-end id="1596" timestamp="2021-04-05T23:15:13.499" threadId="0000000000335080" success="true" from="nursery"/>
<exclusive-end id="1597" timestamp="2021-04-05T23:15:13.499" durationms="113.585" />

<exclusive-start id="1598" timestamp="2021-04-05T23:15:14.400" intervalms="1014.466">
  <response-info timems="0.053" idlems="0.053" threads="0" lastid="0000000000334700" lastname="BenchmarkThread xml.validation 6" />
</exclusive-start>
<af-start id="1599" threadId="0000000000335080" totalBytesRequested="1040" timestamp="2021-04-05T23:15:14.400" intervalms="1014.466" type="nursery" />
<cycle-start id="1600" type="scavenge" contextid="0" timestamp="2021-04-05T23:15:14.400" intervalms="1014.462" />
<gc-start id="1601" type="scavenge" contextid="1600" timestamp="2021-04-05T23:15:14.400">
  <mem-info id="1602" free="1068929128" total="1610612736" percent="66">
    <mem type="nursery" free="0" total="402653184" percent="0">
      <mem type="allocate" free="0" total="332398592" percent="0" />
      <mem type="survivor" free="0" total="70254592" percent="0" />
    </mem>
    <mem type="tenure" free="1068929128" total="1207959552" percent="88">
      <mem type="soa" free="1008530536" total="1147560960" percent="87" />
      <mem type="loa" free="60398592" total="60398592" percent="100" />
    </mem>
    <remembered-set count="1555" />
  </mem-info>
</gc-start>
<allocation-stats totalBytes="270230720" >
  <allocated-bytes non-tlh="4176" tlh="270226544" />
  <largest-consumer threadName="BenchmarkThread xml.validation 2" threadId="000000000013CF00" bytes="46393936" />
</allocation-stats>
<gc-op id="1603" type="scavenge" timems="103.676" contextid="1600" timestamp="2021-04-05T23:15:14.504">
  <scavenger-info tenureage="3" tenuremask="7ff8" tiltratio="82" />
  <memory-copied type="nursery" objects="1502220" bytes="60632088" bytesdiscarded="10976" />
  <memory-copied type="tenure" objects="8" bytes="256" bytesdiscarded="0" />
</gc-op>
<gc-end id="1604" type="scavenge" contextid="1600" durationms="103.653" usertimems="399.983" systemtimems="0.000" timestamp="2021-04-05T23:15:14.504" activeThreads="4">
  <mem-info id="1605" free="1341340016" total="1610612736" percent="83">
    <mem type="nursery" free="272410888" total="402653184" percent="67">
      <mem type="allocate" free="272410888" total="333053952" percent="81" />
      <mem type="survivor" free="0" total="69599232" percent="0" />
    </mem>
    <mem type="tenure" free="1068929128" total="1207959552" percent="88" macro-fragmented="0">
      <mem type="soa" free="1008530536" total="1147560960" percent="87" />
      <mem type="loa" free="60398592" total="60398592" percent="100" />
    </mem>
    <remembered-set count="1335" />
  </mem-info>
</gc-end>
<cycle-end id="1606" type="scavenge" contextid="1600" timestamp="2021-04-05T23:15:14.504" />
<allocation-satisfied id="1607" threadId="0000000000334700" bytesRequested="1040" />
<af-end id="1608" timestamp="2021-04-05T23:15:14.504" threadId="0000000000335080" success="true" from="nursery"/>
<exclusive-end id="1609" timestamp="2021-04-05T23:15:14.504" durationms="104.454" />

<exclusive-start id="1610" timestamp="2021-04-05T23:15:15.351" intervalms="950.937">
  <response-info timems="0.056" idlems="0.056" threads="0" lastid="000000000032CF00" lastname="BenchmarkThread xml.validation 4" />
</exclusive-start>
<af-start id="1611" threadId="000000000032D880" totalBytesRequested="16" timestamp="2021-04-05T23:15:15.351" intervalms="950.932" type="nursery" />
<cycle-start id="1612" type="scavenge" contextid="0" timestamp="2021-04-05T23:15:15.351" intervalms="950.930" />
<gc-start id="1613" type="scavenge" contextid="1612" timestamp="2021-04-05T23:15:15.351">
  <mem-info id="1614" free="1068929128" total="1610612736" percent="66">
    <mem type="nursery" free="0" total="402653184" percent="0">
      <mem type="allocate" free="0" total="333053952" percent="0" />
      <mem type="survivor" free="0" total="69599232" percent="0" />
    </mem>
    <mem type="tenure" free="1068929128" total="1207959552" percent="88">
      <mem type="soa" free="1008530536" total="1147560960" percent="87" />
      <mem type="loa" free="60398592" total="60398592" percent="100" />
    </mem>
    <remembered-set count="1563" />
  </mem-info>
</gc-start>
<allocation-stats totalBytes="272272304" >
  <allocated-bytes non-tlh="1040" tlh="272271264" />
  <largest-consumer threadName="BenchmarkThread xml.validation 8" threadId="000000000033BE00" bytes="61104408" />
</allocation-stats>
<gc-op id="1615" type="scavenge" timems="106.532" contextid="1612" timestamp="2021-04-05T23:15:15.457">
  <scavenger-info tenureage="3" tenuremask="7ff8" tiltratio="82" />
  <memory-copied type="nursery" objects="1544542" bytes="62011800" bytesdiscarded="10704" />
  <memory-copied type="tenure" objects="6" bytes="192" bytesdiscarded="0" />
</gc-op>
<gc-end id="1616" type="scavenge" contextid="1612" durationms="106.523" usertimems="410.732" systemtimems="0.000" timestamp="2021-04-05T23:15:15.458" activeThreads="4">
  <mem-info id="1617" free="1340157184" total="1610612736" percent="83">
    <mem type="nursery" free="271228056" total="402653184" percent="67">
      <mem type="allocate" free="271228056" total="333250560" percent="81" />
      <mem type="survivor" free="0" total="69402624" percent="0" />
    </mem>
    <mem type="tenure" free="1068929128" total="1207959552" percent="88" macro-fragmented="0">
      <mem type="soa" free="1008530536" total="1147560960" percent="87" />
      <mem type="loa" free="60398592" total="60398592" percent="100" />
    </mem>
    <remembered-set count="1340" />
  </mem-info>
</gc-end>
<cycle-end id="1618" type="scavenge" contextid="1612" timestamp="2021-04-05T23:15:15.458" />
<allocation-satisfied id="1619" threadId="000000000032CF00" bytesRequested="16" />
<af-end id="1620" timestamp="2021-04-05T23:15:15.458" threadId="000000000032D880" success="true" from="nursery"/>
<exclusive-end id="1621" timestamp="2021-04-05T23:15:15.458" durationms="107.315" />

<exclusive-start id="1622" timestamp="2021-04-05T23:15:16.184" intervalms="833.147">
  <response-info timems="0.049" idlems="0.049" threads="0" lastid="000000000013CF00" lastname="BenchmarkThread xml.validation 2" />
</exclusive-start>
<af-start id="1623" threadId="000000000013D880" totalBytesRequested="136" timestamp="2021-04-05T23:15:16.184" intervalms="833.148" type="nursery" />
<cycle-start id="1624" type="scavenge" contextid="0" timestamp="2021-04-05T23:15:16.184" intervalms="833.149" />
<gc-start id="1625" type="scavenge" contextid="1624" timestamp="2021-04-05T23:15:16.184">
  <mem-info id="1626" free="1068929128" total="1610612736" percent="66">
    <mem type="nursery" free="0" total="402653184" percent="0">
      <mem type="allocate" free="0" total="333250560" percent="0" />
      <mem type="survivor" free="0" total="69402624" percent="0" />
    </mem>
    <mem type="tenure" free="1068929128" total="1207959552" percent="88">
      <mem type="soa" free="1008530536" total="1147560960" percent="87" />
      <mem type="loa" free="60398592" total="60398592" percent="100" />
    </mem>
    <remembered-set count="1501" />
  </mem-info>
</gc-start>
<allocation-stats totalBytes="271094096" >
  <allocated-bytes non-tlh="16" tlh="271094080" />
  <largest-consumer threadName="BenchmarkThread xml.validation 8" threadId="000000000033BE00" bytes="37782600" />
</allocation-stats>
<gc-op id="1627" type="scavenge" timems="127.017" contextid="1624" timestamp="2021-04-05T23:15:16.311">
  <scavenger-info tenureage="3" tenuremask="7ff8" tiltratio="82" />
  <memory-copied type="nursery" objects="1534149" bytes="61822384" bytesdiscarded="14288" />
  <memory-copied type="tenure" objects="8" bytes="240" bytesdiscarded="0" />
</gc-op>
<gc-end id="1628" type="scavenge" contextid="1624" durationms="127.007" usertimems="486.367" systemtimems="3.974" timestamp="2021-04-05T23:15:16.311" activeThreads="4">
  <mem-info id="1629" free="1340801768" total="1610612736" percent="83">
    <mem type="nursery" free="271872640" total="402653184" percent="67">
      <mem type="allocate" free="271872640" total="333709312" percent="81" />
      <mem type="survivor" free="0" total="68943872" percent="0" />
    </mem>
    <mem type="tenure" free="1068929128" total="1207959552" percent="88" macro-fragmented="0">
      <mem type="soa" free="1008530536" total="1147560960" percent="87" />
      <mem type="loa" free="60398592" total="60398592" percent="100" />
    </mem>
    <remembered-set count="1331" />
  </mem-info>
</gc-end>
<cycle-end id="1630" type="scavenge" contextid="1624" timestamp="2021-04-05T23:15:16.312" />
<allocation-satisfied id="1631" threadId="000000000013CF00" bytesRequested="136" />
<af-end id="1632" timestamp="2021-04-05T23:15:16.312" threadId="000000000013D880" success="true" from="nursery"/>
<exclusive-end id="1633" timestamp="2021-04-05T23:15:16.312" durationms="127.772" />

<exclusive-start id="1634" timestamp="2021-04-05T23:15:17.297" intervalms="1113.607">
  <response-info timems="0.056" idlems="0.056" threads="0" lastid="000000000032CF00" lastname="BenchmarkThread xml.validation 4" />
</exclusive-start>
<af-start id="1635" threadId="000000000032D880" totalBytesRequested="96" timestamp="2021-04-05T23:15:17.297" intervalms="1113.607" type="nursery" />
<cycle-start id="1636" type="scavenge" contextid="0" timestamp="2021-04-05T23:15:17.297" intervalms="1113.608" />
<gc-start id="1637" type="scavenge" contextid="1636" timestamp="2021-04-05T23:15:17.298">
  <mem-info id="1638" free="1068929128" total="1610612736" percent="66">
    <mem type="nursery" free="0" total="402653184" percent="0">
      <mem type="allocate" free="0" total="333709312" percent="0" />
      <mem type="survivor" free="0" total="68943872" percent="0" />
    </mem>
    <mem type="tenure" free="1068929128" total="1207959552" percent="88">
      <mem type="soa" free="1008530536" total="1147560960" percent="87" />
      <mem type="loa" free="60398592" total="60398592" percent="100" />
    </mem>
    <remembered-set count="1580" />
  </mem-info>
</gc-start>
<allocation-stats totalBytes="271745376" >
  <allocated-bytes non-tlh="136" tlh="271745240" />
  <largest-consumer threadName="BenchmarkThread xml.validation 1" threadId="000000000011CB00" bytes="41234320" />
</allocation-stats>
<gc-op id="1639" type="scavenge" timems="136.724" contextid="1636" timestamp="2021-04-05T23:15:17.434">
  <scavenger-info tenureage="3" tenuremask="7ff8" tiltratio="82" />
  <memory-copied type="nursery" objects="1553331" bytes="62460336" bytesdiscarded="11512" />
  <memory-copied type="tenure" objects="8" bytes="256" bytesdiscarded="0" />
</gc-op>
<gc-end id="1640" type="scavenge" contextid="1636" durationms="136.699" usertimems="532.026" systemtimems="0.000" timestamp="2021-04-05T23:15:17.435" activeThreads="4">
  <mem-info id="1641" free="1340363200" total="1610612736" percent="83">
    <mem type="nursery" free="271434072" total="402653184" percent="67">
      <mem type="allocate" free="271434072" total="333905920" percent="81" />
      <mem type="survivor" free="0" total="68747264" percent="0" />
    </mem>
    <mem type="tenure" free="1068929128" total="1207959552" percent="88" macro-fragmented="0">
      <mem type="soa" free="1008530536" total="1147560960" percent="87" />
      <mem type="loa" free="60398592" total="60398592" percent="100" />
    </mem>
    <remembered-set count="1333" />
  </mem-info>
</gc-end>
<cycle-end id="1642" type="scavenge" contextid="1636" timestamp="2021-04-05T23:15:17.435" />
<allocation-satisfied id="1643" threadId="000000000032CF00" bytesRequested="96" />
<af-end id="1644" timestamp="2021-04-05T23:15:17.435" threadId="000000000032D880" success="true" from="nursery"/>
<exclusive-end id="1645" timestamp="2021-04-05T23:15:17.435" durationms="137.563" />

<exclusive-start id="1646" timestamp="2021-04-05T23:15:18.233" intervalms="936.040">
  <response-info timems="0.064" idlems="0.040" threads="1" lastid="0000000000329300" lastname="BenchmarkThread xml.validation 3" />
</exclusive-start>
<af-start id="1647" threadId="000000000033C780" totalBytesRequested="40" timestamp="2021-04-05T23:15:18.233" intervalms="936.038" type="nursery" />
<cycle-start id="1648" type="scavenge" contextid="0" timestamp="2021-04-05T23:15:18.234" intervalms="936.036" />
<gc-start id="1649" type="scavenge" contextid="1648" timestamp="2021-04-05T23:15:18.234">
  <mem-info id="1650" free="1068929128" total="1610612736" percent="66">
    <mem type="nursery" free="0" total="402653184" percent="0">
      <mem type="allocate" free="0" total="333905920" percent="0" />
      <mem type="survivor" free="0" total="68747264" percent="0" />
    </mem>
    <mem type="tenure" free="1068929128" total="1207959552" percent="88">
      <mem type="soa" free="1008530536" total="1147560960" percent="87" />
      <mem type="loa" free="60398592" total="60398592" percent="100" />
    </mem>
    <remembered-set count="1530" />
  </mem-info>
</gc-start>
<allocation-stats totalBytes="271288296" >
  <allocated-bytes non-tlh="4256" tlh="271284040" />
  <largest-consumer threadName="BenchmarkThread xml.validation 6" threadId="0000000000334700" bytes="39022888" />
</allocation-stats>
<gc-op id="1651" type="scavenge" timems="102.876" contextid="1648" timestamp="2021-04-05T23:15:18.336">
  <scavenger-info tenureage="3" tenuremask="7ff8" tiltratio="82" />
  <memory-copied type="nursery" objects="1544269" bytes="62012016" bytesdiscarded="11104" />
  <memory-copied type="tenure" objects="2" bytes="64" bytesdiscarded="0" />
</gc-op>
<gc-end id="1652" type="scavenge" contextid="1648" durationms="102.865" usertimems="400.201" systemtimems="0.000" timestamp="2021-04-05T23:15:18.337" activeThreads="4">
  <mem-info id="1653" free="1341074072" total="1610612736" percent="83">
    <mem type="nursery" free="272144944" total="402653184" percent="67">
      <mem type="allocate" free="272144944" total="334168064" percent="81" />
      <mem type="survivor" free="0" total="68485120" percent="0" />
    </mem>
    <mem type="tenure" free="1068929128" total="1207959552" percent="88" macro-fragmented="0">
      <mem type="soa" free="1008530536" total="1147560960" percent="87" />
      <mem type="loa" free="60398592" total="60398592" percent="100" />
    </mem>
    <remembered-set count="1343" />
  </mem-info>
</gc-end>
<cycle-end id="1654" type="scavenge" contextid="1648" timestamp="2021-04-05T23:15:18.337" />
<allocation-satisfied id="1655" threadId="000000000033BE00" bytesRequested="40" />
<af-end id="1656" timestamp="2021-04-05T23:15:18.337" threadId="000000000033C780" success="true" from="nursery"/>
<exclusive-end id="1657" timestamp="2021-04-05T23:15:18.337" durationms="103.610" />

<exclusive-start id="1658" timestamp="2021-04-05T23:15:19.207" intervalms="973.685">
  <response-info timems="3.621" idlems="2.407" threads="2" lastid="000000000032CF00" lastname="BenchmarkThread xml.validation 4" />
</exclusive-start>
<af-start id="1659" threadId="0000000000329C80" totalBytesRequested="40" timestamp="2021-04-05T23:15:19.207" intervalms="973.703" type="nursery" />
<cycle-start id="1660" type="scavenge" contextid="0" timestamp="2021-04-05T23:15:19.208" intervalms="973.995" />
<gc-start id="1661" type="scavenge" contextid="1660" timestamp="2021-04-05T23:15:19.208">
  <mem-info id="1662" free="1068929128" total="1610612736" percent="66">
    <mem type="nursery" free="0" total="402653184" percent="0">
      <mem type="allocate" free="0" total="334168064" percent="0" />
      <mem type="survivor" free="0" total="68485120" percent="0" />
    </mem>
    <mem type="tenure" free="1068929128" total="1207959552" percent="88">
      <mem type="soa" free="1008530536" total="1147560960" percent="87" />
      <mem type="loa" free="60398592" total="60398592" percent="100" />
    </mem>
    <remembered-set count="1531" />
  </mem-info>
</gc-start>
<allocation-stats totalBytes="272037400" >
  <allocated-bytes non-tlh="1080" tlh="272036320" />
  <largest-consumer threadName="BenchmarkThread xml.validation 5" threadId="0000000000330B00" bytes="47132104" />
</allocation-stats>
<gc-op id="1663" type="scavenge" timems="114.233" contextid="1660" timestamp="2021-04-05T23:15:19.322">
  <scavenger-info tenureage="3" tenuremask="7ff8" tiltratio="82" />
  <memory-copied type="nursery" objects="1531941" bytes="61711904" bytesdiscarded="13032" />
  <memory-copied type="tenure" objects="8" bytes="256" bytesdiscarded="0" />
</gc-op>
<gc-end id="1664" type="scavenge" contextid="1660" durationms="114.222" usertimems="450.631" systemtimems="0.018" timestamp="2021-04-05T23:15:19.322" activeThreads="4">
  <mem-info id="1665" free="1341634400" total="1610612736" percent="83">
    <mem type="nursery" free="272705272" total="402653184" percent="67">
      <mem type="allocate" free="272705272" total="334430208" percent="81" />
      <mem type="survivor" free="0" total="68222976" percent="0" />
    </mem>
    <mem type="tenure" free="1068929128" total="1207959552" percent="88" macro-fragmented="0">
      <mem type="soa" free="1008530536" total="1147560960" percent="87" />
      <mem type="loa" free="60398592" total="60398592" percent="100" />
    </mem>
    <remembered-set count="1331" />
  </mem-info>
</gc-end>
<cycle-end id="1666" type="scavenge" contextid="1660" timestamp="2021-04-05T23:15:19.323" />
<allocation-satisfied id="1667" threadId="0000000000329300" bytesRequested="40" />
<af-end id="1668" timestamp="2021-04-05T23:15:19.323" threadId="0000000000329C80" success="true" from="nursery"/>
<exclusive-end id="1669" timestamp="2021-04-05T23:15:19.323" durationms="115.506" />

<exclusive-start id="1670" timestamp="2021-04-05T23:15:20.318" intervalms="1110.868">
  <response-info timems="0.081" idlems="0.034" threads="3" lastid="0000000000329300" lastname="BenchmarkThread xml.validation 3" />
</exclusive-start>
<af-start id="1671" threadId="000000000032D880" totalBytesRequested="1040" timestamp="2021-04-05T23:15:20.318" intervalms="1110.855" type="nursery" />
<cycle-start id="1672" type="scavenge" contextid="0" timestamp="2021-04-05T23:15:20.318" intervalms="1110.564" />
<gc-start id="1673" type="scavenge" contextid="1672" timestamp="2021-04-05T23:15:20.318">
  <mem-info id="1674" free="1068929128" total="1610612736" percent="66">
    <mem type="nursery" free="0" total="402653184" percent="0">
      <mem type="allocate" free="0" total="334430208" percent="0" />
      <mem type="survivor" free="0" total="68222976" percent="0" />
    </mem>
    <mem type="tenure" free="1068929128" total="1207959552" percent="88">
      <mem type="soa" free="1008530536" total="1147560960" percent="87" />
      <mem type="loa" free="60398592" total="60398592" percent="100" />
    </mem>
    <remembered-set count="1567" />
  </mem-info>
</gc-start>
<allocation-stats totalBytes="272562032" >
  <allocated-bytes non-tlh="40" tlh="272561992" />
  <largest-consumer threadName="BenchmarkThread xml.validation 1" threadId="000000000011CB00" bytes="47005888" />
</allocation-stats>
<gc-op id="1675" type="scavenge" timems="102.829" contextid="1672" timestamp="2021-04-05T23:15:20.421">
  <scavenger-info tenureage="3" tenuremask="7ff8" tiltratio="83" />
  <memory-copied type="nursery" objects="1486421" bytes="60012392" bytesdiscarded="14272" />
  <memory-copied type="tenure" objects="8" bytes="256" bytesdiscarded="0" />
</gc-op>
<gc-end id="1676" type="scavenge" contextid="1672" durationms="102.819" usertimems="385.269" systemtimems="0.000" timestamp="2021-04-05T23:15:20.421" activeThreads="4">
  <mem-info id="1677" free="1343660352" total="1610612736" percent="83">
    <mem type="nursery" free="274731224" total="402653184" percent="68">
      <mem type="allocate" free="274731224" total="334757888" percent="82" />
      <mem type="survivor" free="0" total="67895296" percent="0" />
    </mem>
    <mem type="tenure" free="1068929128" total="1207959552" percent="88" macro-fragmented="0">
      <mem type="soa" free="1008530536" total="1147560960" percent="87" />
      <mem type="loa" free="60398592" total="60398592" percent="100" />
    </mem>
    <remembered-set count="1346" />
  </mem-info>
</gc-end>
<cycle-end id="1678" type="scavenge" contextid="1672" timestamp="2021-04-05T23:15:20.421" />
<allocation-satisfied id="1679" threadId="000000000032CF00" bytesRequested="1040" />
<af-end id="1680" timestamp="2021-04-05T23:15:20.422" threadId="000000000032D880" success="true" from="nursery"/>
<exclusive-end id="1681" timestamp="2021-04-05T23:15:20.422" durationms="103.532" />

<exclusive-start id="1682" timestamp="2021-04-05T23:15:21.172" intervalms="854.263">
  <response-info timems="0.061" idlems="0.031" threads="2" lastid="000000000032CF00" lastname="BenchmarkThread xml.validation 4" />
</exclusive-start>
<af-start id="1683" threadId="0000000000331480" totalBytesRequested="40" timestamp="2021-04-05T23:15:21.172" intervalms="854.263" type="nursery" />
<cycle-start id="1684" type="scavenge" contextid="0" timestamp="2021-04-05T23:15:21.172" intervalms="854.267" />
<gc-start id="1685" type="scavenge" contextid="1684" timestamp="2021-04-05T23:15:21.172">
  <mem-info id="1686" free="1068929128" total="1610612736" percent="66">
    <mem type="nursery" free="0" total="402653184" percent="0">
      <mem type="allocate" free="0" total="334757888" percent="0" />
      <mem type="survivor" free="0" total="67895296" percent="0" />
    </mem>
    <mem type="tenure" free="1068929128" total="1207959552" percent="88">
      <mem type="soa" free="1008530536" total="1147560960" percent="87" />
      <mem type="loa" free="60398592" total="60398592" percent="100" />
    </mem>
    <remembered-set count="1500" />
  </mem-info>
</gc-start>
<allocation-stats totalBytes="274615256" >
  <allocated-bytes non-tlh="1040" tlh="274614216" />
  <largest-consumer threadName="BenchmarkThread xml.validation 5" threadId="0000000000330B00" bytes="45554328" />
</allocation-stats>
<gc-op id="1687" type="scavenge" timems="145.914" contextid="1684" timestamp="2021-04-05T23:15:21.318">
  <scavenger-info tenureage="3" tenuremask="7ff8" tiltratio="83" />
  <memory-copied type="nursery" objects="1624534" bytes="66020816" bytesdiscarded="10592" />
  <memory-copied type="tenure" objects="2" bytes="64" bytesdiscarded="0" />
</gc-op>
<gc-end id="1688" type="scavenge" contextid="1684" durationms="145.902" usertimems="572.501" systemtimems="0.001" timestamp="2021-04-05T23:15:21.319" activeThreads="4">
  <mem-info id="1689" free="1329725752" total="1610612736" percent="82">
    <mem type="nursery" free="260796624" total="402653184" percent="64">
      <mem type="allocate" free="260796624" total="326828032" percent="79" />
      <mem type="survivor" free="0" total="75825152" percent="0" />
    </mem>
    <mem type="tenure" free="1068929128" total="1207959552" percent="88" macro-fragmented="0">
      <mem type="soa" free="1008530536" total="1147560960" percent="87" />
      <mem type="loa" free="60398592" total="60398592" percent="100" />
    </mem>
    <remembered-set count="1342" />
  </mem-info>
</gc-end>
<cycle-end id="1690" type="scavenge" contextid="1684" timestamp="2021-04-05T23:15:21.319" />
<allocation-satisfied id="1691" threadId="0000000000330B00" bytesRequested="40" />
<af-end id="1692" timestamp="2021-04-05T23:15:21.319" threadId="0000000000331480" success="true" from="nursery"/>
<exclusive-end id="1693" timestamp="2021-04-05T23:15:21.319" durationms="146.768" />

<exclusive-start id="1694" timestamp="2021-04-05T23:15:22.255" intervalms="1082.540">
  <response-info timems="0.075" idlems="0.036" threads="2" lastid="000000000033BE00" lastname="BenchmarkThread xml.validation 8" />
</exclusive-start>
<af-start id="1695" threadId="0000000000335080" totalBytesRequested="1040" timestamp="2021-04-05T23:15:22.255" intervalms="1082.536" type="nursery" />
<cycle-start id="1696" type="scavenge" contextid="0" timestamp="2021-04-05T23:15:22.255" intervalms="1082.533" />
<gc-start id="1697" type="scavenge" contextid="1696" timestamp="2021-04-05T23:15:22.255">
  <mem-info id="1698" free="1068929128" total="1610612736" percent="66">
    <mem type="nursery" free="0" total="402653184" percent="0">
      <mem type="allocate" free="0" total="326828032" percent="0" />
      <mem type="survivor" free="0" total="75825152" percent="0" />
    </mem>
    <mem type="tenure" free="1068929128" total="1207959552" percent="88">
      <mem type="soa" free="1008530536" total="1147560960" percent="87" />
      <mem type="loa" free="60398592" total="60398592" percent="100" />
    </mem>
    <remembered-set count="1580" />
  </mem-info>
</gc-start>
<allocation-stats totalBytes="260665904" >
  <allocated-bytes non-tlh="40" tlh="260665864" />
  <largest-consumer threadName="BenchmarkThread xml.validation 5" threadId="0000000000330B00" bytes="37950352" />
</allocation-stats>
<gc-op id="1699" type="scavenge" timems="107.662" contextid="1696" timestamp="2021-04-05T23:15:22.363">
  <scavenger-info tenureage="3" tenuremask="7ff8" tiltratio="81" />
  <memory-copied type="nursery" objects="1539706" bytes="61873360" bytesdiscarded="12656" />
  <memory-copied type="tenure" objects="14" bytes="448" bytesdiscarded="0" />
</gc-op>
<gc-end id="1700" type="scavenge" contextid="1696" durationms="107.651" usertimems="404.511" systemtimems="3.987" timestamp="2021-04-05T23:15:22.363" activeThreads="4">
  <mem-info id="1701" free="1334788648" total="1610612736" percent="82">
    <mem type="nursery" free="265859520" total="402653184" percent="66">
      <mem type="allocate" free="265859520" total="327745536" percent="81" />
      <mem type="survivor" free="0" total="74907648" percent="0" />
    </mem>
    <mem type="tenure" free="1068929128" total="1207959552" percent="88" macro-fragmented="0">
      <mem type="soa" free="1008530536" total="1147560960" percent="87" />
      <mem type="loa" free="60398592" total="60398592" percent="100" />
    </mem>
    <remembered-set count="1332" />
  </mem-info>
</gc-end>
<cycle-end id="1702" type="scavenge" contextid="1696" timestamp="2021-04-05T23:15:22.363" />
<allocation-satisfied id="1703" threadId="0000000000334700" bytesRequested="1040" />
<af-end id="1704" timestamp="2021-04-05T23:15:22.363" threadId="0000000000335080" success="true" from="nursery"/>
<exclusive-end id="1705" timestamp="2021-04-05T23:15:22.363" durationms="108.402" />

<exclusive-start id="1706" timestamp="2021-04-05T23:15:23.142" intervalms="887.663">
  <response-info timems="0.306" idlems="0.205" threads="3" lastid="000000000001DF00" lastname="JIT Compilation Thread-001" />
</exclusive-start>
<af-start id="1707" threadId="0000000000331480" totalBytesRequested="16" timestamp="2021-04-05T23:15:23.143" intervalms="887.662" type="nursery" />
<cycle-start id="1708" type="scavenge" contextid="0" timestamp="2021-04-05T23:15:23.143" intervalms="887.658" />
<gc-start id="1709" type="scavenge" contextid="1708" timestamp="2021-04-05T23:15:23.143">
  <mem-info id="1710" free="1068929128" total="1610612736" percent="66">
    <mem type="nursery" free="0" total="402653184" percent="0">
      <mem type="allocate" free="0" total="327745536" percent="0" />
      <mem type="survivor" free="0" total="74907648" percent="0" />
    </mem>
    <mem type="tenure" free="1068929128" total="1207959552" percent="88">
      <mem type="soa" free="1008530536" total="1147560960" percent="87" />
      <mem type="loa" free="60398592" total="60398592" percent="100" />
    </mem>
    <remembered-set count="1517" />
  </mem-info>
</gc-start>
<allocation-stats totalBytes="265725840" >
  <allocated-bytes non-tlh="6240" tlh="265719600" />
  <largest-consumer threadName="BenchmarkThread xml.validation 6" threadId="0000000000334700" bytes="43157240" />
</allocation-stats>
<gc-op id="1711" type="scavenge" timems="106.238" contextid="1708" timestamp="2021-04-05T23:15:23.249">
  <scavenger-info tenureage="3" tenuremask="7ff8" tiltratio="81" />
  <memory-copied type="nursery" objects="1523671" bytes="61801416" bytesdiscarded="13656" />
  <memory-copied type="tenure" objects="65691" bytes="2360848" bytesdiscarded="0" />
</gc-op>
<gc-end id="1712" type="scavenge" contextid="1708" durationms="106.229" usertimems="402.517" systemtimems="0.000" timestamp="2021-04-05T23:15:23.249" activeThreads="4">
  <mem-info id="1713" free="1333942088" total="1610612736" percent="82">
    <mem type="nursery" free="267503328" total="402653184" percent="66">
      <mem type="allocate" free="267503328" total="329318400" percent="81" />
      <mem type="survivor" free="0" total="73334784" percent="0" />
    </mem>
    <mem type="tenure" free="1066438760" total="1207959552" percent="88" macro-fragmented="0">
      <mem type="soa" free="1006040168" total="1147560960" percent="87" />
      <mem type="loa" free="60398592" total="60398592" percent="100" />
    </mem>
    <remembered-set count="1466" />
  </mem-info>
</gc-end>
<cycle-end id="1714" type="scavenge" contextid="1708" timestamp="2021-04-05T23:15:23.249" />
<allocation-satisfied id="1715" threadId="0000000000330B00" bytesRequested="16" />
<af-end id="1716" timestamp="2021-04-05T23:15:23.249" threadId="0000000000331480" success="true" from="nursery"/>
<exclusive-end id="1717" timestamp="2021-04-05T23:15:23.249" durationms="107.031" />

<exclusive-start id="1718" timestamp="2021-04-05T23:15:24.039" intervalms="896.733">
  <response-info timems="0.060" idlems="0.039" threads="1" lastid="0000000000329300" lastname="BenchmarkThread xml.validation 3" />
</exclusive-start>
<af-start id="1719" threadId="000000000011D480" totalBytesRequested="40" timestamp="2021-04-05T23:15:24.039" intervalms="896.743" type="nursery" />
<cycle-start id="1720" type="scavenge" contextid="0" timestamp="2021-04-05T23:15:24.039" intervalms="896.758" />
<gc-start id="1721" type="scavenge" contextid="1720" timestamp="2021-04-05T23:15:24.039">
  <mem-info id="1722" free="1066438760" total="1610612736" percent="66">
    <mem type="nursery" free="0" total="402653184" percent="0">
      <mem type="allocate" free="0" total="329318400" percent="0" />
      <mem type="survivor" free="0" total="73334784" percent="0" />
    </mem>
    <mem type="tenure" free="1066438760" total="1207959552" percent="88">
      <mem type="soa" free="1006040168" total="1147560960" percent="87" />
      <mem type="loa" free="60398592" total="60398592" percent="100" />
    </mem>
    <remembered-set count="1648" />
  </mem-info>
</gc-start>
<allocation-stats totalBytes="267384936" >
  <allocated-bytes non-tlh="16" tlh="267384920" />
  <largest-consumer threadName="BenchmarkThread xml.validation 2" threadId="000000000013CF00" bytes="41943640" />
</allocation-stats>
<gc-op id="1723" type="scavenge" timems="108.782" contextid="1720" timestamp="2021-04-05T23:15:24.148">
  <scavenger-info tenureage="3" tenuremask="7ff8" tiltratio="81" />
  <memory-copied type="nursery" objects="1508854" bytes="61483056" bytesdiscarded="14072" />
  <memory-copied type="tenure" objects="64289" bytes="2856312" bytesdiscarded="0" />
</gc-op>
<gc-end id="1724" type="scavenge" contextid="1720" durationms="108.767" usertimems="417.252" systemtimems="0.008" timestamp="2021-04-05T23:15:24.149" activeThreads="4">
  <mem-info id="1725" free="1332818240" total="1610612736" percent="82">
    <mem type="nursery" free="269131992" total="402653184" percent="66">
      <mem type="allocate" free="269131992" total="330629120" percent="81" />
      <mem type="survivor" free="0" total="72024064" percent="0" />
    </mem>
    <mem type="tenure" free="1063686248" total="1207959552" percent="88" macro-fragmented="0">
      <mem type="soa" free="1003287656" total="1147560960" percent="87" />
      <mem type="loa" free="60398592" total="60398592" percent="100" />
    </mem>
    <remembered-set count="1332" />
  </mem-info>
</gc-end>
<cycle-end id="1726" type="scavenge" contextid="1720" timestamp="2021-04-05T23:15:24.149" />
<allocation-satisfied id="1727" threadId="000000000011CB00" bytesRequested="40" />
<af-end id="1728" timestamp="2021-04-05T23:15:24.149" threadId="000000000011D480" success="true" from="nursery"/>
<exclusive-end id="1729" timestamp="2021-04-05T23:15:24.149" durationms="109.567" />

<exclusive-start id="1730" timestamp="2021-04-05T23:15:25.161" intervalms="1121.863">
  <response-info timems="0.069" idlems="0.034" threads="2" lastid="0000000000329300" lastname="BenchmarkThread xml.validation 3" />
</exclusive-start>
<af-start id="1731" threadId="000000000011D480" totalBytesRequested="24" timestamp="2021-04-05T23:15:25.161" intervalms="1121.862" type="nursery" />
<cycle-start id="1732" type="scavenge" contextid="0" timestamp="2021-04-05T23:15:25.161" intervalms="1121.855" />
<gc-start id="1733" type="scavenge" contextid="1732" timestamp="2021-04-05T23:15:25.161">
  <mem-info id="1734" free="1063686248" total="1610612736" percent="66">
    <mem type="nursery" free="0" total="402653184" percent="0">
      <mem type="allocate" free="0" total="330629120" percent="0" />
      <mem type="survivor" free="0" total="72024064" percent="0" />
    </mem>
    <mem type="tenure" free="1063686248" total="1207959552" percent="88">
      <mem type="soa" free="1003287656" total="1147560960" percent="87" />
      <mem type="loa" free="60398592" total="60398592" percent="100" />
    </mem>
    <remembered-set count="1573" />
  </mem-info>
</gc-start>
<allocation-stats totalBytes="268996312" >
  <allocated-bytes non-tlh="3160" tlh="268993152" />
  <largest-consumer threadName="BenchmarkThread xml.validation 1" threadId="000000000011CB00" bytes="45962920" />
</allocation-stats>
<gc-op id="1735" type="scavenge" timems="111.362" contextid="1732" timestamp="2021-04-05T23:15:25.273">
  <scavenger-info tenureage="3" tenuremask="7ff8" tiltratio="82" />
  <memory-copied type="nursery" objects="1544483" bytes="62005416" bytesdiscarded="8992" />
  <memory-copied type="tenure" objects="8" bytes="256" bytesdiscarded="0" />
</gc-op>
<gc-end id="1736" type="scavenge" contextid="1732" durationms="111.349" usertimems="423.464" systemtimems="0.000" timestamp="2021-04-05T23:15:25.273" activeThreads="4">
  <mem-info id="1737" free="1333218464" total="1610612736" percent="82">
    <mem type="nursery" free="269532216" total="402653184" percent="66">
      <mem type="allocate" free="269532216" total="331546624" percent="81" />
      <mem type="survivor" free="0" total="71106560" percent="0" />
    </mem>
    <mem type="tenure" free="1063686248" total="1207959552" percent="88" macro-fragmented="0">
      <mem type="soa" free="1003287656" total="1147560960" percent="87" />
      <mem type="loa" free="60398592" total="60398592" percent="100" />
    </mem>
    <remembered-set count="1334" />
  </mem-info>
</gc-end>
<cycle-end id="1738" type="scavenge" contextid="1732" timestamp="2021-04-05T23:15:25.273" />
<allocation-satisfied id="1739" threadId="000000000011CB00" bytesRequested="24" />
<af-end id="1740" timestamp="2021-04-05T23:15:25.273" threadId="000000000011D480" success="true" from="nursery"/>
<exclusive-end id="1741" timestamp="2021-04-05T23:15:25.273" durationms="111.984" />

<exclusive-start id="1742" timestamp="2021-04-05T23:15:26.010" intervalms="849.097">
  <response-info timems="0.054" idlems="0.028" threads="1" lastid="000000000032CF00" lastname="BenchmarkThread xml.validation 4" />
</exclusive-start>
<af-start id="1743" threadId="000000000011D480" totalBytesRequested="64" timestamp="2021-04-05T23:15:26.010" intervalms="849.100" type="nursery" />
<cycle-start id="1744" type="scavenge" contextid="0" timestamp="2021-04-05T23:15:26.010" intervalms="849.107" />
<gc-start id="1745" type="scavenge" contextid="1744" timestamp="2021-04-05T23:15:26.010">
  <mem-info id="1746" free="1063686248" total="1610612736" percent="66">
    <mem type="nursery" free="0" total="402653184" percent="0">
      <mem type="allocate" free="0" total="331546624" percent="0" />
      <mem type="survivor" free="0" total="71106560" percent="0" />
    </mem>
    <mem type="tenure" free="1063686248" total="1207959552" percent="88">
      <mem type="soa" free="1003287656" total="1147560960" percent="87" />
      <mem type="loa" free="60398592" total="60398592" percent="100" />
    </mem>
    <remembered-set count="1518" />
  </mem-info>
</gc-start>
<allocation-stats totalBytes="269394768" >
  <allocated-bytes non-tlh="24" tlh="269394744" />
  <largest-consumer threadName="BenchmarkThread xml.validation 8" threadId="000000000033BE00" bytes="38537384" />
</allocation-stats>
<gc-op id="1747" type="scavenge" timems="133.118" contextid="1744" timestamp="2021-04-05T23:15:26.143">
  <scavenger-info tenureage="3" tenuremask="7ff8" tiltratio="82" />
  <memory-copied type="nursery" objects="1530285" bytes="61579360" bytesdiscarded="13784" />
  <memory-copied type="tenure" objects="4" bytes="128" bytesdiscarded="0" />
</gc-op>
<gc-end id="1748" type="scavenge" contextid="1744" durationms="133.103" usertimems="503.934" systemtimems="3.986" timestamp="2021-04-05T23:15:26.144" activeThreads="4">
  <mem-info id="1749" free="1334426160" total="1610612736" percent="82">
    <mem type="nursery" free="270739912" total="402653184" percent="67">
      <mem type="allocate" free="270739912" total="332333056" percent="81" />
      <mem type="survivor" free="0" total="70320128" percent="0" />
    </mem>
    <mem type="tenure" free="1063686248" total="1207959552" percent="88" macro-fragmented="0">
      <mem type="soa" free="1003287656" total="1147560960" percent="87" />
      <mem type="loa" free="60398592" total="60398592" percent="100" />
    </mem>
    <remembered-set count="1342" />
  </mem-info>
</gc-end>
<cycle-end id="1750" type="scavenge" contextid="1744" timestamp="2021-04-05T23:15:26.144" />
<allocation-satisfied id="1751" threadId="000000000011CB00" bytesRequested="64" />
<af-end id="1752" timestamp="2021-04-05T23:15:26.144" threadId="000000000011D480" success="true" from="nursery"/>
<exclusive-end id="1753" timestamp="2021-04-05T23:15:26.144" durationms="133.855" />

<exclusive-start id="1754" timestamp="2021-04-05T23:15:27.095" intervalms="1084.974">
  <response-info timems="2.518" idlems="1.870" threads="3" lastid="000000000013CF00" lastname="BenchmarkThread xml.validation 2" />
</exclusive-start>
<af-start id="1755" threadId="0000000000335080" totalBytesRequested="1040" timestamp="2021-04-05T23:15:27.095" intervalms="1084.967" type="nursery" />
<cycle-start id="1756" type="scavenge" contextid="0" timestamp="2021-04-05T23:15:27.095" intervalms="1084.956" />
<gc-start id="1757" type="scavenge" contextid="1756" timestamp="2021-04-05T23:15:27.095">
  <mem-info id="1758" free="1063686248" total="1610612736" percent="66">
    <mem type="nursery" free="0" total="402653184" percent="0">
      <mem type="allocate" free="0" total="332333056" percent="0" />
      <mem type="survivor" free="0" total="70320128" percent="0" />
    </mem>
    <mem type="tenure" free="1063686248" total="1207959552" percent="88">
      <mem type="soa" free="1003287656" total="1147560960" percent="87" />
      <mem type="loa" free="60398592" total="60398592" percent="100" />
    </mem>
    <remembered-set count="1565" />
  </mem-info>
</gc-start>
<allocation-stats totalBytes="270605976" >
  <allocated-bytes non-tlh="1104" tlh="270604872" />
  <largest-consumer threadName="BenchmarkThread xml.validation 1" threadId="000000000011CB00" bytes="50010656" />
</allocation-stats>
<gc-op id="1759" type="scavenge" timems="107.437" contextid="1756" timestamp="2021-04-05T23:15:27.203">
  <scavenger-info tenureage="3" tenuremask="7ff8" tiltratio="82" />
  <memory-copied type="nursery" objects="1546489" bytes="62116576" bytesdiscarded="9680" />
  <memory-copied type="tenure" objects="12" bytes="384" bytesdiscarded="0" />
</gc-op>
<gc-end id="1760" type="scavenge" contextid="1756" durationms="107.428" usertimems="406.536" systemtimems="0.011" timestamp="2021-04-05T23:15:27.203" activeThreads="4">
  <mem-info id="1761" free="1334417336" total="1610612736" percent="82">
    <mem type="nursery" free="270731088" total="402653184" percent="67">
      <mem type="allocate" free="270731088" total="332857344" percent="81" />
      <mem type="survivor" free="0" total="69795840" percent="0" />
    </mem>
    <mem type="tenure" free="1063686248" total="1207959552" percent="88" macro-fragmented="0">
      <mem type="soa" free="1003287656" total="1147560960" percent="87" />
      <mem type="loa" free="60398592" total="60398592" percent="100" />
    </mem>
    <remembered-set count="1333" />
  </mem-info>
</gc-end>
<cycle-end id="1762" type="scavenge" contextid="1756" timestamp="2021-04-05T23:15:27.203" />
<allocation-satisfied id="1763" threadId="0000000000334700" bytesRequested="1040" />
<af-end id="1764" timestamp="2021-04-05T23:15:27.203" threadId="0000000000335080" success="true" from="nursery"/>
<exclusive-end id="1765" timestamp="2021-04-05T23:15:27.203" durationms="108.238" />

<exclusive-start id="1766" timestamp="2021-04-05T23:15:28.043" intervalms="948.269">
  <response-info timems="0.047" idlems="0.047" threads="0" lastid="000000000013CF00" lastname="BenchmarkThread xml.validation 2" />
</exclusive-start>
<af-start id="1767" threadId="000000000013D880" totalBytesRequested="16" timestamp="2021-04-05T23:15:28.043" intervalms="948.270" type="nursery" />
<cycle-start id="1768" type="scavenge" contextid="0" timestamp="2021-04-05T23:15:28.043" intervalms="948.271" />
<gc-start id="1769" type="scavenge" contextid="1768" timestamp="2021-04-05T23:15:28.044">
  <mem-info id="1770" free="1063686248" total="1610612736" percent="66">
    <mem type="nursery" free="0" total="402653184" percent="0">
      <mem type="allocate" free="0" total="332857344" percent="0" />
      <mem type="survivor" free="0" total="69795840" percent="0" />
    </mem>
    <mem type="tenure" free="1063686248" total="1207959552" percent="88">
      <mem type="soa" free="1003287656" total="1147560960" percent="87" />
      <mem type="loa" free="60398592" total="60398592" percent="100" />
    </mem>
    <remembered-set count="1558" />
  </mem-info>
</gc-start>
<allocation-stats totalBytes="270576416" >
  <allocated-bytes non-tlh="6240" tlh="270570176" />
  <largest-consumer threadName="BenchmarkThread xml.validation 8" threadId="000000000033BE00" bytes="49616360" />
</allocation-stats>
<gc-op id="1771" type="scavenge" timems="109.655" contextid="1768" timestamp="2021-04-05T23:15:28.153">
  <scavenger-info tenureage="3" tenuremask="7ff8" tiltratio="82" />
  <memory-copied type="nursery" objects="1495502" bytes="60545648" bytesdiscarded="11176" />
</gc-op>
<gc-end id="1772" type="scavenge" contextid="1768" durationms="109.645" usertimems="416.414" systemtimems="0.014" timestamp="2021-04-05T23:15:28.154" activeThreads="4">
  <mem-info id="1773" free="1336511056" total="1610612736" percent="82">
    <mem type="nursery" free="272824808" total="402653184" percent="67">
      <mem type="allocate" free="272824808" total="333381632" percent="81" />
      <mem type="survivor" free="0" total="69271552" percent="0" />
    </mem>
    <mem type="tenure" free="1063686248" total="1207959552" percent="88" macro-fragmented="0">
      <mem type="soa" free="1003287656" total="1147560960" percent="87" />
      <mem type="loa" free="60398592" total="60398592" percent="100" />
    </mem>
    <remembered-set count="1340" />
  </mem-info>
</gc-end>
<cycle-end id="1774" type="scavenge" contextid="1768" timestamp="2021-04-05T23:15:28.154" />
<allocation-satisfied id="1775" threadId="000000000013CF00" bytesRequested="16" />
<af-end id="1776" timestamp="2021-04-05T23:15:28.154" threadId="000000000013D880" success="true" from="nursery"/>
<exclusive-end id="1777" timestamp="2021-04-05T23:15:28.154" durationms="110.369" />

<exclusive-start id="1778" timestamp="2021-04-05T23:15:28.957" intervalms="913.382">
  <response-info timems="0.051" idlems="0.051" threads="0" lastid="0000000000329300" lastname="BenchmarkThread xml.validation 3" />
</exclusive-start>
<af-start id="1779" threadId="0000000000329C80" totalBytesRequested="40" timestamp="2021-04-05T23:15:28.957" intervalms="913.383" type="nursery" />
<cycle-start id="1780" type="scavenge" contextid="0" timestamp="2021-04-05T23:15:28.957" intervalms="913.387" />
<gc-start id="1781" type="scavenge" contextid="1780" timestamp="2021-04-05T23:15:28.957">
  <mem-info id="1782" free="1063686248" total="1610612736" percent="66">
    <mem type="nursery" free="0" total="402653184" percent="0">
      <mem type="allocate" free="0" total="333381632" percent="0" />
      <mem type="survivor" free="0" total="69271552" percent="0" />
    </mem>
    <mem type="tenure" free="1063686248" total="1207959552" percent="88">
      <mem type="soa" free="1003287656" total="1147560960" percent="87" />
      <mem type="loa" free="60398592" total="60398592" percent="100" />
    </mem>
    <remembered-set count="1513" />
  </mem-info>
</gc-start>
<allocation-stats totalBytes="272714168" >
  <allocated-bytes non-tlh="16" tlh="272714152" />
  <largest-consumer threadName="BenchmarkThread xml.validation 7" threadId="0000000000338300" bytes="41159528" />
</allocation-stats>
<gc-op id="1783" type="scavenge" timems="133.783" contextid="1780" timestamp="2021-04-05T23:15:29.091">
  <scavenger-info tenureage="3" tenuremask="7ff8" tiltratio="82" />
  <memory-copied type="nursery" objects="1535307" bytes="61756312" bytesdiscarded="9760" />
  <memory-copied type="tenure" objects="4" bytes="128" bytesdiscarded="0" />
</gc-op>
<gc-end id="1784" type="scavenge" contextid="1780" durationms="133.771" usertimems="522.054" systemtimems="0.000" timestamp="2021-04-05T23:15:29.091" activeThreads="4">
  <mem-info id="1785" free="1335563952" total="1610612736" percent="82">
    <mem type="nursery" free="271877704" total="402653184" percent="67">
      <mem type="allocate" free="271877704" total="333643776" percent="81" />
      <mem type="survivor" free="0" total="69009408" percent="0" />
    </mem>
    <mem type="tenure" free="1063686248" total="1207959552" percent="88" macro-fragmented="0">
      <mem type="soa" free="1003287656" total="1147560960" percent="87" />
      <mem type="loa" free="60398592" total="60398592" percent="100" />
    </mem>
    <remembered-set count="1333" />
  </mem-info>
</gc-end>
<cycle-end id="1786" type="scavenge" contextid="1780" timestamp="2021-04-05T23:15:29.091" />
<allocation-satisfied id="1787" threadId="0000000000329300" bytesRequested="40" />
<af-end id="1788" timestamp="2021-04-05T23:15:29.091" threadId="0000000000329C80" success="true" from="nursery"/>
<exclusive-end id="1789" timestamp="2021-04-05T23:15:29.091" durationms="134.498" />

<exclusive-start id="1790" timestamp="2021-04-05T23:15:30.006" intervalms="1049.231">
  <response-info timems="0.070" idlems="0.042" threads="1" lastid="000000000011CB00" lastname="BenchmarkThread xml.validation 1" />
</exclusive-start>
<af-start id="1791" threadId="000000000013D880" totalBytesRequested="1040" timestamp="2021-04-05T23:15:30.006" intervalms="1049.231" type="nursery" />
<cycle-start id="1792" type="scavenge" contextid="0" timestamp="2021-04-05T23:15:30.006" intervalms="1049.228" />
<gc-start id="1793" type="scavenge" contextid="1792" timestamp="2021-04-05T23:15:30.006">
  <mem-info id="1794" free="1063686248" total="1610612736" percent="66">
    <mem type="nursery" free="0" total="402653184" percent="0">
      <mem type="allocate" free="0" total="333643776" percent="0" />
      <mem type="survivor" free="0" total="69009408" percent="0" />
    </mem>
    <mem type="tenure" free="1063686248" total="1207959552" percent="88">
      <mem type="soa" free="1003287656" total="1147560960" percent="87" />
      <mem type="loa" free="60398592" total="60398592" percent="100" />
    </mem>
    <remembered-set count="1573" />
  </mem-info>
</gc-start>
<allocation-stats totalBytes="271735928" >
  <allocated-bytes non-tlh="40" tlh="271735888" />
  <largest-consumer threadName="BenchmarkThread xml.validation 8" threadId="000000000033BE00" bytes="48029544" />
</allocation-stats>
<gc-op id="1795" type="scavenge" timems="108.625" contextid="1792" timestamp="2021-04-05T23:15:30.115">
  <scavenger-info tenureage="3" tenuremask="7ff8" tiltratio="82" />
  <memory-copied type="nursery" objects="1586903" bytes="64086984" bytesdiscarded="12352" />
  <memory-copied type="tenure" objects="12" bytes="384" bytesdiscarded="0" />
</gc-op>
<gc-end id="1796" type="scavenge" contextid="1792" durationms="108.615" usertimems="409.313" systemtimems="0.002" timestamp="2021-04-05T23:15:30.115" activeThreads="4">
  <mem-info id="1797" free="1331002464" total="1610612736" percent="82">
    <mem type="nursery" free="267316216" total="402653184" percent="66">
      <mem type="allocate" free="267316216" total="331415552" percent="80" />
      <mem type="survivor" free="0" total="71237632" percent="0" />
    </mem>
    <mem type="tenure" free="1063686248" total="1207959552" percent="88" macro-fragmented="0">
      <mem type="soa" free="1003287656" total="1147560960" percent="87" />
      <mem type="loa" free="60398592" total="60398592" percent="100" />
    </mem>
    <remembered-set count="1336" />
  </mem-info>
</gc-end>
<cycle-end id="1798" type="scavenge" contextid="1792" timestamp="2021-04-05T23:15:30.115" />
<allocation-satisfied id="1799" threadId="000000000013CF00" bytesRequested="1040" />
<af-end id="1800" timestamp="2021-04-05T23:15:30.115" threadId="000000000013D880" success="true" from="nursery"/>
<exclusive-end id="1801" timestamp="2021-04-05T23:15:30.115" durationms="109.414" />

<exclusive-start id="1802" timestamp="2021-04-05T23:15:30.912" intervalms="905.743">
  <response-info timems="0.044" idlems="0.044" threads="0" lastid="0000000000329300" lastname="BenchmarkThread xml.validation 3" />
</exclusive-start>
<af-start id="1803" threadId="0000000000329C80" totalBytesRequested="1040" timestamp="2021-04-05T23:15:30.912" intervalms="905.738" type="nursery" />
<cycle-start id="1804" type="scavenge" contextid="0" timestamp="2021-04-05T23:15:30.912" intervalms="905.734" />
<gc-start id="1805" type="scavenge" contextid="1804" timestamp="2021-04-05T23:15:30.912">
  <mem-info id="1806" free="1063686248" total="1610612736" percent="66">
    <mem type="nursery" free="0" total="402653184" percent="0">
      <mem type="allocate" free="0" total="331415552" percent="0" />
      <mem type="survivor" free="0" total="71237632" percent="0" />
    </mem>
    <mem type="tenure" free="1063686248" total="1207959552" percent="88">
      <mem type="soa" free="1003287656" total="1147560960" percent="87" />
      <mem type="loa" free="60398592" total="60398592" percent="100" />
    </mem>
    <remembered-set count="1524" />
  </mem-info>
</gc-start>
<allocation-stats totalBytes="267186856" >
  <allocated-bytes non-tlh="1040" tlh="267185816" />
  <largest-consumer threadName="BenchmarkThread xml.validation 2" threadId="000000000013CF00" bytes="48393248" />
</allocation-stats>
<gc-op id="1807" type="scavenge" timems="104.970" contextid="1804" timestamp="2021-04-05T23:15:31.017">
  <scavenger-info tenureage="3" tenuremask="7ff8" tiltratio="82" />
  <memory-copied type="nursery" objects="1553037" bytes="62518936" bytesdiscarded="9200" />
  <memory-copied type="tenure" objects="4" bytes="128" bytesdiscarded="0" />
</gc-op>
<gc-end id="1808" type="scavenge" contextid="1804" durationms="104.959" usertimems="385.065" systemtimems="0.008" timestamp="2021-04-05T23:15:31.017" activeThreads="4">
  <mem-info id="1809" free="1332966880" total="1610612736" percent="82">
    <mem type="nursery" free="269280632" total="402653184" percent="66">
      <mem type="allocate" free="269280632" total="331808768" percent="81" />
      <mem type="survivor" free="0" total="70844416" percent="0" />
    </mem>
    <mem type="tenure" free="1063686248" total="1207959552" percent="88" macro-fragmented="0">
      <mem type="soa" free="1003287656" total="1147560960" percent="87" />
      <mem type="loa" free="60398592" total="60398592" percent="100" />
    </mem>
    <remembered-set count="1339" />
  </mem-info>
</gc-end>
<cycle-end id="1810" type="scavenge" contextid="1804" timestamp="2021-04-05T23:15:31.017" />
<allocation-satisfied id="1811" threadId="0000000000329300" bytesRequested="1040" />
<af-end id="1812" timestamp="2021-04-05T23:15:31.017" threadId="0000000000329C80" success="true" from="nursery"/>
<exclusive-end id="1813" timestamp="2021-04-05T23:15:31.017" durationms="105.602" />

<exclusive-start id="1814" timestamp="2021-04-05T23:15:31.812" intervalms="899.914">
  <response-info timems="0.052" idlems="0.052" threads="0" lastid="000000000032CF00" lastname="BenchmarkThread xml.validation 4" />
</exclusive-start>
<af-start id="1815" threadId="000000000032D880" totalBytesRequested="120" timestamp="2021-04-05T23:15:31.812" intervalms="899.915" type="nursery" />
<cycle-start id="1816" type="scavenge" contextid="0" timestamp="2021-04-05T23:15:31.812" intervalms="899.916" />
<gc-start id="1817" type="scavenge" contextid="1816" timestamp="2021-04-05T23:15:31.812">
  <mem-info id="1818" free="1063686248" total="1610612736" percent="66">
    <mem type="nursery" free="0" total="402653184" percent="0">
      <mem type="allocate" free="0" total="331808768" percent="0" />
      <mem type="survivor" free="0" total="70844416" percent="0" />
    </mem>
    <mem type="tenure" free="1063686248" total="1207959552" percent="88">
      <mem type="soa" free="1003287656" total="1147560960" percent="87" />
      <mem type="loa" free="60398592" total="60398592" percent="100" />
    </mem>
    <remembered-set count="1527" />
  </mem-info>
</gc-start>
<allocation-stats totalBytes="269152944" >
  <allocated-bytes non-tlh="2080" tlh="269150864" />
  <largest-consumer threadName="BenchmarkThread xml.validation 3" threadId="0000000000329300" bytes="42288584" />
</allocation-stats>
<gc-op id="1819" type="scavenge" timems="110.582" contextid="1816" timestamp="2021-04-05T23:15:31.922">
  <scavenger-info tenureage="3" tenuremask="7ff8" tiltratio="82" />
  <memory-copied type="nursery" objects="1559494" bytes="62764936" bytesdiscarded="12672" />
  <memory-copied type="tenure" objects="8" bytes="256" bytesdiscarded="0" />
</gc-op>
<gc-end id="1820" type="scavenge" contextid="1816" durationms="110.571" usertimems="439.875" systemtimems="0.002" timestamp="2021-04-05T23:15:31.923" activeThreads="4">
  <mem-info id="1821" free="1333307232" total="1610612736" percent="82">
    <mem type="nursery" free="269620984" total="402653184" percent="66">
      <mem type="allocate" free="269620984" total="332398592" percent="81" />
      <mem type="survivor" free="0" total="70254592" percent="0" />
    </mem>
    <mem type="tenure" free="1063686248" total="1207959552" percent="88" macro-fragmented="0">
      <mem type="soa" free="1003287656" total="1147560960" percent="87" />
      <mem type="loa" free="60398592" total="60398592" percent="100" />
    </mem>
    <remembered-set count="1335" />
  </mem-info>
</gc-end>
<cycle-end id="1822" type="scavenge" contextid="1816" timestamp="2021-04-05T23:15:31.923" />
<allocation-satisfied id="1823" threadId="000000000032CF00" bytesRequested="120" />
<af-end id="1824" timestamp="2021-04-05T23:15:31.923" threadId="000000000032D880" success="true" from="nursery"/>
<exclusive-end id="1825" timestamp="2021-04-05T23:15:31.923" durationms="111.237" />

<exclusive-start id="1826" timestamp="2021-04-05T23:15:32.825" intervalms="1013.213">
  <response-info timems="0.069" idlems="0.043" threads="1" lastid="000000000011CB00" lastname="BenchmarkThread xml.validation 1" />
</exclusive-start>
<af-start id="1827" threadId="0000000000335080" totalBytesRequested="136" timestamp="2021-04-05T23:15:32.825" intervalms="1013.217" type="nursery" />
<cycle-start id="1828" type="scavenge" contextid="0" timestamp="2021-04-05T23:15:32.825" intervalms="1013.217" />
<gc-start id="1829" type="scavenge" contextid="1828" timestamp="2021-04-05T23:15:32.825">
  <mem-info id="1830" free="1063686248" total="1610612736" percent="66">
    <mem type="nursery" free="0" total="402653184" percent="0">
      <mem type="allocate" free="0" total="332398592" percent="0" />
      <mem type="survivor" free="0" total="70254592" percent="0" />
    </mem>
    <mem type="tenure" free="1063686248" total="1207959552" percent="88">
      <mem type="soa" free="1003287656" total="1147560960" percent="87" />
      <mem type="loa" free="60398592" total="60398592" percent="100" />
    </mem>
    <remembered-set count="1566" />
  </mem-info>
</gc-start>
<allocation-stats totalBytes="269498712" >
  <allocated-bytes non-tlh="3240" tlh="269495472" />
  <largest-consumer threadName="BenchmarkThread xml.validation 8" threadId="000000000033BE00" bytes="47525632" />
</allocation-stats>
<gc-op id="1831" type="scavenge" timems="137.891" contextid="1828" timestamp="2021-04-05T23:15:32.963">
  <scavenger-info tenureage="3" tenuremask="7ff8" tiltratio="82" />
  <memory-copied type="nursery" objects="1531364" bytes="61735856" bytesdiscarded="10224" />
  <memory-copied type="tenure" objects="6" bytes="192" bytesdiscarded="0" />
</gc-op>
<gc-end id="1832" type="scavenge" contextid="1828" durationms="137.879" usertimems="539.003" systemtimems="3.997" timestamp="2021-04-05T23:15:32.963" activeThreads="4">
  <mem-info id="1833" free="1334797512" total="1610612736" percent="82">
    <mem type="nursery" free="271111264" total="402653184" percent="67">
      <mem type="allocate" free="271111264" total="332857344" percent="81" />
      <mem type="survivor" free="0" total="69795840" percent="0" />
    </mem>
    <mem type="tenure" free="1063686248" total="1207959552" percent="88" macro-fragmented="0">
      <mem type="soa" free="1003287656" total="1147560960" percent="87" />
      <mem type="loa" free="60398592" total="60398592" percent="100" />
    </mem>
    <remembered-set count="1338" />
  </mem-info>
</gc-end>
<cycle-end id="1834" type="scavenge" contextid="1828" timestamp="2021-04-05T23:15:32.963" />
<allocation-satisfied id="1835" threadId="0000000000334700" bytesRequested="136" />
<af-end id="1836" timestamp="2021-04-05T23:15:32.963" threadId="0000000000335080" success="true" from="nursery"/>
<exclusive-end id="1837" timestamp="2021-04-05T23:15:32.963" durationms="138.578" />

<exclusive-start id="1838" timestamp="2021-04-05T23:15:33.774" intervalms="949.196">
  <response-info timems="0.084" idlems="0.037" threads="4" lastid="000000000013CF00" lastname="BenchmarkThread xml.validation 2" />
</exclusive-start>
<af-start id="1839" threadId="000000000011D480" totalBytesRequested="1040" timestamp="2021-04-05T23:15:33.774" intervalms="949.196" type="nursery" />
<cycle-start id="1840" type="scavenge" contextid="0" timestamp="2021-04-05T23:15:33.774" intervalms="949.198" />
<gc-start id="1841" type="scavenge" contextid="1840" timestamp="2021-04-05T23:15:33.774">
  <mem-info id="1842" free="1063686248" total="1610612736" percent="66">
    <mem type="nursery" free="0" total="402653184" percent="0">
      <mem type="allocate" free="0" total="332857344" percent="0" />
      <mem type="survivor" free="0" total="69795840" percent="0" />
    </mem>
    <mem type="tenure" free="1063686248" total="1207959552" percent="88">
      <mem type="soa" free="1003287656" total="1147560960" percent="87" />
      <mem type="loa" free="60398592" total="60398592" percent="100" />
    </mem>
    <remembered-set count="1522" />
  </mem-info>
</gc-start>
<allocation-stats totalBytes="270981744" >
  <allocated-bytes non-tlh="136" tlh="270981608" />
  <largest-consumer threadName="BenchmarkThread xml.validation 5" threadId="0000000000330B00" bytes="42698360" />
</allocation-stats>
<gc-op id="1843" type="scavenge" timems="111.162" contextid="1840" timestamp="2021-04-05T23:15:33.885">
  <scavenger-info tenureage="3" tenuremask="7ff8" tiltratio="82" />
  <memory-copied type="nursery" objects="1564171" bytes="63163568" bytesdiscarded="12376" />
  <memory-copied type="tenure" objects="10044" bytes="385792" bytesdiscarded="0" />
</gc-op>
<gc-end id="1844" type="scavenge" contextid="1840" durationms="111.150" usertimems="426.718" systemtimems="0.000" timestamp="2021-04-05T23:15:33.886" activeThreads="4">
  <mem-info id="1845" free="1332974432" total="1610612736" percent="82">
    <mem type="nursery" free="269681400" total="402653184" percent="66">
      <mem type="allocate" free="269681400" total="332857344" percent="81" />
      <mem type="survivor" free="0" total="69795840" percent="0" />
    </mem>
    <mem type="tenure" free="1063293032" total="1207959552" percent="88" macro-fragmented="0">
      <mem type="soa" free="1002894440" total="1147560960" percent="87" />
      <mem type="loa" free="60398592" total="60398592" percent="100" />
    </mem>
    <remembered-set count="1343" />
  </mem-info>
</gc-end>
<cycle-end id="1846" type="scavenge" contextid="1840" timestamp="2021-04-05T23:15:33.886" />
<allocation-satisfied id="1847" threadId="000000000011CB00" bytesRequested="1040" />
<af-end id="1848" timestamp="2021-04-05T23:15:33.886" threadId="000000000011D480" success="true" from="nursery"/>
<exclusive-end id="1849" timestamp="2021-04-05T23:15:33.886" durationms="111.822" />

<exclusive-start id="1850" timestamp="2021-04-05T23:15:34.782" intervalms="1008.380">
  <response-info timems="0.068" idlems="0.036" threads="2" lastid="0000000000338300" lastname="BenchmarkThread xml.validation 7" />
</exclusive-start>
<af-start id="1851" threadId="0000000000335080" totalBytesRequested="16" timestamp="2021-04-05T23:15:34.783" intervalms="1008.377" type="nursery" />
<cycle-start id="1852" type="scavenge" contextid="0" timestamp="2021-04-05T23:15:34.783" intervalms="1008.377" />
<gc-start id="1853" type="scavenge" contextid="1852" timestamp="2021-04-05T23:15:34.783">
  <mem-info id="1854" free="1063293032" total="1610612736" percent="66">
    <mem type="nursery" free="0" total="402653184" percent="0">
      <mem type="allocate" free="0" total="332857344" percent="0" />
      <mem type="survivor" free="0" total="69795840" percent="0" />
    </mem>
    <mem type="tenure" free="1063293032" total="1207959552" percent="88">
      <mem type="soa" free="1002894440" total="1147560960" percent="87" />
      <mem type="loa" free="60398592" total="60398592" percent="100" />
    </mem>
    <remembered-set count="1559" />
  </mem-info>
</gc-start>
<allocation-stats totalBytes="269549680" >
  <allocated-bytes non-tlh="4160" tlh="269545520" />
  <largest-consumer threadName="BenchmarkThread xml.validation 1" threadId="000000000011CB00" bytes="44384440" />
</allocation-stats>
<gc-op id="1855" type="scavenge" timems="124.152" contextid="1852" timestamp="2021-04-05T23:15:34.907">
  <scavenger-info tenureage="3" tenuremask="7ff8" tiltratio="82" />
  <memory-copied type="nursery" objects="1512480" bytes="61034488" bytesdiscarded="15832" />
  <memory-copied type="tenure" objects="119954" bytes="4860576" bytesdiscarded="0" />
</gc-op>
<gc-end id="1856" type="scavenge" contextid="1852" durationms="124.141" usertimems="461.903" systemtimems="3.996" timestamp="2021-04-05T23:15:34.907" activeThreads="4">
  <mem-info id="1857" free="1330578072" total="1610612736" percent="82">
    <mem type="nursery" free="272134704" total="402653184" percent="67">
      <mem type="allocate" free="272134704" total="333185024" percent="81" />
      <mem type="survivor" free="0" total="69468160" percent="0" />
    </mem>
    <mem type="tenure" free="1058443368" total="1207959552" percent="87" macro-fragmented="0">
      <mem type="soa" free="998044776" total="1147560960" percent="86" />
      <mem type="loa" free="60398592" total="60398592" percent="100" />
    </mem>
    <remembered-set count="1337" />
  </mem-info>
</gc-end>
<cycle-end id="1858" type="scavenge" contextid="1852" timestamp="2021-04-05T23:15:34.907" />
<allocation-satisfied id="1859" threadId="0000000000334700" bytesRequested="16" />
<af-end id="1860" timestamp="2021-04-05T23:15:34.907" threadId="0000000000335080" success="true" from="nursery"/>
<exclusive-end id="1861" timestamp="2021-04-05T23:15:34.907" durationms="124.841" />

<exclusive-start id="1862" timestamp="2021-04-05T23:15:35.838" intervalms="1056.043">
  <response-info timems="0.050" idlems="0.050" threads="0" lastid="0000000000329300" lastname="BenchmarkThread xml.validation 3" />
</exclusive-start>
<af-start id="1863" threadId="0000000000329C80" totalBytesRequested="16" timestamp="2021-04-05T23:15:35.839" intervalms="1056.057" type="nursery" />
<cycle-start id="1864" type="scavenge" contextid="0" timestamp="2021-04-05T23:15:35.839" intervalms="1056.055" />
<gc-start id="1865" type="scavenge" contextid="1864" timestamp="2021-04-05T23:15:35.839">
  <mem-info id="1866" free="1058443368" total="1610612736" percent="65">
    <mem type="nursery" free="0" total="402653184" percent="0">
      <mem type="allocate" free="0" total="333185024" percent="0" />
      <mem type="survivor" free="0" total="69468160" percent="0" />
    </mem>
    <mem type="tenure" free="1058443368" total="1207959552" percent="87">
      <mem type="soa" free="998044776" total="1147560960" percent="86" />
      <mem type="loa" free="60398592" total="60398592" percent="100" />
    </mem>
    <remembered-set count="1550" />
  </mem-info>
</gc-start>
<allocation-stats totalBytes="271984496" >
  <allocated-bytes non-tlh="16" tlh="271984480" />
  <largest-consumer threadName="BenchmarkThread xml.validation 2" threadId="000000000013CF00" bytes="44114184" />
</allocation-stats>
<gc-op id="1867" type="scavenge" timems="131.089" contextid="1864" timestamp="2021-04-05T23:15:35.970">
  <scavenger-info tenureage="3" tenuremask="7ff8" tiltratio="82" />
  <memory-copied type="nursery" objects="1544545" bytes="61996072" bytesdiscarded="10480" />
  <memory-copied type="tenure" objects="6" bytes="192" bytesdiscarded="0" />
</gc-op>
<gc-end id="1868" type="scavenge" contextid="1864" durationms="131.077" usertimems="504.353" systemtimems="0.000" timestamp="2021-04-05T23:15:35.970" activeThreads="4">
  <mem-info id="1869" free="1329883984" total="1610612736" percent="82">
    <mem type="nursery" free="271440616" total="402653184" percent="67">
      <mem type="allocate" free="271440616" total="333447168" percent="81" />
      <mem type="survivor" free="0" total="69206016" percent="0" />
    </mem>
    <mem type="tenure" free="1058443368" total="1207959552" percent="87" macro-fragmented="0">
      <mem type="soa" free="998044776" total="1147560960" percent="86" />
      <mem type="loa" free="60398592" total="60398592" percent="100" />
    </mem>
    <remembered-set count="1332" />
  </mem-info>
</gc-end>
<cycle-end id="1870" type="scavenge" contextid="1864" timestamp="2021-04-05T23:15:35.970" />
<allocation-satisfied id="1871" threadId="0000000000329300" bytesRequested="16" />
<af-end id="1872" timestamp="2021-04-05T23:15:35.970" threadId="0000000000329C80" success="true" from="nursery"/>
<exclusive-end id="1873" timestamp="2021-04-05T23:15:35.970" durationms="131.902" />

<exclusive-start id="1874" timestamp="2021-04-05T23:15:37.001" intervalms="1162.703">
  <response-info timems="0.040" idlems="0.040" threads="0" lastid="0000000000334700" lastname="BenchmarkThread xml.validation 6" />
</exclusive-start>
<af-start id="1875" threadId="0000000000335080" totalBytesRequested="16" timestamp="2021-04-05T23:15:37.001" intervalms="1162.690" type="nursery" />
<cycle-start id="1876" type="scavenge" contextid="0" timestamp="2021-04-05T23:15:37.001" intervalms="1162.689" />
<gc-start id="1877" type="scavenge" contextid="1876" timestamp="2021-04-05T23:15:37.001">
  <mem-info id="1878" free="1058443368" total="1610612736" percent="65">
    <mem type="nursery" free="0" total="402653184" percent="0">
      <mem type="allocate" free="0" total="333447168" percent="0" />
      <mem type="survivor" free="0" total="69206016" percent="0" />
    </mem>
    <mem type="tenure" free="1058443368" total="1207959552" percent="87">
      <mem type="soa" free="998044776" total="1147560960" percent="86" />
      <mem type="loa" free="60398592" total="60398592" percent="100" />
    </mem>
    <remembered-set count="1533" />
  </mem-info>
</gc-start>
<allocation-stats totalBytes="271329704" >
  <allocated-bytes non-tlh="16" tlh="271329688" />
  <largest-consumer threadName="BenchmarkThread xml.validation 4" threadId="000000000032CF00" bytes="42076216" />
</allocation-stats>
<gc-op id="1879" type="scavenge" timems="118.674" contextid="1876" timestamp="2021-04-05T23:15:37.120">
  <scavenger-info tenureage="3" tenuremask="7ff8" tiltratio="82" />
  <memory-copied type="nursery" objects="1492158" bytes="60176360" bytesdiscarded="9696" />
  <memory-copied type="tenure" objects="2" bytes="64" bytesdiscarded="0" />
</gc-op>
<gc-end id="1880" type="scavenge" contextid="1876" durationms="118.663" usertimems="457.258" systemtimems="0.000" timestamp="2021-04-05T23:15:37.120" activeThreads="4">
  <mem-info id="1881" free="1332163232" total="1610612736" percent="82">
    <mem type="nursery" free="273719864" total="402653184" percent="67">
      <mem type="allocate" free="273719864" total="333905920" percent="81" />
      <mem type="survivor" free="0" total="68747264" percent="0" />
    </mem>
    <mem type="tenure" free="1058443368" total="1207959552" percent="87" macro-fragmented="0">
      <mem type="soa" free="998044776" total="1147560960" percent="86" />
      <mem type="loa" free="60398592" total="60398592" percent="100" />
    </mem>
    <remembered-set count="1336" />
  </mem-info>
</gc-end>
<cycle-end id="1882" type="scavenge" contextid="1876" timestamp="2021-04-05T23:15:37.120" />
<allocation-satisfied id="1883" threadId="0000000000334700" bytesRequested="16" />
<af-end id="1884" timestamp="2021-04-05T23:15:37.120" threadId="0000000000335080" success="true" from="nursery"/>
<exclusive-end id="1885" timestamp="2021-04-05T23:15:37.120" durationms="119.307" />

<exclusive-start id="1886" timestamp="2021-04-05T23:15:37.998" intervalms="996.529">
  <response-info timems="0.081" idlems="0.035" threads="3" lastid="000000000011CB00" lastname="BenchmarkThread xml.validation 1" />
</exclusive-start>
<af-start id="1887" threadId="0000000000335080" totalBytesRequested="80" timestamp="2021-04-05T23:15:37.998" intervalms="996.522" type="nursery" />
<cycle-start id="1888" type="scavenge" contextid="0" timestamp="2021-04-05T23:15:37.998" intervalms="996.521" />
<gc-start id="1889" type="scavenge" contextid="1888" timestamp="2021-04-05T23:15:37.998">
  <mem-info id="1890" free="1058443368" total="1610612736" percent="65">
    <mem type="nursery" free="0" total="402653184" percent="0">
      <mem type="allocate" free="0" total="333905920" percent="0" />
      <mem type="survivor" free="0" total="68747264" percent="0" />
    </mem>
    <mem type="tenure" free="1058443368" total="1207959552" percent="87">
      <mem type="soa" free="998044776" total="1147560960" percent="86" />
      <mem type="loa" free="60398592" total="60398592" percent="100" />
    </mem>
    <remembered-set count="1567" />
  </mem-info>
</gc-start>
<allocation-stats totalBytes="273573816" >
  <allocated-bytes non-tlh="16" tlh="273573800" />
  <largest-consumer threadName="BenchmarkThread xml.validation 6" threadId="0000000000334700" bytes="49584200" />
</allocation-stats>
<gc-op id="1891" type="scavenge" timems="122.407" contextid="1888" timestamp="2021-04-05T23:15:38.120">
  <scavenger-info tenureage="3" tenuremask="7ff8" tiltratio="82" />
  <memory-copied type="nursery" objects="1493962" bytes="60275096" bytesdiscarded="12280" />
  <memory-copied type="tenure" objects="10" bytes="320" bytesdiscarded="0" />
</gc-op>
<gc-end id="1892" type="scavenge" contextid="1888" durationms="122.396" usertimems="459.465" systemtimems="0.000" timestamp="2021-04-05T23:15:38.121" activeThreads="4">
  <mem-info id="1893" free="1332782808" total="1610612736" percent="82">
    <mem type="nursery" free="274339440" total="402653184" percent="68">
      <mem type="allocate" free="274339440" total="334626816" percent="81" />
      <mem type="survivor" free="0" total="68026368" percent="0" />
    </mem>
    <mem type="tenure" free="1058443368" total="1207959552" percent="87" macro-fragmented="0">
      <mem type="soa" free="998044776" total="1147560960" percent="86" />
      <mem type="loa" free="60398592" total="60398592" percent="100" />
    </mem>
    <remembered-set count="1337" />
  </mem-info>
</gc-end>
<cycle-end id="1894" type="scavenge" contextid="1888" timestamp="2021-04-05T23:15:38.121" />
<allocation-satisfied id="1895" threadId="0000000000334700" bytesRequested="80" />
<af-end id="1896" timestamp="2021-04-05T23:15:38.121" threadId="0000000000335080" success="true" from="nursery"/>
<exclusive-end id="1897" timestamp="2021-04-05T23:15:38.121" durationms="123.080" />

<exclusive-start id="1898" timestamp="2021-04-05T23:15:38.881" intervalms="883.345">
  <response-info timems="0.064" idlems="0.035" threads="2" lastid="000000000011CB00" lastname="BenchmarkThread xml.validation 1" />
</exclusive-start>
<af-start id="1899" threadId="000000000032D880" totalBytesRequested="24" timestamp="2021-04-05T23:15:38.881" intervalms="883.345" type="nursery" />
<cycle-start id="1900" type="scavenge" contextid="0" timestamp="2021-04-05T23:15:38.881" intervalms="883.345" />
<gc-start id="1901" type="scavenge" contextid="1900" timestamp="2021-04-05T23:15:38.881">
  <mem-info id="1902" free="1058443368" total="1610612736" percent="65">
    <mem type="nursery" free="0" total="402653184" percent="0">
      <mem type="allocate" free="0" total="334626816" percent="0" />
      <mem type="survivor" free="0" total="68026368" percent="0" />
    </mem>
    <mem type="tenure" free="1058443368" total="1207959552" percent="87">
      <mem type="soa" free="998044776" total="1147560960" percent="86" />
      <mem type="loa" free="60398592" total="60398592" percent="100" />
    </mem>
    <remembered-set count="1526" />
  </mem-info>
</gc-start>
<allocation-stats totalBytes="274196776" >
  <allocated-bytes non-tlh="80" tlh="274196696" />
  <largest-consumer threadName="BenchmarkThread xml.validation 7" threadId="0000000000338300" bytes="46151264" />
</allocation-stats>
<gc-op id="1903" type="scavenge" timems="102.918" contextid="1900" timestamp="2021-04-05T23:15:38.984">
  <scavenger-info tenureage="3" tenuremask="7ff8" tiltratio="83" />
  <memory-copied type="nursery" objects="1532251" bytes="61712360" bytesdiscarded="11888" />
  <memory-copied type="tenure" objects="6" bytes="192" bytesdiscarded="0" />
</gc-op>
<gc-end id="1904" type="scavenge" contextid="1900" durationms="102.908" usertimems="409.868" systemtimems="0.000" timestamp="2021-04-05T23:15:38.985" activeThreads="4">
  <mem-info id="1905" free="1331280400" total="1610612736" percent="82">
    <mem type="nursery" free="272837032" total="402653184" percent="67">
      <mem type="allocate" free="272837032" total="334561280" percent="81" />
      <mem type="survivor" free="0" total="68091904" percent="0" />
    </mem>
    <mem type="tenure" free="1058443368" total="1207959552" percent="87" macro-fragmented="0">
      <mem type="soa" free="998044776" total="1147560960" percent="86" />
      <mem type="loa" free="60398592" total="60398592" percent="100" />
    </mem>
    <remembered-set count="1319" />
  </mem-info>
</gc-end>
<cycle-end id="1906" type="scavenge" contextid="1900" timestamp="2021-04-05T23:15:38.985" />
<allocation-satisfied id="1907" threadId="000000000032CF00" bytesRequested="24" />
<af-end id="1908" timestamp="2021-04-05T23:15:38.985" threadId="000000000032D880" success="true" from="nursery"/>
<exclusive-end id="1909" timestamp="2021-04-05T23:15:38.985" durationms="103.573" />

<exclusive-start id="1910" timestamp="2021-04-05T23:15:39.828" intervalms="946.746">
  <response-info timems="0.048" idlems="0.048" threads="0" lastid="000000000013CF00" lastname="BenchmarkThread xml.validation 2" />
</exclusive-start>
<af-start id="1911" threadId="000000000013D880" totalBytesRequested="1040" timestamp="2021-04-05T23:15:39.828" intervalms="946.754" type="nursery" />
<cycle-start id="1912" type="scavenge" contextid="0" timestamp="2021-04-05T23:15:39.828" intervalms="946.755" />
<gc-start id="1913" type="scavenge" contextid="1912" timestamp="2021-04-05T23:15:39.828">
  <mem-info id="1914" free="1058443368" total="1610612736" percent="65">
    <mem type="nursery" free="0" total="402653184" percent="0">
      <mem type="allocate" free="0" total="334561280" percent="0" />
      <mem type="survivor" free="0" total="68091904" percent="0" />
    </mem>
    <mem type="tenure" free="1058443368" total="1207959552" percent="87">
      <mem type="soa" free="998044776" total="1147560960" percent="86" />
      <mem type="loa" free="60398592" total="60398592" percent="100" />
    </mem>
    <remembered-set count="1546" />
  </mem-info>
</gc-start>
<allocation-stats totalBytes="272714656" >
  <allocated-bytes non-tlh="24" tlh="272714632" />
  <largest-consumer threadName="BenchmarkThread xml.validation 1" threadId="000000000011CB00" bytes="44769928" />
</allocation-stats>
<gc-op id="1915" type="scavenge" timems="114.025" contextid="1912" timestamp="2021-04-05T23:15:39.942">
  <scavenger-info tenureage="3" tenuremask="7ff8" tiltratio="83" />
  <memory-copied type="nursery" objects="1551912" bytes="62469536" bytesdiscarded="11072" />
  <memory-copied type="tenure" objects="10" bytes="320" bytesdiscarded="0" />
</gc-op>
<gc-end id="1916" type="scavenge" contextid="1912" durationms="114.015" usertimems="419.515" systemtimems="0.000" timestamp="2021-04-05T23:15:39.942" activeThreads="4">
  <mem-info id="1917" free="1330327432" total="1610612736" percent="82">
    <mem type="nursery" free="271884064" total="402653184" percent="67">
      <mem type="allocate" free="271884064" total="334364672" percent="81" />
      <mem type="survivor" free="0" total="68288512" percent="0" />
    </mem>
    <mem type="tenure" free="1058443368" total="1207959552" percent="87" macro-fragmented="0">
      <mem type="soa" free="998044776" total="1147560960" percent="86" />
      <mem type="loa" free="60398592" total="60398592" percent="100" />
    </mem>
    <remembered-set count="1329" />
  </mem-info>
</gc-end>
<cycle-end id="1918" type="scavenge" contextid="1912" timestamp="2021-04-05T23:15:39.943" />
<allocation-satisfied id="1919" threadId="000000000013CF00" bytesRequested="1040" />
<af-end id="1920" timestamp="2021-04-05T23:15:39.943" threadId="000000000013D880" success="true" from="nursery"/>
<exclusive-end id="1921" timestamp="2021-04-05T23:15:39.943" durationms="114.750" />

<exclusive-start id="1922" timestamp="2021-04-05T23:15:40.817" intervalms="988.690">
  <response-info timems="0.073" idlems="0.043" threads="1" lastid="000000000032CF00" lastname="BenchmarkThread xml.validation 4" />
</exclusive-start>
<af-start id="1923" threadId="0000000000338C80" totalBytesRequested="136" timestamp="2021-04-05T23:15:40.817" intervalms="988.687" type="nursery" />
<cycle-start id="1924" type="scavenge" contextid="0" timestamp="2021-04-05T23:15:40.817" intervalms="988.688" />
<gc-start id="1925" type="scavenge" contextid="1924" timestamp="2021-04-05T23:15:40.817">
  <mem-info id="1926" free="1058443368" total="1610612736" percent="65">
    <mem type="nursery" free="0" total="402653184" percent="0">
      <mem type="allocate" free="0" total="334364672" percent="0" />
      <mem type="survivor" free="0" total="68288512" percent="0" />
    </mem>
    <mem type="tenure" free="1058443368" total="1207959552" percent="87">
      <mem type="soa" free="998044776" total="1147560960" percent="86" />
      <mem type="loa" free="60398592" total="60398592" percent="100" />
    </mem>
    <remembered-set count="1547" />
  </mem-info>
</gc-start>
<allocation-stats totalBytes="271735976" >
  <allocated-bytes non-tlh="5200" tlh="271730776" />
  <largest-consumer threadName="BenchmarkThread xml.validation 7" threadId="0000000000338300" bytes="46565320" />
</allocation-stats>
<gc-op id="1927" type="scavenge" timems="113.886" contextid="1924" timestamp="2021-04-05T23:15:40.931">
  <scavenger-info tenureage="3" tenuremask="7ff8" tiltratio="83" />
  <memory-copied type="nursery" objects="1550817" bytes="62381800" bytesdiscarded="11952" />
  <memory-copied type="tenure" objects="6" bytes="192" bytesdiscarded="0" />
</gc-op>
<gc-end id="1928" type="scavenge" contextid="1924" durationms="113.874" usertimems="433.124" systemtimems="0.009" timestamp="2021-04-05T23:15:40.931" activeThreads="4">
  <mem-info id="1929" free="1331069648" total="1610612736" percent="82">
    <mem type="nursery" free="272626280" total="402653184" percent="67">
      <mem type="allocate" free="272626280" total="335020032" percent="81" />
      <mem type="survivor" free="0" total="67633152" percent="0" />
    </mem>
    <mem type="tenure" free="1058443368" total="1207959552" percent="87" macro-fragmented="0">
      <mem type="soa" free="998044776" total="1147560960" percent="86" />
      <mem type="loa" free="60398592" total="60398592" percent="100" />
    </mem>
    <remembered-set count="1337" />
  </mem-info>
</gc-end>
<cycle-end id="1930" type="scavenge" contextid="1924" timestamp="2021-04-05T23:15:40.931" />
<allocation-satisfied id="1931" threadId="0000000000338300" bytesRequested="136" />
<af-end id="1932" timestamp="2021-04-05T23:15:40.931" threadId="0000000000338C80" success="true" from="nursery"/>
<exclusive-end id="1933" timestamp="2021-04-05T23:15:40.931" durationms="114.780" />

<exclusive-start id="1934" timestamp="2021-04-05T23:15:41.763" intervalms="946.709">
  <response-info timems="0.051" idlems="0.033" threads="1" lastid="0000000000330B00" lastname="BenchmarkThread xml.validation 5" />
</exclusive-start>
<af-start id="1935" threadId="000000000011D480" totalBytesRequested="136" timestamp="2021-04-05T23:15:41.763" intervalms="946.710" type="nursery" />
<cycle-start id="1936" type="scavenge" contextid="0" timestamp="2021-04-05T23:15:41.763" intervalms="946.709" />
<gc-start id="1937" type="scavenge" contextid="1936" timestamp="2021-04-05T23:15:41.763">
  <mem-info id="1938" free="1058443368" total="1610612736" percent="65">
    <mem type="nursery" free="0" total="402653184" percent="0">
      <mem type="allocate" free="0" total="335020032" percent="0" />
      <mem type="survivor" free="0" total="67633152" percent="0" />
    </mem>
    <mem type="tenure" free="1058443368" total="1207959552" percent="87">
      <mem type="soa" free="998044776" total="1147560960" percent="86" />
      <mem type="loa" free="60398592" total="60398592" percent="100" />
    </mem>
    <remembered-set count="1527" />
  </mem-info>
</gc-start>
<allocation-stats totalBytes="272503592" >
  <allocated-bytes non-tlh="136" tlh="272503456" />
  <largest-consumer threadName="BenchmarkThread xml.validation 4" threadId="000000000032CF00" bytes="41243040" />
</allocation-stats>
<gc-op id="1939" type="scavenge" timems="119.056" contextid="1936" timestamp="2021-04-05T23:15:41.882">
  <scavenger-info tenureage="3" tenuremask="7ff8" tiltratio="83" />
  <memory-copied type="nursery" objects="1552916" bytes="62433944" bytesdiscarded="12776" />
  <memory-copied type="tenure" objects="4" bytes="128" bytesdiscarded="0" />
</gc-op>
<gc-end id="1940" type="scavenge" contextid="1936" durationms="119.045" usertimems="447.658" systemtimems="0.012" timestamp="2021-04-05T23:15:41.883" activeThreads="4">
  <mem-info id="1941" free="1331082216" total="1610612736" percent="82">
    <mem type="nursery" free="272638848" total="402653184" percent="67">
      <mem type="allocate" free="272638848" total="335085568" percent="81" />
      <mem type="survivor" free="0" total="67567616" percent="0" />
    </mem>
    <mem type="tenure" free="1058443368" total="1207959552" percent="87" macro-fragmented="0">
      <mem type="soa" free="998044776" total="1147560960" percent="86" />
      <mem type="loa" free="60398592" total="60398592" percent="100" />
    </mem>
    <remembered-set count="1337" />
  </mem-info>
</gc-end>
<cycle-end id="1942" type="scavenge" contextid="1936" timestamp="2021-04-05T23:15:41.883" />
<allocation-satisfied id="1943" threadId="000000000011CB00" bytesRequested="136" />
<af-end id="1944" timestamp="2021-04-05T23:15:41.883" threadId="000000000011D480" success="true" from="nursery"/>
<exclusive-end id="1945" timestamp="2021-04-05T23:15:41.883" durationms="119.765" />

<exclusive-start id="1946" timestamp="2021-04-05T23:15:42.778" intervalms="1014.320">
  <response-info timems="0.063" idlems="0.038" threads="1" lastid="0000000000334700" lastname="BenchmarkThread xml.validation 6" />
</exclusive-start>
<af-start id="1947" threadId="0000000000338C80" totalBytesRequested="16" timestamp="2021-04-05T23:15:42.778" intervalms="1014.333" type="nursery" />
<cycle-start id="1948" type="scavenge" contextid="0" timestamp="2021-04-05T23:15:42.778" intervalms="1014.333" />
<gc-start id="1949" type="scavenge" contextid="1948" timestamp="2021-04-05T23:15:42.778">
  <mem-info id="1950" free="1058443368" total="1610612736" percent="65">
    <mem type="nursery" free="0" total="402653184" percent="0">
      <mem type="allocate" free="0" total="335085568" percent="0" />
      <mem type="survivor" free="0" total="67567616" percent="0" />
    </mem>
    <mem type="tenure" free="1058443368" total="1207959552" percent="87">
      <mem type="soa" free="998044776" total="1147560960" percent="86" />
      <mem type="loa" free="60398592" total="60398592" percent="100" />
    </mem>
    <remembered-set count="1576" />
  </mem-info>
</gc-start>
<allocation-stats totalBytes="272501104" >
  <allocated-bytes non-tlh="136" tlh="272500968" />
  <largest-consumer threadName="BenchmarkThread xml.validation 8" threadId="000000000033BE00" bytes="47722256" />
</allocation-stats>
<gc-op id="1951" type="scavenge" timems="106.723" contextid="1948" timestamp="2021-04-05T23:15:42.885">
  <scavenger-info tenureage="3" tenuremask="7ff8" tiltratio="83" />
  <memory-copied type="nursery" objects="1488563" bytes="60333824" bytesdiscarded="11216" />
  <memory-copied type="tenure" objects="8" bytes="256" bytesdiscarded="0" />
</gc-op>
<gc-end id="1952" type="scavenge" contextid="1948" durationms="106.713" usertimems="406.679" systemtimems="0.000" timestamp="2021-04-05T23:15:42.885" activeThreads="4">
  <mem-info id="1953" free="1333249432" total="1610612736" percent="82">
    <mem type="nursery" free="274806064" total="402653184" percent="68">
      <mem type="allocate" free="274806064" total="335151104" percent="81" />
      <mem type="survivor" free="0" total="67502080" percent="0" />
    </mem>
    <mem type="tenure" free="1058443368" total="1207959552" percent="87" macro-fragmented="0">
      <mem type="soa" free="998044776" total="1147560960" percent="86" />
      <mem type="loa" free="60398592" total="60398592" percent="100" />
    </mem>
    <remembered-set count="1337" />
  </mem-info>
</gc-end>
<cycle-end id="1954" type="scavenge" contextid="1948" timestamp="2021-04-05T23:15:42.885" />
<allocation-satisfied id="1955" threadId="0000000000338300" bytesRequested="16" />
<af-end id="1956" timestamp="2021-04-05T23:15:42.885" threadId="0000000000338C80" success="true" from="nursery"/>
<exclusive-end id="1957" timestamp="2021-04-05T23:15:42.885" durationms="107.503" />

<exclusive-start id="1958" timestamp="2021-04-05T23:15:43.721" intervalms="943.884">
  <response-info timems="0.057" idlems="0.057" threads="0" lastid="000000000032CF00" lastname="BenchmarkThread xml.validation 4" />
</exclusive-start>
<af-start id="1959" threadId="000000000032D880" totalBytesRequested="16" timestamp="2021-04-05T23:15:43.721" intervalms="943.874" type="nursery" />
<cycle-start id="1960" type="scavenge" contextid="0" timestamp="2021-04-05T23:15:43.722" intervalms="943.881" />
<gc-start id="1961" type="scavenge" contextid="1960" timestamp="2021-04-05T23:15:43.722">
  <mem-info id="1962" free="1058443368" total="1610612736" percent="65">
    <mem type="nursery" free="0" total="402653184" percent="0">
      <mem type="allocate" free="0" total="335151104" percent="0" />
      <mem type="survivor" free="0" total="67502080" percent="0" />
    </mem>
    <mem type="tenure" free="1058443368" total="1207959552" percent="87">
      <mem type="soa" free="998044776" total="1147560960" percent="86" />
      <mem type="loa" free="60398592" total="60398592" percent="100" />
    </mem>
    <remembered-set count="1528" />
  </mem-info>
</gc-start>
<allocation-stats totalBytes="274667808" >
  <allocated-bytes non-tlh="16" tlh="274667792" />
  <largest-consumer threadName="BenchmarkThread xml.validation 7" threadId="0000000000338300" bytes="44015544" />
</allocation-stats>
<gc-op id="1963" type="scavenge" timems="107.524" contextid="1960" timestamp="2021-04-05T23:15:43.829">
  <scavenger-info tenureage="3" tenuremask="7ff8" tiltratio="83" />
  <memory-copied type="nursery" objects="1543409" bytes="61993792" bytesdiscarded="11632" />
  <memory-copied type="tenure" objects="4" bytes="128" bytesdiscarded="0" />
</gc-op>
<gc-end id="1964" type="scavenge" contextid="1960" durationms="107.512" usertimems="404.305" systemtimems="0.000" timestamp="2021-04-05T23:15:43.830" activeThreads="4">
  <mem-info id="1965" free="1331326904" total="1610612736" percent="82">
    <mem type="nursery" free="272883536" total="402653184" percent="67">
      <mem type="allocate" free="272883536" total="334888960" percent="81" />
      <mem type="survivor" free="0" total="67764224" percent="0" />
    </mem>
    <mem type="tenure" free="1058443368" total="1207959552" percent="87" macro-fragmented="0">
      <mem type="soa" free="998044776" total="1147560960" percent="86" />
      <mem type="loa" free="60398592" total="60398592" percent="100" />
    </mem>
    <remembered-set count="1334" />
  </mem-info>
</gc-end>
<cycle-end id="1966" type="scavenge" contextid="1960" timestamp="2021-04-05T23:15:43.830" />
<allocation-satisfied id="1967" threadId="000000000032CF00" bytesRequested="16" />
<af-end id="1968" timestamp="2021-04-05T23:15:43.830" threadId="000000000032D880" success="true" from="nursery"/>
<exclusive-end id="1969" timestamp="2021-04-05T23:15:43.830" durationms="108.211" />

<exclusive-start id="1970" timestamp="2021-04-05T23:15:44.634" intervalms="912.154">
  <response-info timems="0.078" idlems="0.046" threads="1" lastid="0000000000329300" lastname="BenchmarkThread xml.validation 3" />
</exclusive-start>
<af-start id="1971" threadId="000000000033C780" totalBytesRequested="16" timestamp="2021-04-05T23:15:44.634" intervalms="912.151" type="nursery" />
<cycle-start id="1972" type="scavenge" contextid="0" timestamp="2021-04-05T23:15:44.634" intervalms="912.144" />
<gc-start id="1973" type="scavenge" contextid="1972" timestamp="2021-04-05T23:15:44.634">
  <mem-info id="1974" free="1058443368" total="1610612736" percent="65">
    <mem type="nursery" free="0" total="402653184" percent="0">
      <mem type="allocate" free="0" total="334888960" percent="0" />
      <mem type="survivor" free="0" total="67764224" percent="0" />
    </mem>
    <mem type="tenure" free="1058443368" total="1207959552" percent="87">
      <mem type="soa" free="998044776" total="1147560960" percent="86" />
      <mem type="loa" free="60398592" total="60398592" percent="100" />
    </mem>
    <remembered-set count="1533" />
  </mem-info>
</gc-start>
<allocation-stats totalBytes="272760864" >
  <allocated-bytes non-tlh="16" tlh="272760848" />
  <largest-consumer threadName="BenchmarkThread xml.validation 5" threadId="0000000000330B00" bytes="42813648" />
</allocation-stats>
<gc-op id="1975" type="scavenge" timems="121.017" contextid="1972" timestamp="2021-04-05T23:15:44.755">
  <scavenger-info tenureage="3" tenuremask="7ff8" tiltratio="83" />
  <memory-copied type="nursery" objects="1542379" bytes="62070328" bytesdiscarded="15128" />
  <memory-copied type="tenure" objects="8" bytes="256" bytesdiscarded="0" />
</gc-op>
<gc-end id="1976" type="scavenge" contextid="1972" durationms="121.007" usertimems="453.637" systemtimems="0.000" timestamp="2021-04-05T23:15:44.755" activeThreads="4">
  <mem-info id="1977" free="1331705624" total="1610612736" percent="82">
    <mem type="nursery" free="273262256" total="402653184" percent="67">
      <mem type="allocate" free="273262256" total="335347712" percent="81" />
      <mem type="survivor" free="0" total="67305472" percent="0" />
    </mem>
    <mem type="tenure" free="1058443368" total="1207959552" percent="87" macro-fragmented="0">
      <mem type="soa" free="998044776" total="1147560960" percent="86" />
      <mem type="loa" free="60398592" total="60398592" percent="100" />
    </mem>
    <remembered-set count="1337" />
  </mem-info>
</gc-end>
<cycle-end id="1978" type="scavenge" contextid="1972" timestamp="2021-04-05T23:15:44.755" />
<allocation-satisfied id="1979" threadId="000000000033BE00" bytesRequested="16" />
<af-end id="1980" timestamp="2021-04-05T23:15:44.755" threadId="000000000033C780" success="true" from="nursery"/>
<exclusive-end id="1981" timestamp="2021-04-05T23:15:44.755" durationms="121.665" />

<exclusive-start id="1982" timestamp="2021-04-05T23:15:45.666" intervalms="1032.082">
  <response-info timems="0.059" idlems="0.035" threads="1" lastid="000000000033BE00" lastname="BenchmarkThread xml.validation 8" />
</exclusive-start>
<af-start id="1983" threadId="0000000000338C80" totalBytesRequested="64" timestamp="2021-04-05T23:15:45.666" intervalms="1032.078" type="nursery" />
<cycle-start id="1984" type="scavenge" contextid="0" timestamp="2021-04-05T23:15:45.666" intervalms="1032.076" />
<gc-start id="1985" type="scavenge" contextid="1984" timestamp="2021-04-05T23:15:45.666">
  <mem-info id="1986" free="1058443368" total="1610612736" percent="65">
    <mem type="nursery" free="0" total="402653184" percent="0">
      <mem type="allocate" free="0" total="335347712" percent="0" />
      <mem type="survivor" free="0" total="67305472" percent="0" />
    </mem>
    <mem type="tenure" free="1058443368" total="1207959552" percent="87">
      <mem type="soa" free="998044776" total="1147560960" percent="86" />
      <mem type="loa" free="60398592" total="60398592" percent="100" />
    </mem>
    <remembered-set count="1562" />
  </mem-info>
</gc-start>
<allocation-stats totalBytes="273124520" >
  <allocated-bytes non-tlh="16" tlh="273124504" />
  <largest-consumer threadName="BenchmarkThread xml.validation 7" threadId="0000000000338300" bytes="41421616" />
</allocation-stats>
<gc-op id="1987" type="scavenge" timems="104.535" contextid="1984" timestamp="2021-04-05T23:15:45.770">
  <scavenger-info tenureage="3" tenuremask="7ff8" tiltratio="83" />
  <memory-copied type="nursery" objects="1482270" bytes="59864632" bytesdiscarded="10744" />
  <memory-copied type="tenure" objects="8" bytes="256" bytesdiscarded="0" />
</gc-op>
<gc-end id="1988" type="scavenge" contextid="1984" durationms="104.525" usertimems="397.297" systemtimems="0.003" timestamp="2021-04-05T23:15:45.771" activeThreads="4">
  <mem-info id="1989" free="1333981240" total="1610612736" percent="82">
    <mem type="nursery" free="275537872" total="402653184" percent="68">
      <mem type="allocate" free="275537872" total="335413248" percent="82" />
      <mem type="survivor" free="0" total="67239936" percent="0" />
    </mem>
    <mem type="tenure" free="1058443368" total="1207959552" percent="87" macro-fragmented="0">
      <mem type="soa" free="998044776" total="1147560960" percent="86" />
      <mem type="loa" free="60398592" total="60398592" percent="100" />
    </mem>
    <remembered-set count="1332" />
  </mem-info>
</gc-end>
<cycle-end id="1990" type="scavenge" contextid="1984" timestamp="2021-04-05T23:15:45.771" />
<allocation-satisfied id="1991" threadId="0000000000338300" bytesRequested="64" />
<af-end id="1992" timestamp="2021-04-05T23:15:45.771" threadId="0000000000338C80" success="true" from="nursery"/>
<exclusive-end id="1993" timestamp="2021-04-05T23:15:45.771" durationms="105.196" />

<exclusive-start id="1994" timestamp="2021-04-05T23:15:46.556" intervalms="889.997">
  <response-info timems="0.067" idlems="0.028" threads="3" lastid="0000000000338300" lastname="BenchmarkThread xml.validation 7" />
</exclusive-start>
<af-start id="1995" threadId="0000000000335080" totalBytesRequested="24" timestamp="2021-04-05T23:15:46.556" intervalms="890.004" type="nursery" />
<cycle-start id="1996" type="scavenge" contextid="0" timestamp="2021-04-05T23:15:46.556" intervalms="890.015" />
<gc-start id="1997" type="scavenge" contextid="1996" timestamp="2021-04-05T23:15:46.556">
  <mem-info id="1998" free="1058443368" total="1610612736" percent="65">
    <mem type="nursery" free="0" total="402653184" percent="0">
      <mem type="allocate" free="0" total="335413248" percent="0" />
      <mem type="survivor" free="0" total="67239936" percent="0" />
    </mem>
    <mem type="tenure" free="1058443368" total="1207959552" percent="87">
      <mem type="soa" free="998044776" total="1147560960" percent="86" />
      <mem type="loa" free="60398592" total="60398592" percent="100" />
    </mem>
    <remembered-set count="1530" />
  </mem-info>
</gc-start>
<allocation-stats totalBytes="275419536" >
  <allocated-bytes non-tlh="1104" tlh="275418432" />
  <largest-consumer threadName="BenchmarkThread xml.validation 1" threadId="000000000011CB00" bytes="41398088" />
</allocation-stats>
<gc-op id="1999" type="scavenge" timems="110.828" contextid="1996" timestamp="2021-04-05T23:15:46.667">
  <scavenger-info tenureage="3" tenuremask="7ff8" tiltratio="83" />
  <memory-copied type="nursery" objects="1467481" bytes="59654968" bytesdiscarded="11968" />
  <memory-copied type="tenure" objects="2" bytes="64" bytesdiscarded="0" />
</gc-op>
<gc-end id="2000" type="scavenge" contextid="1996" durationms="110.816" usertimems="422.243" systemtimems="0.000" timestamp="2021-04-05T23:15:46.667" activeThreads="4">
  <mem-info id="2001" free="1334713968" total="1610612736" percent="82">
    <mem type="nursery" free="276270600" total="402653184" percent="68">
      <mem type="allocate" free="276270600" total="335937536" percent="82" />
      <mem type="survivor" free="0" total="66715648" percent="0" />
    </mem>
    <mem type="tenure" free="1058443368" total="1207959552" percent="87" macro-fragmented="0">
      <mem type="soa" free="998044776" total="1147560960" percent="86" />
      <mem type="loa" free="60398592" total="60398592" percent="100" />
    </mem>
    <remembered-set count="1334" />
  </mem-info>
</gc-end>
<cycle-end id="2002" type="scavenge" contextid="1996" timestamp="2021-04-05T23:15:46.667" />
<allocation-satisfied id="2003" threadId="0000000000334700" bytesRequested="24" />
<af-end id="2004" timestamp="2021-04-05T23:15:46.667" threadId="0000000000335080" success="true" from="nursery"/>
<exclusive-end id="2005" timestamp="2021-04-05T23:15:46.667" durationms="111.546" />

<exclusive-start id="2006" timestamp="2021-04-05T23:15:47.598" intervalms="1042.409">
  <response-info timems="0.083" idlems="0.042" threads="2" lastid="000000000013CF00" lastname="BenchmarkThread xml.validation 2" />
</exclusive-start>
<af-start id="2007" threadId="000000000011D480" totalBytesRequested="1040" timestamp="2021-04-05T23:15:47.598" intervalms="1042.407" type="nursery" />
<cycle-start id="2008" type="scavenge" contextid="0" timestamp="2021-04-05T23:15:47.598" intervalms="1042.399" />
<gc-start id="2009" type="scavenge" contextid="2008" timestamp="2021-04-05T23:15:47.598">
  <mem-info id="2010" free="1058443368" total="1610612736" percent="65">
    <mem type="nursery" free="0" total="402653184" percent="0">
      <mem type="allocate" free="0" total="335937536" percent="0" />
      <mem type="survivor" free="0" total="66715648" percent="0" />
    </mem>
    <mem type="tenure" free="1058443368" total="1207959552" percent="87">
      <mem type="soa" free="998044776" total="1147560960" percent="86" />
      <mem type="loa" free="60398592" total="60398592" percent="100" />
    </mem>
    <remembered-set count="1556" />
  </mem-info>
</gc-start>
<allocation-stats totalBytes="276151088" >
  <allocated-bytes non-tlh="24" tlh="276151064" />
  <largest-consumer threadName="BenchmarkThread xml.validation 8" threadId="000000000033BE00" bytes="49127976" />
</allocation-stats>
<gc-op id="2011" type="scavenge" timems="124.365" contextid="2008" timestamp="2021-04-05T23:15:47.723">
  <scavenger-info tenureage="3" tenuremask="7ff8" tiltratio="83" />
  <memory-copied type="nursery" objects="1566381" bytes="63412112" bytesdiscarded="11472" />
  <memory-copied type="tenure" objects="10" bytes="320" bytesdiscarded="0" />
</gc-op>
<gc-end id="2012" type="scavenge" contextid="2008" durationms="124.355" usertimems="484.818" systemtimems="0.000" timestamp="2021-04-05T23:15:47.723" activeThreads="4">
  <mem-info id="2013" free="1326238728" total="1610612736" percent="82">
    <mem type="nursery" free="267795360" total="402653184" percent="66">
      <mem type="allocate" free="267795360" total="331218944" percent="80" />
      <mem type="survivor" free="0" total="71434240" percent="0" />
    </mem>
    <mem type="tenure" free="1058443368" total="1207959552" percent="87" macro-fragmented="0">
      <mem type="soa" free="998044776" total="1147560960" percent="86" />
      <mem type="loa" free="60398592" total="60398592" percent="100" />
    </mem>
    <remembered-set count="1329" />
  </mem-info>
</gc-end>
<cycle-end id="2014" type="scavenge" contextid="2008" timestamp="2021-04-05T23:15:47.723" />
<allocation-satisfied id="2015" threadId="000000000011CB00" bytesRequested="1040" />
<af-end id="2016" timestamp="2021-04-05T23:15:47.723" threadId="000000000011D480" success="true" from="nursery"/>
<exclusive-end id="2017" timestamp="2021-04-05T23:15:47.723" durationms="125.140" />

<exclusive-start id="2018" timestamp="2021-04-05T23:15:48.553" intervalms="954.628">
  <response-info timems="0.053" idlems="0.053" threads="0" lastid="000000000032CF00" lastname="BenchmarkThread xml.validation 4" />
</exclusive-start>
<af-start id="2019" threadId="000000000032D880" totalBytesRequested="40" timestamp="2021-04-05T23:15:48.553" intervalms="954.628" type="nursery" />
<cycle-start id="2020" type="scavenge" contextid="0" timestamp="2021-04-05T23:15:48.553" intervalms="954.631" />
<gc-start id="2021" type="scavenge" contextid="2020" timestamp="2021-04-05T23:15:48.553">
  <mem-info id="2022" free="1058443368" total="1610612736" percent="65">
    <mem type="nursery" free="0" total="402653184" percent="0">
      <mem type="allocate" free="0" total="331218944" percent="0" />
      <mem type="survivor" free="0" total="71434240" percent="0" />
    </mem>
    <mem type="tenure" free="1058443368" total="1207959552" percent="87">
      <mem type="soa" free="998044776" total="1147560960" percent="86" />
      <mem type="loa" free="60398592" total="60398592" percent="100" />
    </mem>
    <remembered-set count="1552" />
  </mem-info>
</gc-start>
<allocation-stats totalBytes="267647536" >
  <allocated-bytes non-tlh="8320" tlh="267639216" />
  <largest-consumer threadName="BenchmarkThread xml.validation 4" threadId="000000000032CF00" bytes="40838552" />
</allocation-stats>
<gc-op id="2023" type="scavenge" timems="122.913" contextid="2020" timestamp="2021-04-05T23:15:48.676">
  <scavenger-info tenureage="3" tenuremask="7ff8" tiltratio="82" />
  <memory-copied type="nursery" objects="1535853" bytes="61771648" bytesdiscarded="13704" />
  <memory-copied type="tenure" objects="6" bytes="192" bytesdiscarded="0" />
</gc-op>
<gc-end id="2024" type="scavenge" contextid="2020" durationms="122.903" usertimems="486.439" systemtimems="3.983" timestamp="2021-04-05T23:15:48.676" activeThreads="4">
  <mem-info id="2025" free="1328466784" total="1610612736" percent="82">
    <mem type="nursery" free="270023416" total="402653184" percent="67">
      <mem type="allocate" free="270023416" total="331808768" percent="81" />
      <mem type="survivor" free="0" total="70844416" percent="0" />
    </mem>
    <mem type="tenure" free="1058443368" total="1207959552" percent="87" macro-fragmented="0">
      <mem type="soa" free="998044776" total="1147560960" percent="86" />
      <mem type="loa" free="60398592" total="60398592" percent="100" />
    </mem>
    <remembered-set count="1338" />
  </mem-info>
</gc-end>
<cycle-end id="2026" type="scavenge" contextid="2020" timestamp="2021-04-05T23:15:48.676" />
<allocation-satisfied id="2027" threadId="000000000032CF00" bytesRequested="40" />
<af-end id="2028" timestamp="2021-04-05T23:15:48.676" threadId="000000000032D880" success="true" from="nursery"/>
<exclusive-end id="2029" timestamp="2021-04-05T23:15:48.677" durationms="123.827" />

<exclusive-start id="2030" timestamp="2021-04-05T23:15:49.466" intervalms="912.958">
  <response-info timems="0.072" idlems="0.042" threads="1" lastid="0000000000334700" lastname="BenchmarkThread xml.validation 6" />
</exclusive-start>
<af-start id="2031" threadId="000000000033C780" totalBytesRequested="24" timestamp="2021-04-05T23:15:49.466" intervalms="912.960" type="nursery" />
<cycle-start id="2032" type="scavenge" contextid="0" timestamp="2021-04-05T23:15:49.466" intervalms="912.978" />
<gc-start id="2033" type="scavenge" contextid="2032" timestamp="2021-04-05T23:15:49.466">
  <mem-info id="2034" free="1058443368" total="1610612736" percent="65">
    <mem type="nursery" free="0" total="402653184" percent="0">
      <mem type="allocate" free="0" total="331808768" percent="0" />
      <mem type="survivor" free="0" total="70844416" percent="0" />
    </mem>
    <mem type="tenure" free="1058443368" total="1207959552" percent="87">
      <mem type="soa" free="998044776" total="1147560960" percent="86" />
      <mem type="loa" free="60398592" total="60398592" percent="100" />
    </mem>
    <remembered-set count="1527" />
  </mem-info>
</gc-start>
<allocation-stats totalBytes="269906616" >
  <allocated-bytes non-tlh="40" tlh="269906576" />
  <largest-consumer threadName="BenchmarkThread xml.validation 1" threadId="000000000011CB00" bytes="40437976" />
</allocation-stats>
<gc-op id="2035" type="scavenge" timems="109.370" contextid="2032" timestamp="2021-04-05T23:15:49.575">
  <scavenger-info tenureage="3" tenuremask="7ff8" tiltratio="82" />
  <memory-copied type="nursery" objects="1547232" bytes="62219312" bytesdiscarded="11880" />
  <memory-copied type="tenure" objects="6" bytes="192" bytesdiscarded="0" />
</gc-op>
<gc-end id="2036" type="scavenge" contextid="2032" durationms="109.358" usertimems="422.698" systemtimems="0.000" timestamp="2021-04-05T23:15:49.576" activeThreads="4">
  <mem-info id="2037" free="1328676304" total="1610612736" percent="82">
    <mem type="nursery" free="270232936" total="402653184" percent="67">
      <mem type="allocate" free="270232936" total="332464128" percent="81" />
      <mem type="survivor" free="0" total="70189056" percent="0" />
    </mem>
    <mem type="tenure" free="1058443368" total="1207959552" percent="87" macro-fragmented="0">
      <mem type="soa" free="998044776" total="1147560960" percent="86" />
      <mem type="loa" free="60398592" total="60398592" percent="100" />
    </mem>
    <remembered-set count="1341" />
  </mem-info>
</gc-end>
<cycle-end id="2038" type="scavenge" contextid="2032" timestamp="2021-04-05T23:15:49.576" />
<allocation-satisfied id="2039" threadId="000000000033BE00" bytesRequested="24" />
<af-end id="2040" timestamp="2021-04-05T23:15:49.576" threadId="000000000033C780" success="true" from="nursery"/>
<exclusive-end id="2041" timestamp="2021-04-05T23:15:49.576" durationms="110.179" />

<exclusive-start id="2042" timestamp="2021-04-05T23:15:50.463" intervalms="997.295">
  <response-info timems="0.075" idlems="0.046" threads="1" lastid="0000000000334700" lastname="BenchmarkThread xml.validation 6" />
</exclusive-start>
<af-start id="2043" threadId="000000000011D480" totalBytesRequested="16" timestamp="2021-04-05T23:15:50.463" intervalms="997.295" type="nursery" />
<cycle-start id="2044" type="scavenge" contextid="0" timestamp="2021-04-05T23:15:50.463" intervalms="997.282" />
<gc-start id="2045" type="scavenge" contextid="2044" timestamp="2021-04-05T23:15:50.463">
  <mem-info id="2046" free="1058443368" total="1610612736" percent="65">
    <mem type="nursery" free="0" total="402653184" percent="0">
      <mem type="allocate" free="0" total="332464128" percent="0" />
      <mem type="survivor" free="0" total="70189056" percent="0" />
    </mem>
    <mem type="tenure" free="1058443368" total="1207959552" percent="87">
      <mem type="soa" free="998044776" total="1147560960" percent="86" />
      <mem type="loa" free="60398592" total="60398592" percent="100" />
    </mem>
    <remembered-set count="1560" />
  </mem-info>
</gc-start>
<allocation-stats totalBytes="270096064" >
  <allocated-bytes non-tlh="2104" tlh="270093960" />
  <largest-consumer threadName="BenchmarkThread xml.validation 7" threadId="0000000000338300" bytes="43513488" />
</allocation-stats>
<gc-op id="2047" type="scavenge" timems="105.957" contextid="2044" timestamp="2021-04-05T23:15:50.569">
  <scavenger-info tenureage="3" tenuremask="7ff8" tiltratio="82" />
  <memory-copied type="nursery" objects="1483083" bytes="59892520" bytesdiscarded="13096" />
  <memory-copied type="tenure" objects="8" bytes="256" bytesdiscarded="0" />
</gc-op>
<gc-end id="2048" type="scavenge" contextid="2044" durationms="105.944" usertimems="410.322" systemtimems="0.009" timestamp="2021-04-05T23:15:50.570" activeThreads="4">
  <mem-info id="2049" free="1331591704" total="1610612736" percent="82">
    <mem type="nursery" free="273148336" total="402653184" percent="67">
      <mem type="allocate" free="273148336" total="333053952" percent="82" />
      <mem type="survivor" free="0" total="69599232" percent="0" />
    </mem>
    <mem type="tenure" free="1058443368" total="1207959552" percent="87" macro-fragmented="0">
      <mem type="soa" free="998044776" total="1147560960" percent="86" />
      <mem type="loa" free="60398592" total="60398592" percent="100" />
    </mem>
    <remembered-set count="1330" />
  </mem-info>
</gc-end>
<cycle-end id="2050" type="scavenge" contextid="2044" timestamp="2021-04-05T23:15:50.570" />
<allocation-satisfied id="2051" threadId="000000000011CB00" bytesRequested="16" />
<af-end id="2052" timestamp="2021-04-05T23:15:50.570" threadId="000000000011D480" success="true" from="nursery"/>
<exclusive-end id="2053" timestamp="2021-04-05T23:15:50.570" durationms="106.818" />

<exclusive-start id="2054" timestamp="2021-04-05T23:15:51.349" intervalms="885.876">
  <response-info timems="0.066" idlems="0.041" threads="1" lastid="0000000000334700" lastname="BenchmarkThread xml.validation 6" />
</exclusive-start>
<af-start id="2055" threadId="000000000013D880" totalBytesRequested="16" timestamp="2021-04-05T23:15:51.349" intervalms="885.876" type="nursery" />
<cycle-start id="2056" type="scavenge" contextid="0" timestamp="2021-04-05T23:15:51.349" intervalms="885.875" />
<gc-start id="2057" type="scavenge" contextid="2056" timestamp="2021-04-05T23:15:51.349">
  <mem-info id="2058" free="1058443368" total="1610612736" percent="65">
    <mem type="nursery" free="0" total="402653184" percent="0">
      <mem type="allocate" free="0" total="333053952" percent="0" />
      <mem type="survivor" free="0" total="69599232" percent="0" />
    </mem>
    <mem type="tenure" free="1058443368" total="1207959552" percent="87">
      <mem type="soa" free="998044776" total="1147560960" percent="86" />
      <mem type="loa" free="60398592" total="60398592" percent="100" />
    </mem>
    <remembered-set count="1528" />
  </mem-info>
</gc-start>
<allocation-stats totalBytes="273020344" >
  <allocated-bytes non-tlh="16" tlh="273020328" />
  <largest-consumer threadName="BenchmarkThread xml.validation 1" threadId="000000000011CB00" bytes="44206464" />
</allocation-stats>
<gc-op id="2059" type="scavenge" timems="108.003" contextid="2056" timestamp="2021-04-05T23:15:51.457">
  <scavenger-info tenureage="3" tenuremask="7ff8" tiltratio="82" />
  <memory-copied type="nursery" objects="1550792" bytes="62288624" bytesdiscarded="12072" />
  <memory-copied type="tenure" objects="2" bytes="64" bytesdiscarded="0" />
</gc-op>
<gc-end id="2060" type="scavenge" contextid="2056" durationms="107.989" usertimems="422.123" systemtimems="0.000" timestamp="2021-04-05T23:15:51.458" activeThreads="4">
  <mem-info id="2061" free="1328934480" total="1610612736" percent="82">
    <mem type="nursery" free="270491112" total="402653184" percent="67">
      <mem type="allocate" free="270491112" total="332791808" percent="81" />
      <mem type="survivor" free="0" total="69861376" percent="0" />
    </mem>
    <mem type="tenure" free="1058443368" total="1207959552" percent="87" macro-fragmented="0">
      <mem type="soa" free="998044776" total="1147560960" percent="86" />
      <mem type="loa" free="60398592" total="60398592" percent="100" />
    </mem>
    <remembered-set count="1336" />
  </mem-info>
</gc-end>
<cycle-end id="2062" type="scavenge" contextid="2056" timestamp="2021-04-05T23:15:51.458" />
<allocation-satisfied id="2063" threadId="000000000013CF00" bytesRequested="16" />
<af-end id="2064" timestamp="2021-04-05T23:15:51.458" threadId="000000000013D880" success="true" from="nursery"/>
<exclusive-end id="2065" timestamp="2021-04-05T23:15:51.458" durationms="108.881" />

<exclusive-start id="2066" timestamp="2021-04-05T23:15:52.317" intervalms="968.097">
  <response-info timems="0.068" idlems="0.035" threads="2" lastid="0000000000330B00" lastname="BenchmarkThread xml.validation 5" />
</exclusive-start>
<af-start id="2067" threadId="000000000032D880" totalBytesRequested="16" timestamp="2021-04-05T23:15:52.317" intervalms="968.092" type="nursery" />
<cycle-start id="2068" type="scavenge" contextid="0" timestamp="2021-04-05T23:15:52.317" intervalms="968.087" />
<gc-start id="2069" type="scavenge" contextid="2068" timestamp="2021-04-05T23:15:52.317">
  <mem-info id="2070" free="1058443368" total="1610612736" percent="65">
    <mem type="nursery" free="0" total="402653184" percent="0">
      <mem type="allocate" free="0" total="332791808" percent="0" />
      <mem type="survivor" free="0" total="69861376" percent="0" />
    </mem>
    <mem type="tenure" free="1058443368" total="1207959552" percent="87">
      <mem type="soa" free="998044776" total="1147560960" percent="86" />
      <mem type="loa" free="60398592" total="60398592" percent="100" />
    </mem>
    <remembered-set count="1558" />
  </mem-info>
</gc-start>
<allocation-stats totalBytes="270352648" >
  <allocated-bytes non-tlh="4176" tlh="270348472" />
  <largest-consumer threadName="BenchmarkThread xml.validation 7" threadId="0000000000338300" bytes="50788792" />
</allocation-stats>
<gc-op id="2071" type="scavenge" timems="109.026" contextid="2068" timestamp="2021-04-05T23:15:52.426">
  <scavenger-info tenureage="3" tenuremask="7ff8" tiltratio="82" />
  <memory-copied type="nursery" objects="1541661" bytes="61919152" bytesdiscarded="10224" />
  <memory-copied type="tenure" objects="10" bytes="320" bytesdiscarded="0" />
</gc-op>
<gc-end id="2072" type="scavenge" contextid="2068" durationms="109.014" usertimems="424.747" systemtimems="0.001" timestamp="2021-04-05T23:15:52.427" activeThreads="4">
  <mem-info id="2073" free="1329830088" total="1610612736" percent="82">
    <mem type="nursery" free="271386720" total="402653184" percent="67">
      <mem type="allocate" free="271386720" total="333316096" percent="81" />
      <mem type="survivor" free="0" total="69337088" percent="0" />
    </mem>
    <mem type="tenure" free="1058443368" total="1207959552" percent="87" macro-fragmented="0">
      <mem type="soa" free="998044776" total="1147560960" percent="86" />
      <mem type="loa" free="60398592" total="60398592" percent="100" />
    </mem>
    <remembered-set count="1329" />
  </mem-info>
</gc-end>
<cycle-end id="2074" type="scavenge" contextid="2068" timestamp="2021-04-05T23:15:52.427" />
<allocation-satisfied id="2075" threadId="000000000032CF00" bytesRequested="16" />
<af-end id="2076" timestamp="2021-04-05T23:15:52.427" threadId="000000000032D880" success="true" from="nursery"/>
<exclusive-end id="2077" timestamp="2021-04-05T23:15:52.427" durationms="109.776" />

<exclusive-start id="2078" timestamp="2021-04-05T23:15:53.270" intervalms="952.901">
  <response-info timems="0.081" idlems="0.038" threads="5" lastid="0000000000329300" lastname="BenchmarkThread xml.validation 3" />
</exclusive-start>
<af-start id="2079" threadId="000000000011D480" totalBytesRequested="16" timestamp="2021-04-05T23:15:53.270" intervalms="952.912" type="nursery" />
<cycle-start id="2080" type="scavenge" contextid="0" timestamp="2021-04-05T23:15:53.270" intervalms="953.168" />
<gc-start id="2081" type="scavenge" contextid="2080" timestamp="2021-04-05T23:15:53.270">
  <mem-info id="2082" free="1058443368" total="1610612736" percent="65">
    <mem type="nursery" free="0" total="402653184" percent="0">
      <mem type="allocate" free="0" total="333316096" percent="0" />
      <mem type="survivor" free="0" total="69337088" percent="0" />
    </mem>
    <mem type="tenure" free="1058443368" total="1207959552" percent="87">
      <mem type="soa" free="998044776" total="1147560960" percent="86" />
      <mem type="loa" free="60398592" total="60398592" percent="100" />
    </mem>
    <remembered-set count="1540" />
  </mem-info>
</gc-start>
<allocation-stats totalBytes="271242416" >
  <allocated-bytes non-tlh="16" tlh="271242400" />
  <largest-consumer threadName="BenchmarkThread xml.validation 4" threadId="000000000032CF00" bytes="47521408" />
</allocation-stats>
<gc-op id="2083" type="scavenge" timems="108.772" contextid="2080" timestamp="2021-04-05T23:15:53.379">
  <scavenger-info tenureage="3" tenuremask="7ff8" tiltratio="82" />
  <memory-copied type="nursery" objects="1504545" bytes="60804712" bytesdiscarded="15328" />
  <memory-copied type="tenure" objects="6" bytes="192" bytesdiscarded="0" />
</gc-op>
<gc-end id="2084" type="scavenge" contextid="2080" durationms="108.762" usertimems="415.313" systemtimems="0.000" timestamp="2021-04-05T23:15:53.379" activeThreads="4">
  <mem-info id="2085" free="1331463712" total="1610612736" percent="82">
    <mem type="nursery" free="273020344" total="402653184" percent="67">
      <mem type="allocate" free="273020344" total="333840384" percent="81" />
      <mem type="survivor" free="0" total="68812800" percent="0" />
    </mem>
    <mem type="tenure" free="1058443368" total="1207959552" percent="87" macro-fragmented="0">
      <mem type="soa" free="998044776" total="1147560960" percent="86" />
      <mem type="loa" free="60398592" total="60398592" percent="100" />
    </mem>
    <remembered-set count="1341" />
  </mem-info>
</gc-end>
<cycle-end id="2086" type="scavenge" contextid="2080" timestamp="2021-04-05T23:15:53.379" />
<allocation-satisfied id="2087" threadId="000000000011CB00" bytesRequested="16" />
<af-end id="2088" timestamp="2021-04-05T23:15:53.380" threadId="000000000011D480" success="true" from="nursery"/>
<exclusive-end id="2089" timestamp="2021-04-05T23:15:53.380" durationms="109.717" />

<exclusive-start id="2090" timestamp="2021-04-05T23:15:54.173" intervalms="903.607">
  <response-info timems="0.068" idlems="0.043" threads="1" lastid="0000000000330B00" lastname="BenchmarkThread xml.validation 5" />
</exclusive-start>
<af-start id="2091" threadId="000000000032D880" totalBytesRequested="64" timestamp="2021-04-05T23:15:54.173" intervalms="903.602" type="nursery" />
<cycle-start id="2092" type="scavenge" contextid="0" timestamp="2021-04-05T23:15:54.174" intervalms="903.349" />
<gc-start id="2093" type="scavenge" contextid="2092" timestamp="2021-04-05T23:15:54.174">
  <mem-info id="2094" free="1058443368" total="1610612736" percent="65">
    <mem type="nursery" free="0" total="402653184" percent="0">
      <mem type="allocate" free="0" total="333840384" percent="0" />
      <mem type="survivor" free="0" total="68812800" percent="0" />
    </mem>
    <mem type="tenure" free="1058443368" total="1207959552" percent="87">
      <mem type="soa" free="998044776" total="1147560960" percent="86" />
      <mem type="loa" free="60398592" total="60398592" percent="100" />
    </mem>
    <remembered-set count="1524" />
  </mem-info>
</gc-start>
<allocation-stats totalBytes="272910152" >
  <allocated-bytes non-tlh="16" tlh="272910136" />
  <largest-consumer threadName="BenchmarkThread xml.validation 5" threadId="0000000000330B00" bytes="42135440" />
</allocation-stats>
<gc-op id="2095" type="scavenge" timems="141.943" contextid="2092" timestamp="2021-04-05T23:15:54.316">
  <scavenger-info tenureage="3" tenuremask="7ff8" tiltratio="82" />
  <memory-copied type="nursery" objects="1575051" bytes="63681536" bytesdiscarded="12176" />
  <memory-copied type="tenure" objects="4" bytes="128" bytesdiscarded="0" />
</gc-op>
<gc-end id="2096" type="scavenge" contextid="2092" durationms="141.931" usertimems="556.260" systemtimems="0.000" timestamp="2021-04-05T23:15:54.316" activeThreads="4">
  <mem-info id="2097" free="1326099672" total="1610612736" percent="82">
    <mem type="nursery" free="267656304" total="402653184" percent="66">
      <mem type="allocate" free="267656304" total="331350016" percent="80" />
      <mem type="survivor" free="0" total="71303168" percent="0" />
    </mem>
    <mem type="tenure" free="1058443368" total="1207959552" percent="87" macro-fragmented="0">
      <mem type="soa" free="998044776" total="1147560960" percent="86" />
      <mem type="loa" free="60398592" total="60398592" percent="100" />
    </mem>
    <remembered-set count="1336" />
  </mem-info>
</gc-end>
<cycle-end id="2098" type="scavenge" contextid="2092" timestamp="2021-04-05T23:15:54.316" />
<allocation-satisfied id="2099" threadId="000000000032CF00" bytesRequested="64" />
<af-end id="2100" timestamp="2021-04-05T23:15:54.316" threadId="000000000032D880" success="true" from="nursery"/>
<exclusive-end id="2101" timestamp="2021-04-05T23:15:54.316" durationms="142.829" />

<exclusive-start id="2102" timestamp="2021-04-05T23:15:55.230" intervalms="1056.647">
  <response-info timems="0.077" idlems="0.037" threads="2" lastid="0000000000330B00" lastname="BenchmarkThread xml.validation 5" />
</exclusive-start>
<af-start id="2103" threadId="0000000000329C80" totalBytesRequested="1040" timestamp="2021-04-05T23:15:55.230" intervalms="1056.642" type="nursery" />
<cycle-start id="2104" type="scavenge" contextid="0" timestamp="2021-04-05T23:15:55.230" intervalms="1056.638" />
<gc-start id="2105" type="scavenge" contextid="2104" timestamp="2021-04-05T23:15:55.230">
  <mem-info id="2106" free="1058443368" total="1610612736" percent="65">
    <mem type="nursery" free="0" total="402653184" percent="0">
      <mem type="allocate" free="0" total="331350016" percent="0" />
      <mem type="survivor" free="0" total="71303168" percent="0" />
    </mem>
    <mem type="tenure" free="1058443368" total="1207959552" percent="87">
      <mem type="soa" free="998044776" total="1147560960" percent="86" />
      <mem type="loa" free="60398592" total="60398592" percent="100" />
    </mem>
    <remembered-set count="1555" />
  </mem-info>
</gc-start>
<allocation-stats totalBytes="267528592" >
  <allocated-bytes non-tlh="64" tlh="267528528" />
  <largest-consumer threadName="BenchmarkThread xml.validation 6" threadId="0000000000334700" bytes="45442488" />
</allocation-stats>
<gc-op id="2107" type="scavenge" timems="109.442" contextid="2104" timestamp="2021-04-05T23:15:55.340">
  <scavenger-info tenureage="3" tenuremask="7ff8" tiltratio="82" />
  <memory-copied type="nursery" objects="1551129" bytes="62303512" bytesdiscarded="13800" />
  <memory-copied type="tenure" objects="8" bytes="256" bytesdiscarded="0" />
</gc-op>
<gc-end id="2108" type="scavenge" contextid="2104" durationms="109.431" usertimems="423.331" systemtimems="0.000" timestamp="2021-04-05T23:15:55.340" activeThreads="4">
  <mem-info id="2109" free="1328000360" total="1610612736" percent="82">
    <mem type="nursery" free="269556992" total="402653184" percent="66">
      <mem type="allocate" free="269556992" total="331874304" percent="81" />
      <mem type="survivor" free="0" total="70778880" percent="0" />
    </mem>
    <mem type="tenure" free="1058443368" total="1207959552" percent="87" macro-fragmented="0">
      <mem type="soa" free="998044776" total="1147560960" percent="86" />
      <mem type="loa" free="60398592" total="60398592" percent="100" />
    </mem>
    <remembered-set count="1339" />
  </mem-info>
</gc-end>
<cycle-end id="2110" type="scavenge" contextid="2104" timestamp="2021-04-05T23:15:55.340" />
<allocation-satisfied id="2111" threadId="0000000000329300" bytesRequested="1040" />
<af-end id="2112" timestamp="2021-04-05T23:15:55.340" threadId="0000000000329C80" success="true" from="nursery"/>
<exclusive-end id="2113" timestamp="2021-04-05T23:15:55.340" durationms="110.201" />

<exclusive-start id="2114" timestamp="2021-04-05T23:15:56.098" intervalms="868.274">
  <response-info timems="0.065" idlems="0.040" threads="1" lastid="000000000011CB00" lastname="BenchmarkThread xml.validation 1" />
</exclusive-start>
<af-start id="2115" threadId="0000000000338C80" totalBytesRequested="16" timestamp="2021-04-05T23:15:56.098" intervalms="868.274" type="nursery" />
<cycle-start id="2116" type="scavenge" contextid="0" timestamp="2021-04-05T23:15:56.098" intervalms="868.272" />
<gc-start id="2117" type="scavenge" contextid="2116" timestamp="2021-04-05T23:15:56.099">
  <mem-info id="2118" free="1058443368" total="1610612736" percent="65">
    <mem type="nursery" free="0" total="402653184" percent="0">
      <mem type="allocate" free="0" total="331874304" percent="0" />
      <mem type="survivor" free="0" total="70778880" percent="0" />
    </mem>
    <mem type="tenure" free="1058443368" total="1207959552" percent="87">
      <mem type="soa" free="998044776" total="1147560960" percent="86" />
      <mem type="loa" free="60398592" total="60398592" percent="100" />
    </mem>
    <remembered-set count="1526" />
  </mem-info>
</gc-start>
<allocation-stats totalBytes="269429144" >
  <allocated-bytes non-tlh="1040" tlh="269428104" />
  <largest-consumer threadName="BenchmarkThread xml.validation 8" threadId="000000000033BE00" bytes="44910824" />
</allocation-stats>
<gc-op id="2119" type="scavenge" timems="110.920" contextid="2116" timestamp="2021-04-05T23:15:56.210">
  <scavenger-info tenureage="3" tenuremask="7ff8" tiltratio="82" />
  <memory-copied type="nursery" objects="1526298" bytes="61855024" bytesdiscarded="15312" />
  <memory-copied type="tenure" objects="6" bytes="192" bytesdiscarded="0" />
</gc-op>
<gc-end id="2120" type="scavenge" contextid="2116" durationms="110.910" usertimems="413.686" systemtimems="0.000" timestamp="2021-04-05T23:15:56.210" activeThreads="4">
  <mem-info id="2121" free="1329102696" total="1610612736" percent="82">
    <mem type="nursery" free="270659328" total="402653184" percent="67">
      <mem type="allocate" free="270659328" total="332529664" percent="81" />
      <mem type="survivor" free="0" total="70123520" percent="0" />
    </mem>
    <mem type="tenure" free="1058443368" total="1207959552" percent="87" macro-fragmented="0">
      <mem type="soa" free="998044776" total="1147560960" percent="86" />
      <mem type="loa" free="60398592" total="60398592" percent="100" />
    </mem>
    <remembered-set count="1339" />
  </mem-info>
</gc-end>
<cycle-end id="2122" type="scavenge" contextid="2116" timestamp="2021-04-05T23:15:56.210" />
<allocation-satisfied id="2123" threadId="0000000000338300" bytesRequested="16" />
<af-end id="2124" timestamp="2021-04-05T23:15:56.210" threadId="0000000000338C80" success="true" from="nursery"/>
<exclusive-end id="2125" timestamp="2021-04-05T23:15:56.210" durationms="111.754" />

<exclusive-start id="2126" timestamp="2021-04-05T23:15:57.093" intervalms="994.666">
  <response-info timems="0.072" idlems="0.038" threads="2" lastid="0000000000329300" lastname="BenchmarkThread xml.validation 3" />
</exclusive-start>
<af-start id="2127" threadId="000000000033C780" totalBytesRequested="56" timestamp="2021-04-05T23:15:57.093" intervalms="994.666" type="nursery" />
<cycle-start id="2128" type="scavenge" contextid="0" timestamp="2021-04-05T23:15:57.093" intervalms="994.668" />
<gc-start id="2129" type="scavenge" contextid="2128" timestamp="2021-04-05T23:15:57.093">
  <mem-info id="2130" free="1058443368" total="1610612736" percent="65">
    <mem type="nursery" free="0" total="402653184" percent="0">
      <mem type="allocate" free="0" total="332529664" percent="0" />
      <mem type="survivor" free="0" total="70123520" percent="0" />
    </mem>
    <mem type="tenure" free="1058443368" total="1207959552" percent="87">
      <mem type="soa" free="998044776" total="1147560960" percent="86" />
      <mem type="loa" free="60398592" total="60398592" percent="100" />
    </mem>
    <remembered-set count="1551" />
  </mem-info>
</gc-start>
<allocation-stats totalBytes="270539048" >
  <allocated-bytes non-tlh="16" tlh="270539032" />
  <largest-consumer threadName="BenchmarkThread xml.validation 7" threadId="0000000000338300" bytes="50846896" />
</allocation-stats>
<gc-op id="2131" type="scavenge" timems="110.149" contextid="2128" timestamp="2021-04-05T23:15:57.203">
  <scavenger-info tenureage="3" tenuremask="7ff8" tiltratio="82" />
  <memory-copied type="nursery" objects="1547574" bytes="62133344" bytesdiscarded="10008" />
  <memory-copied type="tenure" objects="10" bytes="320" bytesdiscarded="0" />
</gc-op>
<gc-end id="2132" type="scavenge" contextid="2128" durationms="110.139" usertimems="428.980" systemtimems="0.001" timestamp="2021-04-05T23:15:57.204" activeThreads="4">
  <mem-info id="2133" free="1329353968" total="1610612736" percent="82">
    <mem type="nursery" free="270910600" total="402653184" percent="67">
      <mem type="allocate" free="270910600" total="333053952" percent="81" />
      <mem type="survivor" free="0" total="69599232" percent="0" />
    </mem>
    <mem type="tenure" free="1058443368" total="1207959552" percent="87" macro-fragmented="0">
      <mem type="soa" free="998044776" total="1147560960" percent="86" />
      <mem type="loa" free="60398592" total="60398592" percent="100" />
    </mem>
    <remembered-set count="1335" />
  </mem-info>
</gc-end>
<cycle-end id="2134" type="scavenge" contextid="2128" timestamp="2021-04-05T23:15:57.204" />
<allocation-satisfied id="2135" threadId="000000000033BE00" bytesRequested="56" />
<af-end id="2136" timestamp="2021-04-05T23:15:57.204" threadId="000000000033C780" success="true" from="nursery"/>
<exclusive-end id="2137" timestamp="2021-04-05T23:15:57.204" durationms="110.900" />

<exclusive-start id="2138" timestamp="2021-04-05T23:15:58.042" intervalms="949.059">
  <response-info timems="0.086" idlems="0.033" threads="4" lastid="000000000013CF00" lastname="BenchmarkThread xml.validation 2" />
</exclusive-start>
<af-start id="2139" threadId="0000000000335080" totalBytesRequested="40" timestamp="2021-04-05T23:15:58.042" intervalms="949.064" type="nursery" />
<cycle-start id="2140" type="scavenge" contextid="0" timestamp="2021-04-05T23:15:58.042" intervalms="949.066" />
<gc-start id="2141" type="scavenge" contextid="2140" timestamp="2021-04-05T23:15:58.042">
  <mem-info id="2142" free="1058443368" total="1610612736" percent="65">
    <mem type="nursery" free="0" total="402653184" percent="0">
      <mem type="allocate" free="0" total="333053952" percent="0" />
      <mem type="survivor" free="0" total="69599232" percent="0" />
    </mem>
    <mem type="tenure" free="1058443368" total="1207959552" percent="87">
      <mem type="soa" free="998044776" total="1147560960" percent="86" />
      <mem type="loa" free="60398592" total="60398592" percent="100" />
    </mem>
    <remembered-set count="1549" />
  </mem-info>
</gc-start>
<allocation-stats totalBytes="270775664" >
  <allocated-bytes non-tlh="3176" tlh="270772488" />
  <largest-consumer threadName="BenchmarkThread xml.validation 4" threadId="000000000032CF00" bytes="43444152" />
</allocation-stats>
<gc-op id="2143" type="scavenge" timems="106.513" contextid="2140" timestamp="2021-04-05T23:15:58.149">
  <scavenger-info tenureage="3" tenuremask="7ff8" tiltratio="82" />
  <memory-copied type="nursery" objects="1494408" bytes="60528888" bytesdiscarded="14592" />
  <memory-copied type="tenure" objects="4" bytes="128" bytesdiscarded="0" />
</gc-op>
<gc-end id="2144" type="scavenge" contextid="2140" durationms="106.502" usertimems="413.475" systemtimems="0.000" timestamp="2021-04-05T23:15:58.149" activeThreads="4">
  <mem-info id="2145" free="1331478128" total="1610612736" percent="82">
    <mem type="nursery" free="273034760" total="402653184" percent="67">
      <mem type="allocate" free="273034760" total="333578240" percent="81" />
      <mem type="survivor" free="0" total="69074944" percent="0" />
    </mem>
    <mem type="tenure" free="1058443368" total="1207959552" percent="87" macro-fragmented="0">
      <mem type="soa" free="998044776" total="1147560960" percent="86" />
      <mem type="loa" free="60398592" total="60398592" percent="100" />
    </mem>
    <remembered-set count="1338" />
  </mem-info>
</gc-end>
<cycle-end id="2146" type="scavenge" contextid="2140" timestamp="2021-04-05T23:15:58.149" />
<allocation-satisfied id="2147" threadId="0000000000334700" bytesRequested="40" />
<af-end id="2148" timestamp="2021-04-05T23:15:58.149" threadId="0000000000335080" success="true" from="nursery"/>
<exclusive-end id="2149" timestamp="2021-04-05T23:15:58.149" durationms="107.291" />

<exclusive-start id="2150" timestamp="2021-04-05T23:15:58.962" intervalms="920.426">
  <response-info timems="0.062" idlems="0.040" threads="1" lastid="000000000033BE00" lastname="BenchmarkThread xml.validation 8" />
</exclusive-start>
<af-start id="2151" threadId="0000000000338C80" totalBytesRequested="1040" timestamp="2021-04-05T23:15:58.963" intervalms="920.430" type="nursery" />
<cycle-start id="2152" type="scavenge" contextid="0" timestamp="2021-04-05T23:15:58.963" intervalms="920.428" />
<gc-start id="2153" type="scavenge" contextid="2152" timestamp="2021-04-05T23:15:58.963">
  <mem-info id="2154" free="1058443368" total="1610612736" percent="65">
    <mem type="nursery" free="0" total="402653184" percent="0">
      <mem type="allocate" free="0" total="333578240" percent="0" />
      <mem type="survivor" free="0" total="69074944" percent="0" />
    </mem>
    <mem type="tenure" free="1058443368" total="1207959552" percent="87">
      <mem type="soa" free="998044776" total="1147560960" percent="86" />
      <mem type="loa" free="60398592" total="60398592" percent="100" />
    </mem>
    <remembered-set count="1529" />
  </mem-info>
</gc-start>
<allocation-stats totalBytes="272903296" >
  <allocated-bytes non-tlh="40" tlh="272903256" />
  <largest-consumer threadName="BenchmarkThread xml.validation 3" threadId="0000000000329300" bytes="42489752" />
</allocation-stats>
<gc-op id="2155" type="scavenge" timems="116.663" contextid="2152" timestamp="2021-04-05T23:15:59.079">
  <scavenger-info tenureage="3" tenuremask="7ff8" tiltratio="82" />
  <memory-copied type="nursery" objects="1609512" bytes="65354400" bytesdiscarded="14192" />
  <memory-copied type="tenure" objects="4" bytes="128" bytesdiscarded="0" />
</gc-op>
<gc-end id="2156" type="scavenge" contextid="2152" durationms="116.652" usertimems="452.114" systemtimems="0.000" timestamp="2021-04-05T23:15:59.080" activeThreads="4">
  <mem-info id="2157" free="1321279064" total="1610612736" percent="82">
    <mem type="nursery" free="262835696" total="402653184" percent="65">
      <mem type="allocate" free="262835696" total="328204288" percent="80" />
      <mem type="survivor" free="0" total="74448896" percent="0" />
    </mem>
    <mem type="tenure" free="1058443368" total="1207959552" percent="87" macro-fragmented="0">
      <mem type="soa" free="998044776" total="1147560960" percent="86" />
      <mem type="loa" free="60398592" total="60398592" percent="100" />
    </mem>
    <remembered-set count="1344" />
  </mem-info>
</gc-end>
<cycle-end id="2158" type="scavenge" contextid="2152" timestamp="2021-04-05T23:15:59.080" />
<allocation-satisfied id="2159" threadId="0000000000338300" bytesRequested="1040" />
<af-end id="2160" timestamp="2021-04-05T23:15:59.080" threadId="0000000000338C80" success="true" from="nursery"/>
<exclusive-end id="2161" timestamp="2021-04-05T23:15:59.080" durationms="117.434" />

<exclusive-start id="2162" timestamp="2021-04-05T23:15:59.924" intervalms="961.878">
  <response-info timems="0.069" idlems="0.034" threads="2" lastid="000000000013CF00" lastname="BenchmarkThread xml.validation 2" />
</exclusive-start>
<af-start id="2163" threadId="0000000000331480" totalBytesRequested="16" timestamp="2021-04-05T23:15:59.924" intervalms="961.869" type="nursery" />
<cycle-start id="2164" type="scavenge" contextid="0" timestamp="2021-04-05T23:15:59.924" intervalms="961.869" />
<gc-start id="2165" type="scavenge" contextid="2164" timestamp="2021-04-05T23:15:59.925">
  <mem-info id="2166" free="1058443368" total="1610612736" percent="65">
    <mem type="nursery" free="0" total="402653184" percent="0">
      <mem type="allocate" free="0" total="328204288" percent="0" />
      <mem type="survivor" free="0" total="74448896" percent="0" />
    </mem>
    <mem type="tenure" free="1058443368" total="1207959552" percent="87">
      <mem type="soa" free="998044776" total="1147560960" percent="86" />
      <mem type="loa" free="60398592" total="60398592" percent="100" />
    </mem>
    <remembered-set count="1544" />
  </mem-info>
</gc-start>
<allocation-stats totalBytes="262704672" >
  <allocated-bytes non-tlh="9360" tlh="262695312" />
  <largest-consumer threadName="BenchmarkThread xml.validation 6" threadId="0000000000334700" bytes="44775184" />
</allocation-stats>
<gc-op id="2167" type="scavenge" timems="111.494" contextid="2164" timestamp="2021-04-05T23:16:00.036">
  <scavenger-info tenureage="3" tenuremask="7ff8" tiltratio="81" />
  <memory-copied type="nursery" objects="1538398" bytes="62294096" bytesdiscarded="14376" />
  <memory-copied type="tenure" objects="8" bytes="256" bytesdiscarded="0" />
</gc-op>
<gc-end id="2168" type="scavenge" contextid="2164" durationms="111.484" usertimems="418.322" systemtimems="0.000" timestamp="2021-04-05T23:16:00.037" activeThreads="4">
  <mem-info id="2169" free="1325060080" total="1610612736" percent="82">
    <mem type="nursery" free="266616712" total="402653184" percent="66">
      <mem type="allocate" free="266616712" total="328925184" percent="81" />
      <mem type="survivor" free="0" total="73728000" percent="0" />
    </mem>
    <mem type="tenure" free="1058443368" total="1207959552" percent="87" macro-fragmented="0">
      <mem type="soa" free="998044776" total="1147560960" percent="86" />
      <mem type="loa" free="60398592" total="60398592" percent="100" />
    </mem>
    <remembered-set count="1332" />
  </mem-info>
</gc-end>
<cycle-end id="2170" type="scavenge" contextid="2164" timestamp="2021-04-05T23:16:00.037" />
<allocation-satisfied id="2171" threadId="0000000000330B00" bytesRequested="16" />
<af-end id="2172" timestamp="2021-04-05T23:16:00.037" threadId="0000000000331480" success="true" from="nursery"/>
<exclusive-end id="2173" timestamp="2021-04-05T23:16:00.037" durationms="112.226" />

<exclusive-start id="2174" timestamp="2021-04-05T23:16:00.834" intervalms="909.515">
  <response-info timems="0.250" idlems="0.250" threads="0" lastid="0000000000338300" lastname="BenchmarkThread xml.validation 7" />
</exclusive-start>
<af-start id="2175" threadId="0000000000338C80" totalBytesRequested="16" timestamp="2021-04-05T23:16:00.834" intervalms="909.522" type="nursery" />
<cycle-start id="2176" type="scavenge" contextid="0" timestamp="2021-04-05T23:16:00.834" intervalms="909.526" />
<gc-start id="2177" type="scavenge" contextid="2176" timestamp="2021-04-05T23:16:00.834">
  <mem-info id="2178" free="1058443368" total="1610612736" percent="65">
    <mem type="nursery" free="0" total="402653184" percent="0">
      <mem type="allocate" free="0" total="328925184" percent="0" />
      <mem type="survivor" free="0" total="73728000" percent="0" />
    </mem>
    <mem type="tenure" free="1058443368" total="1207959552" percent="87">
      <mem type="soa" free="998044776" total="1147560960" percent="86" />
      <mem type="loa" free="60398592" total="60398592" percent="100" />
    </mem>
    <remembered-set count="1525" />
  </mem-info>
</gc-start>
<allocation-stats totalBytes="266485568" >
  <allocated-bytes non-tlh="16" tlh="266485552" />
  <largest-consumer threadName="BenchmarkThread xml.validation 8" threadId="000000000033BE00" bytes="41354896" />
</allocation-stats>
<gc-op id="2179" type="scavenge" timems="105.214" contextid="2176" timestamp="2021-04-05T23:16:00.939">
  <scavenger-info tenureage="3" tenuremask="7ff8" tiltratio="81" />
  <memory-copied type="nursery" objects="1485055" bytes="59937896" bytesdiscarded="10960" />
  <memory-copied type="tenure" objects="6" bytes="192" bytesdiscarded="0" />
</gc-op>
<gc-end id="2180" type="scavenge" contextid="2176" durationms="105.201" usertimems="414.179" systemtimems="0.000" timestamp="2021-04-05T23:16:00.940" activeThreads="4">
  <mem-info id="2181" free="1328730416" total="1610612736" percent="82">
    <mem type="nursery" free="270287048" total="402653184" percent="67">
      <mem type="allocate" free="270287048" total="330235904" percent="81" />
      <mem type="survivor" free="0" total="72417280" percent="0" />
    </mem>
    <mem type="tenure" free="1058443368" total="1207959552" percent="87" macro-fragmented="0">
      <mem type="soa" free="998044776" total="1147560960" percent="86" />
      <mem type="loa" free="60398592" total="60398592" percent="100" />
    </mem>
    <remembered-set count="1331" />
  </mem-info>
</gc-end>
<cycle-end id="2182" type="scavenge" contextid="2176" timestamp="2021-04-05T23:16:00.940" />
<allocation-satisfied id="2183" threadId="0000000000338300" bytesRequested="16" />
<af-end id="2184" timestamp="2021-04-05T23:16:00.940" threadId="0000000000338C80" success="true" from="nursery"/>
<exclusive-end id="2185" timestamp="2021-04-05T23:16:00.940" durationms="105.876" />

<exclusive-start id="2186" timestamp="2021-04-05T23:16:01.773" intervalms="938.660">
  <response-info timems="0.077" idlems="0.038" threads="5" lastid="0000000000334700" lastname="BenchmarkThread xml.validation 6" />
</exclusive-start>
<af-start id="2187" threadId="000000000013D880" totalBytesRequested="64" timestamp="2021-04-05T23:16:01.773" intervalms="938.658" type="nursery" />
<cycle-start id="2188" type="scavenge" contextid="0" timestamp="2021-04-05T23:16:01.773" intervalms="938.660" />
<gc-start id="2189" type="scavenge" contextid="2188" timestamp="2021-04-05T23:16:01.773">
  <mem-info id="2190" free="1058443368" total="1610612736" percent="65">
    <mem type="nursery" free="0" total="402653184" percent="0">
      <mem type="allocate" free="0" total="330235904" percent="0" />
      <mem type="survivor" free="0" total="72417280" percent="0" />
    </mem>
    <mem type="tenure" free="1058443368" total="1207959552" percent="87">
      <mem type="soa" free="998044776" total="1147560960" percent="86" />
      <mem type="loa" free="60398592" total="60398592" percent="100" />
    </mem>
    <remembered-set count="1549" />
  </mem-info>
</gc-start>
<allocation-stats totalBytes="270169896" >
  <allocated-bytes non-tlh="16" tlh="270169880" />
  <largest-consumer threadName="BenchmarkThread xml.validation 5" threadId="0000000000330B00" bytes="40851480" />
</allocation-stats>
<gc-op id="2191" type="scavenge" timems="109.747" contextid="2188" timestamp="2021-04-05T23:16:01.882">
  <scavenger-info tenureage="3" tenuremask="7ff8" tiltratio="82" />
  <memory-copied type="nursery" objects="1543587" bytes="61977208" bytesdiscarded="11400" />
  <memory-copied type="tenure" objects="8" bytes="256" bytesdiscarded="0" />
</gc-op>
<gc-end id="2192" type="scavenge" contextid="2188" durationms="109.734" usertimems="425.518" systemtimems="0.000" timestamp="2021-04-05T23:16:01.883" activeThreads="4">
  <mem-info id="2193" free="1327346024" total="1610612736" percent="82">
    <mem type="nursery" free="268902656" total="402653184" percent="66">
      <mem type="allocate" free="268902656" total="330891264" percent="81" />
      <mem type="survivor" free="0" total="71761920" percent="0" />
    </mem>
    <mem type="tenure" free="1058443368" total="1207959552" percent="87" macro-fragmented="0">
      <mem type="soa" free="998044776" total="1147560960" percent="86" />
      <mem type="loa" free="60398592" total="60398592" percent="100" />
    </mem>
    <remembered-set count="1327" />
  </mem-info>
</gc-end>
<cycle-end id="2194" type="scavenge" contextid="2188" timestamp="2021-04-05T23:16:01.883" />
<allocation-satisfied id="2195" threadId="000000000013CF00" bytesRequested="64" />
<af-end id="2196" timestamp="2021-04-05T23:16:01.883" threadId="000000000013D880" success="true" from="nursery"/>
<exclusive-end id="2197" timestamp="2021-04-05T23:16:01.883" durationms="110.506" />

<exclusive-start id="2198" timestamp="2021-04-05T23:16:02.912" intervalms="1139.060">
  <response-info timems="0.047" idlems="0.047" threads="0" lastid="000000000013CF00" lastname="BenchmarkThread xml.validation 2" />
</exclusive-start>
<af-start id="2199" threadId="000000000013D880" totalBytesRequested="16" timestamp="2021-04-05T23:16:02.912" intervalms="1139.053" type="nursery" />
<cycle-start id="2200" type="scavenge" contextid="0" timestamp="2021-04-05T23:16:02.912" intervalms="1139.047" />
<gc-start id="2201" type="scavenge" contextid="2200" timestamp="2021-04-05T23:16:02.912">
  <mem-info id="2202" free="1058443368" total="1610612736" percent="65">
    <mem type="nursery" free="0" total="402653184" percent="0">
      <mem type="allocate" free="0" total="330891264" percent="0" />
      <mem type="survivor" free="0" total="71761920" percent="0" />
    </mem>
    <mem type="tenure" free="1058443368" total="1207959552" percent="87">
      <mem type="soa" free="998044776" total="1147560960" percent="86" />
      <mem type="loa" free="60398592" total="60398592" percent="100" />
    </mem>
    <remembered-set count="1539" />
  </mem-info>
</gc-start>
<allocation-stats totalBytes="268774288" >
  <allocated-bytes non-tlh="64" tlh="268774224" />
  <largest-consumer threadName="BenchmarkThread xml.validation 2" threadId="000000000013CF00" bytes="47130608" />
</allocation-stats>
<gc-op id="2203" type="scavenge" timems="133.324" contextid="2200" timestamp="2021-04-05T23:16:03.045">
  <scavenger-info tenureage="3" tenuremask="7ff8" tiltratio="82" />
  <memory-copied type="nursery" objects="1534816" bytes="61715864" bytesdiscarded="10480" />
  <memory-copied type="tenure" objects="6" bytes="192" bytesdiscarded="0" />
</gc-op>
<gc-end id="2204" type="scavenge" contextid="2200" durationms="133.314" usertimems="517.165" systemtimems="3.998" timestamp="2021-04-05T23:16:03.046" activeThreads="4">
  <mem-info id="2205" free="1328525792" total="1610612736" percent="82">
    <mem type="nursery" free="270082424" total="402653184" percent="67">
      <mem type="allocate" free="270082424" total="331808768" percent="81" />
      <mem type="survivor" free="0" total="70844416" percent="0" />
    </mem>
    <mem type="tenure" free="1058443368" total="1207959552" percent="87" macro-fragmented="0">
      <mem type="soa" free="998044776" total="1147560960" percent="86" />
      <mem type="loa" free="60398592" total="60398592" percent="100" />
    </mem>
    <remembered-set count="1333" />
  </mem-info>
</gc-end>
<cycle-end id="2206" type="scavenge" contextid="2200" timestamp="2021-04-05T23:16:03.046" />
<allocation-satisfied id="2207" threadId="000000000013CF00" bytesRequested="16" />
<af-end id="2208" timestamp="2021-04-05T23:16:03.046" threadId="000000000013D880" success="true" from="nursery"/>
<exclusive-end id="2209" timestamp="2021-04-05T23:16:03.046" durationms="134.087" />

<exclusive-start id="2210" timestamp="2021-04-05T23:16:03.936" intervalms="1024.393">
  <response-info timems="0.071" idlems="0.043" threads="1" lastid="0000000000330B00" lastname="BenchmarkThread xml.validation 5" />
</exclusive-start>
<af-start id="2211" threadId="0000000000329C80" totalBytesRequested="64" timestamp="2021-04-05T23:16:03.936" intervalms="1024.404" type="nursery" />
<cycle-start id="2212" type="scavenge" contextid="0" timestamp="2021-04-05T23:16:03.936" intervalms="1024.416" />
<gc-start id="2213" type="scavenge" contextid="2212" timestamp="2021-04-05T23:16:03.936">
  <mem-info id="2214" free="1058443368" total="1610612736" percent="65">
    <mem type="nursery" free="0" total="402653184" percent="0">
      <mem type="allocate" free="0" total="331808768" percent="0" />
      <mem type="survivor" free="0" total="70844416" percent="0" />
    </mem>
    <mem type="tenure" free="1058443368" total="1207959552" percent="87">
      <mem type="soa" free="998044776" total="1147560960" percent="86" />
      <mem type="loa" free="60398592" total="60398592" percent="100" />
    </mem>
    <remembered-set count="1552" />
  </mem-info>
</gc-start>
<allocation-stats totalBytes="269957552" >
  <allocated-bytes non-tlh="16" tlh="269957536" />
  <largest-consumer threadName="BenchmarkThread xml.validation 3" threadId="0000000000329300" bytes="43258832" />
</allocation-stats>
<gc-op id="2215" type="scavenge" timems="122.214" contextid="2212" timestamp="2021-04-05T23:16:04.058">
  <scavenger-info tenureage="3" tenuremask="7ff8" tiltratio="82" />
  <memory-copied type="nursery" objects="1541121" bytes="62059040" bytesdiscarded="12392" />
  <memory-copied type="tenure" objects="4" bytes="128" bytesdiscarded="0" />
</gc-op>
<gc-end id="2216" type="scavenge" contextid="2212" durationms="122.198" usertimems="464.867" systemtimems="0.001" timestamp="2021-04-05T23:16:04.059" activeThreads="4">
  <mem-info id="2217" free="1328901600" total="1610612736" percent="82">
    <mem type="nursery" free="270458232" total="402653184" percent="67">
      <mem type="allocate" free="270458232" total="332529664" percent="81" />
      <mem type="survivor" free="0" total="70123520" percent="0" />
    </mem>
    <mem type="tenure" free="1058443368" total="1207959552" percent="87" macro-fragmented="0">
      <mem type="soa" free="998044776" total="1147560960" percent="86" />
      <mem type="loa" free="60398592" total="60398592" percent="100" />
    </mem>
    <remembered-set count="1338" />
  </mem-info>
</gc-end>
<cycle-end id="2218" type="scavenge" contextid="2212" timestamp="2021-04-05T23:16:04.059" />
<allocation-satisfied id="2219" threadId="0000000000329300" bytesRequested="64" />
<af-end id="2220" timestamp="2021-04-05T23:16:04.059" threadId="0000000000329C80" success="true" from="nursery"/>
<exclusive-end id="2221" timestamp="2021-04-05T23:16:04.059" durationms="123.087" />

<exclusive-start id="2222" timestamp="2021-04-05T23:16:05.028" intervalms="1092.047">
  <response-info timems="0.049" idlems="0.049" threads="0" lastid="000000000032CF00" lastname="BenchmarkThread xml.validation 4" />
</exclusive-start>
<af-start id="2223" threadId="000000000032D880" totalBytesRequested="136" timestamp="2021-04-05T23:16:05.028" intervalms="1092.043" type="nursery" />
<cycle-start id="2224" type="scavenge" contextid="0" timestamp="2021-04-05T23:16:05.028" intervalms="1092.038" />
<gc-start id="2225" type="scavenge" contextid="2224" timestamp="2021-04-05T23:16:05.028">
  <mem-info id="2226" free="1058443368" total="1610612736" percent="65">
    <mem type="nursery" free="0" total="402653184" percent="0">
      <mem type="allocate" free="0" total="332529664" percent="0" />
      <mem type="survivor" free="0" total="70123520" percent="0" />
    </mem>
    <mem type="tenure" free="1058443368" total="1207959552" percent="87">
      <mem type="soa" free="998044776" total="1147560960" percent="86" />
      <mem type="loa" free="60398592" total="60398592" percent="100" />
    </mem>
    <remembered-set count="1524" />
  </mem-info>
</gc-start>
<allocation-stats totalBytes="270336888" >
  <allocated-bytes non-tlh="64" tlh="270336824" />
  <largest-consumer threadName="BenchmarkThread xml.validation 6" threadId="0000000000334700" bytes="45512792" />
</allocation-stats>
<gc-op id="2227" type="scavenge" timems="138.335" contextid="2224" timestamp="2021-04-05T23:16:05.167">
  <scavenger-info tenureage="3" tenuremask="7ff8" tiltratio="82" />
  <memory-copied type="nursery" objects="1571380" bytes="63600704" bytesdiscarded="10080" />
  <memory-copied type="tenure" objects="8" bytes="256" bytesdiscarded="0" />
</gc-op>
<gc-end id="2228" type="scavenge" contextid="2224" durationms="138.321" usertimems="519.943" systemtimems="4.005" timestamp="2021-04-05T23:16:05.167" activeThreads="4">
  <mem-info id="2229" free="1327165640" total="1610612736" percent="82">
    <mem type="nursery" free="268722272" total="402653184" percent="66">
      <mem type="allocate" free="268722272" total="332333056" percent="80" />
      <mem type="survivor" free="0" total="70320128" percent="0" />
    </mem>
    <mem type="tenure" free="1058443368" total="1207959552" percent="87" macro-fragmented="0">
      <mem type="soa" free="998044776" total="1147560960" percent="86" />
      <mem type="loa" free="60398592" total="60398592" percent="100" />
    </mem>
    <remembered-set count="1342" />
  </mem-info>
</gc-end>
<cycle-end id="2230" type="scavenge" contextid="2224" timestamp="2021-04-05T23:16:05.167" />
<allocation-satisfied id="2231" threadId="000000000032CF00" bytesRequested="136" />
<af-end id="2232" timestamp="2021-04-05T23:16:05.167" threadId="000000000032D880" success="true" from="nursery"/>
<exclusive-end id="2233" timestamp="2021-04-05T23:16:05.167" durationms="139.147" />

<exclusive-start id="2234" timestamp="2021-04-05T23:16:06.042" intervalms="1013.641">
  <response-info timems="0.077" idlems="0.033" threads="3" lastid="0000000000330B00" lastname="BenchmarkThread xml.validation 5" />
</exclusive-start>
<af-start id="2235" threadId="000000000011D480" totalBytesRequested="16" timestamp="2021-04-05T23:16:06.042" intervalms="1013.649" type="nursery" />
<cycle-start id="2236" type="scavenge" contextid="0" timestamp="2021-04-05T23:16:06.042" intervalms="1013.641" />
<gc-start id="2237" type="scavenge" contextid="2236" timestamp="2021-04-05T23:16:06.042">
  <mem-info id="2238" free="1058443368" total="1610612736" percent="65">
    <mem type="nursery" free="0" total="402653184" percent="0">
      <mem type="allocate" free="0" total="332333056" percent="0" />
      <mem type="survivor" free="0" total="70320128" percent="0" />
    </mem>
    <mem type="tenure" free="1058443368" total="1207959552" percent="87">
      <mem type="soa" free="998044776" total="1147560960" percent="86" />
      <mem type="loa" free="60398592" total="60398592" percent="100" />
    </mem>
    <remembered-set count="1546" />
  </mem-info>
</gc-start>
<allocation-stats totalBytes="268602552" >
  <allocated-bytes non-tlh="5336" tlh="268597216" />
  <largest-consumer threadName="BenchmarkThread xml.validation 8" threadId="000000000033BE00" bytes="44961552" />
</allocation-stats>
<gc-op id="2239" type="scavenge" timems="121.192" contextid="2236" timestamp="2021-04-05T23:16:06.163">
  <scavenger-info tenureage="3" tenuremask="7ff8" tiltratio="82" />
  <memory-copied type="nursery" objects="1576933" bytes="63677400" bytesdiscarded="10808" />
  <memory-copied type="tenure" objects="4" bytes="128" bytesdiscarded="0" />
</gc-op>
<gc-end id="2240" type="scavenge" contextid="2236" durationms="121.183" usertimems="463.494" systemtimems="0.000" timestamp="2021-04-05T23:16:06.163" activeThreads="4">
  <mem-info id="2241" free="1328202328" total="1610612736" percent="82">
    <mem type="nursery" free="269758960" total="402653184" percent="66">
      <mem type="allocate" free="269758960" total="333447168" percent="80" />
      <mem type="survivor" free="0" total="69206016" percent="0" />
    </mem>
    <mem type="tenure" free="1058443368" total="1207959552" percent="87" macro-fragmented="0">
      <mem type="soa" free="998044776" total="1147560960" percent="86" />
      <mem type="loa" free="60398592" total="60398592" percent="100" />
    </mem>
    <remembered-set count="1339" />
  </mem-info>
</gc-end>
<cycle-end id="2242" type="scavenge" contextid="2236" timestamp="2021-04-05T23:16:06.163" />
<allocation-satisfied id="2243" threadId="000000000011CB00" bytesRequested="16" />
<af-end id="2244" timestamp="2021-04-05T23:16:06.164" threadId="000000000011D480" success="true" from="nursery"/>
<exclusive-end id="2245" timestamp="2021-04-05T23:16:06.164" durationms="121.839" />

<exclusive-start id="2246" timestamp="2021-04-05T23:16:06.960" intervalms="918.358">
  <response-info timems="0.065" idlems="0.039" threads="1" lastid="0000000000334700" lastname="BenchmarkThread xml.validation 6" />
</exclusive-start>
<af-start id="2247" threadId="0000000000338C80" totalBytesRequested="16" timestamp="2021-04-05T23:16:06.960" intervalms="918.344" type="nursery" />
<cycle-start id="2248" type="scavenge" contextid="0" timestamp="2021-04-05T23:16:06.960" intervalms="918.345" />
<gc-start id="2249" type="scavenge" contextid="2248" timestamp="2021-04-05T23:16:06.960">
  <mem-info id="2250" free="1058443368" total="1610612736" percent="65">
    <mem type="nursery" free="0" total="402653184" percent="0">
      <mem type="allocate" free="0" total="333447168" percent="0" />
      <mem type="survivor" free="0" total="69206016" percent="0" />
    </mem>
    <mem type="tenure" free="1058443368" total="1207959552" percent="87">
      <mem type="soa" free="998044776" total="1147560960" percent="86" />
      <mem type="loa" free="60398592" total="60398592" percent="100" />
    </mem>
    <remembered-set count="1536" />
  </mem-info>
</gc-start>
<allocation-stats totalBytes="269631992" >
  <allocated-bytes non-tlh="16" tlh="269631976" />
  <largest-consumer threadName="BenchmarkThread xml.validation 5" threadId="0000000000330B00" bytes="45693056" />
</allocation-stats>
<gc-op id="2251" type="scavenge" timems="111.042" contextid="2248" timestamp="2021-04-05T23:16:07.071">
  <scavenger-info tenureage="3" tenuremask="7ff8" tiltratio="82" />
  <memory-copied type="nursery" objects="1520338" bytes="61250688" bytesdiscarded="9792" />
  <memory-copied type="tenure" objects="8" bytes="256" bytesdiscarded="0" />
</gc-op>
<gc-end id="2252" type="scavenge" contextid="2248" durationms="111.032" usertimems="423.867" systemtimems="0.006" timestamp="2021-04-05T23:16:07.072" activeThreads="4">
  <mem-info id="2253" free="1330761128" total="1610612736" percent="82">
    <mem type="nursery" free="272317760" total="402653184" percent="67">
      <mem type="allocate" free="272317760" total="333578240" percent="81" />
      <mem type="survivor" free="0" total="69074944" percent="0" />
    </mem>
    <mem type="tenure" free="1058443368" total="1207959552" percent="87" macro-fragmented="0">
      <mem type="soa" free="998044776" total="1147560960" percent="86" />
      <mem type="loa" free="60398592" total="60398592" percent="100" />
    </mem>
    <remembered-set count="1330" />
  </mem-info>
</gc-end>
<cycle-end id="2254" type="scavenge" contextid="2248" timestamp="2021-04-05T23:16:07.072" />
<allocation-satisfied id="2255" threadId="0000000000338300" bytesRequested="16" />
<af-end id="2256" timestamp="2021-04-05T23:16:07.072" threadId="0000000000338C80" success="true" from="nursery"/>
<exclusive-end id="2257" timestamp="2021-04-05T23:16:07.072" durationms="111.723" />

<exclusive-start id="2258" timestamp="2021-04-05T23:16:07.984" intervalms="1023.721">
  <response-info timems="0.088" idlems="0.039" threads="3" lastid="0000000000329300" lastname="BenchmarkThread xml.validation 3" />
</exclusive-start>
<af-start id="2259" threadId="000000000011D480" totalBytesRequested="48" timestamp="2021-04-05T23:16:07.984" intervalms="1023.721" type="nursery" />
<cycle-start id="2260" type="scavenge" contextid="0" timestamp="2021-04-05T23:16:07.984" intervalms="1023.722" />
<gc-start id="2261" type="scavenge" contextid="2260" timestamp="2021-04-05T23:16:07.984">
  <mem-info id="2262" free="1058443368" total="1610612736" percent="65">
    <mem type="nursery" free="0" total="402653184" percent="0">
      <mem type="allocate" free="0" total="333578240" percent="0" />
      <mem type="survivor" free="0" total="69074944" percent="0" />
    </mem>
    <mem type="tenure" free="1058443368" total="1207959552" percent="87">
      <mem type="soa" free="998044776" total="1147560960" percent="86" />
      <mem type="loa" free="60398592" total="60398592" percent="100" />
    </mem>
    <remembered-set count="1549" />
  </mem-info>
</gc-start>
<allocation-stats totalBytes="272197976" >
  <allocated-bytes non-tlh="7296" tlh="272190680" />
  <largest-consumer threadName="BenchmarkThread xml.validation 6" threadId="0000000000334700" bytes="43367000" />
</allocation-stats>
<gc-op id="2263" type="scavenge" timems="127.169" contextid="2260" timestamp="2021-04-05T23:16:08.111">
  <scavenger-info tenureage="3" tenuremask="7ff8" tiltratio="82" />
  <memory-copied type="nursery" objects="1532142" bytes="61643488" bytesdiscarded="9520" />
  <memory-copied type="tenure" objects="6" bytes="192" bytesdiscarded="0" />
</gc-op>
<gc-end id="2264" type="scavenge" contextid="2260" durationms="127.158" usertimems="479.723" systemtimems="0.006" timestamp="2021-04-05T23:16:08.111" activeThreads="4">
  <mem-info id="2265" free="1330761816" total="1610612736" percent="82">
    <mem type="nursery" free="272318448" total="402653184" percent="67">
      <mem type="allocate" free="272318448" total="333971456" percent="81" />
      <mem type="survivor" free="0" total="68681728" percent="0" />
    </mem>
    <mem type="tenure" free="1058443368" total="1207959552" percent="87" macro-fragmented="0">
      <mem type="soa" free="998044776" total="1147560960" percent="86" />
      <mem type="loa" free="60398592" total="60398592" percent="100" />
    </mem>
    <remembered-set count="1334" />
  </mem-info>
</gc-end>
<cycle-end id="2266" type="scavenge" contextid="2260" timestamp="2021-04-05T23:16:08.112" />
<allocation-satisfied id="2267" threadId="000000000011CB00" bytesRequested="48" />
<af-end id="2268" timestamp="2021-04-05T23:16:08.112" threadId="000000000011D480" success="true" from="nursery"/>
<exclusive-end id="2269" timestamp="2021-04-05T23:16:08.112" durationms="127.892" />

<exclusive-start id="2270" timestamp="2021-04-05T23:16:09.009" intervalms="1024.936">
  <response-info timems="0.047" idlems="0.047" threads="0" lastid="000000000011CB00" lastname="BenchmarkThread xml.validation 1" />
</exclusive-start>
<af-start id="2271" threadId="000000000011D480" totalBytesRequested="16" timestamp="2021-04-05T23:16:09.009" intervalms="1024.931" type="nursery" />
<cycle-start id="2272" type="scavenge" contextid="0" timestamp="2021-04-05T23:16:09.009" intervalms="1024.927" />
<gc-start id="2273" type="scavenge" contextid="2272" timestamp="2021-04-05T23:16:09.009">
  <mem-info id="2274" free="1058443368" total="1610612736" percent="65">
    <mem type="nursery" free="0" total="402653184" percent="0">
      <mem type="allocate" free="0" total="333971456" percent="0" />
      <mem type="survivor" free="0" total="68681728" percent="0" />
    </mem>
    <mem type="tenure" free="1058443368" total="1207959552" percent="87">
      <mem type="soa" free="998044776" total="1147560960" percent="86" />
      <mem type="loa" free="60398592" total="60398592" percent="100" />
    </mem>
    <remembered-set count="1547" />
  </mem-info>
</gc-start>
<allocation-stats totalBytes="272190040" >
  <allocated-bytes non-tlh="1088" tlh="272188952" />
  <largest-consumer threadName="BenchmarkThread xml.validation 5" threadId="0000000000330B00" bytes="40858480" />
</allocation-stats>
<gc-op id="2275" type="scavenge" timems="106.528" contextid="2272" timestamp="2021-04-05T23:16:09.115">
  <scavenger-info tenureage="3" tenuremask="7ff8" tiltratio="82" />
  <memory-copied type="nursery" objects="1561461" bytes="62863392" bytesdiscarded="13120" />
  <memory-copied type="tenure" objects="6" bytes="192" bytesdiscarded="0" />
</gc-op>
<gc-end id="2276" type="scavenge" contextid="2272" durationms="106.518" usertimems="415.384" systemtimems="0.000" timestamp="2021-04-05T23:16:09.116" activeThreads="4">
  <mem-info id="2277" free="1329079560" total="1610612736" percent="82">
    <mem type="nursery" free="270636192" total="402653184" percent="67">
      <mem type="allocate" free="270636192" total="333512704" percent="81" />
      <mem type="survivor" free="0" total="69140480" percent="0" />
    </mem>
    <mem type="tenure" free="1058443368" total="1207959552" percent="87" macro-fragmented="0">
      <mem type="soa" free="998044776" total="1147560960" percent="86" />
      <mem type="loa" free="60398592" total="60398592" percent="100" />
    </mem>
    <remembered-set count="1335" />
  </mem-info>
</gc-end>
<cycle-end id="2278" type="scavenge" contextid="2272" timestamp="2021-04-05T23:16:09.116" />
<allocation-satisfied id="2279" threadId="000000000011CB00" bytesRequested="16" />
<af-end id="2280" timestamp="2021-04-05T23:16:09.116" threadId="000000000011D480" success="true" from="nursery"/>
<exclusive-end id="2281" timestamp="2021-04-05T23:16:09.116" durationms="107.543" />

<exclusive-start id="2282" timestamp="2021-04-05T23:16:09.924" intervalms="915.692">
  <response-info timems="0.074" idlems="0.037" threads="2" lastid="0000000000334700" lastname="BenchmarkThread xml.validation 6" />
</exclusive-start>
<af-start id="2283" threadId="0000000000329C80" totalBytesRequested="40" timestamp="2021-04-05T23:16:09.924" intervalms="915.699" type="nursery" />
<cycle-start id="2284" type="scavenge" contextid="0" timestamp="2021-04-05T23:16:09.924" intervalms="915.702" />
<gc-start id="2285" type="scavenge" contextid="2284" timestamp="2021-04-05T23:16:09.925">
  <mem-info id="2286" free="1058443368" total="1610612736" percent="65">
    <mem type="nursery" free="0" total="402653184" percent="0">
      <mem type="allocate" free="0" total="333512704" percent="0" />
      <mem type="survivor" free="0" total="69140480" percent="0" />
    </mem>
    <mem type="tenure" free="1058443368" total="1207959552" percent="87">
      <mem type="soa" free="998044776" total="1147560960" percent="86" />
      <mem type="loa" free="60398592" total="60398592" percent="100" />
    </mem>
    <remembered-set count="1529" />
  </mem-info>
</gc-start>
<allocation-stats totalBytes="270511824" >
  <allocated-bytes non-tlh="16" tlh="270511808" />
  <largest-consumer threadName="BenchmarkThread xml.validation 1" threadId="000000000011CB00" bytes="38979536" />
</allocation-stats>
<gc-op id="2287" type="scavenge" timems="133.820" contextid="2284" timestamp="2021-04-05T23:16:10.058">
  <scavenger-info tenureage="3" tenuremask="7ff8" tiltratio="82" />
  <memory-copied type="nursery" objects="1532765" bytes="61655512" bytesdiscarded="9968" />
  <memory-copied type="tenure" objects="6" bytes="192" bytesdiscarded="0" />
</gc-op>
<gc-end id="2288" type="scavenge" contextid="2284" durationms="133.809" usertimems="509.261" systemtimems="0.000" timestamp="2021-04-05T23:16:10.059" activeThreads="4">
  <mem-info id="2289" free="1330552736" total="1610612736" percent="82">
    <mem type="nursery" free="272109368" total="402653184" percent="67">
      <mem type="allocate" free="272109368" total="333774848" percent="81" />
      <mem type="survivor" free="0" total="68878336" percent="0" />
    </mem>
    <mem type="tenure" free="1058443368" total="1207959552" percent="87" macro-fragmented="0">
      <mem type="soa" free="998044776" total="1147560960" percent="86" />
      <mem type="loa" free="60398592" total="60398592" percent="100" />
    </mem>
    <remembered-set count="1338" />
  </mem-info>
</gc-end>
<cycle-end id="2290" type="scavenge" contextid="2284" timestamp="2021-04-05T23:16:10.059" />
<allocation-satisfied id="2291" threadId="0000000000329300" bytesRequested="40" />
<af-end id="2292" timestamp="2021-04-05T23:16:10.059" threadId="0000000000329C80" success="true" from="nursery"/>
<exclusive-end id="2293" timestamp="2021-04-05T23:16:10.059" durationms="134.501" />

<exclusive-start id="2294" timestamp="2021-04-05T23:16:10.907" intervalms="982.517">
  <response-info timems="0.082" idlems="0.036" threads="4" lastid="000000000013CF00" lastname="BenchmarkThread xml.validation 2" />
</exclusive-start>
<af-start id="2295" threadId="000000000032D880" totalBytesRequested="16" timestamp="2021-04-05T23:16:10.907" intervalms="982.514" type="nursery" />
<cycle-start id="2296" type="scavenge" contextid="0" timestamp="2021-04-05T23:16:10.907" intervalms="982.514" />
<gc-start id="2297" type="scavenge" contextid="2296" timestamp="2021-04-05T23:16:10.907">
  <mem-info id="2298" free="1058443368" total="1610612736" percent="65">
    <mem type="nursery" free="0" total="402653184" percent="0">
      <mem type="allocate" free="0" total="333774848" percent="0" />
      <mem type="survivor" free="0" total="68878336" percent="0" />
    </mem>
    <mem type="tenure" free="1058443368" total="1207959552" percent="87">
      <mem type="soa" free="998044776" total="1147560960" percent="86" />
      <mem type="loa" free="60398592" total="60398592" percent="100" />
    </mem>
    <remembered-set count="1541" />
  </mem-info>
</gc-start>
<allocation-stats totalBytes="271984664" >
  <allocated-bytes non-tlh="40" tlh="271984624" />
  <largest-consumer threadName="BenchmarkThread xml.validation 8" threadId="000000000033BE00" bytes="42869224" />
</allocation-stats>
<gc-op id="2299" type="scavenge" timems="109.706" contextid="2296" timestamp="2021-04-05T23:16:11.017">
  <scavenger-info tenureage="3" tenuremask="7ff8" tiltratio="82" />
  <memory-copied type="nursery" objects="1486690" bytes="60095112" bytesdiscarded="11168" />
  <memory-copied type="tenure" objects="6" bytes="192" bytesdiscarded="0" />
</gc-op>
<gc-end id="2300" type="scavenge" contextid="2296" durationms="109.694" usertimems="405.704" systemtimems="0.015" timestamp="2021-04-05T23:16:11.017" activeThreads="4">
  <mem-info id="2301" free="1332570688" total="1610612736" percent="82">
    <mem type="nursery" free="274127320" total="402653184" percent="68">
      <mem type="allocate" free="274127320" total="334233600" percent="82" />
      <mem type="survivor" free="0" total="68419584" percent="0" />
    </mem>
    <mem type="tenure" free="1058443368" total="1207959552" percent="87" macro-fragmented="0">
      <mem type="soa" free="998044776" total="1147560960" percent="86" />
      <mem type="loa" free="60398592" total="60398592" percent="100" />
    </mem>
    <remembered-set count="1333" />
  </mem-info>
</gc-end>
<cycle-end id="2302" type="scavenge" contextid="2296" timestamp="2021-04-05T23:16:11.017" />
<allocation-satisfied id="2303" threadId="000000000032CF00" bytesRequested="16" />
<af-end id="2304" timestamp="2021-04-05T23:16:11.017" threadId="000000000032D880" success="true" from="nursery"/>
<exclusive-end id="2305" timestamp="2021-04-05T23:16:11.017" durationms="110.492" />

<exclusive-start id="2306" timestamp="2021-04-05T23:16:11.912" intervalms="1005.111">
  <response-info timems="0.075" idlems="0.035" threads="3" lastid="0000000000334700" lastname="BenchmarkThread xml.validation 6" />
</exclusive-start>
<af-start id="2307" threadId="000000000011D480" totalBytesRequested="136" timestamp="2021-04-05T23:16:11.912" intervalms="1005.115" type="nursery" />
<cycle-start id="2308" type="scavenge" contextid="0" timestamp="2021-04-05T23:16:11.912" intervalms="1005.116" />
<gc-start id="2309" type="scavenge" contextid="2308" timestamp="2021-04-05T23:16:11.912">
  <mem-info id="2310" free="1058443368" total="1610612736" percent="65">
    <mem type="nursery" free="0" total="402653184" percent="0">
      <mem type="allocate" free="0" total="334233600" percent="0" />
      <mem type="survivor" free="0" total="68419584" percent="0" />
    </mem>
    <mem type="tenure" free="1058443368" total="1207959552" percent="87">
      <mem type="soa" free="998044776" total="1147560960" percent="86" />
      <mem type="loa" free="60398592" total="60398592" percent="100" />
    </mem>
    <remembered-set count="1550" />
  </mem-info>
</gc-start>
<allocation-stats totalBytes="273956160" >
  <allocated-bytes non-tlh="16" tlh="273956144" />
  <largest-consumer threadName="BenchmarkThread xml.validation 5" threadId="0000000000330B00" bytes="43072904" />
</allocation-stats>
<gc-op id="2311" type="scavenge" timems="133.533" contextid="2308" timestamp="2021-04-05T23:16:12.046">
  <scavenger-info tenureage="3" tenuremask="7ff8" tiltratio="83" />
  <memory-copied type="nursery" objects="1532720" bytes="61659520" bytesdiscarded="13016" />
  <memory-copied type="tenure" objects="6" bytes="192" bytesdiscarded="0" />
</gc-op>
<gc-end id="2312" type="scavenge" contextid="2308" durationms="133.521" usertimems="516.534" systemtimems="0.007" timestamp="2021-04-05T23:16:12.046" activeThreads="4">
  <mem-info id="2313" free="1331004432" total="1610612736" percent="82">
    <mem type="nursery" free="272561064" total="402653184" percent="67">
      <mem type="allocate" free="272561064" total="334233600" percent="81" />
      <mem type="survivor" free="0" total="68419584" percent="0" />
    </mem>
    <mem type="tenure" free="1058443368" total="1207959552" percent="87" macro-fragmented="0">
      <mem type="soa" free="998044776" total="1147560960" percent="86" />
      <mem type="loa" free="60398592" total="60398592" percent="100" />
    </mem>
    <remembered-set count="1341" />
  </mem-info>
</gc-end>
<cycle-end id="2314" type="scavenge" contextid="2308" timestamp="2021-04-05T23:16:12.046" />
<allocation-satisfied id="2315" threadId="000000000011CB00" bytesRequested="136" />
<af-end id="2316" timestamp="2021-04-05T23:16:12.046" threadId="000000000011D480" success="true" from="nursery"/>
<exclusive-end id="2317" timestamp="2021-04-05T23:16:12.046" durationms="134.293" />

<exclusive-start id="2318" timestamp="2021-04-05T23:16:12.867" intervalms="954.578">
  <response-info timems="0.062" idlems="0.030" threads="2" lastid="0000000000338300" lastname="BenchmarkThread xml.validation 7" />
</exclusive-start>
<af-start id="2319" threadId="000000000033C780" totalBytesRequested="16" timestamp="2021-04-05T23:16:12.867" intervalms="954.601" type="nursery" />
<cycle-start id="2320" type="scavenge" contextid="0" timestamp="2021-04-05T23:16:12.867" intervalms="954.600" />
<gc-start id="2321" type="scavenge" contextid="2320" timestamp="2021-04-05T23:16:12.867">
  <mem-info id="2322" free="1058443368" total="1610612736" percent="65">
    <mem type="nursery" free="0" total="402653184" percent="0">
      <mem type="allocate" free="0" total="334233600" percent="0" />
      <mem type="survivor" free="0" total="68419584" percent="0" />
    </mem>
    <mem type="tenure" free="1058443368" total="1207959552" percent="87">
      <mem type="soa" free="998044776" total="1147560960" percent="86" />
      <mem type="loa" free="60398592" total="60398592" percent="100" />
    </mem>
    <remembered-set count="1509" />
  </mem-info>
</gc-start>
<allocation-stats totalBytes="272405520" >
  <allocated-bytes non-tlh="136" tlh="272405384" />
  <largest-consumer threadName="BenchmarkThread xml.validation 6" threadId="0000000000334700" bytes="42587944" />
</allocation-stats>
<gc-op id="2323" type="scavenge" timems="115.574" contextid="2320" timestamp="2021-04-05T23:16:12.982">
  <scavenger-info tenureage="3" tenuremask="7ff8" tiltratio="83" />
  <memory-copied type="nursery" objects="1521137" bytes="61290600" bytesdiscarded="9552" />
  <memory-copied type="tenure" objects="6" bytes="192" bytesdiscarded="0" />
</gc-op>
<gc-end id="2324" type="scavenge" contextid="2320" durationms="115.562" usertimems="434.963" systemtimems="0.000" timestamp="2021-04-05T23:16:12.983" activeThreads="4">
  <mem-info id="2325" free="1331770032" total="1610612736" percent="82">
    <mem type="nursery" free="273326664" total="402653184" percent="67">
      <mem type="allocate" free="273326664" total="334626816" percent="81" />
      <mem type="survivor" free="0" total="68026368" percent="0" />
    </mem>
    <mem type="tenure" free="1058443368" total="1207959552" percent="87" macro-fragmented="0">
      <mem type="soa" free="998044776" total="1147560960" percent="86" />
      <mem type="loa" free="60398592" total="60398592" percent="100" />
    </mem>
    <remembered-set count="1339" />
  </mem-info>
</gc-end>
<cycle-end id="2326" type="scavenge" contextid="2320" timestamp="2021-04-05T23:16:12.983" />
<allocation-satisfied id="2327" threadId="000000000033BE00" bytesRequested="16" />
<af-end id="2328" timestamp="2021-04-05T23:16:12.983" threadId="000000000033C780" success="true" from="nursery"/>
<exclusive-end id="2329" timestamp="2021-04-05T23:16:12.983" durationms="116.448" />

<exclusive-start id="2330" timestamp="2021-04-05T23:16:13.875" intervalms="1008.058">
  <response-info timems="0.094" idlems="0.042" threads="3" lastid="0000000000338300" lastname="BenchmarkThread xml.validation 7" />
</exclusive-start>
<af-start id="2331" threadId="000000000033C780" totalBytesRequested="64" timestamp="2021-04-05T23:16:13.875" intervalms="1008.040" type="nursery" />
<cycle-start id="2332" type="scavenge" contextid="0" timestamp="2021-04-05T23:16:13.875" intervalms="1008.050" />
<gc-start id="2333" type="scavenge" contextid="2332" timestamp="2021-04-05T23:16:13.875">
  <mem-info id="2334" free="1058443368" total="1610612736" percent="65">
    <mem type="nursery" free="0" total="402653184" percent="0">
      <mem type="allocate" free="0" total="334626816" percent="0" />
      <mem type="survivor" free="0" total="68026368" percent="0" />
    </mem>
    <mem type="tenure" free="1058443368" total="1207959552" percent="87">
      <mem type="soa" free="998044776" total="1147560960" percent="86" />
      <mem type="loa" free="60398592" total="60398592" percent="100" />
    </mem>
    <remembered-set count="1557" />
  </mem-info>
</gc-start>
<allocation-stats totalBytes="273181920" >
  <allocated-bytes non-tlh="1056" tlh="273180864" />
  <largest-consumer threadName="BenchmarkThread xml.validation 4" threadId="000000000032CF00" bytes="44369040" />
</allocation-stats>
<gc-op id="2335" type="scavenge" timems="155.779" contextid="2332" timestamp="2021-04-05T23:16:14.031">
  <scavenger-info tenureage="3" tenuremask="7ff8" tiltratio="83" />
  <memory-copied type="nursery" objects="1535931" bytes="61895184" bytesdiscarded="12296" />
  <memory-copied type="tenure" objects="8" bytes="256" bytesdiscarded="0" />
</gc-op>
<gc-end id="2336" type="scavenge" contextid="2332" durationms="155.765" usertimems="597.501" systemtimems="7.989" timestamp="2021-04-05T23:16:14.031" activeThreads="4">
  <mem-info id="2337" free="1331555920" total="1610612736" percent="82">
    <mem type="nursery" free="273112552" total="402653184" percent="67">
      <mem type="allocate" free="273112552" total="335020032" percent="81" />
      <mem type="survivor" free="0" total="67633152" percent="0" />
    </mem>
    <mem type="tenure" free="1058443368" total="1207959552" percent="87" macro-fragmented="0">
      <mem type="soa" free="998044776" total="1147560960" percent="86" />
      <mem type="loa" free="60398592" total="60398592" percent="100" />
    </mem>
    <remembered-set count="1335" />
  </mem-info>
</gc-end>
<cycle-end id="2338" type="scavenge" contextid="2332" timestamp="2021-04-05T23:16:14.032" />
<allocation-satisfied id="2339" threadId="000000000033BE00" bytesRequested="64" />
<af-end id="2340" timestamp="2021-04-05T23:16:14.032" threadId="000000000033C780" success="true" from="nursery"/>
<exclusive-end id="2341" timestamp="2021-04-05T23:16:14.032" durationms="156.951" />

<exclusive-start id="2342" timestamp="2021-04-05T23:16:15.093" intervalms="1217.860">
  <response-info timems="0.064" idlems="0.040" threads="1" lastid="000000000033BE00" lastname="BenchmarkThread xml.validation 8" />
</exclusive-start>
<af-start id="2343" threadId="0000000000338C80" totalBytesRequested="1040" timestamp="2021-04-05T23:16:15.093" intervalms="1217.866" type="nursery" />
<cycle-start id="2344" type="scavenge" contextid="0" timestamp="2021-04-05T23:16:15.093" intervalms="1217.859" />
<gc-start id="2345" type="scavenge" contextid="2344" timestamp="2021-04-05T23:16:15.093">
  <mem-info id="2346" free="1058443368" total="1610612736" percent="65">
    <mem type="nursery" free="0" total="402653184" percent="0">
      <mem type="allocate" free="0" total="335020032" percent="0" />
      <mem type="survivor" free="0" total="67633152" percent="0" />
    </mem>
    <mem type="tenure" free="1058443368" total="1207959552" percent="87">
      <mem type="soa" free="998044776" total="1147560960" percent="86" />
      <mem type="loa" free="60398592" total="60398592" percent="100" />
    </mem>
    <remembered-set count="1523" />
  </mem-info>
</gc-start>
<allocation-stats totalBytes="272962888" >
  <allocated-bytes non-tlh="64" tlh="272962824" />
  <largest-consumer threadName="BenchmarkThread xml.validation 8" threadId="000000000033BE00" bytes="52488368" />
</allocation-stats>
<gc-op id="2347" type="scavenge" timems="113.993" contextid="2344" timestamp="2021-04-05T23:16:15.207">
  <scavenger-info tenureage="3" tenuremask="7ff8" tiltratio="83" />
  <memory-copied type="nursery" objects="1553183" bytes="62392104" bytesdiscarded="9032" />
  <memory-copied type="tenure" objects="4" bytes="128" bytesdiscarded="0" />
</gc-op>
<gc-end id="2348" type="scavenge" contextid="2344" durationms="113.981" usertimems="443.488" systemtimems="0.005" timestamp="2021-04-05T23:16:15.207" activeThreads="4">
  <mem-info id="2349" free="1330800120" total="1610612736" percent="82">
    <mem type="nursery" free="272356752" total="402653184" percent="67">
      <mem type="allocate" free="272356752" total="334757888" percent="81" />
      <mem type="survivor" free="0" total="67895296" percent="0" />
    </mem>
    <mem type="tenure" free="1058443368" total="1207959552" percent="87" macro-fragmented="0">
      <mem type="soa" free="998044776" total="1147560960" percent="86" />
      <mem type="loa" free="60398592" total="60398592" percent="100" />
    </mem>
    <remembered-set count="1342" />
  </mem-info>
</gc-end>
<cycle-end id="2350" type="scavenge" contextid="2344" timestamp="2021-04-05T23:16:15.207" />
<allocation-satisfied id="2351" threadId="0000000000338300" bytesRequested="1040" />
<af-end id="2352" timestamp="2021-04-05T23:16:15.207" threadId="0000000000338C80" success="true" from="nursery"/>
<exclusive-end id="2353" timestamp="2021-04-05T23:16:15.207" durationms="114.669" />

<exclusive-start id="2354" timestamp="2021-04-05T23:16:15.959" intervalms="866.143">
  <response-info timems="0.064" idlems="0.043" threads="1" lastid="0000000000330B00" lastname="BenchmarkThread xml.validation 5" />
</exclusive-start>
<af-start id="2355" threadId="000000000033C780" totalBytesRequested="24" timestamp="2021-04-05T23:16:15.959" intervalms="866.130" type="nursery" />
<cycle-start id="2356" type="scavenge" contextid="0" timestamp="2021-04-05T23:16:15.959" intervalms="866.124" />
<gc-start id="2357" type="scavenge" contextid="2356" timestamp="2021-04-05T23:16:15.959">
  <mem-info id="2358" free="1058443368" total="1610612736" percent="65">
    <mem type="nursery" free="0" total="402653184" percent="0">
      <mem type="allocate" free="0" total="334757888" percent="0" />
      <mem type="survivor" free="0" total="67895296" percent="0" />
    </mem>
    <mem type="tenure" free="1058443368" total="1207959552" percent="87">
      <mem type="soa" free="998044776" total="1147560960" percent="86" />
      <mem type="loa" free="60398592" total="60398592" percent="100" />
    </mem>
    <remembered-set count="1551" />
  </mem-info>
</gc-start>
<allocation-stats totalBytes="272202776" >
  <allocated-bytes non-tlh="3120" tlh="272199656" />
  <largest-consumer threadName="BenchmarkThread xml.validation 6" threadId="0000000000334700" bytes="44179592" />
</allocation-stats>
<gc-op id="2359" type="scavenge" timems="122.285" contextid="2356" timestamp="2021-04-05T23:16:16.081">
  <scavenger-info tenureage="3" tenuremask="7ff8" tiltratio="83" />
  <memory-copied type="nursery" objects="1494944" bytes="60601192" bytesdiscarded="10000" />
  <memory-copied type="tenure" objects="6" bytes="192" bytesdiscarded="0" />
</gc-op>
<gc-end id="2360" type="scavenge" contextid="2356" durationms="122.274" usertimems="455.855" systemtimems="0.000" timestamp="2021-04-05T23:16:16.082" activeThreads="4">
  <mem-info id="2361" free="1332721136" total="1610612736" percent="82">
    <mem type="nursery" free="274277768" total="402653184" percent="68">
      <mem type="allocate" free="274277768" total="334888960" percent="81" />
      <mem type="survivor" free="0" total="67764224" percent="0" />
    </mem>
    <mem type="tenure" free="1058443368" total="1207959552" percent="87" macro-fragmented="0">
      <mem type="soa" free="998044776" total="1147560960" percent="86" />
      <mem type="loa" free="60398592" total="60398592" percent="100" />
    </mem>
    <remembered-set count="1330" />
  </mem-info>
</gc-end>
<cycle-end id="2362" type="scavenge" contextid="2356" timestamp="2021-04-05T23:16:16.082" />
<allocation-satisfied id="2363" threadId="000000000033BE00" bytesRequested="24" />
<af-end id="2364" timestamp="2021-04-05T23:16:16.082" threadId="000000000033C780" success="true" from="nursery"/>
<exclusive-end id="2365" timestamp="2021-04-05T23:16:16.082" durationms="123.133" />

<exclusive-start id="2366" timestamp="2021-04-05T23:16:16.866" intervalms="906.949">
  <response-info timems="0.067" idlems="0.041" threads="1" lastid="000000000033BE00" lastname="BenchmarkThread xml.validation 8" />
</exclusive-start>
<af-start id="2367" threadId="0000000000335080" totalBytesRequested="64" timestamp="2021-04-05T23:16:16.866" intervalms="906.952" type="nursery" />
<cycle-start id="2368" type="scavenge" contextid="0" timestamp="2021-04-05T23:16:16.866" intervalms="906.959" />
<gc-start id="2369" type="scavenge" contextid="2368" timestamp="2021-04-05T23:16:16.866">
  <mem-info id="2370" free="1058443368" total="1610612736" percent="65">
    <mem type="nursery" free="0" total="402653184" percent="0">
      <mem type="allocate" free="0" total="334888960" percent="0" />
      <mem type="survivor" free="0" total="67764224" percent="0" />
    </mem>
    <mem type="tenure" free="1058443368" total="1207959552" percent="87">
      <mem type="soa" free="998044776" total="1147560960" percent="86" />
      <mem type="loa" free="60398592" total="60398592" percent="100" />
    </mem>
    <remembered-set count="1546" />
  </mem-info>
</gc-start>
<allocation-stats totalBytes="274089768" >
  <allocated-bytes non-tlh="24" tlh="274089744" />
  <largest-consumer threadName="BenchmarkThread xml.validation 8" threadId="000000000033BE00" bytes="45411632" />
</allocation-stats>
<gc-op id="2371" type="scavenge" timems="142.762" contextid="2368" timestamp="2021-04-05T23:16:17.009">
  <scavenger-info tenureage="3" tenuremask="7ff8" tiltratio="83" />
  <memory-copied type="nursery" objects="1539425" bytes="61856448" bytesdiscarded="10280" />
  <memory-copied type="tenure" objects="8" bytes="256" bytesdiscarded="0" />
</gc-op>
<gc-end id="2372" type="scavenge" contextid="2368" durationms="142.750" usertimems="568.371" systemtimems="0.000" timestamp="2021-04-05T23:16:17.009" activeThreads="4">
  <mem-info id="2373" free="1331334528" total="1610612736" percent="82">
    <mem type="nursery" free="272891160" total="402653184" percent="67">
      <mem type="allocate" free="272891160" total="334757888" percent="81" />
      <mem type="survivor" free="0" total="67895296" percent="0" />
    </mem>
    <mem type="tenure" free="1058443368" total="1207959552" percent="87" macro-fragmented="0">
      <mem type="soa" free="998044776" total="1147560960" percent="86" />
      <mem type="loa" free="60398592" total="60398592" percent="100" />
    </mem>
    <remembered-set count="1340" />
  </mem-info>
</gc-end>
<cycle-end id="2374" type="scavenge" contextid="2368" timestamp="2021-04-05T23:16:17.009" />
<allocation-satisfied id="2375" threadId="0000000000334700" bytesRequested="64" />
<af-end id="2376" timestamp="2021-04-05T23:16:17.009" threadId="0000000000335080" success="true" from="nursery"/>
<exclusive-end id="2377" timestamp="2021-04-05T23:16:17.009" durationms="143.435" />

<exclusive-start id="2378" timestamp="2021-04-05T23:16:17.756" intervalms="890.380">
  <response-info timems="0.065" idlems="0.039" threads="1" lastid="0000000000330B00" lastname="BenchmarkThread xml.validation 5" />
</exclusive-start>
<af-start id="2379" threadId="000000000033C780" totalBytesRequested="40" timestamp="2021-04-05T23:16:17.756" intervalms="890.373" type="nursery" />
<cycle-start id="2380" type="scavenge" contextid="0" timestamp="2021-04-05T23:16:17.756" intervalms="890.366" />
<gc-start id="2381" type="scavenge" contextid="2380" timestamp="2021-04-05T23:16:17.756">
  <mem-info id="2382" free="1058443368" total="1610612736" percent="65">
    <mem type="nursery" free="0" total="402653184" percent="0">
      <mem type="allocate" free="0" total="334757888" percent="0" />
      <mem type="survivor" free="0" total="67895296" percent="0" />
    </mem>
    <mem type="tenure" free="1058443368" total="1207959552" percent="87">
      <mem type="soa" free="998044776" total="1147560960" percent="86" />
      <mem type="loa" free="60398592" total="60398592" percent="100" />
    </mem>
    <remembered-set count="1524" />
  </mem-info>
</gc-start>
<allocation-stats totalBytes="272786920" >
  <allocated-bytes non-tlh="64" tlh="272786856" />
  <largest-consumer threadName="BenchmarkThread xml.validation 8" threadId="000000000033BE00" bytes="47140048" />
</allocation-stats>
<gc-op id="2383" type="scavenge" timems="106.496" contextid="2380" timestamp="2021-04-05T23:16:17.863">
  <scavenger-info tenureage="3" tenuremask="7ff8" tiltratio="83" />
  <memory-copied type="nursery" objects="1498734" bytes="60640088" bytesdiscarded="13376" />
  <memory-copied type="tenure" objects="2" bytes="64" bytesdiscarded="0" />
</gc-op>
<gc-end id="2384" type="scavenge" contextid="2380" durationms="106.486" usertimems="402.029" systemtimems="0.010" timestamp="2021-04-05T23:16:17.863" activeThreads="4">
  <mem-info id="2385" free="1332744400" total="1610612736" percent="82">
    <mem type="nursery" free="274301032" total="402653184" percent="68">
      <mem type="allocate" free="274301032" total="334954496" percent="81" />
      <mem type="survivor" free="0" total="67698688" percent="0" />
    </mem>
    <mem type="tenure" free="1058443368" total="1207959552" percent="87" macro-fragmented="0">
      <mem type="soa" free="998044776" total="1147560960" percent="86" />
      <mem type="loa" free="60398592" total="60398592" percent="100" />
    </mem>
    <remembered-set count="1333" />
  </mem-info>
</gc-end>
<cycle-end id="2386" type="scavenge" contextid="2380" timestamp="2021-04-05T23:16:17.863" />
<allocation-satisfied id="2387" threadId="000000000033BE00" bytesRequested="40" />
<af-end id="2388" timestamp="2021-04-05T23:16:17.863" threadId="000000000033C780" success="true" from="nursery"/>
<exclusive-end id="2389" timestamp="2021-04-05T23:16:17.863" durationms="107.242" />

<exclusive-start id="2390" timestamp="2021-04-05T23:16:18.686" intervalms="930.299">
  <response-info timems="0.062" idlems="0.029" threads="2" lastid="000000000013CF00" lastname="BenchmarkThread xml.validation 2" />
</exclusive-start>
<af-start id="2391" threadId="000000000033C780" totalBytesRequested="24" timestamp="2021-04-05T23:16:18.686" intervalms="930.299" type="nursery" />
<cycle-start id="2392" type="scavenge" contextid="0" timestamp="2021-04-05T23:16:18.686" intervalms="930.301" />
<gc-start id="2393" type="scavenge" contextid="2392" timestamp="2021-04-05T23:16:18.687">
  <mem-info id="2394" free="1058443368" total="1610612736" percent="65">
    <mem type="nursery" free="0" total="402653184" percent="0">
      <mem type="allocate" free="0" total="334954496" percent="0" />
      <mem type="survivor" free="0" total="67698688" percent="0" />
    </mem>
    <mem type="tenure" free="1058443368" total="1207959552" percent="87">
      <mem type="soa" free="998044776" total="1147560960" percent="86" />
      <mem type="loa" free="60398592" total="60398592" percent="100" />
    </mem>
    <remembered-set count="1556" />
  </mem-info>
</gc-start>
<allocation-stats totalBytes="274204896" >
  <allocated-bytes non-tlh="40" tlh="274204856" />
  <largest-consumer threadName="BenchmarkThread xml.validation 8" threadId="000000000033BE00" bytes="45960312" />
</allocation-stats>
<gc-op id="2395" type="scavenge" timems="108.906" contextid="2392" timestamp="2021-04-05T23:16:18.795">
  <scavenger-info tenureage="3" tenuremask="7ff8" tiltratio="83" />
  <memory-copied type="nursery" objects="1544375" bytes="61997080" bytesdiscarded="11640" />
  <memory-copied type="tenure" objects="10" bytes="320" bytesdiscarded="0" />
</gc-op>
<gc-end id="2396" type="scavenge" contextid="2392" durationms="108.896" usertimems="426.469" systemtimems="0.000" timestamp="2021-04-05T23:16:18.796" activeThreads="4">
  <mem-info id="2397" free="1330799320" total="1610612736" percent="82">
    <mem type="nursery" free="272355952" total="402653184" percent="67">
      <mem type="allocate" free="272355952" total="334364672" percent="81" />
      <mem type="survivor" free="0" total="68288512" percent="0" />
    </mem>
    <mem type="tenure" free="1058443368" total="1207959552" percent="87" macro-fragmented="0">
      <mem type="soa" free="998044776" total="1147560960" percent="86" />
      <mem type="loa" free="60398592" total="60398592" percent="100" />
    </mem>
    <remembered-set count="1328" />
  </mem-info>
</gc-end>
<cycle-end id="2398" type="scavenge" contextid="2392" timestamp="2021-04-05T23:16:18.796" />
<allocation-satisfied id="2399" threadId="000000000033BE00" bytesRequested="24" />
<af-end id="2400" timestamp="2021-04-05T23:16:18.796" threadId="000000000033C780" success="true" from="nursery"/>
<exclusive-end id="2401" timestamp="2021-04-05T23:16:18.796" durationms="109.677" />

<exclusive-start id="2402" timestamp="2021-04-05T23:16:19.550" intervalms="863.669">
  <response-info timems="0.054" idlems="0.052" threads="1" lastid="0000000000338300" lastname="BenchmarkThread xml.validation 7" />
</exclusive-start>
<af-start id="2403" threadId="0000000000331480" totalBytesRequested="24" timestamp="2021-04-05T23:16:19.550" intervalms="863.677" type="nursery" />
<cycle-start id="2404" type="scavenge" contextid="0" timestamp="2021-04-05T23:16:19.550" intervalms="863.701" />
<gc-start id="2405" type="scavenge" contextid="2404" timestamp="2021-04-05T23:16:19.550">
  <mem-info id="2406" free="1058443368" total="1610612736" percent="65">
    <mem type="nursery" free="0" total="402653184" percent="0">
      <mem type="allocate" free="0" total="334364672" percent="0" />
      <mem type="survivor" free="0" total="68288512" percent="0" />
    </mem>
    <mem type="tenure" free="1058443368" total="1207959552" percent="87">
      <mem type="soa" free="998044776" total="1147560960" percent="86" />
      <mem type="loa" free="60398592" total="60398592" percent="100" />
    </mem>
    <remembered-set count="1534" />
  </mem-info>
</gc-start>
<allocation-stats totalBytes="272254744" >
  <allocated-bytes non-tlh="24" tlh="272254720" />
  <largest-consumer threadName="BenchmarkThread xml.validation 8" threadId="000000000033BE00" bytes="39978288" />
</allocation-stats>
<gc-op id="2407" type="scavenge" timems="110.350" contextid="2404" timestamp="2021-04-05T23:16:19.661">
  <scavenger-info tenureage="3" tenuremask="7ff8" tiltratio="83" />
  <memory-copied type="nursery" objects="1529853" bytes="61564800" bytesdiscarded="12272" />
  <memory-copied type="tenure" objects="4" bytes="128" bytesdiscarded="0" />
</gc-op>
<gc-end id="2408" type="scavenge" contextid="2404" durationms="110.338" usertimems="426.163" systemtimems="0.000" timestamp="2021-04-05T23:16:19.661" activeThreads="4">
  <mem-info id="2409" free="1331493112" total="1610612736" percent="82">
    <mem type="nursery" free="273049744" total="402653184" percent="67">
      <mem type="allocate" free="273049744" total="334626816" percent="81" />
      <mem type="survivor" free="0" total="68026368" percent="0" />
    </mem>
    <mem type="tenure" free="1058443368" total="1207959552" percent="87" macro-fragmented="0">
      <mem type="soa" free="998044776" total="1147560960" percent="86" />
      <mem type="loa" free="60398592" total="60398592" percent="100" />
    </mem>
    <remembered-set count="1339" />
  </mem-info>
</gc-end>
<cycle-end id="2410" type="scavenge" contextid="2404" timestamp="2021-04-05T23:16:19.661" />
<allocation-satisfied id="2411" threadId="0000000000330B00" bytesRequested="24" />
<af-end id="2412" timestamp="2021-04-05T23:16:19.661" threadId="0000000000331480" success="true" from="nursery"/>
<exclusive-end id="2413" timestamp="2021-04-05T23:16:19.661" durationms="111.052" />

<exclusive-start id="2414" timestamp="2021-04-05T23:16:20.450" intervalms="900.480">
  <response-info timems="0.056" idlems="0.035" threads="1" lastid="0000000000330B00" lastname="BenchmarkThread xml.validation 5" />
</exclusive-start>
<af-start id="2415" threadId="000000000033C780" totalBytesRequested="48" timestamp="2021-04-05T23:16:20.450" intervalms="900.472" type="nursery" />
<cycle-start id="2416" type="scavenge" contextid="0" timestamp="2021-04-05T23:16:20.451" intervalms="900.447" />
<gc-start id="2417" type="scavenge" contextid="2416" timestamp="2021-04-05T23:16:20.451">
  <mem-info id="2418" free="1058443368" total="1610612736" percent="65">
    <mem type="nursery" free="0" total="402653184" percent="0">
      <mem type="allocate" free="0" total="334626816" percent="0" />
      <mem type="survivor" free="0" total="68026368" percent="0" />
    </mem>
    <mem type="tenure" free="1058443368" total="1207959552" percent="87">
      <mem type="soa" free="998044776" total="1147560960" percent="86" />
      <mem type="loa" free="60398592" total="60398592" percent="100" />
    </mem>
    <remembered-set count="1528" />
  </mem-info>
</gc-start>
<allocation-stats totalBytes="272958880" >
  <allocated-bytes non-tlh="2104" tlh="272956776" />
  <largest-consumer threadName="BenchmarkThread xml.validation 6" threadId="0000000000334700" bytes="42222904" />
</allocation-stats>
<gc-op id="2419" type="scavenge" timems="111.442" contextid="2416" timestamp="2021-04-05T23:16:20.562">
  <scavenger-info tenureage="3" tenuremask="7ff8" tiltratio="83" />
  <memory-copied type="nursery" objects="1533105" bytes="61665112" bytesdiscarded="16256" />
  <memory-copied type="tenure" objects="10" bytes="320" bytesdiscarded="0" />
</gc-op>
<gc-end id="2420" type="scavenge" contextid="2416" durationms="111.431" usertimems="434.329" systemtimems="0.000" timestamp="2021-04-05T23:16:20.562" activeThreads="4">
  <mem-info id="2421" free="1331650960" total="1610612736" percent="82">
    <mem type="nursery" free="273207592" total="402653184" percent="67">
      <mem type="allocate" free="273207592" total="334888960" percent="81" />
      <mem type="survivor" free="0" total="67764224" percent="0" />
    </mem>
    <mem type="tenure" free="1058443368" total="1207959552" percent="87" macro-fragmented="0">
      <mem type="soa" free="998044776" total="1147560960" percent="86" />
      <mem type="loa" free="60398592" total="60398592" percent="100" />
    </mem>
    <remembered-set count="1338" />
  </mem-info>
</gc-end>
<cycle-end id="2422" type="scavenge" contextid="2416" timestamp="2021-04-05T23:16:20.563" />
<allocation-satisfied id="2423" threadId="000000000033BE00" bytesRequested="48" />
<af-end id="2424" timestamp="2021-04-05T23:16:20.563" threadId="000000000033C780" success="true" from="nursery"/>
<exclusive-end id="2425" timestamp="2021-04-05T23:16:20.563" durationms="112.179" />

<exclusive-start id="2426" timestamp="2021-04-05T23:16:21.361" intervalms="910.242">
  <response-info timems="0.052" idlems="0.052" threads="0" lastid="000000000013CF00" lastname="BenchmarkThread xml.validation 2" />
</exclusive-start>
<af-start id="2427" threadId="000000000013D880" totalBytesRequested="24" timestamp="2021-04-05T23:16:21.361" intervalms="910.247" type="nursery" />
<cycle-start id="2428" type="scavenge" contextid="0" timestamp="2021-04-05T23:16:21.361" intervalms="910.247" />
<gc-start id="2429" type="scavenge" contextid="2428" timestamp="2021-04-05T23:16:21.361">
  <mem-info id="2430" free="1058443368" total="1610612736" percent="65">
    <mem type="nursery" free="0" total="402653184" percent="0">
      <mem type="allocate" free="0" total="334888960" percent="0" />
      <mem type="survivor" free="0" total="67764224" percent="0" />
    </mem>
    <mem type="tenure" free="1058443368" total="1207959552" percent="87">
      <mem type="soa" free="998044776" total="1147560960" percent="86" />
      <mem type="loa" free="60398592" total="60398592" percent="100" />
    </mem>
    <remembered-set count="1545" />
  </mem-info>
</gc-start>
<allocation-stats totalBytes="273101880" >
  <allocated-bytes non-tlh="48" tlh="273101832" />
  <largest-consumer threadName="BenchmarkThread xml.validation 8" threadId="000000000033BE00" bytes="63199016" />
</allocation-stats>
<gc-op id="2431" type="scavenge" timems="110.992" contextid="2428" timestamp="2021-04-05T23:16:21.472">
  <scavenger-info tenureage="3" tenuremask="7ff8" tiltratio="83" />
  <memory-copied type="nursery" objects="1548606" bytes="62212512" bytesdiscarded="12360" />
  <memory-copied type="tenure" objects="2" bytes="64" bytesdiscarded="0" />
</gc-op>
<gc-end id="2432" type="scavenge" contextid="2428" durationms="110.981" usertimems="425.061" systemtimems="0.002" timestamp="2021-04-05T23:16:21.472" activeThreads="4">
  <mem-info id="2433" free="1331041920" total="1610612736" percent="82">
    <mem type="nursery" free="272598552" total="402653184" percent="67">
      <mem type="allocate" free="272598552" total="334823424" percent="81" />
      <mem type="survivor" free="0" total="67829760" percent="0" />
    </mem>
    <mem type="tenure" free="1058443368" total="1207959552" percent="87" macro-fragmented="0">
      <mem type="soa" free="998044776" total="1147560960" percent="86" />
      <mem type="loa" free="60398592" total="60398592" percent="100" />
    </mem>
    <remembered-set count="1333" />
  </mem-info>
</gc-end>
<cycle-end id="2434" type="scavenge" contextid="2428" timestamp="2021-04-05T23:16:21.472" />
<allocation-satisfied id="2435" threadId="000000000013CF00" bytesRequested="24" />
<af-end id="2436" timestamp="2021-04-05T23:16:21.472" threadId="000000000013D880" success="true" from="nursery"/>
<exclusive-end id="2437" timestamp="2021-04-05T23:16:21.472" durationms="111.773" />

<exclusive-start id="2438" timestamp="2021-04-05T23:16:22.277" intervalms="916.230">
  <response-info timems="0.077" idlems="0.036" threads="4" lastid="000000000011CB00" lastname="BenchmarkThread xml.validation 1" />
</exclusive-start>
<af-start id="2439" threadId="0000000000338C80" totalBytesRequested="16" timestamp="2021-04-05T23:16:22.277" intervalms="916.236" type="nursery" />
<cycle-start id="2440" type="scavenge" contextid="0" timestamp="2021-04-05T23:16:22.277" intervalms="916.243" />
<gc-start id="2441" type="scavenge" contextid="2440" timestamp="2021-04-05T23:16:22.277">
  <mem-info id="2442" free="1058443368" total="1610612736" percent="65">
    <mem type="nursery" free="0" total="402653184" percent="0">
      <mem type="allocate" free="0" total="334823424" percent="0" />
      <mem type="survivor" free="0" total="67829760" percent="0" />
    </mem>
    <mem type="tenure" free="1058443368" total="1207959552" percent="87">
      <mem type="soa" free="998044776" total="1147560960" percent="86" />
      <mem type="loa" free="60398592" total="60398592" percent="100" />
    </mem>
    <remembered-set count="1550" />
  </mem-info>
</gc-start>
<allocation-stats totalBytes="272509312" >
  <allocated-bytes non-tlh="24" tlh="272509288" />
  <largest-consumer threadName="BenchmarkThread xml.validation 3" threadId="0000000000329300" bytes="42131296" />
</allocation-stats>
<gc-op id="2443" type="scavenge" timems="117.381" contextid="2440" timestamp="2021-04-05T23:16:22.395">
  <scavenger-info tenureage="3" tenuremask="7ff8" tiltratio="83" />
  <memory-copied type="nursery" objects="1568717" bytes="63417344" bytesdiscarded="12400" />
  <memory-copied type="tenure" objects="6" bytes="192" bytesdiscarded="0" />
</gc-op>
<gc-end id="2444" type="scavenge" contextid="2440" durationms="117.368" usertimems="438.917" systemtimems="0.004" timestamp="2021-04-05T23:16:22.395" activeThreads="4">
  <mem-info id="2445" free="1328264184" total="1610612736" percent="82">
    <mem type="nursery" free="269820816" total="402653184" percent="67">
      <mem type="allocate" free="269820816" total="333250560" percent="80" />
      <mem type="survivor" free="0" total="69402624" percent="0" />
    </mem>
    <mem type="tenure" free="1058443368" total="1207959552" percent="87" macro-fragmented="0">
      <mem type="soa" free="998044776" total="1147560960" percent="86" />
      <mem type="loa" free="60398592" total="60398592" percent="100" />
    </mem>
    <remembered-set count="1340" />
  </mem-info>
</gc-end>
<cycle-end id="2446" type="scavenge" contextid="2440" timestamp="2021-04-05T23:16:22.395" />
<allocation-satisfied id="2447" threadId="0000000000338300" bytesRequested="16" />
<af-end id="2448" timestamp="2021-04-05T23:16:22.395" threadId="0000000000338C80" success="true" from="nursery"/>
<exclusive-end id="2449" timestamp="2021-04-05T23:16:22.395" durationms="118.228" />

<exclusive-start id="2450" timestamp="2021-04-05T23:16:23.156" intervalms="878.974">
  <response-info timems="0.049" idlems="0.049" threads="0" lastid="000000000013CF00" lastname="BenchmarkThread xml.validation 2" />
</exclusive-start>
<af-start id="2451" threadId="000000000013D880" totalBytesRequested="1040" timestamp="2021-04-05T23:16:23.156" intervalms="878.982" type="nursery" />
<cycle-start id="2452" type="scavenge" contextid="0" timestamp="2021-04-05T23:16:23.156" intervalms="878.975" />
<gc-start id="2453" type="scavenge" contextid="2452" timestamp="2021-04-05T23:16:23.156">
  <mem-info id="2454" free="1058443368" total="1610612736" percent="65">
    <mem type="nursery" free="0" total="402653184" percent="0">
      <mem type="allocate" free="0" total="333250560" percent="0" />
      <mem type="survivor" free="0" total="69402624" percent="0" />
    </mem>
    <mem type="tenure" free="1058443368" total="1207959552" percent="87">
      <mem type="soa" free="998044776" total="1147560960" percent="86" />
      <mem type="loa" free="60398592" total="60398592" percent="100" />
    </mem>
    <remembered-set count="1507" />
  </mem-info>
</gc-start>
<allocation-stats totalBytes="269707080" >
  <allocated-bytes non-tlh="16" tlh="269707064" />
  <largest-consumer threadName="BenchmarkThread xml.validation 6" threadId="0000000000334700" bytes="41493984" />
</allocation-stats>
<gc-op id="2455" type="scavenge" timems="123.733" contextid="2452" timestamp="2021-04-05T23:16:23.280">
  <scavenger-info tenureage="3" tenuremask="7ff8" tiltratio="82" />
  <memory-copied type="nursery" objects="1537236" bytes="61811064" bytesdiscarded="11744" />
  <memory-copied type="tenure" objects="10" bytes="304" bytesdiscarded="0" />
</gc-op>
<gc-end id="2456" type="scavenge" contextid="2452" durationms="123.723" usertimems="466.084" systemtimems="0.001" timestamp="2021-04-05T23:16:23.280" activeThreads="4">
  <mem-info id="2457" free="1330002192" total="1610612736" percent="82">
    <mem type="nursery" free="271558824" total="402653184" percent="67">
      <mem type="allocate" free="271558824" total="333381632" percent="81" />
      <mem type="survivor" free="0" total="69271552" percent="0" />
    </mem>
    <mem type="tenure" free="1058443368" total="1207959552" percent="87" macro-fragmented="0">
      <mem type="soa" free="998044776" total="1147560960" percent="86" />
      <mem type="loa" free="60398592" total="60398592" percent="100" />
    </mem>
    <remembered-set count="1343" />
  </mem-info>
</gc-end>
<cycle-end id="2458" type="scavenge" contextid="2452" timestamp="2021-04-05T23:16:23.280" />
<allocation-satisfied id="2459" threadId="000000000013CF00" bytesRequested="1040" />
<af-end id="2460" timestamp="2021-04-05T23:16:23.280" threadId="000000000013D880" success="true" from="nursery"/>
<exclusive-end id="2461" timestamp="2021-04-05T23:16:23.280" durationms="124.536" />

<exclusive-start id="2462" timestamp="2021-04-05T23:16:24.087" intervalms="930.957">
  <response-info timems="0.073" idlems="0.038" threads="2" lastid="000000000011CB00" lastname="BenchmarkThread xml.validation 1" />
</exclusive-start>
<af-start id="2463" threadId="000000000013D880" totalBytesRequested="32" timestamp="2021-04-05T23:16:24.087" intervalms="930.940" type="nursery" />
<cycle-start id="2464" type="scavenge" contextid="0" timestamp="2021-04-05T23:16:24.087" intervalms="930.941" />
<gc-start id="2465" type="scavenge" contextid="2464" timestamp="2021-04-05T23:16:24.087">
  <mem-info id="2466" free="1058443368" total="1610612736" percent="65">
    <mem type="nursery" free="0" total="402653184" percent="0">
      <mem type="allocate" free="0" total="333381632" percent="0" />
      <mem type="survivor" free="0" total="69271552" percent="0" />
    </mem>
    <mem type="tenure" free="1058443368" total="1207959552" percent="87">
      <mem type="soa" free="998044776" total="1147560960" percent="86" />
      <mem type="loa" free="60398592" total="60398592" percent="100" />
    </mem>
    <remembered-set count="1561" />
  </mem-info>
</gc-start>
<allocation-stats totalBytes="271462216" >
  <allocated-bytes non-tlh="1040" tlh="271461176" />
  <largest-consumer threadName="BenchmarkThread xml.validation 5" threadId="0000000000330B00" bytes="49250616" />
</allocation-stats>
<gc-op id="2467" type="scavenge" timems="109.728" contextid="2464" timestamp="2021-04-05T23:16:24.197">
  <scavenger-info tenureage="3" tenuremask="7ff8" tiltratio="82" />
  <memory-copied type="nursery" objects="1481872" bytes="60016248" bytesdiscarded="13968" />
  <memory-copied type="tenure" objects="6" bytes="192" bytesdiscarded="0" />
</gc-op>
<gc-end id="2468" type="scavenge" contextid="2464" durationms="109.717" usertimems="425.770" systemtimems="0.009" timestamp="2021-04-05T23:16:24.197" activeThreads="4">
  <mem-info id="2469" free="1332319072" total="1610612736" percent="82">
    <mem type="nursery" free="273875704" total="402653184" percent="68">
      <mem type="allocate" free="273875704" total="333905920" percent="82" />
      <mem type="survivor" free="0" total="68747264" percent="0" />
    </mem>
    <mem type="tenure" free="1058443368" total="1207959552" percent="87" macro-fragmented="0">
      <mem type="soa" free="998044776" total="1147560960" percent="86" />
      <mem type="loa" free="60398592" total="60398592" percent="100" />
    </mem>
    <remembered-set count="1334" />
  </mem-info>
</gc-end>
<cycle-end id="2470" type="scavenge" contextid="2464" timestamp="2021-04-05T23:16:24.197" />
<allocation-satisfied id="2471" threadId="000000000013CF00" bytesRequested="32" />
<af-end id="2472" timestamp="2021-04-05T23:16:24.197" threadId="000000000013D880" success="true" from="nursery"/>
<exclusive-end id="2473" timestamp="2021-04-05T23:16:24.197" durationms="110.382" />

<exclusive-start id="2474" timestamp="2021-04-05T23:16:25.013" intervalms="926.431">
  <response-info timems="0.067" idlems="0.031" threads="3" lastid="0000000000330B00" lastname="BenchmarkThread xml.validation 5" />
</exclusive-start>
<af-start id="2475" threadId="0000000000338C80" totalBytesRequested="48" timestamp="2021-04-05T23:16:25.013" intervalms="926.438" type="nursery" />
<cycle-start id="2476" type="scavenge" contextid="0" timestamp="2021-04-05T23:16:25.013" intervalms="926.446" />
<gc-start id="2477" type="scavenge" contextid="2476" timestamp="2021-04-05T23:16:25.013">
  <mem-info id="2478" free="1058443368" total="1610612736" percent="65">
    <mem type="nursery" free="0" total="402653184" percent="0">
      <mem type="allocate" free="0" total="333905920" percent="0" />
      <mem type="survivor" free="0" total="68747264" percent="0" />
    </mem>
    <mem type="tenure" free="1058443368" total="1207959552" percent="87">
      <mem type="soa" free="998044776" total="1147560960" percent="86" />
      <mem type="loa" free="60398592" total="60398592" percent="100" />
    </mem>
    <remembered-set count="1540" />
  </mem-info>
</gc-start>
<allocation-stats totalBytes="273752728" >
  <allocated-bytes non-tlh="32" tlh="273752696" />
  <largest-consumer threadName="BenchmarkThread xml.validation 8" threadId="000000000033BE00" bytes="40990520" />
</allocation-stats>
<gc-op id="2479" type="scavenge" timems="126.644" contextid="2476" timestamp="2021-04-05T23:16:25.140">
  <scavenger-info tenureage="3" tenuremask="7ff8" tiltratio="82" />
  <memory-copied type="nursery" objects="1549895" bytes="62418872" bytesdiscarded="12208" />
  <memory-copied type="tenure" objects="6" bytes="192" bytesdiscarded="0" />
</gc-op>
<gc-end id="2480" type="scavenge" contextid="2476" durationms="126.632" usertimems="493.906" systemtimems="3.991" timestamp="2021-04-05T23:16:25.141" activeThreads="4">
  <mem-info id="2481" free="1328869632" total="1610612736" percent="82">
    <mem type="nursery" free="270426264" total="402653184" percent="67">
      <mem type="allocate" free="270426264" total="332857344" percent="81" />
      <mem type="survivor" free="0" total="69795840" percent="0" />
    </mem>
    <mem type="tenure" free="1058443368" total="1207959552" percent="87" macro-fragmented="0">
      <mem type="soa" free="998044776" total="1147560960" percent="86" />
      <mem type="loa" free="60398592" total="60398592" percent="100" />
    </mem>
    <remembered-set count="1335" />
  </mem-info>
</gc-end>
<cycle-end id="2482" type="scavenge" contextid="2476" timestamp="2021-04-05T23:16:25.141" />
<allocation-satisfied id="2483" threadId="0000000000338300" bytesRequested="48" />
<af-end id="2484" timestamp="2021-04-05T23:16:25.141" threadId="0000000000338C80" success="true" from="nursery"/>
<exclusive-end id="2485" timestamp="2021-04-05T23:16:25.141" durationms="127.570" />

<exclusive-start id="2486" timestamp="2021-04-05T23:16:25.884" intervalms="870.587">
  <response-info timems="0.068" idlems="0.033" threads="3" lastid="000000000011CB00" lastname="BenchmarkThread xml.validation 1" />
</exclusive-start>
<af-start id="2487" threadId="0000000000338C80" totalBytesRequested="56" timestamp="2021-04-05T23:16:25.884" intervalms="870.591" type="nursery" />
<cycle-start id="2488" type="scavenge" contextid="0" timestamp="2021-04-05T23:16:25.884" intervalms="870.821" />
<gc-start id="2489" type="scavenge" contextid="2488" timestamp="2021-04-05T23:16:25.884">
  <mem-info id="2490" free="1058443368" total="1610612736" percent="65">
    <mem type="nursery" free="0" total="402653184" percent="0">
      <mem type="allocate" free="0" total="332857344" percent="0" />
      <mem type="survivor" free="0" total="69795840" percent="0" />
    </mem>
    <mem type="tenure" free="1058443368" total="1207959552" percent="87">
      <mem type="soa" free="998044776" total="1147560960" percent="86" />
      <mem type="loa" free="60398592" total="60398592" percent="100" />
    </mem>
    <remembered-set count="1515" />
  </mem-info>
</gc-start>
<allocation-stats totalBytes="270346968" >
  <allocated-bytes non-tlh="1088" tlh="270345880" />
  <largest-consumer threadName="BenchmarkThread xml.validation 2" threadId="000000000013CF00" bytes="49403048" />
</allocation-stats>
<gc-op id="2491" type="scavenge" timems="125.315" contextid="2488" timestamp="2021-04-05T23:16:26.010">
  <scavenger-info tenureage="3" tenuremask="7ff8" tiltratio="82" />
  <memory-copied type="nursery" objects="1560441" bytes="62706472" bytesdiscarded="15080" />
  <memory-copied type="tenure" objects="4" bytes="128" bytesdiscarded="0" />
</gc-op>
<gc-end id="2492" type="scavenge" contextid="2488" durationms="125.305" usertimems="489.995" systemtimems="0.000" timestamp="2021-04-05T23:16:26.010" activeThreads="4">
  <mem-info id="2493" free="1329955416" total="1610612736" percent="82">
    <mem type="nursery" free="271512048" total="402653184" percent="67">
      <mem type="allocate" free="271512048" total="334233600" percent="81" />
      <mem type="survivor" free="0" total="68419584" percent="0" />
    </mem>
    <mem type="tenure" free="1058443368" total="1207959552" percent="87" macro-fragmented="0">
      <mem type="soa" free="998044776" total="1147560960" percent="86" />
      <mem type="loa" free="60398592" total="60398592" percent="100" />
    </mem>
    <remembered-set count="1335" />
  </mem-info>
</gc-end>
<cycle-end id="2494" type="scavenge" contextid="2488" timestamp="2021-04-05T23:16:26.010" />
<allocation-satisfied id="2495" threadId="0000000000338300" bytesRequested="56" />
<af-end id="2496" timestamp="2021-04-05T23:16:26.010" threadId="0000000000338C80" success="true" from="nursery"/>
<exclusive-end id="2497" timestamp="2021-04-05T23:16:26.010" durationms="126.235" />

<exclusive-start id="2498" timestamp="2021-04-05T23:16:26.839" intervalms="954.836">
  <response-info timems="0.072" idlems="0.032" threads="3" lastid="0000000000334700" lastname="BenchmarkThread xml.validation 6" />
</exclusive-start>
<af-start id="2499" threadId="000000000033C780" totalBytesRequested="16" timestamp="2021-04-05T23:16:26.839" intervalms="954.823" type="nursery" />
<cycle-start id="2500" type="scavenge" contextid="0" timestamp="2021-04-05T23:16:26.839" intervalms="954.584" />
<gc-start id="2501" type="scavenge" contextid="2500" timestamp="2021-04-05T23:16:26.839">
  <mem-info id="2502" free="1058443368" total="1610612736" percent="65">
    <mem type="nursery" free="0" total="402653184" percent="0">
      <mem type="allocate" free="0" total="334233600" percent="0" />
      <mem type="survivor" free="0" total="68419584" percent="0" />
    </mem>
    <mem type="tenure" free="1058443368" total="1207959552" percent="87">
      <mem type="soa" free="998044776" total="1147560960" percent="86" />
      <mem type="loa" free="60398592" total="60398592" percent="100" />
    </mem>
    <remembered-set count="1551" />
  </mem-info>
</gc-start>
<allocation-stats totalBytes="271412752" >
  <allocated-bytes non-tlh="56" tlh="271412696" />
  <largest-consumer threadName="BenchmarkThread xml.validation 3" threadId="0000000000329300" bytes="45843112" />
</allocation-stats>
<gc-op id="2503" type="scavenge" timems="113.385" contextid="2500" timestamp="2021-04-05T23:16:26.952">
  <scavenger-info tenureage="3" tenuremask="7ff8" tiltratio="83" />
  <memory-copied type="nursery" objects="1564792" bytes="63032376" bytesdiscarded="14048" />
  <memory-copied type="tenure" objects="8" bytes="256" bytesdiscarded="0" />
</gc-op>
<gc-end id="2504" type="scavenge" contextid="2500" durationms="113.375" usertimems="427.561" systemtimems="0.000" timestamp="2021-04-05T23:16:26.953" activeThreads="4">
  <mem-info id="2505" free="1329630544" total="1610612736" percent="82">
    <mem type="nursery" free="271187176" total="402653184" percent="67">
      <mem type="allocate" free="271187176" total="334233600" percent="81" />
      <mem type="survivor" free="0" total="68419584" percent="0" />
    </mem>
    <mem type="tenure" free="1058443368" total="1207959552" percent="87" macro-fragmented="0">
      <mem type="soa" free="998044776" total="1147560960" percent="86" />
      <mem type="loa" free="60398592" total="60398592" percent="100" />
    </mem>
    <remembered-set count="1339" />
  </mem-info>
</gc-end>
<cycle-end id="2506" type="scavenge" contextid="2500" timestamp="2021-04-05T23:16:26.953" />
<allocation-satisfied id="2507" threadId="000000000033BE00" bytesRequested="16" />
<af-end id="2508" timestamp="2021-04-05T23:16:26.953" threadId="000000000033C780" success="true" from="nursery"/>
<exclusive-end id="2509" timestamp="2021-04-05T23:16:26.953" durationms="114.144" />

<exclusive-start id="2510" timestamp="2021-04-05T23:16:27.768" intervalms="929.383">
  <response-info timems="0.045" idlems="0.045" threads="0" lastid="0000000000330B00" lastname="BenchmarkThread xml.validation 5" />
</exclusive-start>
<af-start id="2511" threadId="0000000000331480" totalBytesRequested="1040" timestamp="2021-04-05T23:16:27.768" intervalms="929.385" type="nursery" />
<cycle-start id="2512" type="scavenge" contextid="0" timestamp="2021-04-05T23:16:27.768" intervalms="929.385" />
<gc-start id="2513" type="scavenge" contextid="2512" timestamp="2021-04-05T23:16:27.768">
  <mem-info id="2514" free="1058443368" total="1610612736" percent="65">
    <mem type="nursery" free="0" total="402653184" percent="0">
      <mem type="allocate" free="0" total="334233600" percent="0" />
      <mem type="survivor" free="0" total="68419584" percent="0" />
    </mem>
    <mem type="tenure" free="1058443368" total="1207959552" percent="87">
      <mem type="soa" free="998044776" total="1147560960" percent="86" />
      <mem type="loa" free="60398592" total="60398592" percent="100" />
    </mem>
    <remembered-set count="1551" />
  </mem-info>
</gc-start>
<allocation-stats totalBytes="271079320" >
  <allocated-bytes non-tlh="16" tlh="271079304" />
  <largest-consumer threadName="BenchmarkThread xml.validation 8" threadId="000000000033BE00" bytes="53981832" />
</allocation-stats>
<gc-op id="2515" type="scavenge" timems="130.948" contextid="2512" timestamp="2021-04-05T23:16:27.899">
  <scavenger-info tenureage="3" tenuremask="7ff8" tiltratio="83" />
  <memory-copied type="nursery" objects="1552530" bytes="62356392" bytesdiscarded="12408" />
  <memory-copied type="tenure" objects="4" bytes="128" bytesdiscarded="0" />
</gc-op>
<gc-end id="2516" type="scavenge" contextid="2512" durationms="130.938" usertimems="501.882" systemtimems="0.003" timestamp="2021-04-05T23:16:27.900" activeThreads="4">
  <mem-info id="2517" free="1330373704" total="1610612736" percent="82">
    <mem type="nursery" free="271930336" total="402653184" percent="67">
      <mem type="allocate" free="271930336" total="334299136" percent="81" />
      <mem type="survivor" free="0" total="68354048" percent="0" />
    </mem>
    <mem type="tenure" free="1058443368" total="1207959552" percent="87" macro-fragmented="0">
      <mem type="soa" free="998044776" total="1147560960" percent="86" />
      <mem type="loa" free="60398592" total="60398592" percent="100" />
    </mem>
    <remembered-set count="1339" />
  </mem-info>
</gc-end>
<cycle-end id="2518" type="scavenge" contextid="2512" timestamp="2021-04-05T23:16:27.900" />
<allocation-satisfied id="2519" threadId="0000000000330B00" bytesRequested="1040" />
<af-end id="2520" timestamp="2021-04-05T23:16:27.900" threadId="0000000000331480" success="true" from="nursery"/>
<exclusive-end id="2521" timestamp="2021-04-05T23:16:27.900" durationms="131.794" />

<exclusive-start id="2522" timestamp="2021-04-05T23:16:28.690" intervalms="922.346">
  <response-info timems="0.051" idlems="0.046" threads="1" lastid="0000000000330B00" lastname="BenchmarkThread xml.validation 5" />
</exclusive-start>
<af-start id="2523" threadId="000000000032D880" totalBytesRequested="16" timestamp="2021-04-05T23:16:28.690" intervalms="922.347" type="nursery" />
<cycle-start id="2524" type="scavenge" contextid="0" timestamp="2021-04-05T23:16:28.691" intervalms="922.349" />
<gc-start id="2525" type="scavenge" contextid="2524" timestamp="2021-04-05T23:16:28.691">
  <mem-info id="2526" free="1058443368" total="1610612736" percent="65">
    <mem type="nursery" free="0" total="402653184" percent="0">
      <mem type="allocate" free="0" total="334299136" percent="0" />
      <mem type="survivor" free="0" total="68354048" percent="0" />
    </mem>
    <mem type="tenure" free="1058443368" total="1207959552" percent="87">
      <mem type="soa" free="998044776" total="1147560960" percent="86" />
      <mem type="loa" free="60398592" total="60398592" percent="100" />
    </mem>
    <remembered-set count="1553" />
  </mem-info>
</gc-start>
<allocation-stats totalBytes="271822512" >
  <allocated-bytes non-tlh="1040" tlh="271821472" />
  <largest-consumer threadName="BenchmarkThread xml.validation 6" threadId="0000000000334700" bytes="44590272" />
</allocation-stats>
<gc-op id="2527" type="scavenge" timems="113.883" contextid="2524" timestamp="2021-04-05T23:16:28.805">
  <scavenger-info tenureage="3" tenuremask="7ff8" tiltratio="83" />
  <memory-copied type="nursery" objects="1546434" bytes="62093072" bytesdiscarded="10840" />
  <memory-copied type="tenure" objects="8" bytes="256" bytesdiscarded="0" />
</gc-op>
<gc-end id="2528" type="scavenge" contextid="2524" durationms="113.872" usertimems="437.293" systemtimems="0.000" timestamp="2021-04-05T23:16:28.805" activeThreads="4">
  <mem-info id="2529" free="1330835200" total="1610612736" percent="82">
    <mem type="nursery" free="272391832" total="402653184" percent="67">
      <mem type="allocate" free="272391832" total="334495744" percent="81" />
      <mem type="survivor" free="0" total="68157440" percent="0" />
    </mem>
    <mem type="tenure" free="1058443368" total="1207959552" percent="87" macro-fragmented="0">
      <mem type="soa" free="998044776" total="1147560960" percent="86" />
      <mem type="loa" free="60398592" total="60398592" percent="100" />
    </mem>
    <remembered-set count="1342" />
  </mem-info>
</gc-end>
<cycle-end id="2530" type="scavenge" contextid="2524" timestamp="2021-04-05T23:16:28.805" />
<allocation-satisfied id="2531" threadId="000000000032CF00" bytesRequested="16" />
<af-end id="2532" timestamp="2021-04-05T23:16:28.805" threadId="000000000032D880" success="true" from="nursery"/>
<exclusive-end id="2533" timestamp="2021-04-05T23:16:28.805" durationms="114.666" />

<exclusive-start id="2534" timestamp="2021-04-05T23:16:29.595" intervalms="904.127">
  <response-info timems="0.088" idlems="0.037" threads="3" lastid="000000000033BE00" lastname="BenchmarkThread xml.validation 8" />
</exclusive-start>
<af-start id="2535" threadId="000000000032D880" totalBytesRequested="24" timestamp="2021-04-05T23:16:29.595" intervalms="904.125" type="nursery" />
<cycle-start id="2536" type="scavenge" contextid="0" timestamp="2021-04-05T23:16:29.595" intervalms="904.123" />
<gc-start id="2537" type="scavenge" contextid="2536" timestamp="2021-04-05T23:16:29.595">
  <mem-info id="2538" free="1058443368" total="1610612736" percent="65">
    <mem type="nursery" free="0" total="402653184" percent="0">
      <mem type="allocate" free="0" total="334495744" percent="0" />
      <mem type="survivor" free="0" total="68157440" percent="0" />
    </mem>
    <mem type="tenure" free="1058443368" total="1207959552" percent="87">
      <mem type="soa" free="998044776" total="1147560960" percent="86" />
      <mem type="loa" free="60398592" total="60398592" percent="100" />
    </mem>
    <remembered-set count="1533" />
  </mem-info>
</gc-start>
<allocation-stats totalBytes="272305280" >
  <allocated-bytes non-tlh="16" tlh="272305264" />
  <largest-consumer threadName="BenchmarkThread xml.validation 3" threadId="0000000000329300" bytes="48360848" />
</allocation-stats>
<gc-op id="2539" type="scavenge" timems="115.039" contextid="2536" timestamp="2021-04-05T23:16:29.710">
  <scavenger-info tenureage="3" tenuremask="7ff8" tiltratio="83" />
  <memory-copied type="nursery" objects="1616749" bytes="65474288" bytesdiscarded="15488" />
  <memory-copied type="tenure" objects="4" bytes="128" bytesdiscarded="0" />
</gc-op>
<gc-end id="2540" type="scavenge" contextid="2536" durationms="115.029" usertimems="441.956" systemtimems="0.000" timestamp="2021-04-05T23:16:29.710" activeThreads="4">
  <mem-info id="2541" free="1322468600" total="1610612736" percent="82">
    <mem type="nursery" free="264025232" total="402653184" percent="65">
      <mem type="allocate" free="264025232" total="329515008" percent="80" />
      <mem type="survivor" free="0" total="73138176" percent="0" />
    </mem>
    <mem type="tenure" free="1058443368" total="1207959552" percent="87" macro-fragmented="0">
      <mem type="soa" free="998044776" total="1147560960" percent="86" />
      <mem type="loa" free="60398592" total="60398592" percent="100" />
    </mem>
    <remembered-set count="1339" />
  </mem-info>
</gc-end>
<cycle-end id="2542" type="scavenge" contextid="2536" timestamp="2021-04-05T23:16:29.710" />
<allocation-satisfied id="2543" threadId="000000000032CF00" bytesRequested="24" />
<af-end id="2544" timestamp="2021-04-05T23:16:29.710" threadId="000000000032D880" success="true" from="nursery"/>
<exclusive-end id="2545" timestamp="2021-04-05T23:16:29.710" durationms="115.868" />

<exclusive-start id="2546" timestamp="2021-04-05T23:16:30.513" intervalms="918.855">
  <response-info timems="0.073" idlems="0.041" threads="2" lastid="000000000033BE00" lastname="BenchmarkThread xml.validation 8" />
</exclusive-start>
<af-start id="2547" threadId="0000000000335080" totalBytesRequested="1040" timestamp="2021-04-05T23:16:30.513" intervalms="918.860" type="nursery" />
<cycle-start id="2548" type="scavenge" contextid="0" timestamp="2021-04-05T23:16:30.514" intervalms="918.862" />
<gc-start id="2549" type="scavenge" contextid="2548" timestamp="2021-04-05T23:16:30.514">
  <mem-info id="2550" free="1058443368" total="1610612736" percent="65">
    <mem type="nursery" free="0" total="402653184" percent="0">
      <mem type="allocate" free="0" total="329515008" percent="0" />
      <mem type="survivor" free="0" total="73138176" percent="0" />
    </mem>
    <mem type="tenure" free="1058443368" total="1207959552" percent="87">
      <mem type="soa" free="998044776" total="1147560960" percent="86" />
      <mem type="loa" free="60398592" total="60398592" percent="100" />
    </mem>
    <remembered-set count="1555" />
  </mem-info>
</gc-start>
<allocation-stats totalBytes="263930584" >
  <allocated-bytes non-tlh="1064" tlh="263929520" />
  <largest-consumer threadName="BenchmarkThread xml.validation 6" threadId="0000000000334700" bytes="44272512" />
</allocation-stats>
<gc-op id="2551" type="scavenge" timems="123.582" contextid="2548" timestamp="2021-04-05T23:16:30.637">
  <scavenger-info tenureage="3" tenuremask="7ff8" tiltratio="81" />
  <memory-copied type="nursery" objects="1580067" bytes="64016560" bytesdiscarded="16952" />
  <memory-copied type="tenure" objects="8" bytes="256" bytesdiscarded="0" />
</gc-op>
<gc-end id="2552" type="scavenge" contextid="2548" durationms="123.570" usertimems="482.632" systemtimems="0.000" timestamp="2021-04-05T23:16:30.638" activeThreads="4">
  <mem-info id="2553" free="1324383616" total="1610612736" percent="82">
    <mem type="nursery" free="265940248" total="402653184" percent="66">
      <mem type="allocate" free="265940248" total="329973760" percent="80" />
      <mem type="survivor" free="0" total="72679424" percent="0" />
    </mem>
    <mem type="tenure" free="1058443368" total="1207959552" percent="87" macro-fragmented="0">
      <mem type="soa" free="998044776" total="1147560960" percent="86" />
      <mem type="loa" free="60398592" total="60398592" percent="100" />
    </mem>
    <remembered-set count="1338" />
  </mem-info>
</gc-end>
<cycle-end id="2554" type="scavenge" contextid="2548" timestamp="2021-04-05T23:16:30.638" />
<allocation-satisfied id="2555" threadId="0000000000334700" bytesRequested="1040" />
<af-end id="2556" timestamp="2021-04-05T23:16:30.638" threadId="0000000000335080" success="true" from="nursery"/>
<exclusive-end id="2557" timestamp="2021-04-05T23:16:30.638" durationms="124.293" />

<exclusive-start id="2558" timestamp="2021-04-05T23:16:31.395" intervalms="881.371">
  <response-info timems="0.078" idlems="0.049" threads="1" lastid="0000000000334700" lastname="BenchmarkThread xml.validation 6" />
</exclusive-start>
<af-start id="2559" threadId="0000000000329C80" totalBytesRequested="80" timestamp="2021-04-05T23:16:31.395" intervalms="881.390" type="nursery" />
<cycle-start id="2560" type="scavenge" contextid="0" timestamp="2021-04-05T23:16:31.395" intervalms="881.395" />
<gc-start id="2561" type="scavenge" contextid="2560" timestamp="2021-04-05T23:16:31.395">
  <mem-info id="2562" free="1058443368" total="1610612736" percent="65">
    <mem type="nursery" free="0" total="402653184" percent="0">
      <mem type="allocate" free="0" total="329973760" percent="0" />
      <mem type="survivor" free="0" total="72679424" percent="0" />
    </mem>
    <mem type="tenure" free="1058443368" total="1207959552" percent="87">
      <mem type="soa" free="998044776" total="1147560960" percent="86" />
      <mem type="loa" free="60398592" total="60398592" percent="100" />
    </mem>
    <remembered-set count="1552" />
  </mem-info>
</gc-start>
<allocation-stats totalBytes="265859096" >
  <allocated-bytes non-tlh="2080" tlh="265857016" />
  <largest-consumer threadName="BenchmarkThread xml.validation 2" threadId="000000000013CF00" bytes="40091368" />
</allocation-stats>
<gc-op id="2563" type="scavenge" timems="128.142" contextid="2560" timestamp="2021-04-05T23:16:31.523">
  <scavenger-info tenureage="3" tenuremask="7ff8" tiltratio="81" />
  <memory-copied type="nursery" objects="1481160" bytes="59828080" bytesdiscarded="11320" />
  <memory-copied type="tenure" objects="6" bytes="192" bytesdiscarded="0" />
</gc-op>
<gc-end id="2564" type="scavenge" contextid="2560" durationms="128.130" usertimems="489.348" systemtimems="7.977" timestamp="2021-04-05T23:16:31.524" activeThreads="4">
  <mem-info id="2565" free="1329298624" total="1610612736" percent="82">
    <mem type="nursery" free="270855256" total="402653184" percent="67">
      <mem type="allocate" free="270855256" total="330694656" percent="81" />
      <mem type="survivor" free="0" total="71958528" percent="0" />
    </mem>
    <mem type="tenure" free="1058443368" total="1207959552" percent="87" macro-fragmented="0">
      <mem type="soa" free="998044776" total="1147560960" percent="86" />
      <mem type="loa" free="60398592" total="60398592" percent="100" />
    </mem>
    <remembered-set count="1335" />
  </mem-info>
</gc-end>
<cycle-end id="2566" type="scavenge" contextid="2560" timestamp="2021-04-05T23:16:31.524" />
<allocation-satisfied id="2567" threadId="0000000000329300" bytesRequested="80" />
<af-end id="2568" timestamp="2021-04-05T23:16:31.524" threadId="0000000000329C80" success="true" from="nursery"/>
<exclusive-end id="2569" timestamp="2021-04-05T23:16:31.524" durationms="128.889" />

<exclusive-start id="2570" timestamp="2021-04-05T23:16:32.307" intervalms="912.473">
  <response-info timems="0.055" idlems="0.055" threads="0" lastid="0000000000338300" lastname="BenchmarkThread xml.validation 7" />
</exclusive-start>
<af-start id="2571" threadId="0000000000338C80" totalBytesRequested="24" timestamp="2021-04-05T23:16:32.307" intervalms="912.472" type="nursery" />
<cycle-start id="2572" type="scavenge" contextid="0" timestamp="2021-04-05T23:16:32.307" intervalms="912.470" />
<gc-start id="2573" type="scavenge" contextid="2572" timestamp="2021-04-05T23:16:32.307">
  <mem-info id="2574" free="1058443368" total="1610612736" percent="65">
    <mem type="nursery" free="0" total="402653184" percent="0">
      <mem type="allocate" free="0" total="330694656" percent="0" />
      <mem type="survivor" free="0" total="71958528" percent="0" />
    </mem>
    <mem type="tenure" free="1058443368" total="1207959552" percent="87">
      <mem type="soa" free="998044776" total="1147560960" percent="86" />
      <mem type="loa" free="60398592" total="60398592" percent="100" />
    </mem>
    <remembered-set count="1540" />
  </mem-info>
</gc-start>
<allocation-stats totalBytes="270761264" >
  <allocated-bytes non-tlh="80" tlh="270761184" />
  <largest-consumer threadName="BenchmarkThread xml.validation 5" threadId="0000000000330B00" bytes="44650560" />
</allocation-stats>
<gc-op id="2575" type="scavenge" timems="130.260" contextid="2572" timestamp="2021-04-05T23:16:32.438">
  <scavenger-info tenureage="3" tenuremask="7ff8" tiltratio="82" />
  <memory-copied type="nursery" objects="1485505" bytes="59978808" bytesdiscarded="12264" />
  <memory-copied type="tenure" objects="6" bytes="192" bytesdiscarded="0" />
</gc-op>
<gc-end id="2576" type="scavenge" contextid="2572" durationms="130.249" usertimems="509.497" systemtimems="0.007" timestamp="2021-04-05T23:16:32.438" activeThreads="4">
  <mem-info id="2577" free="1330523208" total="1610612736" percent="82">
    <mem type="nursery" free="272079840" total="402653184" percent="67">
      <mem type="allocate" free="272079840" total="332070912" percent="81" />
      <mem type="survivor" free="0" total="70582272" percent="0" />
    </mem>
    <mem type="tenure" free="1058443368" total="1207959552" percent="87" macro-fragmented="0">
      <mem type="soa" free="998044776" total="1147560960" percent="86" />
      <mem type="loa" free="60398592" total="60398592" percent="100" />
    </mem>
    <remembered-set count="1333" />
  </mem-info>
</gc-end>
<cycle-end id="2578" type="scavenge" contextid="2572" timestamp="2021-04-05T23:16:32.438" />
<allocation-satisfied id="2579" threadId="0000000000338300" bytesRequested="24" />
<af-end id="2580" timestamp="2021-04-05T23:16:32.438" threadId="0000000000338C80" success="true" from="nursery"/>
<exclusive-end id="2581" timestamp="2021-04-05T23:16:32.438" durationms="131.053" />

<exclusive-start id="2582" timestamp="2021-04-05T23:16:33.256" intervalms="948.644">
  <response-info timems="0.050" idlems="0.050" threads="0" lastid="000000000013CF00" lastname="BenchmarkThread xml.validation 2" />
</exclusive-start>
<af-start id="2583" threadId="000000000013D880" totalBytesRequested="48" timestamp="2021-04-05T23:16:33.256" intervalms="948.621" type="nursery" />
<cycle-start id="2584" type="scavenge" contextid="0" timestamp="2021-04-05T23:16:33.256" intervalms="948.617" />
<gc-start id="2585" type="scavenge" contextid="2584" timestamp="2021-04-05T23:16:33.256">
  <mem-info id="2586" free="1058443368" total="1610612736" percent="65">
    <mem type="nursery" free="0" total="402653184" percent="0">
      <mem type="allocate" free="0" total="332070912" percent="0" />
      <mem type="survivor" free="0" total="70582272" percent="0" />
    </mem>
    <mem type="tenure" free="1058443368" total="1207959552" percent="87">
      <mem type="soa" free="998044776" total="1147560960" percent="86" />
      <mem type="loa" free="60398592" total="60398592" percent="100" />
    </mem>
    <remembered-set count="1569" />
  </mem-info>
</gc-start>
<allocation-stats totalBytes="271980688" >
  <allocated-bytes non-tlh="24" tlh="271980664" />
  <largest-consumer threadName="BenchmarkThread xml.validation 1" threadId="000000000011CB00" bytes="46006032" />
</allocation-stats>
<gc-op id="2587" type="scavenge" timems="109.803" contextid="2584" timestamp="2021-04-05T23:16:33.366">
  <scavenger-info tenureage="3" tenuremask="7ff8" tiltratio="82" />
  <memory-copied type="nursery" objects="1533363" bytes="61705800" bytesdiscarded="13832" />
  <memory-copied type="tenure" objects="6" bytes="192" bytesdiscarded="0" />
</gc-op>
<gc-end id="2588" type="scavenge" contextid="2584" durationms="109.792" usertimems="421.740" systemtimems="0.009" timestamp="2021-04-05T23:16:33.366" activeThreads="4">
  <mem-info id="2589" free="1329187864" total="1610612736" percent="82">
    <mem type="nursery" free="270744496" total="402653184" percent="67">
      <mem type="allocate" free="270744496" total="332464128" percent="81" />
      <mem type="survivor" free="0" total="70189056" percent="0" />
    </mem>
    <mem type="tenure" free="1058443368" total="1207959552" percent="87" macro-fragmented="0">
      <mem type="soa" free="998044776" total="1147560960" percent="86" />
      <mem type="loa" free="60398592" total="60398592" percent="100" />
    </mem>
    <remembered-set count="1331" />
  </mem-info>
</gc-end>
<cycle-end id="2590" type="scavenge" contextid="2584" timestamp="2021-04-05T23:16:33.366" />
<allocation-satisfied id="2591" threadId="000000000013CF00" bytesRequested="48" />
<af-end id="2592" timestamp="2021-04-05T23:16:33.366" threadId="000000000013D880" success="true" from="nursery"/>
<exclusive-end id="2593" timestamp="2021-04-05T23:16:33.366" durationms="110.472" />

<exclusive-start id="2594" timestamp="2021-04-05T23:16:34.117" intervalms="861.586">
  <response-info timems="0.083" idlems="0.034" threads="3" lastid="000000000013CF00" lastname="BenchmarkThread xml.validation 2" />
</exclusive-start>
<af-start id="2595" threadId="0000000000335080" totalBytesRequested="24" timestamp="2021-04-05T23:16:34.118" intervalms="861.593" type="nursery" />
<cycle-start id="2596" type="scavenge" contextid="0" timestamp="2021-04-05T23:16:34.118" intervalms="861.599" />
<gc-start id="2597" type="scavenge" contextid="2596" timestamp="2021-04-05T23:16:34.118">
  <mem-info id="2598" free="1058443368" total="1610612736" percent="65">
    <mem type="nursery" free="0" total="402653184" percent="0">
      <mem type="allocate" free="0" total="332464128" percent="0" />
      <mem type="survivor" free="0" total="70189056" percent="0" />
    </mem>
    <mem type="tenure" free="1058443368" total="1207959552" percent="87">
      <mem type="soa" free="998044776" total="1147560960" percent="86" />
      <mem type="loa" free="60398592" total="60398592" percent="100" />
    </mem>
    <remembered-set count="1523" />
  </mem-info>
</gc-start>
<allocation-stats totalBytes="270653392" >
  <allocated-bytes non-tlh="48" tlh="270653344" />
  <largest-consumer threadName="BenchmarkThread xml.validation 3" threadId="0000000000329300" bytes="45311536" />
</allocation-stats>
<gc-op id="2599" type="scavenge" timems="116.675" contextid="2596" timestamp="2021-04-05T23:16:34.234">
  <scavenger-info tenureage="3" tenuremask="7ff8" tiltratio="82" />
  <memory-copied type="nursery" objects="1520035" bytes="61905416" bytesdiscarded="12008" />
  <memory-copied type="tenure" objects="4" bytes="128" bytesdiscarded="0" />
</gc-op>
<gc-end id="2600" type="scavenge" contextid="2596" durationms="116.663" usertimems="455.236" systemtimems="0.000" timestamp="2021-04-05T23:16:34.235" activeThreads="4">
  <mem-info id="2601" free="1329645432" total="1610612736" percent="82">
    <mem type="nursery" free="271202064" total="402653184" percent="67">
      <mem type="allocate" free="271202064" total="333119488" percent="81" />
      <mem type="survivor" free="0" total="69533696" percent="0" />
    </mem>
    <mem type="tenure" free="1058443368" total="1207959552" percent="87" macro-fragmented="0">
      <mem type="soa" free="998044776" total="1147560960" percent="86" />
      <mem type="loa" free="60398592" total="60398592" percent="100" />
    </mem>
    <remembered-set count="1334" />
  </mem-info>
</gc-end>
<cycle-end id="2602" type="scavenge" contextid="2596" timestamp="2021-04-05T23:16:34.235" />
<allocation-satisfied id="2603" threadId="0000000000334700" bytesRequested="24" />
<af-end id="2604" timestamp="2021-04-05T23:16:34.235" threadId="0000000000335080" success="true" from="nursery"/>
<exclusive-end id="2605" timestamp="2021-04-05T23:16:34.235" durationms="117.434" />

<exclusive-start id="2606" timestamp="2021-04-05T23:16:35.052" intervalms="934.378">
  <response-info timems="0.052" idlems="0.052" threads="0" lastid="000000000013CF00" lastname="BenchmarkThread xml.validation 2" />
</exclusive-start>
<af-start id="2607" threadId="000000000013D880" totalBytesRequested="16" timestamp="2021-04-05T23:16:35.052" intervalms="934.389" type="nursery" />
<cycle-start id="2608" type="scavenge" contextid="0" timestamp="2021-04-05T23:16:35.052" intervalms="934.385" />
<gc-start id="2609" type="scavenge" contextid="2608" timestamp="2021-04-05T23:16:35.052">
  <mem-info id="2610" free="1058443368" total="1610612736" percent="65">
    <mem type="nursery" free="0" total="402653184" percent="0">
      <mem type="allocate" free="0" total="333119488" percent="0" />
      <mem type="survivor" free="0" total="69533696" percent="0" />
    </mem>
    <mem type="tenure" free="1058443368" total="1207959552" percent="87">
      <mem type="soa" free="998044776" total="1147560960" percent="86" />
      <mem type="loa" free="60398592" total="60398592" percent="100" />
    </mem>
    <remembered-set count="1554" />
  </mem-info>
</gc-start>
<allocation-stats totalBytes="271117160" >
  <allocated-bytes non-tlh="24" tlh="271117136" />
  <largest-consumer threadName="BenchmarkThread xml.validation 6" threadId="0000000000334700" bytes="58448016" />
</allocation-stats>
<gc-op id="2611" type="scavenge" timems="117.867" contextid="2608" timestamp="2021-04-05T23:16:35.170">
  <scavenger-info tenureage="3" tenuremask="7ff8" tiltratio="82" />
  <memory-copied type="nursery" objects="1637480" bytes="66449760" bytesdiscarded="13768" />
  <memory-copied type="tenure" objects="8" bytes="256" bytesdiscarded="0" />
</gc-op>
<gc-end id="2612" type="scavenge" contextid="2608" durationms="117.856" usertimems="453.739" systemtimems="0.003" timestamp="2021-04-05T23:16:35.170" activeThreads="4">
  <mem-info id="2613" free="1319332160" total="1610612736" percent="81">
    <mem type="nursery" free="260888792" total="402653184" percent="64">
      <mem type="allocate" free="260888792" total="327352320" percent="79" />
      <mem type="survivor" free="0" total="75300864" percent="0" />
    </mem>
    <mem type="tenure" free="1058443368" total="1207959552" percent="87" macro-fragmented="0">
      <mem type="soa" free="998044776" total="1147560960" percent="86" />
      <mem type="loa" free="60398592" total="60398592" percent="100" />
    </mem>
    <remembered-set count="1334" />
  </mem-info>
</gc-end>
<cycle-end id="2614" type="scavenge" contextid="2608" timestamp="2021-04-05T23:16:35.170" />
<allocation-satisfied id="2615" threadId="000000000013CF00" bytesRequested="16" />
<af-end id="2616" timestamp="2021-04-05T23:16:35.171" threadId="000000000013D880" success="true" from="nursery"/>
<exclusive-end id="2617" timestamp="2021-04-05T23:16:35.171" durationms="118.660" />

<exclusive-start id="2618" timestamp="2021-04-05T23:16:35.964" intervalms="912.171">
  <response-info timems="0.072" idlems="0.043" threads="1" lastid="0000000000330B00" lastname="BenchmarkThread xml.validation 5" />
</exclusive-start>
<af-start id="2619" threadId="0000000000335080" totalBytesRequested="64" timestamp="2021-04-05T23:16:35.964" intervalms="912.154" type="nursery" />
<cycle-start id="2620" type="scavenge" contextid="0" timestamp="2021-04-05T23:16:35.964" intervalms="912.152" />
<gc-start id="2621" type="scavenge" contextid="2620" timestamp="2021-04-05T23:16:35.964">
  <mem-info id="2622" free="1058443368" total="1610612736" percent="65">
    <mem type="nursery" free="0" total="402653184" percent="0">
      <mem type="allocate" free="0" total="327352320" percent="0" />
      <mem type="survivor" free="0" total="75300864" percent="0" />
    </mem>
    <mem type="tenure" free="1058443368" total="1207959552" percent="87">
      <mem type="soa" free="998044776" total="1147560960" percent="86" />
      <mem type="loa" free="60398592" total="60398592" percent="100" />
    </mem>
    <remembered-set count="1556" />
  </mem-info>
</gc-start>
<allocation-stats totalBytes="260787208" >
  <allocated-bytes non-tlh="16" tlh="260787192" />
  <largest-consumer threadName="BenchmarkThread xml.validation 1" threadId="000000000011CB00" bytes="46274640" />
</allocation-stats>
<gc-op id="2623" type="scavenge" timems="108.434" contextid="2620" timestamp="2021-04-05T23:16:36.073">
  <scavenger-info tenureage="3" tenuremask="7ff8" tiltratio="81" />
  <memory-copied type="nursery" objects="1534298" bytes="61703232" bytesdiscarded="11896" />
  <memory-copied type="tenure" objects="6" bytes="192" bytesdiscarded="0" />
</gc-op>
<gc-end id="2624" type="scavenge" contextid="2620" durationms="108.423" usertimems="427.676" systemtimems="0.000" timestamp="2021-04-05T23:16:36.073" activeThreads="4">
  <mem-info id="2625" free="1324801456" total="1610612736" percent="82">
    <mem type="nursery" free="266358088" total="402653184" percent="66">
      <mem type="allocate" free="266358088" total="328073216" percent="81" />
      <mem type="survivor" free="0" total="74579968" percent="0" />
    </mem>
    <mem type="tenure" free="1058443368" total="1207959552" percent="87" macro-fragmented="0">
      <mem type="soa" free="998044776" total="1147560960" percent="86" />
      <mem type="loa" free="60398592" total="60398592" percent="100" />
    </mem>
    <remembered-set count="1339" />
  </mem-info>
</gc-end>
<cycle-end id="2626" type="scavenge" contextid="2620" timestamp="2021-04-05T23:16:36.073" />
<allocation-satisfied id="2627" threadId="0000000000334700" bytesRequested="64" />
<af-end id="2628" timestamp="2021-04-05T23:16:36.073" threadId="0000000000335080" success="true" from="nursery"/>
<exclusive-end id="2629" timestamp="2021-04-05T23:16:36.073" durationms="109.221" />

<exclusive-start id="2630" timestamp="2021-04-05T23:16:36.790" intervalms="826.033">
  <response-info timems="0.068" idlems="0.037" threads="2" lastid="0000000000338300" lastname="BenchmarkThread xml.validation 7" />
</exclusive-start>
<af-start id="2631" threadId="0000000000329C80" totalBytesRequested="48" timestamp="2021-04-05T23:16:36.790" intervalms="826.044" type="nursery" />
<cycle-start id="2632" type="scavenge" contextid="0" timestamp="2021-04-05T23:16:36.790" intervalms="826.315" />
<gc-start id="2633" type="scavenge" contextid="2632" timestamp="2021-04-05T23:16:36.791">
  <mem-info id="2634" free="1058443368" total="1610612736" percent="65">
    <mem type="nursery" free="0" total="402653184" percent="0">
      <mem type="allocate" free="0" total="328073216" percent="0" />
      <mem type="survivor" free="0" total="74579968" percent="0" />
    </mem>
    <mem type="tenure" free="1058443368" total="1207959552" percent="87">
      <mem type="soa" free="998044776" total="1147560960" percent="86" />
      <mem type="loa" free="60398592" total="60398592" percent="100" />
    </mem>
    <remembered-set count="1533" />
  </mem-info>
</gc-start>
<allocation-stats totalBytes="266267608" >
  <allocated-bytes non-tlh="64" tlh="266267544" />
  <largest-consumer threadName="BenchmarkThread xml.validation 8" threadId="000000000033BE00" bytes="41843472" />
</allocation-stats>
<gc-op id="2635" type="scavenge" timems="106.689" contextid="2632" timestamp="2021-04-05T23:16:36.897">
  <scavenger-info tenureage="3" tenuremask="7ff8" tiltratio="81" />
  <memory-copied type="nursery" objects="1472254" bytes="59867400" bytesdiscarded="10512" />
  <memory-copied type="tenure" objects="6" bytes="192" bytesdiscarded="0" />
</gc-op>
<gc-end id="2636" type="scavenge" contextid="2632" durationms="106.675" usertimems="411.641" systemtimems="3.987" timestamp="2021-04-05T23:16:36.898" activeThreads="4">
  <mem-info id="2637" free="1328211536" total="1610612736" percent="82">
    <mem type="nursery" free="269768168" total="402653184" percent="66">
      <mem type="allocate" free="269768168" total="329646080" percent="81" />
      <mem type="survivor" free="0" total="73007104" percent="0" />
    </mem>
    <mem type="tenure" free="1058443368" total="1207959552" percent="87" macro-fragmented="0">
      <mem type="soa" free="998044776" total="1147560960" percent="86" />
      <mem type="loa" free="60398592" total="60398592" percent="100" />
    </mem>
    <remembered-set count="1324" />
  </mem-info>
</gc-end>
<cycle-end id="2638" type="scavenge" contextid="2632" timestamp="2021-04-05T23:16:36.898" />
<allocation-satisfied id="2639" threadId="0000000000329300" bytesRequested="48" />
<af-end id="2640" timestamp="2021-04-05T23:16:36.898" threadId="0000000000329C80" success="true" from="nursery"/>
<exclusive-end id="2641" timestamp="2021-04-05T23:16:36.898" durationms="107.864" />

<exclusive-start id="2642" timestamp="2021-04-05T23:16:37.708" intervalms="918.203">
  <response-info timems="0.046" idlems="0.046" threads="0" lastid="0000000000329300" lastname="BenchmarkThread xml.validation 3" />
</exclusive-start>
<af-start id="2643" threadId="0000000000329C80" totalBytesRequested="1040" timestamp="2021-04-05T23:16:37.708" intervalms="918.191" type="nursery" />
<cycle-start id="2644" type="scavenge" contextid="0" timestamp="2021-04-05T23:16:37.708" intervalms="917.921" />
<gc-start id="2645" type="scavenge" contextid="2644" timestamp="2021-04-05T23:16:37.709">
  <mem-info id="2646" free="1058443368" total="1610612736" percent="65">
    <mem type="nursery" free="0" total="402653184" percent="0">
      <mem type="allocate" free="0" total="329646080" percent="0" />
      <mem type="survivor" free="0" total="73007104" percent="0" />
    </mem>
    <mem type="tenure" free="1058443368" total="1207959552" percent="87">
      <mem type="soa" free="998044776" total="1147560960" percent="86" />
      <mem type="loa" free="60398592" total="60398592" percent="100" />
    </mem>
    <remembered-set count="1554" />
  </mem-info>
</gc-start>
<allocation-stats totalBytes="269689408" >
  <allocated-bytes non-tlh="48" tlh="269689360" />
  <largest-consumer threadName="BenchmarkThread xml.validation 6" threadId="0000000000334700" bytes="49526288" />
</allocation-stats>
<gc-op id="2647" type="scavenge" timems="123.778" contextid="2644" timestamp="2021-04-05T23:16:37.832">
  <scavenger-info tenureage="3" tenuremask="7ff8" tiltratio="81" />
  <memory-copied type="nursery" objects="1519528" bytes="61081744" bytesdiscarded="14240" />
  <memory-copied type="tenure" objects="20986" bytes="802216" bytesdiscarded="0" />
</gc-op>
<gc-end id="2648" type="scavenge" contextid="2644" durationms="123.766" usertimems="480.591" systemtimems="0.001" timestamp="2021-04-05T23:16:37.833" activeThreads="4">
  <mem-info id="2649" free="1327321144" total="1610612736" percent="82">
    <mem type="nursery" free="269664208" total="402653184" percent="66">
      <mem type="allocate" free="269664208" total="330760192" percent="81" />
      <mem type="survivor" free="0" total="71892992" percent="0" />
    </mem>
    <mem type="tenure" free="1057656936" total="1207959552" percent="87" macro-fragmented="0">
      <mem type="soa" free="997258344" total="1147560960" percent="86" />
      <mem type="loa" free="60398592" total="60398592" percent="100" />
    </mem>
    <remembered-set count="1319" />
  </mem-info>
</gc-end>
<cycle-end id="2650" type="scavenge" contextid="2644" timestamp="2021-04-05T23:16:37.833" />
<allocation-satisfied id="2651" threadId="0000000000329300" bytesRequested="1040" />
<af-end id="2652" timestamp="2021-04-05T23:16:37.833" threadId="0000000000329C80" success="true" from="nursery"/>
<exclusive-end id="2653" timestamp="2021-04-05T23:16:37.833" durationms="124.585" />

<exclusive-start id="2654" timestamp="2021-04-05T23:16:38.666" intervalms="957.845">
  <response-info timems="0.057" idlems="0.057" threads="0" lastid="000000000013CF00" lastname="BenchmarkThread xml.validation 2" />
</exclusive-start>
<af-start id="2655" threadId="000000000013D880" totalBytesRequested="24" timestamp="2021-04-05T23:16:38.666" intervalms="957.855" type="nursery" />
<cycle-start id="2656" type="scavenge" contextid="0" timestamp="2021-04-05T23:16:38.666" intervalms="957.863" />
<gc-start id="2657" type="scavenge" contextid="2656" timestamp="2021-04-05T23:16:38.666">
  <mem-info id="2658" free="1057656936" total="1610612736" percent="65">
    <mem type="nursery" free="0" total="402653184" percent="0">
      <mem type="allocate" free="0" total="330760192" percent="0" />
      <mem type="survivor" free="0" total="71892992" percent="0" />
    </mem>
    <mem type="tenure" free="1057656936" total="1207959552" percent="87">
      <mem type="soa" free="997258344" total="1147560960" percent="86" />
      <mem type="loa" free="60398592" total="60398592" percent="100" />
    </mem>
    <remembered-set count="1565" />
  </mem-info>
</gc-start>
<allocation-stats totalBytes="269567336" >
  <allocated-bytes non-tlh="1040" tlh="269566296" />
  <largest-consumer threadName="BenchmarkThread xml.validation 3" threadId="0000000000329300" bytes="56602296" />
</allocation-stats>
<gc-op id="2659" type="scavenge" timems="108.378" contextid="2656" timestamp="2021-04-05T23:16:38.775">
  <scavenger-info tenureage="3" tenuremask="7ff8" tiltratio="82" />
  <memory-copied type="nursery" objects="1504437" bytes="60699000" bytesdiscarded="12424" />
  <memory-copied type="tenure" objects="2" bytes="64" bytesdiscarded="0" />
</gc-op>
<gc-end id="2660" type="scavenge" contextid="2656" durationms="108.363" usertimems="420.066" systemtimems="0.000" timestamp="2021-04-05T23:16:38.775" activeThreads="4">
  <mem-info id="2661" free="1328885352" total="1610612736" percent="82">
    <mem type="nursery" free="271228416" total="402653184" percent="67">
      <mem type="allocate" free="271228416" total="331939840" percent="81" />
      <mem type="survivor" free="0" total="70713344" percent="0" />
    </mem>
    <mem type="tenure" free="1057656936" total="1207959552" percent="87" macro-fragmented="0">
      <mem type="soa" free="997258344" total="1147560960" percent="86" />
      <mem type="loa" free="60398592" total="60398592" percent="100" />
    </mem>
    <remembered-set count="1337" />
  </mem-info>
</gc-end>
<cycle-end id="2662" type="scavenge" contextid="2656" timestamp="2021-04-05T23:16:38.775" />
<allocation-satisfied id="2663" threadId="000000000013CF00" bytesRequested="24" />
<af-end id="2664" timestamp="2021-04-05T23:16:38.775" threadId="000000000013D880" success="true" from="nursery"/>
<exclusive-end id="2665" timestamp="2021-04-05T23:16:38.775" durationms="109.302" />

<exclusive-start id="2666" timestamp="2021-04-05T23:16:39.543" intervalms="876.641">
  <response-info timems="0.073" idlems="0.032" threads="3" lastid="0000000000329300" lastname="BenchmarkThread xml.validation 3" />
</exclusive-start>
<af-start id="2667" threadId="000000000011D480" totalBytesRequested="1040" timestamp="2021-04-05T23:16:39.543" intervalms="876.632" type="nursery" />
<cycle-start id="2668" type="scavenge" contextid="0" timestamp="2021-04-05T23:16:39.543" intervalms="876.623" />
<gc-start id="2669" type="scavenge" contextid="2668" timestamp="2021-04-05T23:16:39.543">
  <mem-info id="2670" free="1057656936" total="1610612736" percent="65">
    <mem type="nursery" free="0" total="402653184" percent="0">
      <mem type="allocate" free="0" total="331939840" percent="0" />
      <mem type="survivor" free="0" total="70713344" percent="0" />
    </mem>
    <mem type="tenure" free="1057656936" total="1207959552" percent="87">
      <mem type="soa" free="997258344" total="1147560960" percent="86" />
      <mem type="loa" free="60398592" total="60398592" percent="100" />
    </mem>
    <remembered-set count="1539" />
  </mem-info>
</gc-start>
<allocation-stats totalBytes="271123600" >
  <allocated-bytes non-tlh="3144" tlh="271120456" />
  <largest-consumer threadName="BenchmarkThread xml.validation 2" threadId="000000000013CF00" bytes="43358904" />
</allocation-stats>
<gc-op id="2671" type="scavenge" timems="116.343" contextid="2668" timestamp="2021-04-05T23:16:39.659">
  <scavenger-info tenureage="3" tenuremask="7ff8" tiltratio="82" />
  <memory-copied type="nursery" objects="1549870" bytes="62276720" bytesdiscarded="10520" />
  <memory-copied type="tenure" objects="8" bytes="256" bytesdiscarded="0" />
</gc-op>
<gc-end id="2672" type="scavenge" contextid="2668" durationms="116.332" usertimems="442.284" systemtimems="0.000" timestamp="2021-04-05T23:16:39.660" activeThreads="4">
  <mem-info id="2673" free="1327702752" total="1610612736" percent="82">
    <mem type="nursery" free="270045816" total="402653184" percent="67">
      <mem type="allocate" free="270045816" total="332333056" percent="81" />
      <mem type="survivor" free="0" total="70320128" percent="0" />
    </mem>
    <mem type="tenure" free="1057656936" total="1207959552" percent="87" macro-fragmented="0">
      <mem type="soa" free="997258344" total="1147560960" percent="86" />
      <mem type="loa" free="60398592" total="60398592" percent="100" />
    </mem>
    <remembered-set count="1345" />
  </mem-info>
</gc-end>
<cycle-end id="2674" type="scavenge" contextid="2668" timestamp="2021-04-05T23:16:39.660" />
<allocation-satisfied id="2675" threadId="000000000011CB00" bytesRequested="1040" />
<af-end id="2676" timestamp="2021-04-05T23:16:39.660" threadId="000000000011D480" success="true" from="nursery"/>
<exclusive-end id="2677" timestamp="2021-04-05T23:16:39.660" durationms="117.133" />

<exclusive-start id="2678" timestamp="2021-04-05T23:16:40.559" intervalms="1015.900">
  <response-info timems="0.057" idlems="0.057" threads="0" lastid="000000000013CF00" lastname="BenchmarkThread xml.validation 2" />
</exclusive-start>
<af-start id="2679" threadId="000000000013D880" totalBytesRequested="1040" timestamp="2021-04-05T23:16:40.559" intervalms="1015.908" type="nursery" />
<cycle-start id="2680" type="scavenge" contextid="0" timestamp="2021-04-05T23:16:40.559" intervalms="1015.914" />
<gc-start id="2681" type="scavenge" contextid="2680" timestamp="2021-04-05T23:16:40.559">
  <mem-info id="2682" free="1057656936" total="1610612736" percent="65">
    <mem type="nursery" free="0" total="402653184" percent="0">
      <mem type="allocate" free="0" total="332333056" percent="0" />
      <mem type="survivor" free="0" total="70320128" percent="0" />
    </mem>
    <mem type="tenure" free="1057656936" total="1207959552" percent="87">
      <mem type="soa" free="997258344" total="1147560960" percent="86" />
      <mem type="loa" free="60398592" total="60398592" percent="100" />
    </mem>
    <remembered-set count="1541" />
  </mem-info>
</gc-start>
<allocation-stats totalBytes="269965872" >
  <allocated-bytes non-tlh="1040" tlh="269964832" />
  <largest-consumer threadName="BenchmarkThread xml.validation 8" threadId="000000000033BE00" bytes="43086720" />
</allocation-stats>
<gc-op id="2683" type="scavenge" timems="119.246" contextid="2680" timestamp="2021-04-05T23:16:40.678">
  <scavenger-info tenureage="3" tenuremask="7ff8" tiltratio="82" />
  <memory-copied type="nursery" objects="1547307" bytes="62137056" bytesdiscarded="12336" />
  <memory-copied type="tenure" objects="6" bytes="192" bytesdiscarded="0" />
</gc-op>
<gc-end id="2684" type="scavenge" contextid="2680" durationms="119.233" usertimems="472.953" systemtimems="0.000" timestamp="2021-04-05T23:16:40.679" activeThreads="4">
  <mem-info id="2685" free="1328430424" total="1610612736" percent="82">
    <mem type="nursery" free="270773488" total="402653184" percent="67">
      <mem type="allocate" free="270773488" total="332922880" percent="81" />
      <mem type="survivor" free="0" total="69730304" percent="0" />
    </mem>
    <mem type="tenure" free="1057656936" total="1207959552" percent="87" macro-fragmented="0">
      <mem type="soa" free="997258344" total="1147560960" percent="86" />
      <mem type="loa" free="60398592" total="60398592" percent="100" />
    </mem>
    <remembered-set count="1338" />
  </mem-info>
</gc-end>
<cycle-end id="2686" type="scavenge" contextid="2680" timestamp="2021-04-05T23:16:40.679" />
<allocation-satisfied id="2687" threadId="000000000013CF00" bytesRequested="1040" />
<af-end id="2688" timestamp="2021-04-05T23:16:40.679" threadId="000000000013D880" success="true" from="nursery"/>
<exclusive-end id="2689" timestamp="2021-04-05T23:16:40.679" durationms="120.159" />

<exclusive-start id="2690" timestamp="2021-04-05T23:16:41.564" intervalms="1005.053">
  <response-info timems="0.051" idlems="0.028" threads="1" lastid="0000000000334700" lastname="BenchmarkThread xml.validation 6" />
</exclusive-start>
<af-start id="2691" threadId="000000000032D880" totalBytesRequested="136" timestamp="2021-04-05T23:16:41.564" intervalms="1005.048" type="nursery" />
<cycle-start id="2692" type="scavenge" contextid="0" timestamp="2021-04-05T23:16:41.564" intervalms="1005.058" />
<gc-start id="2693" type="scavenge" contextid="2692" timestamp="2021-04-05T23:16:41.564">
  <mem-info id="2694" free="1057656936" total="1610612736" percent="65">
    <mem type="nursery" free="0" total="402653184" percent="0">
      <mem type="allocate" free="0" total="332922880" percent="0" />
      <mem type="survivor" free="0" total="69730304" percent="0" />
    </mem>
    <mem type="tenure" free="1057656936" total="1207959552" percent="87">
      <mem type="soa" free="997258344" total="1147560960" percent="86" />
      <mem type="loa" free="60398592" total="60398592" percent="100" />
    </mem>
    <remembered-set count="1561" />
  </mem-info>
</gc-start>
<allocation-stats totalBytes="270669936" >
  <allocated-bytes non-tlh="1040" tlh="270668896" />
  <largest-consumer threadName="BenchmarkThread xml.validation 2" threadId="000000000013CF00" bytes="47434624" />
</allocation-stats>
<gc-op id="2695" type="scavenge" timems="113.058" contextid="2692" timestamp="2021-04-05T23:16:41.677">
  <scavenger-info tenureage="3" tenuremask="7ff8" tiltratio="82" />
  <memory-copied type="nursery" objects="1556700" bytes="62622104" bytesdiscarded="10032" />
  <memory-copied type="tenure" objects="6" bytes="192" bytesdiscarded="0" />
</gc-op>
<gc-end id="2696" type="scavenge" contextid="2692" durationms="113.042" usertimems="428.763" systemtimems="0.007" timestamp="2021-04-05T23:16:41.677" activeThreads="4">
  <mem-info id="2697" free="1329192864" total="1610612736" percent="82">
    <mem type="nursery" free="271535928" total="402653184" percent="67">
      <mem type="allocate" free="271535928" total="334168064" percent="81" />
      <mem type="survivor" free="0" total="68485120" percent="0" />
    </mem>
    <mem type="tenure" free="1057656936" total="1207959552" percent="87" macro-fragmented="0">
      <mem type="soa" free="997258344" total="1147560960" percent="86" />
      <mem type="loa" free="60398592" total="60398592" percent="100" />
    </mem>
    <remembered-set count="1339" />
  </mem-info>
</gc-end>
<cycle-end id="2698" type="scavenge" contextid="2692" timestamp="2021-04-05T23:16:41.677" />
<allocation-satisfied id="2699" threadId="000000000032CF00" bytesRequested="136" />
<af-end id="2700" timestamp="2021-04-05T23:16:41.677" threadId="000000000032D880" success="true" from="nursery"/>
<exclusive-end id="2701" timestamp="2021-04-05T23:16:41.678" durationms="113.802" />

<exclusive-start id="2702" timestamp="2021-04-05T23:16:42.569" intervalms="1005.719">
  <response-info timems="0.087" idlems="0.038" threads="3" lastid="0000000000330B00" lastname="BenchmarkThread xml.validation 5" />
</exclusive-start>
<af-start id="2703" threadId="000000000033C780" totalBytesRequested="16" timestamp="2021-04-05T23:16:42.569" intervalms="1005.725" type="nursery" />
<cycle-start id="2704" type="scavenge" contextid="0" timestamp="2021-04-05T23:16:42.570" intervalms="1005.714" />
<gc-start id="2705" type="scavenge" contextid="2704" timestamp="2021-04-05T23:16:42.570">
  <mem-info id="2706" free="1057656936" total="1610612736" percent="65">
    <mem type="nursery" free="0" total="402653184" percent="0">
      <mem type="allocate" free="0" total="334168064" percent="0" />
      <mem type="survivor" free="0" total="68485120" percent="0" />
    </mem>
    <mem type="tenure" free="1057656936" total="1207959552" percent="87">
      <mem type="soa" free="997258344" total="1147560960" percent="86" />
      <mem type="loa" free="60398592" total="60398592" percent="100" />
    </mem>
    <remembered-set count="1545" />
  </mem-info>
</gc-start>
<allocation-stats totalBytes="271452736" >
  <allocated-bytes non-tlh="1176" tlh="271451560" />
  <largest-consumer threadName="BenchmarkThread xml.validation 5" threadId="0000000000330B00" bytes="39567880" />
</allocation-stats>
<gc-op id="2707" type="scavenge" timems="120.814" contextid="2704" timestamp="2021-04-05T23:16:42.690">
  <scavenger-info tenureage="3" tenuremask="7ff8" tiltratio="82" />
  <memory-copied type="nursery" objects="1529487" bytes="61558792" bytesdiscarded="12200" />
  <memory-copied type="tenure" objects="4" bytes="128" bytesdiscarded="0" />
</gc-op>
<gc-end id="2708" type="scavenge" contextid="2704" durationms="120.801" usertimems="455.357" systemtimems="0.000" timestamp="2021-04-05T23:16:42.691" activeThreads="4">
  <mem-info id="2709" free="1330385080" total="1610612736" percent="82">
    <mem type="nursery" free="272728144" total="402653184" percent="67">
      <mem type="allocate" free="272728144" total="334299136" percent="81" />
      <mem type="survivor" free="0" total="68354048" percent="0" />
    </mem>
    <mem type="tenure" free="1057656936" total="1207959552" percent="87" macro-fragmented="0">
      <mem type="soa" free="997258344" total="1147560960" percent="86" />
      <mem type="loa" free="60398592" total="60398592" percent="100" />
    </mem>
    <remembered-set count="1332" />
  </mem-info>
</gc-end>
<cycle-end id="2710" type="scavenge" contextid="2704" timestamp="2021-04-05T23:16:42.691" />
<allocation-satisfied id="2711" threadId="000000000033BE00" bytesRequested="16" />
<af-end id="2712" timestamp="2021-04-05T23:16:42.691" threadId="000000000033C780" success="true" from="nursery"/>
<exclusive-end id="2713" timestamp="2021-04-05T23:16:42.691" durationms="121.813" />

<exclusive-start id="2714" timestamp="2021-04-05T23:16:43.558" intervalms="989.022">
  <response-info timems="0.068" idlems="0.031" threads="4" lastid="0000000000330B00" lastname="BenchmarkThread xml.validation 5" />
</exclusive-start>
<af-start id="2715" threadId="000000000011D480" totalBytesRequested="24" timestamp="2021-04-05T23:16:43.559" intervalms="989.013" type="nursery" />
<cycle-start id="2716" type="scavenge" contextid="0" timestamp="2021-04-05T23:16:43.559" intervalms="989.009" />
<gc-start id="2717" type="scavenge" contextid="2716" timestamp="2021-04-05T23:16:43.559">
  <mem-info id="2718" free="1057656936" total="1610612736" percent="65">
    <mem type="nursery" free="0" total="402653184" percent="0">
      <mem type="allocate" free="0" total="334299136" percent="0" />
      <mem type="survivor" free="0" total="68354048" percent="0" />
    </mem>
    <mem type="tenure" free="1057656936" total="1207959552" percent="87">
      <mem type="soa" free="997258344" total="1147560960" percent="86" />
      <mem type="loa" free="60398592" total="60398592" percent="100" />
    </mem>
    <remembered-set count="1560" />
  </mem-info>
</gc-start>
<allocation-stats totalBytes="272624912" >
  <allocated-bytes non-tlh="16" tlh="272624896" />
  <largest-consumer threadName="BenchmarkThread xml.validation 8" threadId="000000000033BE00" bytes="47226832" />
</allocation-stats>
<gc-op id="2719" type="scavenge" timems="110.722" contextid="2716" timestamp="2021-04-05T23:16:43.669">
  <scavenger-info tenureage="3" tenuremask="7ff8" tiltratio="83" />
  <memory-copied type="nursery" objects="1504998" bytes="60873720" bytesdiscarded="12680" />
  <memory-copied type="tenure" objects="6" bytes="192" bytesdiscarded="0" />
</gc-op>
<gc-end id="2720" type="scavenge" contextid="2716" durationms="110.711" usertimems="410.867" systemtimems="0.000" timestamp="2021-04-05T23:16:43.670" activeThreads="4">
  <mem-info id="2721" free="1331462888" total="1610612736" percent="82">
    <mem type="nursery" free="273805952" total="402653184" percent="68">
      <mem type="allocate" free="273805952" total="334692352" percent="81" />
      <mem type="survivor" free="0" total="67960832" percent="0" />
    </mem>
    <mem type="tenure" free="1057656936" total="1207959552" percent="87" macro-fragmented="0">
      <mem type="soa" free="997258344" total="1147560960" percent="86" />
      <mem type="loa" free="60398592" total="60398592" percent="100" />
    </mem>
    <remembered-set count="1330" />
  </mem-info>
</gc-end>
<cycle-end id="2722" type="scavenge" contextid="2716" timestamp="2021-04-05T23:16:43.670" />
<allocation-satisfied id="2723" threadId="000000000011CB00" bytesRequested="24" />
<af-end id="2724" timestamp="2021-04-05T23:16:43.670" threadId="000000000011D480" success="true" from="nursery"/>
<exclusive-end id="2725" timestamp="2021-04-05T23:16:43.670" durationms="111.591" />

<exclusive-start id="2726" timestamp="2021-04-05T23:16:44.516" intervalms="957.661">
  <response-info timems="0.057" idlems="0.057" threads="0" lastid="000000000013CF00" lastname="BenchmarkThread xml.validation 2" />
</exclusive-start>
<af-start id="2727" threadId="000000000013D880" totalBytesRequested="40" timestamp="2021-04-05T23:16:44.516" intervalms="957.664" type="nursery" />
<cycle-start id="2728" type="scavenge" contextid="0" timestamp="2021-04-05T23:16:44.516" intervalms="957.666" />
<gc-start id="2729" type="scavenge" contextid="2728" timestamp="2021-04-05T23:16:44.516">
  <mem-info id="2730" free="1057656936" total="1610612736" percent="65">
    <mem type="nursery" free="0" total="402653184" percent="0">
      <mem type="allocate" free="0" total="334692352" percent="0" />
      <mem type="survivor" free="0" total="67960832" percent="0" />
    </mem>
    <mem type="tenure" free="1057656936" total="1207959552" percent="87">
      <mem type="soa" free="997258344" total="1147560960" percent="86" />
      <mem type="loa" free="60398592" total="60398592" percent="100" />
    </mem>
    <remembered-set count="1545" />
  </mem-info>
</gc-start>
<allocation-stats totalBytes="273696288" >
  <allocated-bytes non-tlh="24" tlh="273696264" />
  <largest-consumer threadName="BenchmarkThread xml.validation 2" threadId="000000000013CF00" bytes="42736936" />
</allocation-stats>
<gc-op id="2731" type="scavenge" timems="113.422" contextid="2728" timestamp="2021-04-05T23:16:44.630">
  <scavenger-info tenureage="3" tenuremask="7ff8" tiltratio="83" />
  <memory-copied type="nursery" objects="1471379" bytes="59770048" bytesdiscarded="11200" />
  <memory-copied type="tenure" objects="6" bytes="192" bytesdiscarded="0" />
</gc-op>
<gc-end id="2732" type="scavenge" contextid="2728" durationms="113.395" usertimems="443.042" systemtimems="0.000" timestamp="2021-04-05T23:16:44.630" activeThreads="4">
  <mem-info id="2733" free="1333026792" total="1610612736" percent="82">
    <mem type="nursery" free="275369856" total="402653184" percent="68">
      <mem type="allocate" free="275369856" total="335151104" percent="82" />
      <mem type="survivor" free="0" total="67502080" percent="0" />
    </mem>
    <mem type="tenure" free="1057656936" total="1207959552" percent="87" macro-fragmented="0">
      <mem type="soa" free="997258344" total="1147560960" percent="86" />
      <mem type="loa" free="60398592" total="60398592" percent="100" />
    </mem>
    <remembered-set count="1337" />
  </mem-info>
</gc-end>
<cycle-end id="2734" type="scavenge" contextid="2728" timestamp="2021-04-05T23:16:44.630" />
<allocation-satisfied id="2735" threadId="000000000013CF00" bytesRequested="40" />
<af-end id="2736" timestamp="2021-04-05T23:16:44.630" threadId="000000000013D880" success="true" from="nursery"/>
<exclusive-end id="2737" timestamp="2021-04-05T23:16:44.630" durationms="114.338" />

<exclusive-start id="2738" timestamp="2021-04-05T23:16:45.419" intervalms="903.002">
  <response-info timems="0.066" idlems="0.038" threads="1" lastid="0000000000334700" lastname="BenchmarkThread xml.validation 6" />
</exclusive-start>
<af-start id="2739" threadId="000000000011D480" totalBytesRequested="1040" timestamp="2021-04-05T23:16:45.419" intervalms="902.999" type="nursery" />
<cycle-start id="2740" type="scavenge" contextid="0" timestamp="2021-04-05T23:16:45.419" intervalms="902.997" />
<gc-start id="2741" type="scavenge" contextid="2740" timestamp="2021-04-05T23:16:45.419">
  <mem-info id="2742" free="1057656936" total="1610612736" percent="65">
    <mem type="nursery" free="0" total="402653184" percent="0">
      <mem type="allocate" free="0" total="335151104" percent="0" />
      <mem type="survivor" free="0" total="67502080" percent="0" />
    </mem>
    <mem type="tenure" free="1057656936" total="1207959552" percent="87">
      <mem type="soa" free="997258344" total="1147560960" percent="86" />
      <mem type="loa" free="60398592" total="60398592" percent="100" />
    </mem>
    <remembered-set count="1539" />
  </mem-info>
</gc-start>
<allocation-stats totalBytes="275282784" >
  <allocated-bytes non-tlh="69720" tlh="275213064" />
  <largest-consumer threadName="BenchmarkThread xml.validation 8" threadId="000000000033BE00" bytes="50824784" />
</allocation-stats>
<gc-op id="2743" type="scavenge" timems="115.297" contextid="2740" timestamp="2021-04-05T23:16:45.535">
  <scavenger-info tenureage="3" tenuremask="7ff8" tiltratio="83" />
  <memory-copied type="nursery" objects="1609755" bytes="65319688" bytesdiscarded="13832" />
  <memory-copied type="tenure" objects="4" bytes="128" bytesdiscarded="0" />
</gc-op>
<gc-end id="2744" type="scavenge" contextid="2740" durationms="115.286" usertimems="431.482" systemtimems="0.012" timestamp="2021-04-05T23:16:45.535" activeThreads="4">
  <mem-info id="2745" free="1320200024" total="1610612736" percent="81">
    <mem type="nursery" free="262543088" total="402653184" percent="65">
      <mem type="allocate" free="262543088" total="327876608" percent="80" />
      <mem type="survivor" free="0" total="74776576" percent="0" />
    </mem>
    <mem type="tenure" free="1057656936" total="1207959552" percent="87" macro-fragmented="0">
      <mem type="soa" free="997258344" total="1147560960" percent="86" />
      <mem type="loa" free="60398592" total="60398592" percent="100" />
    </mem>
    <remembered-set count="1341" />
  </mem-info>
</gc-end>
<cycle-end id="2746" type="scavenge" contextid="2740" timestamp="2021-04-05T23:16:45.535" />
<allocation-satisfied id="2747" threadId="000000000011CB00" bytesRequested="1040" />
<af-end id="2748" timestamp="2021-04-05T23:16:45.535" threadId="000000000011D480" success="true" from="nursery"/>
<exclusive-end id="2749" timestamp="2021-04-05T23:16:45.535" durationms="115.987" />

<exclusive-start id="2750" timestamp="2021-04-05T23:16:46.324" intervalms="904.725">
  <response-info timems="0.070" idlems="0.044" threads="1" lastid="0000000000329300" lastname="BenchmarkThread xml.validation 3" />
</exclusive-start>
<af-start id="2751" threadId="000000000033C780" totalBytesRequested="136" timestamp="2021-04-05T23:16:46.324" intervalms="904.729" type="nursery" />
<cycle-start id="2752" type="scavenge" contextid="0" timestamp="2021-04-05T23:16:46.324" intervalms="904.730" />
<gc-start id="2753" type="scavenge" contextid="2752" timestamp="2021-04-05T23:16:46.324">
  <mem-info id="2754" free="1057656936" total="1610612736" percent="65">
    <mem type="nursery" free="0" total="402653184" percent="0">
      <mem type="allocate" free="0" total="327876608" percent="0" />
      <mem type="survivor" free="0" total="74776576" percent="0" />
    </mem>
    <mem type="tenure" free="1057656936" total="1207959552" percent="87">
      <mem type="soa" free="997258344" total="1147560960" percent="86" />
      <mem type="loa" free="60398592" total="60398592" percent="100" />
    </mem>
    <remembered-set count="1548" />
  </mem-info>
</gc-start>
<allocation-stats totalBytes="262447056" >
  <allocated-bytes non-tlh="5200" tlh="262441856" />
  <largest-consumer threadName="BenchmarkThread xml.validation 3" threadId="0000000000329300" bytes="41999152" />
</allocation-stats>
<gc-op id="2755" type="scavenge" timems="127.419" contextid="2752" timestamp="2021-04-05T23:16:46.451">
  <scavenger-info tenureage="3" tenuremask="7ff8" tiltratio="81" />
  <memory-copied type="nursery" objects="1609257" bytes="65093616" bytesdiscarded="10976" />
  <memory-copied type="tenure" objects="10" bytes="320" bytesdiscarded="0" />
</gc-op>
<gc-end id="2756" type="scavenge" contextid="2752" durationms="127.407" usertimems="481.431" systemtimems="0.008" timestamp="2021-04-05T23:16:46.452" activeThreads="4">
  <mem-info id="2757" free="1323771288" total="1610612736" percent="82">
    <mem type="nursery" free="266114352" total="402653184" percent="66">
      <mem type="allocate" free="266114352" total="331218944" percent="80" />
      <mem type="survivor" free="0" total="71434240" percent="0" />
    </mem>
    <mem type="tenure" free="1057656936" total="1207959552" percent="87" macro-fragmented="0">
      <mem type="soa" free="997258344" total="1147560960" percent="86" />
      <mem type="loa" free="60398592" total="60398592" percent="100" />
    </mem>
    <remembered-set count="1336" />
  </mem-info>
</gc-end>
<cycle-end id="2758" type="scavenge" contextid="2752" timestamp="2021-04-05T23:16:46.452" />
<allocation-satisfied id="2759" threadId="000000000033BE00" bytesRequested="136" />
<af-end id="2760" timestamp="2021-04-05T23:16:46.452" threadId="000000000033C780" success="true" from="nursery"/>
<exclusive-end id="2761" timestamp="2021-04-05T23:16:46.452" durationms="128.370" />

<exclusive-start id="2762" timestamp="2021-04-05T23:16:47.274" intervalms="949.915">
  <response-info timems="0.063" idlems="0.039" threads="1" lastid="0000000000330B00" lastname="BenchmarkThread xml.validation 5" />
</exclusive-start>
<af-start id="2763" threadId="000000000033C780" totalBytesRequested="32" timestamp="2021-04-05T23:16:47.274" intervalms="949.910" type="nursery" />
<cycle-start id="2764" type="scavenge" contextid="0" timestamp="2021-04-05T23:16:47.274" intervalms="949.908" />
<gc-start id="2765" type="scavenge" contextid="2764" timestamp="2021-04-05T23:16:47.274">
  <mem-info id="2766" free="1057656936" total="1610612736" percent="65">
    <mem type="nursery" free="0" total="402653184" percent="0">
      <mem type="allocate" free="0" total="331218944" percent="0" />
      <mem type="survivor" free="0" total="71434240" percent="0" />
    </mem>
    <mem type="tenure" free="1057656936" total="1207959552" percent="87">
      <mem type="soa" free="997258344" total="1147560960" percent="86" />
      <mem type="loa" free="60398592" total="60398592" percent="100" />
    </mem>
    <remembered-set count="1542" />
  </mem-info>
</gc-start>
<allocation-stats totalBytes="266028464" >
  <allocated-bytes non-tlh="2216" tlh="266026248" />
  <largest-consumer threadName="BenchmarkThread xml.validation 8" threadId="000000000033BE00" bytes="51192592" />
</allocation-stats>
<gc-op id="2767" type="scavenge" timems="109.256" contextid="2764" timestamp="2021-04-05T23:16:47.383">
  <scavenger-info tenureage="3" tenuremask="7ff8" tiltratio="82" />
  <memory-copied type="nursery" objects="1566063" bytes="62947152" bytesdiscarded="10080" />
  <memory-copied type="tenure" objects="6" bytes="192" bytesdiscarded="0" />
</gc-op>
<gc-end id="2768" type="scavenge" contextid="2764" durationms="109.245" usertimems="410.959" systemtimems="7.972" timestamp="2021-04-05T23:16:47.384" activeThreads="4">
  <mem-info id="2769" free="1326180792" total="1610612736" percent="82">
    <mem type="nursery" free="268523856" total="402653184" percent="66">
      <mem type="allocate" free="268523856" total="331481088" percent="81" />
      <mem type="survivor" free="0" total="71172096" percent="0" />
    </mem>
    <mem type="tenure" free="1057656936" total="1207959552" percent="87" macro-fragmented="0">
      <mem type="soa" free="997258344" total="1147560960" percent="86" />
      <mem type="loa" free="60398592" total="60398592" percent="100" />
    </mem>
    <remembered-set count="1341" />
  </mem-info>
</gc-end>
<cycle-end id="2770" type="scavenge" contextid="2764" timestamp="2021-04-05T23:16:47.384" />
<allocation-satisfied id="2771" threadId="000000000033BE00" bytesRequested="32" />
<af-end id="2772" timestamp="2021-04-05T23:16:47.384" threadId="000000000033C780" success="true" from="nursery"/>
<exclusive-end id="2773" timestamp="2021-04-05T23:16:47.384" durationms="109.908" />

<exclusive-start id="2774" timestamp="2021-04-05T23:16:48.113" intervalms="839.521">
  <response-info timems="0.066" idlems="0.040" threads="1" lastid="0000000000330B00" lastname="BenchmarkThread xml.validation 5" />
</exclusive-start>
<af-start id="2775" threadId="000000000033C780" totalBytesRequested="24" timestamp="2021-04-05T23:16:48.113" intervalms="839.538" type="nursery" />
<cycle-start id="2776" type="scavenge" contextid="0" timestamp="2021-04-05T23:16:48.114" intervalms="839.914" />
<gc-start id="2777" type="scavenge" contextid="2776" timestamp="2021-04-05T23:16:48.114">
  <mem-info id="2778" free="1057656936" total="1610612736" percent="65">
    <mem type="nursery" free="0" total="402653184" percent="0">
      <mem type="allocate" free="0" total="331481088" percent="0" />
      <mem type="survivor" free="0" total="71172096" percent="0" />
    </mem>
    <mem type="tenure" free="1057656936" total="1207959552" percent="87">
      <mem type="soa" free="997258344" total="1147560960" percent="86" />
      <mem type="loa" free="60398592" total="60398592" percent="100" />
    </mem>
    <remembered-set count="1525" />
  </mem-info>
</gc-start>
<allocation-stats totalBytes="268428896" >
  <allocated-bytes non-tlh="32" tlh="268428864" />
  <largest-consumer threadName="BenchmarkThread xml.validation 6" threadId="0000000000334700" bytes="41733160" />
</allocation-stats>
<gc-op id="2779" type="scavenge" timems="123.861" contextid="2776" timestamp="2021-04-05T23:16:48.238">
  <scavenger-info tenureage="3" tenuremask="7ff8" tiltratio="82" />
  <memory-copied type="nursery" objects="1530087" bytes="61978576" bytesdiscarded="12320" />
  <memory-copied type="tenure" objects="19955" bytes="933208" bytesdiscarded="0" />
</gc-op>
<gc-end id="2780" type="scavenge" contextid="2776" durationms="123.849" usertimems="462.247" systemtimems="0.000" timestamp="2021-04-05T23:16:48.238" activeThreads="4">
  <mem-info id="2781" free="1326688376" total="1610612736" percent="82">
    <mem type="nursery" free="270080016" total="402653184" percent="67">
      <mem type="allocate" free="270080016" total="332070912" percent="81" />
      <mem type="survivor" free="0" total="70582272" percent="0" />
    </mem>
    <mem type="tenure" free="1056608360" total="1207959552" percent="87" macro-fragmented="0">
      <mem type="soa" free="996209768" total="1147560960" percent="86" />
      <mem type="loa" free="60398592" total="60398592" percent="100" />
    </mem>
    <remembered-set count="1333" />
  </mem-info>
</gc-end>
<cycle-end id="2782" type="scavenge" contextid="2776" timestamp="2021-04-05T23:16:48.238" />
<allocation-satisfied id="2783" threadId="000000000033BE00" bytesRequested="24" />
<af-end id="2784" timestamp="2021-04-05T23:16:48.238" threadId="000000000033C780" success="true" from="nursery"/>
<exclusive-end id="2785" timestamp="2021-04-05T23:16:48.238" durationms="124.968" />

<exclusive-start id="2786" timestamp="2021-04-05T23:16:49.098" intervalms="984.478">
  <response-info timems="0.064" idlems="0.038" threads="1" lastid="0000000000329300" lastname="BenchmarkThread xml.validation 3" />
</exclusive-start>
<af-start id="2787" threadId="0000000000338C80" totalBytesRequested="64" timestamp="2021-04-05T23:16:49.098" intervalms="984.462" type="nursery" />
<cycle-start id="2788" type="scavenge" contextid="0" timestamp="2021-04-05T23:16:49.098" intervalms="984.085" />
<gc-start id="2789" type="scavenge" contextid="2788" timestamp="2021-04-05T23:16:49.098">
  <mem-info id="2790" free="1056608360" total="1610612736" percent="65">
    <mem type="nursery" free="0" total="402653184" percent="0">
      <mem type="allocate" free="0" total="332070912" percent="0" />
      <mem type="survivor" free="0" total="70582272" percent="0" />
    </mem>
    <mem type="tenure" free="1056608360" total="1207959552" percent="87">
      <mem type="soa" free="996209768" total="1147560960" percent="86" />
      <mem type="loa" free="60398592" total="60398592" percent="100" />
    </mem>
    <remembered-set count="1581" />
  </mem-info>
</gc-start>
<allocation-stats totalBytes="269968296" >
  <allocated-bytes non-tlh="24" tlh="269968272" />
  <largest-consumer threadName="BenchmarkThread xml.validation 2" threadId="000000000013CF00" bytes="46727344" />
</allocation-stats>
<gc-op id="2791" type="scavenge" timems="118.800" contextid="2788" timestamp="2021-04-05T23:16:49.217">
  <scavenger-info tenureage="3" tenuremask="7ff8" tiltratio="82" />
  <memory-copied type="nursery" objects="1538727" bytes="61881632" bytesdiscarded="10056" />
  <memory-copied type="tenure" objects="110029" bytes="4284080" bytesdiscarded="0" />
</gc-op>
<gc-end id="2792" type="scavenge" contextid="2788" durationms="118.789" usertimems="445.360" systemtimems="3.984" timestamp="2021-04-05T23:16:49.217" activeThreads="4">
  <mem-info id="2793" free="1323052032" total="1610612736" percent="82">
    <mem type="nursery" free="270900120" total="402653184" percent="67">
      <mem type="allocate" free="270900120" total="332791808" percent="81" />
      <mem type="survivor" free="0" total="69861376" percent="0" />
    </mem>
    <mem type="tenure" free="1052151912" total="1207959552" percent="87" macro-fragmented="0">
      <mem type="soa" free="991753320" total="1147560960" percent="86" />
      <mem type="loa" free="60398592" total="60398592" percent="100" />
    </mem>
    <remembered-set count="1330" />
  </mem-info>
</gc-end>
<cycle-end id="2794" type="scavenge" contextid="2788" timestamp="2021-04-05T23:16:49.217" />
<allocation-satisfied id="2795" threadId="0000000000338300" bytesRequested="64" />
<af-end id="2796" timestamp="2021-04-05T23:16:49.217" threadId="0000000000338C80" success="true" from="nursery"/>
<exclusive-end id="2797" timestamp="2021-04-05T23:16:49.217" durationms="119.459" />

<exclusive-start id="2798" timestamp="2021-04-05T23:16:49.983" intervalms="885.620">
  <response-info timems="0.043" idlems="0.043" threads="0" lastid="000000000033BE00" lastname="BenchmarkThread xml.validation 8" />
</exclusive-start>
<af-start id="2799" threadId="000000000033C780" totalBytesRequested="40" timestamp="2021-04-05T23:16:49.983" intervalms="885.619" type="nursery" />
<cycle-start id="2800" type="scavenge" contextid="0" timestamp="2021-04-05T23:16:49.983" intervalms="885.618" />
<gc-start id="2801" type="scavenge" contextid="2800" timestamp="2021-04-05T23:16:49.983">
  <mem-info id="2802" free="1052151912" total="1610612736" percent="65">
    <mem type="nursery" free="0" total="402653184" percent="0">
      <mem type="allocate" free="0" total="332791808" percent="0" />
      <mem type="survivor" free="0" total="69861376" percent="0" />
    </mem>
    <mem type="tenure" free="1052151912" total="1207959552" percent="87">
      <mem type="soa" free="991753320" total="1147560960" percent="86" />
      <mem type="loa" free="60398592" total="60398592" percent="100" />
    </mem>
    <remembered-set count="1552" />
  </mem-info>
</gc-start>
<allocation-stats totalBytes="270801096" >
  <allocated-bytes non-tlh="64" tlh="270801032" />
  <largest-consumer threadName="BenchmarkThread xml.validation 8" threadId="000000000033BE00" bytes="45164632" />
</allocation-stats>
<gc-op id="2803" type="scavenge" timems="104.514" contextid="2800" timestamp="2021-04-05T23:16:50.088">
  <scavenger-info tenureage="3" tenuremask="7ff8" tiltratio="82" />
  <memory-copied type="nursery" objects="1534760" bytes="61702416" bytesdiscarded="11128" />
  <memory-copied type="tenure" objects="6" bytes="192" bytesdiscarded="0" />
</gc-op>
<gc-end id="2804" type="scavenge" contextid="2800" durationms="104.505" usertimems="401.122" systemtimems="0.002" timestamp="2021-04-05T23:16:50.088" activeThreads="4">
  <mem-info id="2805" free="1323820000" total="1610612736" percent="82">
    <mem type="nursery" free="271668088" total="402653184" percent="67">
      <mem type="allocate" free="271668088" total="333381632" percent="81" />
      <mem type="survivor" free="0" total="69271552" percent="0" />
    </mem>
    <mem type="tenure" free="1052151912" total="1207959552" percent="87" macro-fragmented="0">
      <mem type="soa" free="991753320" total="1147560960" percent="86" />
      <mem type="loa" free="60398592" total="60398592" percent="100" />
    </mem>
    <remembered-set count="1335" />
  </mem-info>
</gc-end>
<cycle-end id="2806" type="scavenge" contextid="2800" timestamp="2021-04-05T23:16:50.088" />
<allocation-satisfied id="2807" threadId="000000000033BE00" bytesRequested="40" />
<af-end id="2808" timestamp="2021-04-05T23:16:50.088" threadId="000000000033C780" success="true" from="nursery"/>
<exclusive-end id="2809" timestamp="2021-04-05T23:16:50.088" durationms="105.137" />

<exclusive-start id="2810" timestamp="2021-04-05T23:16:50.741" intervalms="757.411">
  <response-info timems="0.047" idlems="0.047" threads="0" lastid="000000000032CF00" lastname="BenchmarkThread xml.validation 4" />
</exclusive-start>
<af-start id="2811" threadId="000000000032D880" totalBytesRequested="72" timestamp="2021-04-05T23:16:50.741" intervalms="757.410" type="nursery" />
<cycle-start id="2812" type="scavenge" contextid="0" timestamp="2021-04-05T23:16:50.741" intervalms="757.411" />
<gc-start id="2813" type="scavenge" contextid="2812" timestamp="2021-04-05T23:16:50.741">
  <mem-info id="2814" free="1052151912" total="1610612736" percent="65">
    <mem type="nursery" free="0" total="402653184" percent="0">
      <mem type="allocate" free="0" total="333381632" percent="0" />
      <mem type="survivor" free="0" total="69271552" percent="0" />
    </mem>
    <mem type="tenure" free="1052151912" total="1207959552" percent="87">
      <mem type="soa" free="991753320" total="1147560960" percent="86" />
      <mem type="loa" free="60398592" total="60398592" percent="100" />
    </mem>
    <remembered-set count="1535" />
  </mem-info>
</gc-start>
<allocation-stats totalBytes="271571936" >
  <allocated-bytes non-tlh="40" tlh="271571896" />
  <largest-consumer threadName="BenchmarkThread xml.validation 1" threadId="000000000011CB00" bytes="47046104" />
</allocation-stats>
<gc-op id="2815" type="scavenge" timems="106.038" contextid="2812" timestamp="2021-04-05T23:16:50.847">
  <scavenger-info tenureage="3" tenuremask="7ff8" tiltratio="82" />
  <memory-copied type="nursery" objects="1493232" bytes="60468696" bytesdiscarded="11272" />
  <memory-copied type="tenure" objects="4" bytes="128" bytesdiscarded="0" />
</gc-op>
<gc-end id="2816" type="scavenge" contextid="2812" durationms="106.028" usertimems="418.093" systemtimems="0.003" timestamp="2021-04-05T23:16:50.847" activeThreads="4">
  <mem-info id="2817" free="1325577864" total="1610612736" percent="82">
    <mem type="nursery" free="273425952" total="402653184" percent="67">
      <mem type="allocate" free="273425952" total="333905920" percent="81" />
      <mem type="survivor" free="0" total="68747264" percent="0" />
    </mem>
    <mem type="tenure" free="1052151912" total="1207959552" percent="87" macro-fragmented="0">
      <mem type="soa" free="991753320" total="1147560960" percent="86" />
      <mem type="loa" free="60398592" total="60398592" percent="100" />
    </mem>
    <remembered-set count="1338" />
  </mem-info>
</gc-end>
<cycle-end id="2818" type="scavenge" contextid="2812" timestamp="2021-04-05T23:16:50.847" />
<allocation-satisfied id="2819" threadId="000000000032CF00" bytesRequested="72" />
<af-end id="2820" timestamp="2021-04-05T23:16:50.847" threadId="000000000032D880" success="true" from="nursery"/>
<exclusive-end id="2821" timestamp="2021-04-05T23:16:50.847" durationms="106.680" />

<exclusive-start id="2822" timestamp="2021-04-05T23:16:51.641" intervalms="900.372">
  <response-info timems="0.052" idlems="0.028" threads="1" lastid="000000000032CF00" lastname="BenchmarkThread xml.validation 4" />
</exclusive-start>
<af-start id="2823" threadId="000000000013D880" totalBytesRequested="24" timestamp="2021-04-05T23:16:51.641" intervalms="900.375" type="nursery" />
<cycle-start id="2824" type="scavenge" contextid="0" timestamp="2021-04-05T23:16:51.641" intervalms="900.376" />
<gc-start id="2825" type="scavenge" contextid="2824" timestamp="2021-04-05T23:16:51.641">
  <mem-info id="2826" free="1052151912" total="1610612736" percent="65">
    <mem type="nursery" free="0" total="402653184" percent="0">
      <mem type="allocate" free="0" total="333905920" percent="0" />
      <mem type="survivor" free="0" total="68747264" percent="0" />
    </mem>
    <mem type="tenure" free="1052151912" total="1207959552" percent="87">
      <mem type="soa" free="991753320" total="1147560960" percent="86" />
      <mem type="loa" free="60398592" total="60398592" percent="100" />
    </mem>
    <remembered-set count="1555" />
  </mem-info>
</gc-start>
<allocation-stats totalBytes="273340760" >
  <allocated-bytes non-tlh="1112" tlh="273339648" />
  <largest-consumer threadName="BenchmarkThread xml.validation 8" threadId="000000000033BE00" bytes="47565976" />
</allocation-stats>
<gc-op id="2827" type="scavenge" timems="105.706" contextid="2824" timestamp="2021-04-05T23:16:51.747">
  <scavenger-info tenureage="3" tenuremask="7ff8" tiltratio="82" />
  <memory-copied type="nursery" objects="1522436" bytes="61752992" bytesdiscarded="11360" />
  <memory-copied type="tenure" objects="6" bytes="192" bytesdiscarded="0" />
</gc-op>
<gc-end id="2828" type="scavenge" contextid="2824" durationms="105.696" usertimems="409.889" systemtimems="0.003" timestamp="2021-04-05T23:16:51.747" activeThreads="4">
  <mem-info id="2829" free="1324424552" total="1610612736" percent="82">
    <mem type="nursery" free="272272640" total="402653184" percent="67">
      <mem type="allocate" free="272272640" total="334036992" percent="81" />
      <mem type="survivor" free="0" total="68616192" percent="0" />
    </mem>
    <mem type="tenure" free="1052151912" total="1207959552" percent="87" macro-fragmented="0">
      <mem type="soa" free="991753320" total="1147560960" percent="86" />
      <mem type="loa" free="60398592" total="60398592" percent="100" />
    </mem>
    <remembered-set count="1336" />
  </mem-info>
</gc-end>
<cycle-end id="2830" type="scavenge" contextid="2824" timestamp="2021-04-05T23:16:51.747" />
<allocation-satisfied id="2831" threadId="000000000013CF00" bytesRequested="24" />
<af-end id="2832" timestamp="2021-04-05T23:16:51.748" threadId="000000000013D880" success="true" from="nursery"/>
<exclusive-end id="2833" timestamp="2021-04-05T23:16:51.748" durationms="106.380" />

<exclusive-start id="2834" timestamp="2021-04-05T23:16:52.518" intervalms="877.288">
  <response-info timems="0.067" idlems="0.040" threads="1" lastid="000000000033BE00" lastname="BenchmarkThread xml.validation 8" />
</exclusive-start>
<af-start id="2835" threadId="000000000011D480" totalBytesRequested="48" timestamp="2021-04-05T23:16:52.519" intervalms="877.288" type="nursery" />
<cycle-start id="2836" type="scavenge" contextid="0" timestamp="2021-04-05T23:16:52.519" intervalms="877.289" />
<gc-start id="2837" type="scavenge" contextid="2836" timestamp="2021-04-05T23:16:52.519">
  <mem-info id="2838" free="1052151912" total="1610612736" percent="65">
    <mem type="nursery" free="0" total="402653184" percent="0">
      <mem type="allocate" free="0" total="334036992" percent="0" />
      <mem type="survivor" free="0" total="68616192" percent="0" />
    </mem>
    <mem type="tenure" free="1052151912" total="1207959552" percent="87">
      <mem type="soa" free="991753320" total="1147560960" percent="86" />
      <mem type="loa" free="60398592" total="60398592" percent="100" />
    </mem>
    <remembered-set count="1557" />
  </mem-info>
</gc-start>
<allocation-stats totalBytes="272146408" >
  <allocated-bytes non-tlh="24616" tlh="272121792" />
  <largest-consumer threadName="BenchmarkThread xml.validation 6" threadId="0000000000334700" bytes="46221104" />
</allocation-stats>
<gc-op id="2839" type="scavenge" timems="109.491" contextid="2836" timestamp="2021-04-05T23:16:52.628">
  <scavenger-info tenureage="3" tenuremask="7ff8" tiltratio="82" />
  <memory-copied type="nursery" objects="1560552" bytes="62822608" bytesdiscarded="14064" />
  <memory-copied type="tenure" objects="6" bytes="192" bytesdiscarded="0" />
</gc-op>
<gc-end id="2840" type="scavenge" contextid="2836" durationms="109.480" usertimems="422.454" systemtimems="0.000" timestamp="2021-04-05T23:16:52.629" activeThreads="4">
  <mem-info id="2841" free="1323024552" total="1610612736" percent="82">
    <mem type="nursery" free="270872640" total="402653184" percent="67">
      <mem type="allocate" free="270872640" total="333709312" percent="81" />
      <mem type="survivor" free="0" total="68943872" percent="0" />
    </mem>
    <mem type="tenure" free="1052151912" total="1207959552" percent="87" macro-fragmented="0">
      <mem type="soa" free="991753320" total="1147560960" percent="86" />
      <mem type="loa" free="60398592" total="60398592" percent="100" />
    </mem>
    <remembered-set count="1336" />
  </mem-info>
</gc-end>
<cycle-end id="2842" type="scavenge" contextid="2836" timestamp="2021-04-05T23:16:52.629" />
<allocation-satisfied id="2843" threadId="000000000011CB00" bytesRequested="48" />
<af-end id="2844" timestamp="2021-04-05T23:16:52.629" threadId="000000000011D480" success="true" from="nursery"/>
<exclusive-end id="2845" timestamp="2021-04-05T23:16:52.629" durationms="110.171" />

<exclusive-start id="2846" timestamp="2021-04-05T23:16:53.382" intervalms="863.477">
  <response-info timems="0.048" idlems="0.048" threads="0" lastid="000000000013CF00" lastname="BenchmarkThread xml.validation 2" />
</exclusive-start>
<af-start id="2847" threadId="000000000013D880" totalBytesRequested="24" timestamp="2021-04-05T23:16:53.382" intervalms="863.478" type="nursery" />
<cycle-start id="2848" type="scavenge" contextid="0" timestamp="2021-04-05T23:16:53.382" intervalms="863.477" />
<gc-start id="2849" type="scavenge" contextid="2848" timestamp="2021-04-05T23:16:53.382">
  <mem-info id="2850" free="1052151912" total="1610612736" percent="65">
    <mem type="nursery" free="0" total="402653184" percent="0">
      <mem type="allocate" free="0" total="333709312" percent="0" />
      <mem type="survivor" free="0" total="68943872" percent="0" />
    </mem>
    <mem type="tenure" free="1052151912" total="1207959552" percent="87">
      <mem type="soa" free="991753320" total="1147560960" percent="86" />
      <mem type="loa" free="60398592" total="60398592" percent="100" />
    </mem>
    <remembered-set count="1532" />
  </mem-info>
</gc-start>
<allocation-stats totalBytes="270788912" >
  <allocated-bytes non-tlh="48" tlh="270788864" />
  <largest-consumer threadName="BenchmarkThread xml.validation 3" threadId="0000000000329300" bytes="42227680" />
</allocation-stats>
<gc-op id="2851" type="scavenge" timems="115.743" contextid="2848" timestamp="2021-04-05T23:16:53.498">
  <scavenger-info tenureage="3" tenuremask="7ff8" tiltratio="82" />
  <memory-copied type="nursery" objects="1629427" bytes="65972576" bytesdiscarded="12280" />
  <memory-copied type="tenure" objects="8" bytes="256" bytesdiscarded="0" />
</gc-op>
<gc-end id="2852" type="scavenge" contextid="2848" durationms="115.730" usertimems="436.752" systemtimems="0.000" timestamp="2021-04-05T23:16:53.498" activeThreads="4">
  <mem-info id="2853" free="1315288848" total="1610612736" percent="81">
    <mem type="nursery" free="263136936" total="402653184" percent="65">
      <mem type="allocate" free="263136936" total="329121792" percent="79" />
      <mem type="survivor" free="0" total="73531392" percent="0" />
    </mem>
    <mem type="tenure" free="1052151912" total="1207959552" percent="87" macro-fragmented="0">
      <mem type="soa" free="991753320" total="1147560960" percent="86" />
      <mem type="loa" free="60398592" total="60398592" percent="100" />
    </mem>
    <remembered-set count="1337" />
  </mem-info>
</gc-end>
<cycle-end id="2854" type="scavenge" contextid="2848" timestamp="2021-04-05T23:16:53.498" />
<allocation-satisfied id="2855" threadId="000000000013CF00" bytesRequested="24" />
<af-end id="2856" timestamp="2021-04-05T23:16:53.498" threadId="000000000013D880" success="true" from="nursery"/>
<exclusive-end id="2857" timestamp="2021-04-05T23:16:53.498" durationms="116.393" />

<exclusive-start id="2858" timestamp="2021-04-05T23:16:54.256" intervalms="874.344">
  <response-info timems="0.046" idlems="0.046" threads="0" lastid="0000000000330B00" lastname="BenchmarkThread xml.validation 5" />
</exclusive-start>
<af-start id="2859" threadId="0000000000331480" totalBytesRequested="16" timestamp="2021-04-05T23:16:54.256" intervalms="874.343" type="nursery" />
<cycle-start id="2860" type="scavenge" contextid="0" timestamp="2021-04-05T23:16:54.256" intervalms="874.346" />
<gc-start id="2861" type="scavenge" contextid="2860" timestamp="2021-04-05T23:16:54.256">
  <mem-info id="2862" free="1052151912" total="1610612736" percent="65">
    <mem type="nursery" free="0" total="402653184" percent="0">
      <mem type="allocate" free="0" total="329121792" percent="0" />
      <mem type="survivor" free="0" total="73531392" percent="0" />
    </mem>
    <mem type="tenure" free="1052151912" total="1207959552" percent="87">
      <mem type="soa" free="991753320" total="1147560960" percent="86" />
      <mem type="loa" free="60398592" total="60398592" percent="100" />
    </mem>
    <remembered-set count="1551" />
  </mem-info>
</gc-start>
<allocation-stats totalBytes="263028096" >
  <allocated-bytes non-tlh="4184" tlh="263023912" />
  <largest-consumer threadName="BenchmarkThread xml.validation 4" threadId="000000000032CF00" bytes="41118464" />
</allocation-stats>
<gc-op id="2863" type="scavenge" timems="107.923" contextid="2860" timestamp="2021-04-05T23:16:54.364">
  <scavenger-info tenureage="3" tenuremask="7ff8" tiltratio="81" />
  <memory-copied type="nursery" objects="1527836" bytes="61527248" bytesdiscarded="11376" />
  <memory-copied type="tenure" objects="6" bytes="192" bytesdiscarded="0" />
</gc-op>
<gc-end id="2864" type="scavenge" contextid="2860" durationms="107.912" usertimems="411.404" systemtimems="0.000" timestamp="2021-04-05T23:16:54.365" activeThreads="4">
  <mem-info id="2865" free="1320193832" total="1610612736" percent="81">
    <mem type="nursery" free="268041920" total="402653184" percent="66">
      <mem type="allocate" free="268041920" total="329580544" percent="81" />
      <mem type="survivor" free="0" total="73072640" percent="0" />
    </mem>
    <mem type="tenure" free="1052151912" total="1207959552" percent="87" macro-fragmented="0">
      <mem type="soa" free="991753320" total="1147560960" percent="86" />
      <mem type="loa" free="60398592" total="60398592" percent="100" />
    </mem>
    <remembered-set count="1337" />
  </mem-info>
</gc-end>
<cycle-end id="2866" type="scavenge" contextid="2860" timestamp="2021-04-05T23:16:54.365" />
<allocation-satisfied id="2867" threadId="0000000000330B00" bytesRequested="16" />
<af-end id="2868" timestamp="2021-04-05T23:16:54.365" threadId="0000000000331480" success="true" from="nursery"/>
<exclusive-end id="2869" timestamp="2021-04-05T23:16:54.365" durationms="108.593" />

<exclusive-start id="2870" timestamp="2021-04-05T23:16:55.112" intervalms="855.339">
  <response-info timems="0.054" idlems="0.034" threads="1" lastid="0000000000338300" lastname="BenchmarkThread xml.validation 7" />
</exclusive-start>
<af-start id="2871" threadId="000000000032D880" totalBytesRequested="1040" timestamp="2021-04-05T23:16:55.112" intervalms="855.335" type="nursery" />
<cycle-start id="2872" type="scavenge" contextid="0" timestamp="2021-04-05T23:16:55.112" intervalms="855.329" />
<gc-start id="2873" type="scavenge" contextid="2872" timestamp="2021-04-05T23:16:55.112">
  <mem-info id="2874" free="1052151912" total="1610612736" percent="65">
    <mem type="nursery" free="0" total="402653184" percent="0">
      <mem type="allocate" free="0" total="329580544" percent="0" />
      <mem type="survivor" free="0" total="73072640" percent="0" />
    </mem>
    <mem type="tenure" free="1052151912" total="1207959552" percent="87">
      <mem type="soa" free="991753320" total="1147560960" percent="86" />
      <mem type="loa" free="60398592" total="60398592" percent="100" />
    </mem>
    <remembered-set count="1546" />
  </mem-info>
</gc-start>
<allocation-stats totalBytes="267960520" >
  <allocated-bytes non-tlh="16" tlh="267960504" />
  <largest-consumer threadName="BenchmarkThread xml.validation 7" threadId="0000000000338300" bytes="47714704" />
</allocation-stats>
<gc-op id="2875" type="scavenge" timems="111.861" contextid="2872" timestamp="2021-04-05T23:16:55.224">
  <scavenger-info tenureage="3" tenuremask="7ff8" tiltratio="81" />
  <memory-copied type="nursery" objects="1541657" bytes="61947344" bytesdiscarded="10032" />
  <memory-copied type="tenure" objects="4" bytes="128" bytesdiscarded="0" />
</gc-op>
<gc-end id="2876" type="scavenge" contextid="2872" durationms="111.851" usertimems="425.016" systemtimems="0.000" timestamp="2021-04-05T23:16:55.224" activeThreads="4">
  <mem-info id="2877" free="1320889192" total="1610612736" percent="82">
    <mem type="nursery" free="268737280" total="402653184" percent="66">
      <mem type="allocate" free="268737280" total="330694656" percent="81" />
      <mem type="survivor" free="0" total="71958528" percent="0" />
    </mem>
    <mem type="tenure" free="1052151912" total="1207959552" percent="87" macro-fragmented="0">
      <mem type="soa" free="991753320" total="1147560960" percent="86" />
      <mem type="loa" free="60398592" total="60398592" percent="100" />
    </mem>
    <remembered-set count="1335" />
  </mem-info>
</gc-end>
<cycle-end id="2878" type="scavenge" contextid="2872" timestamp="2021-04-05T23:16:55.224" />
<allocation-satisfied id="2879" threadId="000000000032CF00" bytesRequested="1040" />
<af-end id="2880" timestamp="2021-04-05T23:16:55.224" threadId="000000000032D880" success="true" from="nursery"/>
<exclusive-end id="2881" timestamp="2021-04-05T23:16:55.224" durationms="112.501" />

<exclusive-start id="2882" timestamp="2021-04-05T23:16:55.903" intervalms="790.969">
  <response-info timems="0.063" idlems="0.039" threads="1" lastid="000000000032CF00" lastname="BenchmarkThread xml.validation 4" />
</exclusive-start>
<af-start id="2883" threadId="0000000000331480" totalBytesRequested="24" timestamp="2021-04-05T23:16:55.903" intervalms="790.971" type="nursery" />
<cycle-start id="2884" type="scavenge" contextid="0" timestamp="2021-04-05T23:16:55.903" intervalms="790.972" />
<gc-start id="2885" type="scavenge" contextid="2884" timestamp="2021-04-05T23:16:55.903">
  <mem-info id="2886" free="1052151912" total="1610612736" percent="65">
    <mem type="nursery" free="0" total="402653184" percent="0">
      <mem type="allocate" free="0" total="330694656" percent="0" />
      <mem type="survivor" free="0" total="71958528" percent="0" />
    </mem>
    <mem type="tenure" free="1052151912" total="1207959552" percent="87">
      <mem type="soa" free="991753320" total="1147560960" percent="86" />
      <mem type="loa" free="60398592" total="60398592" percent="100" />
    </mem>
    <remembered-set count="1554" />
  </mem-info>
</gc-start>
<allocation-stats totalBytes="268629680" >
  <allocated-bytes non-tlh="3120" tlh="268626560" />
  <largest-consumer threadName="BenchmarkThread xml.validation 4" threadId="000000000032CF00" bytes="45770376" />
</allocation-stats>
<gc-op id="2887" type="scavenge" timems="111.930" contextid="2884" timestamp="2021-04-05T23:16:56.015">
  <scavenger-info tenureage="3" tenuremask="7ff8" tiltratio="82" />
  <memory-copied type="nursery" objects="1532755" bytes="62324632" bytesdiscarded="11112" />
  <memory-copied type="tenure" objects="54526" bytes="1955120" bytesdiscarded="0" />
</gc-op>
<gc-end id="2888" type="scavenge" contextid="2884" durationms="111.920" usertimems="433.743" systemtimems="0.000" timestamp="2021-04-05T23:16:56.015" activeThreads="4">
  <mem-info id="2889" free="1319658856" total="1610612736" percent="81">
    <mem type="nursery" free="269210880" total="402653184" percent="66">
      <mem type="allocate" free="269210880" total="331546624" percent="81" />
      <mem type="survivor" free="0" total="71106560" percent="0" />
    </mem>
    <mem type="tenure" free="1050447976" total="1207959552" percent="86" macro-fragmented="0">
      <mem type="soa" free="990049384" total="1147560960" percent="86" />
      <mem type="loa" free="60398592" total="60398592" percent="100" />
    </mem>
    <remembered-set count="1347" />
  </mem-info>
</gc-end>
<cycle-end id="2890" type="scavenge" contextid="2884" timestamp="2021-04-05T23:16:56.015" />
<allocation-satisfied id="2891" threadId="0000000000330B00" bytesRequested="24" />
<af-end id="2892" timestamp="2021-04-05T23:16:56.015" threadId="0000000000331480" success="true" from="nursery"/>
<exclusive-end id="2893" timestamp="2021-04-05T23:16:56.015" durationms="112.581" />

<exclusive-start id="2894" timestamp="2021-04-05T23:16:56.765" intervalms="862.013">
  <response-info timems="0.061" idlems="0.037" threads="1" lastid="000000000011CB00" lastname="BenchmarkThread xml.validation 1" />
</exclusive-start>
<af-start id="2895" threadId="0000000000338C80" totalBytesRequested="88" timestamp="2021-04-05T23:16:56.765" intervalms="862.013" type="nursery" />
<cycle-start id="2896" type="scavenge" contextid="0" timestamp="2021-04-05T23:16:56.765" intervalms="862.015" />
<gc-start id="2897" type="scavenge" contextid="2896" timestamp="2021-04-05T23:16:56.765">
  <mem-info id="2898" free="1050447976" total="1610612736" percent="65">
    <mem type="nursery" free="0" total="402653184" percent="0">
      <mem type="allocate" free="0" total="331546624" percent="0" />
      <mem type="survivor" free="0" total="71106560" percent="0" />
    </mem>
    <mem type="tenure" free="1050447976" total="1207959552" percent="86">
      <mem type="soa" free="990049384" total="1147560960" percent="86" />
      <mem type="loa" free="60398592" total="60398592" percent="100" />
    </mem>
    <remembered-set count="1555" />
  </mem-info>
</gc-start>
<allocation-stats totalBytes="269124728" >
  <allocated-bytes non-tlh="24" tlh="269124704" />
  <largest-consumer threadName="BenchmarkThread xml.validation 7" threadId="0000000000338300" bytes="42762440" />
</allocation-stats>
<gc-op id="2899" type="scavenge" timems="114.508" contextid="2896" timestamp="2021-04-05T23:16:56.879">
  <scavenger-info tenureage="3" tenuremask="7ff8" tiltratio="82" />
  <memory-copied type="nursery" objects="1545156" bytes="62042624" bytesdiscarded="12016" />
  <memory-copied type="tenure" objects="75460" bytes="3262232" bytesdiscarded="0" />
</gc-op>
<gc-end id="2900" type="scavenge" contextid="2896" durationms="114.498" usertimems="439.358" systemtimems="0.000" timestamp="2021-04-05T23:16:56.880" activeThreads="4">
  <mem-info id="2901" free="1317384056" total="1610612736" percent="81">
    <mem type="nursery" free="270212880" total="402653184" percent="67">
      <mem type="allocate" free="270212880" total="332267520" percent="81" />
      <mem type="survivor" free="0" total="70385664" percent="0" />
    </mem>
    <mem type="tenure" free="1047171176" total="1207959552" percent="86" macro-fragmented="0">
      <mem type="soa" free="986772584" total="1147560960" percent="85" />
      <mem type="loa" free="60398592" total="60398592" percent="100" />
    </mem>
    <remembered-set count="1338" />
  </mem-info>
</gc-end>
<cycle-end id="2902" type="scavenge" contextid="2896" timestamp="2021-04-05T23:16:56.880" />
<allocation-satisfied id="2903" threadId="0000000000338300" bytesRequested="88" />
<af-end id="2904" timestamp="2021-04-05T23:16:56.880" threadId="0000000000338C80" success="true" from="nursery"/>
<exclusive-end id="2905" timestamp="2021-04-05T23:16:56.880" durationms="115.150" />

<exclusive-start id="2906" timestamp="2021-04-05T23:16:57.670" intervalms="905.786">
  <response-info timems="0.052" idlems="0.052" threads="0" lastid="000000000011CB00" lastname="BenchmarkThread xml.validation 1" />
</exclusive-start>
<af-start id="2907" threadId="000000000011D480" totalBytesRequested="16" timestamp="2021-04-05T23:16:57.670" intervalms="905.788" type="nursery" />
<cycle-start id="2908" type="scavenge" contextid="0" timestamp="2021-04-05T23:16:57.670" intervalms="905.789" />
<gc-start id="2909" type="scavenge" contextid="2908" timestamp="2021-04-05T23:16:57.671">
  <mem-info id="2910" free="1047171176" total="1610612736" percent="65">
    <mem type="nursery" free="0" total="402653184" percent="0">
      <mem type="allocate" free="0" total="332267520" percent="0" />
      <mem type="survivor" free="0" total="70385664" percent="0" />
    </mem>
    <mem type="tenure" free="1047171176" total="1207959552" percent="86">
      <mem type="soa" free="986772584" total="1147560960" percent="85" />
      <mem type="loa" free="60398592" total="60398592" percent="100" />
    </mem>
    <remembered-set count="1554" />
  </mem-info>
</gc-start>
<allocation-stats totalBytes="270108208" >
  <allocated-bytes non-tlh="2168" tlh="270106040" />
  <largest-consumer threadName="BenchmarkThread xml.validation 1" threadId="000000000011CB00" bytes="44842944" />
</allocation-stats>
<gc-op id="2911" type="scavenge" timems="111.282" contextid="2908" timestamp="2021-04-05T23:16:57.782">
  <scavenger-info tenureage="3" tenuremask="7ff8" tiltratio="82" />
  <memory-copied type="nursery" objects="1551417" bytes="62311712" bytesdiscarded="15400" />
  <memory-copied type="tenure" objects="4" bytes="128" bytesdiscarded="0" />
</gc-op>
<gc-end id="2912" type="scavenge" contextid="2908" durationms="111.271" usertimems="414.705" systemtimems="0.000" timestamp="2021-04-05T23:16:57.782" activeThreads="4">
  <mem-info id="2913" free="1317701408" total="1610612736" percent="81">
    <mem type="nursery" free="270530232" total="402653184" percent="67">
      <mem type="allocate" free="270530232" total="332857344" percent="81" />
      <mem type="survivor" free="0" total="69795840" percent="0" />
    </mem>
    <mem type="tenure" free="1047171176" total="1207959552" percent="86" macro-fragmented="0">
      <mem type="soa" free="986772584" total="1147560960" percent="85" />
      <mem type="loa" free="60398592" total="60398592" percent="100" />
    </mem>
    <remembered-set count="1336" />
  </mem-info>
</gc-end>
<cycle-end id="2914" type="scavenge" contextid="2908" timestamp="2021-04-05T23:16:57.782" />
<allocation-satisfied id="2915" threadId="000000000011CB00" bytesRequested="16" />
<af-end id="2916" timestamp="2021-04-05T23:16:57.782" threadId="000000000011D480" success="true" from="nursery"/>
<exclusive-end id="2917" timestamp="2021-04-05T23:16:57.782" durationms="112.031" />

<exclusive-start id="2918" timestamp="2021-04-05T23:16:58.530" intervalms="859.609">
  <response-info timems="0.053" idlems="0.053" threads="0" lastid="0000000000329300" lastname="BenchmarkThread xml.validation 3" />
</exclusive-start>
<af-start id="2919" threadId="0000000000329C80" totalBytesRequested="1040" timestamp="2021-04-05T23:16:58.530" intervalms="859.611" type="nursery" />
<cycle-start id="2920" type="scavenge" contextid="0" timestamp="2021-04-05T23:16:58.530" intervalms="859.616" />
<gc-start id="2921" type="scavenge" contextid="2920" timestamp="2021-04-05T23:16:58.530">
  <mem-info id="2922" free="1047171176" total="1610612736" percent="65">
    <mem type="nursery" free="0" total="402653184" percent="0">
      <mem type="allocate" free="0" total="332857344" percent="0" />
      <mem type="survivor" free="0" total="69795840" percent="0" />
    </mem>
    <mem type="tenure" free="1047171176" total="1207959552" percent="86">
      <mem type="soa" free="986772584" total="1147560960" percent="85" />
      <mem type="loa" free="60398592" total="60398592" percent="100" />
    </mem>
    <remembered-set count="1548" />
  </mem-info>
</gc-start>
<allocation-stats totalBytes="270436240" >
  <allocated-bytes non-tlh="16" tlh="270436224" />
  <largest-consumer threadName="BenchmarkThread xml.validation 2" threadId="000000000013CF00" bytes="45433032" />
</allocation-stats>
<gc-op id="2923" type="scavenge" timems="113.049" contextid="2920" timestamp="2021-04-05T23:16:58.643">
  <scavenger-info tenureage="3" tenuremask="7ff8" tiltratio="82" />
  <memory-copied type="nursery" objects="1606712" bytes="64913272" bytesdiscarded="11328" />
  <memory-copied type="tenure" objects="6" bytes="192" bytesdiscarded="0" />
</gc-op>
<gc-end id="2924" type="scavenge" contextid="2920" durationms="112.799" usertimems="426.285" systemtimems="0.000" timestamp="2021-04-05T23:16:58.644" activeThreads="4">
  <mem-info id="2925" free="1312548016" total="1610612736" percent="81">
    <mem type="nursery" free="265376840" total="402653184" percent="65">
      <mem type="allocate" free="265376840" total="330301440" percent="80" />
      <mem type="survivor" free="0" total="72351744" percent="0" />
    </mem>
    <mem type="tenure" free="1047171176" total="1207959552" percent="86" macro-fragmented="0">
      <mem type="soa" free="986772584" total="1147560960" percent="85" />
      <mem type="loa" free="60398592" total="60398592" percent="100" />
    </mem>
    <remembered-set count="1339" />
  </mem-info>
</gc-end>
<cycle-end id="2926" type="scavenge" contextid="2920" timestamp="2021-04-05T23:16:58.644" />
<allocation-satisfied id="2927" threadId="0000000000329300" bytesRequested="1040" />
<af-end id="2928" timestamp="2021-04-05T23:16:58.644" threadId="0000000000329C80" success="true" from="nursery"/>
<exclusive-end id="2929" timestamp="2021-04-05T23:16:58.644" durationms="113.720" />

<exclusive-start id="2930" timestamp="2021-04-05T23:16:59.396" intervalms="865.658">
  <response-info timems="0.050" idlems="0.050" threads="0" lastid="000000000013CF00" lastname="BenchmarkThread xml.validation 2" />
</exclusive-start>
<af-start id="2931" threadId="000000000013D880" totalBytesRequested="104" timestamp="2021-04-05T23:16:59.396" intervalms="865.656" type="nursery" />
<cycle-start id="2932" type="scavenge" contextid="0" timestamp="2021-04-05T23:16:59.396" intervalms="865.651" />
<gc-start id="2933" type="scavenge" contextid="2932" timestamp="2021-04-05T23:16:59.396">
  <mem-info id="2934" free="1047171176" total="1610612736" percent="65">
    <mem type="nursery" free="0" total="402653184" percent="0">
      <mem type="allocate" free="0" total="330301440" percent="0" />
      <mem type="survivor" free="0" total="72351744" percent="0" />
    </mem>
    <mem type="tenure" free="1047171176" total="1207959552" percent="86">
      <mem type="soa" free="986772584" total="1147560960" percent="85" />
      <mem type="loa" free="60398592" total="60398592" percent="100" />
    </mem>
    <remembered-set count="1551" />
  </mem-info>
</gc-start>
<allocation-stats totalBytes="265280168" >
  <allocated-bytes non-tlh="2080" tlh="265278088" />
  <largest-consumer threadName="BenchmarkThread xml.validation 6" threadId="0000000000334700" bytes="43497120" />
</allocation-stats>
<gc-op id="2935" type="scavenge" timems="107.133" contextid="2932" timestamp="2021-04-05T23:16:59.503">
  <scavenger-info tenureage="3" tenuremask="7ff8" tiltratio="82" />
  <memory-copied type="nursery" objects="1500927" bytes="61076840" bytesdiscarded="13520" />
  <memory-copied type="tenure" objects="6" bytes="192" bytesdiscarded="0" />
</gc-op>
<gc-end id="2936" type="scavenge" contextid="2932" durationms="107.122" usertimems="404.311" systemtimems="0.000" timestamp="2021-04-05T23:16:59.503" activeThreads="4">
  <mem-info id="2937" free="1316841008" total="1610612736" percent="81">
    <mem type="nursery" free="269669832" total="402653184" percent="66">
      <mem type="allocate" free="269669832" total="330760192" percent="81" />
      <mem type="survivor" free="0" total="71892992" percent="0" />
    </mem>
    <mem type="tenure" free="1047171176" total="1207959552" percent="86" macro-fragmented="0">
      <mem type="soa" free="986772584" total="1147560960" percent="85" />
      <mem type="loa" free="60398592" total="60398592" percent="100" />
    </mem>
    <remembered-set count="1334" />
  </mem-info>
</gc-end>
<cycle-end id="2938" type="scavenge" contextid="2932" timestamp="2021-04-05T23:16:59.503" />
<allocation-satisfied id="2939" threadId="000000000013CF00" bytesRequested="104" />
<af-end id="2940" timestamp="2021-04-05T23:16:59.503" threadId="000000000013D880" success="true" from="nursery"/>
<exclusive-end id="2941" timestamp="2021-04-05T23:16:59.503" durationms="107.799" />

<exclusive-start id="2942" timestamp="2021-04-05T23:17:00.377" intervalms="981.719">
  <response-info timems="0.083" idlems="0.051" threads="1" lastid="0000000000338300" lastname="BenchmarkThread xml.validation 7" />
</exclusive-start>
<af-start id="2943" threadId="000000000013D880" totalBytesRequested="1040" timestamp="2021-04-05T23:17:00.377" intervalms="981.730" type="nursery" />
<cycle-start id="2944" type="scavenge" contextid="0" timestamp="2021-04-05T23:17:00.377" intervalms="981.738" />
<gc-start id="2945" type="scavenge" contextid="2944" timestamp="2021-04-05T23:17:00.378">
  <mem-info id="2946" free="1047171176" total="1610612736" percent="65">
    <mem type="nursery" free="0" total="402653184" percent="0">
      <mem type="allocate" free="0" total="330760192" percent="0" />
      <mem type="survivor" free="0" total="71892992" percent="0" />
    </mem>
    <mem type="tenure" free="1047171176" total="1207959552" percent="86">
      <mem type="soa" free="986772584" total="1147560960" percent="85" />
      <mem type="loa" free="60398592" total="60398592" percent="100" />
    </mem>
    <remembered-set count="1539" />
  </mem-info>
</gc-start>
<allocation-stats totalBytes="269582776" >
  <allocated-bytes non-tlh="104" tlh="269582672" />
  <largest-consumer threadName="BenchmarkThread xml.validation 3" threadId="0000000000329300" bytes="44710296" />
</allocation-stats>
<gc-op id="2947" type="scavenge" timems="141.399" contextid="2944" timestamp="2021-04-05T23:17:00.519">
  <scavenger-info tenureage="3" tenuremask="7ff8" tiltratio="82" />
  <memory-copied type="nursery" objects="1523765" bytes="61427800" bytesdiscarded="14056" />
  <memory-copied type="tenure" objects="6" bytes="192" bytesdiscarded="0" />
</gc-op>
<gc-end id="2948" type="scavenge" contextid="2944" durationms="141.386" usertimems="551.259" systemtimems="0.000" timestamp="2021-04-05T23:17:00.519" activeThreads="4">
  <mem-info id="2949" free="1317538088" total="1610612736" percent="81">
    <mem type="nursery" free="270366912" total="402653184" percent="67">
      <mem type="allocate" free="270366912" total="331808768" percent="81" />
      <mem type="survivor" free="0" total="70844416" percent="0" />
    </mem>
    <mem type="tenure" free="1047171176" total="1207959552" percent="86" macro-fragmented="0">
      <mem type="soa" free="986772584" total="1147560960" percent="85" />
      <mem type="loa" free="60398592" total="60398592" percent="100" />
    </mem>
    <remembered-set count="1336" />
  </mem-info>
</gc-end>
<cycle-end id="2950" type="scavenge" contextid="2944" timestamp="2021-04-05T23:17:00.520" />
<allocation-satisfied id="2951" threadId="000000000013CF00" bytesRequested="1040" />
<af-end id="2952" timestamp="2021-04-05T23:17:00.520" threadId="000000000013D880" success="true" from="nursery"/>
<exclusive-end id="2953" timestamp="2021-04-05T23:17:00.520" durationms="142.265" />

<exclusive-start id="2954" timestamp="2021-04-05T23:17:01.341" intervalms="963.686">
  <response-info timems="0.046" idlems="0.046" threads="0" lastid="0000000000338300" lastname="BenchmarkThread xml.validation 7" />
</exclusive-start>
<af-start id="2955" threadId="0000000000338C80" totalBytesRequested="1040" timestamp="2021-04-05T23:17:01.341" intervalms="963.674" type="nursery" />
<cycle-start id="2956" type="scavenge" contextid="0" timestamp="2021-04-05T23:17:01.341" intervalms="963.664" />
<gc-start id="2957" type="scavenge" contextid="2956" timestamp="2021-04-05T23:17:01.341">
  <mem-info id="2958" free="1047171176" total="1610612736" percent="65">
    <mem type="nursery" free="0" total="402653184" percent="0">
      <mem type="allocate" free="0" total="331808768" percent="0" />
      <mem type="survivor" free="0" total="70844416" percent="0" />
    </mem>
    <mem type="tenure" free="1047171176" total="1207959552" percent="86">
      <mem type="soa" free="986772584" total="1147560960" percent="85" />
      <mem type="loa" free="60398592" total="60398592" percent="100" />
    </mem>
    <remembered-set count="1540" />
  </mem-info>
</gc-start>
<allocation-stats totalBytes="270273448" >
  <allocated-bytes non-tlh="1040" tlh="270272408" />
  <largest-consumer threadName="BenchmarkThread xml.validation 2" threadId="000000000013CF00" bytes="44183752" />
</allocation-stats>
<gc-op id="2959" type="scavenge" timems="110.083" contextid="2956" timestamp="2021-04-05T23:17:01.451">
  <scavenger-info tenureage="3" tenuremask="7ff8" tiltratio="82" />
  <memory-copied type="nursery" objects="1547275" bytes="62231816" bytesdiscarded="6984" />
  <memory-copied type="tenure" objects="6" bytes="192" bytesdiscarded="0" />
</gc-op>
<gc-end id="2960" type="scavenge" contextid="2956" durationms="110.072" usertimems="411.188" systemtimems="0.000" timestamp="2021-04-05T23:17:01.452" activeThreads="4">
  <mem-info id="2961" free="1317265432" total="1610612736" percent="81">
    <mem type="nursery" free="270094256" total="402653184" percent="67">
      <mem type="allocate" free="270094256" total="332333056" percent="81" />
      <mem type="survivor" free="0" total="70320128" percent="0" />
    </mem>
    <mem type="tenure" free="1047171176" total="1207959552" percent="86" macro-fragmented="0">
      <mem type="soa" free="986772584" total="1147560960" percent="85" />
      <mem type="loa" free="60398592" total="60398592" percent="100" />
    </mem>
    <remembered-set count="1331" />
  </mem-info>
</gc-end>
<cycle-end id="2962" type="scavenge" contextid="2956" timestamp="2021-04-05T23:17:01.452" />
<allocation-satisfied id="2963" threadId="0000000000338300" bytesRequested="1040" />
<af-end id="2964" timestamp="2021-04-05T23:17:01.452" threadId="0000000000338C80" success="true" from="nursery"/>
<exclusive-end id="2965" timestamp="2021-04-05T23:17:01.452" durationms="110.726" />

<exclusive-start id="2966" timestamp="2021-04-05T23:17:02.176" intervalms="834.589">
  <response-info timems="0.051" idlems="0.051" threads="0" lastid="000000000033BE00" lastname="BenchmarkThread xml.validation 8" />
</exclusive-start>
<af-start id="2967" threadId="000000000033C780" totalBytesRequested="16" timestamp="2021-04-05T23:17:02.176" intervalms="834.587" type="nursery" />
<cycle-start id="2968" type="scavenge" contextid="0" timestamp="2021-04-05T23:17:02.176" intervalms="834.588" />
<gc-start id="2969" type="scavenge" contextid="2968" timestamp="2021-04-05T23:17:02.176">
  <mem-info id="2970" free="1047171176" total="1610612736" percent="65">
    <mem type="nursery" free="0" total="402653184" percent="0">
      <mem type="allocate" free="0" total="332333056" percent="0" />
      <mem type="survivor" free="0" total="70320128" percent="0" />
    </mem>
    <mem type="tenure" free="1047171176" total="1207959552" percent="86">
      <mem type="soa" free="986772584" total="1147560960" percent="85" />
      <mem type="loa" free="60398592" total="60398592" percent="100" />
    </mem>
    <remembered-set count="1567" />
  </mem-info>
</gc-start>
<allocation-stats totalBytes="269991624" >
  <allocated-bytes non-tlh="2080" tlh="269989544" />
  <largest-consumer threadName="BenchmarkThread xml.validation 7" threadId="0000000000338300" bytes="43855960" />
</allocation-stats>
<gc-op id="2971" type="scavenge" timems="112.589" contextid="2968" timestamp="2021-04-05T23:17:02.288">
  <scavenger-info tenureage="3" tenuremask="7ff8" tiltratio="82" />
  <memory-copied type="nursery" objects="1609124" bytes="65229296" bytesdiscarded="11992" />
  <memory-copied type="tenure" objects="6" bytes="192" bytesdiscarded="0" />
</gc-op>
<gc-end id="2972" type="scavenge" contextid="2968" durationms="112.578" usertimems="444.459" systemtimems="0.003" timestamp="2021-04-05T23:17:02.289" activeThreads="4">
  <mem-info id="2973" free="1311575968" total="1610612736" percent="81">
    <mem type="nursery" free="264404792" total="402653184" percent="65">
      <mem type="allocate" free="264404792" total="329646080" percent="80" />
      <mem type="survivor" free="0" total="73007104" percent="0" />
    </mem>
    <mem type="tenure" free="1047171176" total="1207959552" percent="86" macro-fragmented="0">
      <mem type="soa" free="986772584" total="1147560960" percent="85" />
      <mem type="loa" free="60398592" total="60398592" percent="100" />
    </mem>
    <remembered-set count="1338" />
  </mem-info>
</gc-end>
<cycle-end id="2974" type="scavenge" contextid="2968" timestamp="2021-04-05T23:17:02.289" />
<allocation-satisfied id="2975" threadId="000000000033BE00" bytesRequested="16" />
<af-end id="2976" timestamp="2021-04-05T23:17:02.289" threadId="000000000033C780" success="true" from="nursery"/>
<exclusive-end id="2977" timestamp="2021-04-05T23:17:02.289" durationms="113.219" />

<exclusive-start id="2978" timestamp="2021-04-05T23:17:02.956" intervalms="780.241">
  <response-info timems="0.056" idlems="0.033" threads="1" lastid="000000000013CF00" lastname="BenchmarkThread xml.validation 2" />
</exclusive-start>
<af-start id="2979" threadId="000000000033C780" totalBytesRequested="40" timestamp="2021-04-05T23:17:02.956" intervalms="780.252" type="nursery" />
<cycle-start id="2980" type="scavenge" contextid="0" timestamp="2021-04-05T23:17:02.956" intervalms="780.251" />
<gc-start id="2981" type="scavenge" contextid="2980" timestamp="2021-04-05T23:17:02.956">
  <mem-info id="2982" free="1047171176" total="1610612736" percent="65">
    <mem type="nursery" free="0" total="402653184" percent="0">
      <mem type="allocate" free="0" total="329646080" percent="0" />
      <mem type="survivor" free="0" total="73007104" percent="0" />
    </mem>
    <mem type="tenure" free="1047171176" total="1207959552" percent="86">
      <mem type="soa" free="986772584" total="1147560960" percent="85" />
      <mem type="loa" free="60398592" total="60398592" percent="100" />
    </mem>
    <remembered-set count="1529" />
  </mem-info>
</gc-start>
<allocation-stats totalBytes="264309472" >
  <allocated-bytes non-tlh="5216" tlh="264304256" />
  <largest-consumer threadName="BenchmarkThread xml.validation 8" threadId="000000000033BE00" bytes="46048480" />
</allocation-stats>
<gc-op id="2983" type="scavenge" timems="108.372" contextid="2980" timestamp="2021-04-05T23:17:03.064">
  <scavenger-info tenureage="3" tenuremask="7ff8" tiltratio="81" />
  <memory-copied type="nursery" objects="1548338" bytes="62309304" bytesdiscarded="10952" />
  <memory-copied type="tenure" objects="6" bytes="192" bytesdiscarded="0" />
</gc-op>
<gc-end id="2984" type="scavenge" contextid="2980" durationms="108.361" usertimems="419.168" systemtimems="0.004" timestamp="2021-04-05T23:17:03.065" activeThreads="4">
  <mem-info id="2985" free="1314955752" total="1610612736" percent="81">
    <mem type="nursery" free="267784576" total="402653184" percent="66">
      <mem type="allocate" free="267784576" total="330104832" percent="81" />
      <mem type="survivor" free="0" total="72548352" percent="0" />
    </mem>
    <mem type="tenure" free="1047171176" total="1207959552" percent="86" macro-fragmented="0">
      <mem type="soa" free="986772584" total="1147560960" percent="85" />
      <mem type="loa" free="60398592" total="60398592" percent="100" />
    </mem>
    <remembered-set count="1337" />
  </mem-info>
</gc-end>
<cycle-end id="2986" type="scavenge" contextid="2980" timestamp="2021-04-05T23:17:03.065" />
<allocation-satisfied id="2987" threadId="000000000033BE00" bytesRequested="40" />
<af-end id="2988" timestamp="2021-04-05T23:17:03.065" threadId="000000000033C780" success="true" from="nursery"/>
<exclusive-end id="2989" timestamp="2021-04-05T23:17:03.065" durationms="109.034" />

<exclusive-start id="2990" timestamp="2021-04-05T23:17:03.795" intervalms="839.423">
  <response-info timems="0.045" idlems="0.045" threads="0" lastid="0000000000338300" lastname="BenchmarkThread xml.validation 7" />
</exclusive-start>
<af-start id="2991" threadId="0000000000338C80" totalBytesRequested="24" timestamp="2021-04-05T23:17:03.795" intervalms="839.412" type="nursery" />
<cycle-start id="2992" type="scavenge" contextid="0" timestamp="2021-04-05T23:17:03.795" intervalms="839.412" />
<gc-start id="2993" type="scavenge" contextid="2992" timestamp="2021-04-05T23:17:03.795">
  <mem-info id="2994" free="1047171176" total="1610612736" percent="65">
    <mem type="nursery" free="0" total="402653184" percent="0">
      <mem type="allocate" free="0" total="330104832" percent="0" />
      <mem type="survivor" free="0" total="72548352" percent="0" />
    </mem>
    <mem type="tenure" free="1047171176" total="1207959552" percent="86">
      <mem type="soa" free="986772584" total="1147560960" percent="85" />
      <mem type="loa" free="60398592" total="60398592" percent="100" />
    </mem>
    <remembered-set count="1558" />
  </mem-info>
</gc-start>
<allocation-stats totalBytes="267692160" >
  <allocated-bytes non-tlh="40" tlh="267692120" />
  <largest-consumer threadName="BenchmarkThread xml.validation 7" threadId="0000000000338300" bytes="50062840" />
</allocation-stats>
<gc-op id="2995" type="scavenge" timems="114.577" contextid="2992" timestamp="2021-04-05T23:17:03.910">
  <scavenger-info tenureage="3" tenuremask="7ff8" tiltratio="81" />
  <memory-copied type="nursery" objects="1444436" bytes="58364336" bytesdiscarded="10912" />
  <memory-copied type="tenure" objects="133497" bytes="5342832" bytesdiscarded="0" />
</gc-op>
<gc-end id="2996" type="scavenge" contextid="2992" durationms="114.567" usertimems="456.403" systemtimems="0.012" timestamp="2021-04-05T23:17:03.910" activeThreads="4">
  <mem-info id="2997" free="1314444312" total="1610612736" percent="81">
    <mem type="nursery" free="272778160" total="402653184" percent="67">
      <mem type="allocate" free="272778160" total="331153408" percent="82" />
      <mem type="survivor" free="0" total="71499776" percent="0" />
    </mem>
    <mem type="tenure" free="1041666152" total="1207959552" percent="86" macro-fragmented="0">
      <mem type="soa" free="981267560" total="1147560960" percent="85" />
      <mem type="loa" free="60398592" total="60398592" percent="100" />
    </mem>
    <remembered-set count="1643" />
  </mem-info>
</gc-end>
<cycle-end id="2998" type="scavenge" contextid="2992" timestamp="2021-04-05T23:17:03.910" />
<allocation-satisfied id="2999" threadId="0000000000338300" bytesRequested="24" />
<af-end id="3000" timestamp="2021-04-05T23:17:03.910" threadId="0000000000338C80" success="true" from="nursery"/>
<exclusive-end id="3001" timestamp="2021-04-05T23:17:03.910" durationms="115.208" />

<exclusive-start id="3002" timestamp="2021-04-05T23:17:04.563" intervalms="768.138">
  <response-info timems="0.043" idlems="0.043" threads="0" lastid="0000000000329300" lastname="BenchmarkThread xml.validation 3" />
</exclusive-start>
<af-start id="3003" threadId="0000000000329C80" totalBytesRequested="24" timestamp="2021-04-05T23:17:04.563" intervalms="768.138" type="nursery" />
<cycle-start id="3004" type="scavenge" contextid="0" timestamp="2021-04-05T23:17:04.564" intervalms="768.139" />
<gc-start id="3005" type="scavenge" contextid="3004" timestamp="2021-04-05T23:17:04.564">
  <mem-info id="3006" free="1041666152" total="1610612736" percent="64">
    <mem type="nursery" free="0" total="402653184" percent="0">
      <mem type="allocate" free="0" total="331153408" percent="0" />
      <mem type="survivor" free="0" total="71499776" percent="0" />
    </mem>
    <mem type="tenure" free="1041666152" total="1207959552" percent="86">
      <mem type="soa" free="981267560" total="1147560960" percent="85" />
      <mem type="loa" free="60398592" total="60398592" percent="100" />
    </mem>
    <remembered-set count="1831" />
  </mem-info>
</gc-start>
<allocation-stats totalBytes="272673248" >
  <allocated-bytes non-tlh="24" tlh="272673224" />
  <largest-consumer threadName="BenchmarkThread xml.validation 8" threadId="000000000033BE00" bytes="51872184" />
</allocation-stats>
<gc-op id="3007" type="scavenge" timems="117.029" contextid="3004" timestamp="2021-04-05T23:17:04.681">
  <scavenger-info tenureage="3" tenuremask="7ff8" tiltratio="82" />
  <memory-copied type="nursery" objects="1410390" bytes="57411584" bytesdiscarded="11152" />
  <memory-copied type="tenure" objects="209490" bytes="8431168" bytesdiscarded="0" />
</gc-op>
<gc-end id="3008" type="scavenge" contextid="3004" durationms="117.019" usertimems="446.057" systemtimems="0.000" timestamp="2021-04-05T23:17:04.681" activeThreads="4">
  <mem-info id="3009" free="1308695760" total="1610612736" percent="81">
    <mem type="nursery" free="275434608" total="402653184" percent="68">
      <mem type="allocate" free="275434608" total="332857344" percent="82" />
      <mem type="survivor" free="0" total="69795840" percent="0" />
    </mem>
    <mem type="tenure" free="1033261152" total="1207959552" percent="85" macro-fragmented="0">
      <mem type="soa" free="972862560" total="1147560960" percent="84" />
      <mem type="loa" free="60398592" total="60398592" percent="100" />
    </mem>
    <remembered-set count="1326" />
  </mem-info>
</gc-end>
<cycle-end id="3010" type="scavenge" contextid="3004" timestamp="2021-04-05T23:17:04.681" />
<allocation-satisfied id="3011" threadId="0000000000329300" bytesRequested="24" />
<af-end id="3012" timestamp="2021-04-05T23:17:04.681" threadId="0000000000329C80" success="true" from="nursery"/>
<exclusive-end id="3013" timestamp="2021-04-05T23:17:04.681" durationms="118.011" />

<exclusive-start id="3014" timestamp="2021-04-05T23:17:05.459" intervalms="895.509">
  <response-info timems="0.072" idlems="0.044" threads="1" lastid="0000000000334700" lastname="BenchmarkThread xml.validation 6" />
</exclusive-start>
<af-start id="3015" threadId="000000000033C780" totalBytesRequested="16" timestamp="2021-04-05T23:17:05.459" intervalms="895.509" type="nursery" />
<cycle-start id="3016" type="scavenge" contextid="0" timestamp="2021-04-05T23:17:05.459" intervalms="895.509" />
<gc-start id="3017" type="scavenge" contextid="3016" timestamp="2021-04-05T23:17:05.459">
  <mem-info id="3018" free="1033261152" total="1610612736" percent="64">
    <mem type="nursery" free="0" total="402653184" percent="0">
      <mem type="allocate" free="0" total="332857344" percent="0" />
      <mem type="survivor" free="0" total="69795840" percent="0" />
    </mem>
    <mem type="tenure" free="1033261152" total="1207959552" percent="85">
      <mem type="soa" free="972862560" total="1147560960" percent="84" />
      <mem type="loa" free="60398592" total="60398592" percent="100" />
    </mem>
    <remembered-set count="1582" />
  </mem-info>
</gc-start>
<allocation-stats totalBytes="275345600" >
  <allocated-bytes non-tlh="24" tlh="275345576" />
  <largest-consumer threadName="BenchmarkThread xml.validation 7" threadId="0000000000338300" bytes="43875328" />
</allocation-stats>
<gc-op id="3019" type="scavenge" timems="121.863" contextid="3016" timestamp="2021-04-05T23:17:05.581">
  <scavenger-info tenureage="3" tenuremask="7ff8" tiltratio="82" />
  <memory-copied type="nursery" objects="1540659" bytes="62172536" bytesdiscarded="13056" />
  <memory-copied type="tenure" objects="123048" bytes="5029128" bytesdiscarded="0" />
</gc-op>
<gc-end id="3020" type="scavenge" contextid="3016" durationms="121.853" usertimems="480.584" systemtimems="0.001" timestamp="2021-04-05T23:17:05.582" activeThreads="4">
  <mem-info id="3021" free="1296920552" total="1610612736" percent="80">
    <mem type="nursery" free="268640136" total="402653184" percent="66">
      <mem type="allocate" free="268640136" total="330825728" percent="81" />
      <mem type="survivor" free="0" total="71827456" percent="0" />
    </mem>
    <mem type="tenure" free="1028280416" total="1207959552" percent="85" macro-fragmented="0">
      <mem type="soa" free="967881824" total="1147560960" percent="84" />
      <mem type="loa" free="60398592" total="60398592" percent="100" />
    </mem>
    <remembered-set count="1333" />
  </mem-info>
</gc-end>
<cycle-end id="3022" type="scavenge" contextid="3016" timestamp="2021-04-05T23:17:05.582" />
<allocation-satisfied id="3023" threadId="000000000033BE00" bytesRequested="16" />
<af-end id="3024" timestamp="2021-04-05T23:17:05.582" threadId="000000000033C780" success="true" from="nursery"/>
<exclusive-end id="3025" timestamp="2021-04-05T23:17:05.582" durationms="122.808" />

<exclusive-start id="3026" timestamp="2021-04-05T23:17:06.280" intervalms="821.324">
  <response-info timems="0.048" idlems="0.048" threads="0" lastid="000000000013CF00" lastname="BenchmarkThread xml.validation 2" />
</exclusive-start>
<af-start id="3027" threadId="000000000013D880" totalBytesRequested="16" timestamp="2021-04-05T23:17:06.280" intervalms="821.336" type="nursery" />
<cycle-start id="3028" type="scavenge" contextid="0" timestamp="2021-04-05T23:17:06.281" intervalms="821.740" />
<gc-start id="3029" type="scavenge" contextid="3028" timestamp="2021-04-05T23:17:06.281">
  <mem-info id="3030" free="1028280416" total="1610612736" percent="63">
    <mem type="nursery" free="0" total="402653184" percent="0">
      <mem type="allocate" free="0" total="330825728" percent="0" />
      <mem type="survivor" free="0" total="71827456" percent="0" />
    </mem>
    <mem type="tenure" free="1028280416" total="1207959552" percent="85">
      <mem type="soa" free="967881824" total="1147560960" percent="84" />
      <mem type="loa" free="60398592" total="60398592" percent="100" />
    </mem>
    <remembered-set count="1543" />
  </mem-info>
</gc-start>
<allocation-stats totalBytes="268542808" >
  <allocated-bytes non-tlh="16" tlh="268542792" />
  <largest-consumer threadName="BenchmarkThread xml.validation 8" threadId="000000000033BE00" bytes="46088592" />
</allocation-stats>
<gc-op id="3031" type="scavenge" timems="109.865" contextid="3028" timestamp="2021-04-05T23:17:06.391">
  <scavenger-info tenureage="3" tenuremask="7ff8" tiltratio="82" />
  <memory-copied type="nursery" objects="1513335" bytes="60720560" bytesdiscarded="10160" />
  <memory-copied type="tenure" objects="31270" bytes="1291936" bytesdiscarded="0" />
</gc-op>
<gc-end id="3032" type="scavenge" contextid="3028" durationms="109.854" usertimems="426.627" systemtimems="0.000" timestamp="2021-04-05T23:17:06.391" activeThreads="4">
  <mem-info id="3033" free="1297851136" total="1610612736" percent="80">
    <mem type="nursery" free="271012512" total="402653184" percent="67">
      <mem type="allocate" free="271012512" total="331743232" percent="81" />
      <mem type="survivor" free="0" total="70909952" percent="0" />
    </mem>
    <mem type="tenure" free="1026838624" total="1207959552" percent="85" macro-fragmented="0">
      <mem type="soa" free="966440032" total="1147560960" percent="84" />
      <mem type="loa" free="60398592" total="60398592" percent="100" />
    </mem>
    <remembered-set count="1348" />
  </mem-info>
</gc-end>
<cycle-end id="3034" type="scavenge" contextid="3028" timestamp="2021-04-05T23:17:06.391" />
<allocation-satisfied id="3035" threadId="000000000013CF00" bytesRequested="16" />
<af-end id="3036" timestamp="2021-04-05T23:17:06.392" threadId="000000000013D880" success="true" from="nursery"/>
<exclusive-end id="3037" timestamp="2021-04-05T23:17:06.392" durationms="111.280" />

<exclusive-start id="3038" timestamp="2021-04-05T23:17:07.080" intervalms="799.418">
  <response-info timems="0.041" idlems="0.041" threads="0" lastid="000000000032CF00" lastname="BenchmarkThread xml.validation 4" />
</exclusive-start>
<af-start id="3039" threadId="000000000032D880" totalBytesRequested="64" timestamp="2021-04-05T23:17:07.080" intervalms="799.405" type="nursery" />
<cycle-start id="3040" type="scavenge" contextid="0" timestamp="2021-04-05T23:17:07.080" intervalms="799.000" />
<gc-start id="3041" type="scavenge" contextid="3040" timestamp="2021-04-05T23:17:07.080">
  <mem-info id="3042" free="1026838624" total="1610612736" percent="63">
    <mem type="nursery" free="0" total="402653184" percent="0">
      <mem type="allocate" free="0" total="331743232" percent="0" />
      <mem type="survivor" free="0" total="70909952" percent="0" />
    </mem>
    <mem type="tenure" free="1026838624" total="1207959552" percent="85">
      <mem type="soa" free="966440032" total="1147560960" percent="84" />
      <mem type="loa" free="60398592" total="60398592" percent="100" />
    </mem>
    <remembered-set count="1548" />
  </mem-info>
</gc-start>
<allocation-stats totalBytes="270925176" >
  <allocated-bytes non-tlh="16" tlh="270925160" />
  <largest-consumer threadName="BenchmarkThread xml.validation 1" threadId="000000000011CB00" bytes="43077224" />
</allocation-stats>
<gc-op id="3043" type="scavenge" timems="120.267" contextid="3040" timestamp="2021-04-05T23:17:07.200">
  <scavenger-info tenureage="3" tenuremask="7ff8" tiltratio="82" />
  <memory-copied type="nursery" objects="1589213" bytes="64304232" bytesdiscarded="12648" />
  <memory-copied type="tenure" objects="98728" bytes="3954432" bytesdiscarded="0" />
</gc-op>
<gc-end id="3044" type="scavenge" contextid="3040" durationms="120.257" usertimems="474.366" systemtimems="0.004" timestamp="2021-04-05T23:17:07.201" activeThreads="4">
  <mem-info id="3045" free="1288366736" total="1610612736" percent="79">
    <mem type="nursery" free="265460272" total="402653184" percent="65">
      <mem type="allocate" free="265460272" total="329777152" percent="80" />
      <mem type="survivor" free="0" total="72876032" percent="0" />
    </mem>
    <mem type="tenure" free="1022906464" total="1207959552" percent="84" macro-fragmented="0">
      <mem type="soa" free="962507872" total="1147560960" percent="83" />
      <mem type="loa" free="60398592" total="60398592" percent="100" />
    </mem>
    <remembered-set count="1341" />
  </mem-info>
</gc-end>
<cycle-end id="3046" type="scavenge" contextid="3040" timestamp="2021-04-05T23:17:07.201" />
<allocation-satisfied id="3047" threadId="000000000032CF00" bytesRequested="64" />
<af-end id="3048" timestamp="2021-04-05T23:17:07.201" threadId="000000000032D880" success="true" from="nursery"/>
<exclusive-end id="3049" timestamp="2021-04-05T23:17:07.201" durationms="121.248" />

<exclusive-start id="3050" timestamp="2021-04-05T23:17:07.975" intervalms="895.117">
  <response-info timems="0.055" idlems="0.055" threads="0" lastid="000000000013CF00" lastname="BenchmarkThread xml.validation 2" />
</exclusive-start>
<af-start id="3051" threadId="000000000013D880" totalBytesRequested="24" timestamp="2021-04-05T23:17:07.975" intervalms="895.119" type="nursery" />
<cycle-start id="3052" type="scavenge" contextid="0" timestamp="2021-04-05T23:17:07.975" intervalms="895.119" />
<gc-start id="3053" type="scavenge" contextid="3052" timestamp="2021-04-05T23:17:07.975">
  <mem-info id="3054" free="1022906464" total="1610612736" percent="63">
    <mem type="nursery" free="0" total="402653184" percent="0">
      <mem type="allocate" free="0" total="329777152" percent="0" />
      <mem type="survivor" free="0" total="72876032" percent="0" />
    </mem>
    <mem type="tenure" free="1022906464" total="1207959552" percent="84">
      <mem type="soa" free="962507872" total="1147560960" percent="83" />
      <mem type="loa" free="60398592" total="60398592" percent="100" />
    </mem>
    <remembered-set count="1579" />
  </mem-info>
</gc-start>
<allocation-stats totalBytes="265351040" >
  <allocated-bytes non-tlh="64" tlh="265350976" />
  <largest-consumer threadName="BenchmarkThread xml.validation 5" threadId="0000000000330B00" bytes="48058792" />
</allocation-stats>
<gc-op id="3055" type="scavenge" timems="111.318" contextid="3052" timestamp="2021-04-05T23:17:08.086">
  <scavenger-info tenureage="3" tenuremask="7ff8" tiltratio="81" />
  <memory-copied type="nursery" objects="1548141" bytes="62248944" bytesdiscarded="10920" />
  <memory-copied type="tenure" objects="10" bytes="320" bytesdiscarded="0" />
</gc-op>
<gc-end id="3056" type="scavenge" contextid="3052" durationms="111.306" usertimems="432.089" systemtimems="0.000" timestamp="2021-04-05T23:17:08.087" activeThreads="4">
  <mem-info id="3057" free="1291144648" total="1610612736" percent="80">
    <mem type="nursery" free="268238184" total="402653184" percent="66">
      <mem type="allocate" free="268238184" total="330498048" percent="81" />
      <mem type="survivor" free="0" total="72155136" percent="0" />
    </mem>
    <mem type="tenure" free="1022906464" total="1207959552" percent="84" macro-fragmented="0">
      <mem type="soa" free="962507872" total="1147560960" percent="83" />
      <mem type="loa" free="60398592" total="60398592" percent="100" />
    </mem>
    <remembered-set count="1341" />
  </mem-info>
</gc-end>
<cycle-end id="3058" type="scavenge" contextid="3052" timestamp="2021-04-05T23:17:08.087" />
<allocation-satisfied id="3059" threadId="000000000013CF00" bytesRequested="24" />
<af-end id="3060" timestamp="2021-04-05T23:17:08.087" threadId="000000000013D880" success="true" from="nursery"/>
<exclusive-end id="3061" timestamp="2021-04-05T23:17:08.087" durationms="112.586" />

<exclusive-start id="3062" timestamp="2021-04-05T23:17:08.751" intervalms="775.974">
  <response-info timems="0.071" idlems="0.038" threads="2" lastid="000000000013CF00" lastname="BenchmarkThread xml.validation 2" />
</exclusive-start>
<af-start id="3063" threadId="0000000000338C80" totalBytesRequested="40" timestamp="2021-04-05T23:17:08.751" intervalms="775.987" type="nursery" />
<cycle-start id="3064" type="scavenge" contextid="0" timestamp="2021-04-05T23:17:08.751" intervalms="775.987" />
<gc-start id="3065" type="scavenge" contextid="3064" timestamp="2021-04-05T23:17:08.751">
  <mem-info id="3066" free="1022906464" total="1610612736" percent="63">
    <mem type="nursery" free="0" total="402653184" percent="0">
      <mem type="allocate" free="0" total="330498048" percent="0" />
      <mem type="survivor" free="0" total="72155136" percent="0" />
    </mem>
    <mem type="tenure" free="1022906464" total="1207959552" percent="84">
      <mem type="soa" free="962507872" total="1147560960" percent="83" />
      <mem type="loa" free="60398592" total="60398592" percent="100" />
    </mem>
    <remembered-set count="1532" />
  </mem-info>
</gc-start>
<allocation-stats totalBytes="268154568" >
  <allocated-bytes non-tlh="24" tlh="268154544" />
  <largest-consumer threadName="BenchmarkThread xml.validation 3" threadId="0000000000329300" bytes="46608600" />
</allocation-stats>
<gc-op id="3067" type="scavenge" timems="110.001" contextid="3064" timestamp="2021-04-05T23:17:08.861">
  <scavenger-info tenureage="3" tenuremask="7ff8" tiltratio="82" />
  <memory-copied type="nursery" objects="1501300" bytes="60714144" bytesdiscarded="11840" />
</gc-op>
<gc-end id="3068" type="scavenge" contextid="3064" durationms="109.992" usertimems="426.786" systemtimems="0.000" timestamp="2021-04-05T23:17:08.862" activeThreads="4">
  <mem-info id="3069" free="1293661568" total="1610612736" percent="80">
    <mem type="nursery" free="270755104" total="402653184" percent="67">
      <mem type="allocate" free="270755104" total="331481088" percent="81" />
      <mem type="survivor" free="0" total="71172096" percent="0" />
    </mem>
    <mem type="tenure" free="1022906464" total="1207959552" percent="84" macro-fragmented="0">
      <mem type="soa" free="962507872" total="1147560960" percent="83" />
      <mem type="loa" free="60398592" total="60398592" percent="100" />
    </mem>
    <remembered-set count="1340" />
  </mem-info>
</gc-end>
<cycle-end id="3070" type="scavenge" contextid="3064" timestamp="2021-04-05T23:17:08.862" />
<allocation-satisfied id="3071" threadId="0000000000338300" bytesRequested="40" />
<af-end id="3072" timestamp="2021-04-05T23:17:08.862" threadId="0000000000338C80" success="true" from="nursery"/>
<exclusive-end id="3073" timestamp="2021-04-05T23:17:08.862" durationms="110.943" />

<exclusive-start id="3074" timestamp="2021-04-05T23:17:09.584" intervalms="833.482">
  <response-info timems="0.048" idlems="0.048" threads="0" lastid="000000000013CF00" lastname="BenchmarkThread xml.validation 2" />
</exclusive-start>
<af-start id="3075" threadId="000000000013D880" totalBytesRequested="16" timestamp="2021-04-05T23:17:09.584" intervalms="833.469" type="nursery" />
<cycle-start id="3076" type="scavenge" contextid="0" timestamp="2021-04-05T23:17:09.584" intervalms="833.469" />
<gc-start id="3077" type="scavenge" contextid="3076" timestamp="2021-04-05T23:17:09.584">
  <mem-info id="3078" free="1022906464" total="1610612736" percent="63">
    <mem type="nursery" free="0" total="402653184" percent="0">
      <mem type="allocate" free="0" total="331481088" percent="0" />
      <mem type="survivor" free="0" total="71172096" percent="0" />
    </mem>
    <mem type="tenure" free="1022906464" total="1207959552" percent="84">
      <mem type="soa" free="962507872" total="1147560960" percent="83" />
      <mem type="loa" free="60398592" total="60398592" percent="100" />
    </mem>
    <remembered-set count="1561" />
  </mem-info>
</gc-start>
<allocation-stats totalBytes="270671952" >
  <allocated-bytes non-tlh="40" tlh="270671912" />
  <largest-consumer threadName="BenchmarkThread xml.validation 1" threadId="000000000011CB00" bytes="40395328" />
</allocation-stats>
<gc-op id="3079" type="scavenge" timems="105.494" contextid="3076" timestamp="2021-04-05T23:17:09.690">
  <scavenger-info tenureage="3" tenuremask="7ff8" tiltratio="82" />
  <memory-copied type="nursery" objects="1484098" bytes="59919088" bytesdiscarded="11144" />
  <memory-copied type="tenure" objects="12" bytes="384" bytesdiscarded="0" />
</gc-op>
<gc-end id="3080" type="scavenge" contextid="3076" durationms="105.484" usertimems="414.278" systemtimems="0.000" timestamp="2021-04-05T23:17:09.691" activeThreads="4">
  <mem-info id="3081" free="1295571432" total="1610612736" percent="80">
    <mem type="nursery" free="272664968" total="402653184" percent="67">
      <mem type="allocate" free="272664968" total="332595200" percent="81" />
      <mem type="survivor" free="0" total="70057984" percent="0" />
    </mem>
    <mem type="tenure" free="1022906464" total="1207959552" percent="84" macro-fragmented="0">
      <mem type="soa" free="962507872" total="1147560960" percent="83" />
      <mem type="loa" free="60398592" total="60398592" percent="100" />
    </mem>
    <remembered-set count="1328" />
  </mem-info>
</gc-end>
<cycle-end id="3082" type="scavenge" contextid="3076" timestamp="2021-04-05T23:17:09.691" />
<allocation-satisfied id="3083" threadId="000000000013CF00" bytesRequested="16" />
<af-end id="3084" timestamp="2021-04-05T23:17:09.691" threadId="000000000013D880" success="true" from="nursery"/>
<exclusive-end id="3085" timestamp="2021-04-05T23:17:09.691" durationms="106.478" />

<exclusive-start id="3086" timestamp="2021-04-05T23:17:10.472" intervalms="887.494">
  <response-info timems="0.044" idlems="0.044" threads="0" lastid="000000000011CB00" lastname="BenchmarkThread xml.validation 1" />
</exclusive-start>
<af-start id="3087" threadId="000000000011D480" totalBytesRequested="24" timestamp="2021-04-05T23:17:10.472" intervalms="887.501" type="nursery" />
<cycle-start id="3088" type="scavenge" contextid="0" timestamp="2021-04-05T23:17:10.472" intervalms="887.507" />
<gc-start id="3089" type="scavenge" contextid="3088" timestamp="2021-04-05T23:17:10.472">
  <mem-info id="3090" free="1022906464" total="1610612736" percent="63">
    <mem type="nursery" free="0" total="402653184" percent="0">
      <mem type="allocate" free="0" total="332595200" percent="0" />
      <mem type="survivor" free="0" total="70057984" percent="0" />
    </mem>
    <mem type="tenure" free="1022906464" total="1207959552" percent="84">
      <mem type="soa" free="962507872" total="1147560960" percent="83" />
      <mem type="loa" free="60398592" total="60398592" percent="100" />
    </mem>
    <remembered-set count="1560" />
  </mem-info>
</gc-start>
<allocation-stats totalBytes="272575416" >
  <allocated-bytes non-tlh="16" tlh="272575400" />
  <largest-consumer threadName="BenchmarkThread xml.validation 2" threadId="000000000013CF00" bytes="41509192" />
</allocation-stats>
<gc-op id="3091" type="scavenge" timems="115.304" contextid="3088" timestamp="2021-04-05T23:17:10.587">
  <scavenger-info tenureage="3" tenuremask="7ff8" tiltratio="82" />
  <memory-copied type="nursery" objects="1551388" bytes="62345728" bytesdiscarded="12152" />
  <memory-copied type="tenure" objects="6" bytes="192" bytesdiscarded="0" />
</gc-op>
<gc-end id="3092" type="scavenge" contextid="3088" durationms="115.291" usertimems="426.983" systemtimems="0.000" timestamp="2021-04-05T23:17:10.588" activeThreads="4">
  <mem-info id="3093" free="1293209320" total="1610612736" percent="80">
    <mem type="nursery" free="270302856" total="402653184" percent="67">
      <mem type="allocate" free="270302856" total="332660736" percent="81" />
      <mem type="survivor" free="0" total="69992448" percent="0" />
    </mem>
    <mem type="tenure" free="1022906464" total="1207959552" percent="84" macro-fragmented="0">
      <mem type="soa" free="962507872" total="1147560960" percent="83" />
      <mem type="loa" free="60398592" total="60398592" percent="100" />
    </mem>
    <remembered-set count="1336" />
  </mem-info>
</gc-end>
<cycle-end id="3094" type="scavenge" contextid="3088" timestamp="2021-04-05T23:17:10.588" />
<allocation-satisfied id="3095" threadId="000000000011CB00" bytesRequested="24" />
<af-end id="3096" timestamp="2021-04-05T23:17:10.588" threadId="000000000011D480" success="true" from="nursery"/>
<exclusive-end id="3097" timestamp="2021-04-05T23:17:10.588" durationms="116.326" />

<exclusive-start id="3098" timestamp="2021-04-05T23:17:11.272" intervalms="800.203">
  <response-info timems="0.055" idlems="0.055" threads="0" lastid="000000000032CF00" lastname="BenchmarkThread xml.validation 4" />
</exclusive-start>
<af-start id="3099" threadId="000000000032D880" totalBytesRequested="136" timestamp="2021-04-05T23:17:11.272" intervalms="800.198" type="nursery" />
<cycle-start id="3100" type="scavenge" contextid="0" timestamp="2021-04-05T23:17:11.272" intervalms="800.194" />
<gc-start id="3101" type="scavenge" contextid="3100" timestamp="2021-04-05T23:17:11.272">
  <mem-info id="3102" free="1022906464" total="1610612736" percent="63">
    <mem type="nursery" free="0" total="402653184" percent="0">
      <mem type="allocate" free="0" total="332660736" percent="0" />
      <mem type="survivor" free="0" total="69992448" percent="0" />
    </mem>
    <mem type="tenure" free="1022906464" total="1207959552" percent="84">
      <mem type="soa" free="962507872" total="1147560960" percent="83" />
      <mem type="loa" free="60398592" total="60398592" percent="100" />
    </mem>
    <remembered-set count="1530" />
  </mem-info>
</gc-start>
<allocation-stats totalBytes="270203296" >
  <allocated-bytes non-tlh="24" tlh="270203272" />
  <largest-consumer threadName="BenchmarkThread xml.validation 1" threadId="000000000011CB00" bytes="41776576" />
</allocation-stats>
<gc-op id="3103" type="scavenge" timems="111.489" contextid="3100" timestamp="2021-04-05T23:17:11.384">
  <scavenger-info tenureage="3" tenuremask="7ff8" tiltratio="82" />
  <memory-copied type="nursery" objects="1538141" bytes="61814560" bytesdiscarded="11704" />
  <memory-copied type="tenure" objects="6" bytes="192" bytesdiscarded="0" />
</gc-op>
<gc-end id="3104" type="scavenge" contextid="3100" durationms="111.478" usertimems="428.916" systemtimems="0.000" timestamp="2021-04-05T23:17:11.384" activeThreads="4">
  <mem-info id="3105" free="1294265224" total="1610612736" percent="80">
    <mem type="nursery" free="271358760" total="402653184" percent="67">
      <mem type="allocate" free="271358760" total="333185024" percent="81" />
      <mem type="survivor" free="0" total="69468160" percent="0" />
    </mem>
    <mem type="tenure" free="1022906464" total="1207959552" percent="84" macro-fragmented="0">
      <mem type="soa" free="962507872" total="1147560960" percent="83" />
      <mem type="loa" free="60398592" total="60398592" percent="100" />
    </mem>
    <remembered-set count="1335" />
  </mem-info>
</gc-end>
<cycle-end id="3106" type="scavenge" contextid="3100" timestamp="2021-04-05T23:17:11.384" />
<allocation-satisfied id="3107" threadId="000000000032CF00" bytesRequested="136" />
<af-end id="3108" timestamp="2021-04-05T23:17:11.384" threadId="000000000032D880" success="true" from="nursery"/>
<exclusive-end id="3109" timestamp="2021-04-05T23:17:11.384" durationms="112.504" />

<exclusive-start id="3110" timestamp="2021-04-05T23:17:12.146" intervalms="874.055">
  <response-info timems="0.053" idlems="0.053" threads="0" lastid="0000000000330B00" lastname="BenchmarkThread xml.validation 5" />
</exclusive-start>
<af-start id="3111" threadId="0000000000331480" totalBytesRequested="280" timestamp="2021-04-05T23:17:12.146" intervalms="874.054" type="nursery" />
<cycle-start id="3112" type="scavenge" contextid="0" timestamp="2021-04-05T23:17:12.146" intervalms="874.052" />
<gc-start id="3113" type="scavenge" contextid="3112" timestamp="2021-04-05T23:17:12.146">
  <mem-info id="3114" free="1022906464" total="1610612736" percent="63">
    <mem type="nursery" free="0" total="402653184" percent="0">
      <mem type="allocate" free="0" total="333185024" percent="0" />
      <mem type="survivor" free="0" total="69468160" percent="0" />
    </mem>
    <mem type="tenure" free="1022906464" total="1207959552" percent="84">
      <mem type="soa" free="962507872" total="1147560960" percent="83" />
      <mem type="loa" free="60398592" total="60398592" percent="100" />
    </mem>
    <remembered-set count="1560" />
  </mem-info>
</gc-start>
<allocation-stats totalBytes="271263616" >
  <allocated-bytes non-tlh="136" tlh="271263480" />
  <largest-consumer threadName="BenchmarkThread xml.validation 7" threadId="0000000000338300" bytes="43451792" />
</allocation-stats>
<gc-op id="3115" type="scavenge" timems="117.178" contextid="3112" timestamp="2021-04-05T23:17:12.263">
  <scavenger-info tenureage="3" tenuremask="7ff8" tiltratio="82" />
  <memory-copied type="nursery" objects="1575570" bytes="63667576" bytesdiscarded="8992" />
  <memory-copied type="tenure" objects="6" bytes="192" bytesdiscarded="0" />
</gc-op>
<gc-end id="3116" type="scavenge" contextid="3112" durationms="117.168" usertimems="442.190" systemtimems="0.000" timestamp="2021-04-05T23:17:12.264" activeThreads="4">
  <mem-info id="3117" free="1291366344" total="1610612736" percent="80">
    <mem type="nursery" free="268459880" total="402653184" percent="66">
      <mem type="allocate" free="268459880" total="332136448" percent="80" />
      <mem type="survivor" free="0" total="70516736" percent="0" />
    </mem>
    <mem type="tenure" free="1022906464" total="1207959552" percent="84" macro-fragmented="0">
      <mem type="soa" free="962507872" total="1147560960" percent="83" />
      <mem type="loa" free="60398592" total="60398592" percent="100" />
    </mem>
    <remembered-set count="1340" />
  </mem-info>
</gc-end>
<cycle-end id="3118" type="scavenge" contextid="3112" timestamp="2021-04-05T23:17:12.264" />
<allocation-satisfied id="3119" threadId="0000000000330B00" bytesRequested="280" />
<af-end id="3120" timestamp="2021-04-05T23:17:12.264" threadId="0000000000331480" success="true" from="nursery"/>
<exclusive-end id="3121" timestamp="2021-04-05T23:17:12.264" durationms="118.157" />

<exclusive-start id="3122" timestamp="2021-04-05T23:17:12.969" intervalms="823.256">
  <response-info timems="0.066" idlems="0.041" threads="1" lastid="000000000033BE00" lastname="BenchmarkThread xml.validation 8" />
</exclusive-start>
<af-start id="3123" threadId="0000000000338C80" totalBytesRequested="1040" timestamp="2021-04-05T23:17:12.969" intervalms="823.256" type="nursery" />
<cycle-start id="3124" type="scavenge" contextid="0" timestamp="2021-04-05T23:17:12.969" intervalms="823.257" />
<gc-start id="3125" type="scavenge" contextid="3124" timestamp="2021-04-05T23:17:12.969">
  <mem-info id="3126" free="1022906464" total="1610612736" percent="63">
    <mem type="nursery" free="0" total="402653184" percent="0">
      <mem type="allocate" free="0" total="332136448" percent="0" />
      <mem type="survivor" free="0" total="70516736" percent="0" />
    </mem>
    <mem type="tenure" free="1022906464" total="1207959552" percent="84">
      <mem type="soa" free="962507872" total="1147560960" percent="83" />
      <mem type="loa" free="60398592" total="60398592" percent="100" />
    </mem>
    <remembered-set count="1534" />
  </mem-info>
</gc-start>
<allocation-stats totalBytes="268352792" >
  <allocated-bytes non-tlh="280" tlh="268352512" />
  <largest-consumer threadName="BenchmarkThread xml.validation 3" threadId="0000000000329300" bytes="46022424" />
</allocation-stats>
<gc-op id="3127" type="scavenge" timems="115.709" contextid="3124" timestamp="2021-04-05T23:17:13.085">
  <scavenger-info tenureage="3" tenuremask="7ff8" tiltratio="82" />
  <memory-copied type="nursery" objects="1563350" bytes="63110424" bytesdiscarded="10832" />
  <memory-copied type="tenure" objects="4" bytes="128" bytesdiscarded="0" />
</gc-op>
<gc-end id="3128" type="scavenge" contextid="3124" durationms="115.698" usertimems="432.224" systemtimems="0.000" timestamp="2021-04-05T23:17:13.086" activeThreads="4">
  <mem-info id="3129" free="1292249336" total="1610612736" percent="80">
    <mem type="nursery" free="269342872" total="402653184" percent="66">
      <mem type="allocate" free="269342872" total="332464128" percent="81" />
      <mem type="survivor" free="0" total="70189056" percent="0" />
    </mem>
    <mem type="tenure" free="1022906464" total="1207959552" percent="84" macro-fragmented="0">
      <mem type="soa" free="962507872" total="1147560960" percent="83" />
      <mem type="loa" free="60398592" total="60398592" percent="100" />
    </mem>
    <remembered-set count="1336" />
  </mem-info>
</gc-end>
<cycle-end id="3130" type="scavenge" contextid="3124" timestamp="2021-04-05T23:17:13.086" />
<allocation-satisfied id="3131" threadId="0000000000338300" bytesRequested="1040" />
<af-end id="3132" timestamp="2021-04-05T23:17:13.086" threadId="0000000000338C80" success="true" from="nursery"/>
<exclusive-end id="3133" timestamp="2021-04-05T23:17:13.086" durationms="116.814" />

<exclusive-start id="3134" timestamp="2021-04-05T23:17:13.755" intervalms="785.922">
  <response-info timems="0.046" idlems="0.046" threads="0" lastid="0000000000330B00" lastname="BenchmarkThread xml.validation 5" />
</exclusive-start>
<af-start id="3135" threadId="0000000000331480" totalBytesRequested="16" timestamp="2021-04-05T23:17:13.755" intervalms="785.924" type="nursery" />
<cycle-start id="3136" type="scavenge" contextid="0" timestamp="2021-04-05T23:17:13.755" intervalms="785.924" />
<gc-start id="3137" type="scavenge" contextid="3136" timestamp="2021-04-05T23:17:13.755">
  <mem-info id="3138" free="1022906464" total="1610612736" percent="63">
    <mem type="nursery" free="0" total="402653184" percent="0">
      <mem type="allocate" free="0" total="332464128" percent="0" />
      <mem type="survivor" free="0" total="70189056" percent="0" />
    </mem>
    <mem type="tenure" free="1022906464" total="1207959552" percent="84">
      <mem type="soa" free="962507872" total="1147560960" percent="83" />
      <mem type="loa" free="60398592" total="60398592" percent="100" />
    </mem>
    <remembered-set count="1533" />
  </mem-info>
</gc-start>
<allocation-stats totalBytes="269240736" >
  <allocated-bytes non-tlh="5200" tlh="269235536" />
  <largest-consumer threadName="BenchmarkThread xml.validation 7" threadId="0000000000338300" bytes="56554304" />
</allocation-stats>
<gc-op id="3139" type="scavenge" timems="107.241" contextid="3136" timestamp="2021-04-05T23:17:13.863">
  <scavenger-info tenureage="3" tenuremask="7ff8" tiltratio="82" />
  <memory-copied type="nursery" objects="1466076" bytes="59685872" bytesdiscarded="11656" />
  <memory-copied type="tenure" objects="8" bytes="256" bytesdiscarded="0" />
</gc-op>
<gc-end id="3140" type="scavenge" contextid="3136" durationms="107.230" usertimems="415.844" systemtimems="0.001" timestamp="2021-04-05T23:17:13.863" activeThreads="4">
  <mem-info id="3141" free="1296066280" total="1610612736" percent="80">
    <mem type="nursery" free="273159816" total="402653184" percent="67">
      <mem type="allocate" free="273159816" total="332857344" percent="82" />
      <mem type="survivor" free="0" total="69795840" percent="0" />
    </mem>
    <mem type="tenure" free="1022906464" total="1207959552" percent="84" macro-fragmented="0">
      <mem type="soa" free="962507872" total="1147560960" percent="83" />
      <mem type="loa" free="60398592" total="60398592" percent="100" />
    </mem>
    <remembered-set count="1333" />
  </mem-info>
</gc-end>
<cycle-end id="3142" type="scavenge" contextid="3136" timestamp="2021-04-05T23:17:13.863" />
<allocation-satisfied id="3143" threadId="0000000000330B00" bytesRequested="16" />
<af-end id="3144" timestamp="2021-04-05T23:17:13.863" threadId="0000000000331480" success="true" from="nursery"/>
<exclusive-end id="3145" timestamp="2021-04-05T23:17:13.863" durationms="108.216" />

<exclusive-start id="3146" timestamp="2021-04-05T23:17:14.686" intervalms="930.692">
  <response-info timems="0.046" idlems="0.046" threads="0" lastid="000000000011CB00" lastname="BenchmarkThread xml.validation 1" />
</exclusive-start>
<af-start id="3147" threadId="000000000011D480" totalBytesRequested="16" timestamp="2021-04-05T23:17:14.686" intervalms="930.689" type="nursery" />
<cycle-start id="3148" type="scavenge" contextid="0" timestamp="2021-04-05T23:17:14.686" intervalms="930.687" />
<gc-start id="3149" type="scavenge" contextid="3148" timestamp="2021-04-05T23:17:14.686">
  <mem-info id="3150" free="1022906464" total="1610612736" percent="63">
    <mem type="nursery" free="0" total="402653184" percent="0">
      <mem type="allocate" free="0" total="332857344" percent="0" />
      <mem type="survivor" free="0" total="69795840" percent="0" />
    </mem>
    <mem type="tenure" free="1022906464" total="1207959552" percent="84">
      <mem type="soa" free="962507872" total="1147560960" percent="83" />
      <mem type="loa" free="60398592" total="60398592" percent="100" />
    </mem>
    <remembered-set count="1573" />
  </mem-info>
</gc-start>
<allocation-stats totalBytes="273065632" >
  <allocated-bytes non-tlh="2096" tlh="273063536" />
  <largest-consumer threadName="BenchmarkThread xml.validation 5" threadId="0000000000330B00" bytes="51512576" />
</allocation-stats>
<gc-op id="3151" type="scavenge" timems="114.372" contextid="3148" timestamp="2021-04-05T23:17:14.800">
  <scavenger-info tenureage="3" tenuremask="7ff8" tiltratio="82" />
  <memory-copied type="nursery" objects="1542590" bytes="61948432" bytesdiscarded="12304" />
  <memory-copied type="tenure" objects="8" bytes="256" bytesdiscarded="0" />
</gc-op>
<gc-end id="3152" type="scavenge" contextid="3148" durationms="114.362" usertimems="435.198" systemtimems="0.000" timestamp="2021-04-05T23:17:14.801" activeThreads="4">
  <mem-info id="3153" free="1293868608" total="1610612736" percent="80">
    <mem type="nursery" free="270962144" total="402653184" percent="67">
      <mem type="allocate" free="270962144" total="332922880" percent="81" />
      <mem type="survivor" free="0" total="69730304" percent="0" />
    </mem>
    <mem type="tenure" free="1022906464" total="1207959552" percent="84" macro-fragmented="0">
      <mem type="soa" free="962507872" total="1147560960" percent="83" />
      <mem type="loa" free="60398592" total="60398592" percent="100" />
    </mem>
    <remembered-set count="1336" />
  </mem-info>
</gc-end>
<cycle-end id="3154" type="scavenge" contextid="3148" timestamp="2021-04-05T23:17:14.801" />
<allocation-satisfied id="3155" threadId="000000000011CB00" bytesRequested="16" />
<af-end id="3156" timestamp="2021-04-05T23:17:14.801" threadId="000000000011D480" success="true" from="nursery"/>
<exclusive-end id="3157" timestamp="2021-04-05T23:17:14.801" durationms="115.420" />

<exclusive-start id="3158" timestamp="2021-04-05T23:17:15.446" intervalms="760.082">
  <response-info timems="0.053" idlems="0.053" threads="0" lastid="000000000011CB00" lastname="BenchmarkThread xml.validation 1" />
</exclusive-start>
<af-start id="3159" threadId="000000000011D480" totalBytesRequested="16" timestamp="2021-04-05T23:17:15.446" intervalms="760.076" type="nursery" />
<cycle-start id="3160" type="scavenge" contextid="0" timestamp="2021-04-05T23:17:15.446" intervalms="760.077" />
<gc-start id="3161" type="scavenge" contextid="3160" timestamp="2021-04-05T23:17:15.446">
  <mem-info id="3162" free="1022906464" total="1610612736" percent="63">
    <mem type="nursery" free="0" total="402653184" percent="0">
      <mem type="allocate" free="0" total="332922880" percent="0" />
      <mem type="survivor" free="0" total="69730304" percent="0" />
    </mem>
    <mem type="tenure" free="1022906464" total="1207959552" percent="84">
      <mem type="soa" free="962507872" total="1147560960" percent="83" />
      <mem type="loa" free="60398592" total="60398592" percent="100" />
    </mem>
    <remembered-set count="1526" />
  </mem-info>
</gc-start>
<allocation-stats totalBytes="270882144" >
  <allocated-bytes non-tlh="16" tlh="270882128" />
  <largest-consumer threadName="BenchmarkThread xml.validation 8" threadId="000000000033BE00" bytes="43991984" />
</allocation-stats>
<gc-op id="3163" type="scavenge" timems="113.349" contextid="3160" timestamp="2021-04-05T23:17:15.559">
  <scavenger-info tenureage="3" tenuremask="7ff8" tiltratio="82" />
  <memory-copied type="nursery" objects="1555944" bytes="62799280" bytesdiscarded="12736" />
  <memory-copied type="tenure" objects="19737" bytes="926392" bytesdiscarded="0" />
</gc-op>
<gc-end id="3164" type="scavenge" contextid="3160" durationms="113.339" usertimems="437.679" systemtimems="0.000" timestamp="2021-04-05T23:17:15.560" activeThreads="4">
  <mem-info id="3165" free="1293148400" total="1610612736" percent="80">
    <mem type="nursery" free="270897296" total="402653184" percent="67">
      <mem type="allocate" free="270897296" total="333709312" percent="81" />
      <mem type="survivor" free="0" total="68943872" percent="0" />
    </mem>
    <mem type="tenure" free="1022251104" total="1207959552" percent="84" macro-fragmented="0">
      <mem type="soa" free="961852512" total="1147560960" percent="83" />
      <mem type="loa" free="60398592" total="60398592" percent="100" />
    </mem>
    <remembered-set count="1342" />
  </mem-info>
</gc-end>
<cycle-end id="3166" type="scavenge" contextid="3160" timestamp="2021-04-05T23:17:15.560" />
<allocation-satisfied id="3167" threadId="000000000011CB00" bytesRequested="16" />
<af-end id="3168" timestamp="2021-04-05T23:17:15.560" threadId="000000000011D480" success="true" from="nursery"/>
<exclusive-end id="3169" timestamp="2021-04-05T23:17:15.560" durationms="114.329" />

<exclusive-start id="3170" timestamp="2021-04-05T23:17:16.328" intervalms="882.301">
  <response-info timems="0.056" idlems="0.034" threads="1" lastid="0000000000329300" lastname="BenchmarkThread xml.validation 3" />
</exclusive-start>
<af-start id="3171" threadId="0000000000331480" totalBytesRequested="16" timestamp="2021-04-05T23:17:16.328" intervalms="882.306" type="nursery" />
<cycle-start id="3172" type="scavenge" contextid="0" timestamp="2021-04-05T23:17:16.328" intervalms="882.306" />
<gc-start id="3173" type="scavenge" contextid="3172" timestamp="2021-04-05T23:17:16.328">
  <mem-info id="3174" free="1022251104" total="1610612736" percent="63">
    <mem type="nursery" free="0" total="402653184" percent="0">
      <mem type="allocate" free="0" total="333709312" percent="0" />
      <mem type="survivor" free="0" total="68943872" percent="0" />
    </mem>
    <mem type="tenure" free="1022251104" total="1207959552" percent="84">
      <mem type="soa" free="961852512" total="1147560960" percent="83" />
      <mem type="loa" free="60398592" total="60398592" percent="100" />
    </mem>
    <remembered-set count="1556" />
  </mem-info>
</gc-start>
<allocation-stats totalBytes="270797872" >
  <allocated-bytes non-tlh="1056" tlh="270796816" />
  <largest-consumer threadName="BenchmarkThread xml.validation 5" threadId="0000000000330B00" bytes="47347864" />
</allocation-stats>
<gc-op id="3175" type="scavenge" timems="122.336" contextid="3172" timestamp="2021-04-05T23:17:16.451">
  <scavenger-info tenureage="3" tenuremask="7ff8" tiltratio="82" />
  <memory-copied type="nursery" objects="1560960" bytes="62819064" bytesdiscarded="14016" />
  <memory-copied type="tenure" objects="110247" bytes="4290896" bytesdiscarded="0" />
</gc-op>
<gc-end id="3176" type="scavenge" contextid="3172" durationms="122.326" usertimems="474.639" systemtimems="0.000" timestamp="2021-04-05T23:17:16.452" activeThreads="4">
  <mem-info id="3177" free="1289522856" total="1610612736" percent="80">
    <mem type="nursery" free="271728200" total="402653184" percent="67">
      <mem type="allocate" free="271728200" total="334561280" percent="81" />
      <mem type="survivor" free="0" total="68091904" percent="0" />
    </mem>
    <mem type="tenure" free="1017794656" total="1207959552" percent="84" macro-fragmented="0">
      <mem type="soa" free="957396064" total="1147560960" percent="83" />
      <mem type="loa" free="60398592" total="60398592" percent="100" />
    </mem>
    <remembered-set count="1334" />
  </mem-info>
</gc-end>
<cycle-end id="3178" type="scavenge" contextid="3172" timestamp="2021-04-05T23:17:16.452" />
<allocation-satisfied id="3179" threadId="0000000000330B00" bytesRequested="16" />
<af-end id="3180" timestamp="2021-04-05T23:17:16.452" threadId="0000000000331480" success="true" from="nursery"/>
<exclusive-end id="3181" timestamp="2021-04-05T23:17:16.452" durationms="123.800" />

<exclusive-start id="3182" timestamp="2021-04-05T23:17:17.219" intervalms="891.121">
  <response-info timems="0.052" idlems="0.052" threads="0" lastid="000000000032CF00" lastname="BenchmarkThread xml.validation 4" />
</exclusive-start>
<af-start id="3183" threadId="000000000032D880" totalBytesRequested="24" timestamp="2021-04-05T23:17:17.219" intervalms="891.125" type="nursery" />
<cycle-start id="3184" type="scavenge" contextid="0" timestamp="2021-04-05T23:17:17.219" intervalms="891.127" />
<gc-start id="3185" type="scavenge" contextid="3184" timestamp="2021-04-05T23:17:17.220">
  <mem-info id="3186" free="1017794656" total="1610612736" percent="63">
    <mem type="nursery" free="0" total="402653184" percent="0">
      <mem type="allocate" free="0" total="334561280" percent="0" />
      <mem type="survivor" free="0" total="68091904" percent="0" />
    </mem>
    <mem type="tenure" free="1017794656" total="1207959552" percent="84">
      <mem type="soa" free="957396064" total="1147560960" percent="83" />
      <mem type="loa" free="60398592" total="60398592" percent="100" />
    </mem>
    <remembered-set count="1568" />
  </mem-info>
</gc-start>
<allocation-stats totalBytes="271630040" >
  <allocated-bytes non-tlh="1056" tlh="271628984" />
  <largest-consumer threadName="BenchmarkThread xml.validation 8" threadId="000000000033BE00" bytes="43300672" />
</allocation-stats>
<gc-op id="3187" type="scavenge" timems="111.769" contextid="3184" timestamp="2021-04-05T23:17:17.331">
  <scavenger-info tenureage="3" tenuremask="7ff8" tiltratio="83" />
  <memory-copied type="nursery" objects="1548843" bytes="62207856" bytesdiscarded="11648" />
  <memory-copied type="tenure" objects="4" bytes="128" bytesdiscarded="0" />
</gc-op>
<gc-end id="3188" type="scavenge" contextid="3184" durationms="111.757" usertimems="437.129" systemtimems="0.004" timestamp="2021-04-05T23:17:17.332" activeThreads="4">
  <mem-info id="3189" free="1290136432" total="1610612736" percent="80">
    <mem type="nursery" free="272341776" total="402653184" percent="67">
      <mem type="allocate" free="272341776" total="334561280" percent="81" />
      <mem type="survivor" free="0" total="68091904" percent="0" />
    </mem>
    <mem type="tenure" free="1017794656" total="1207959552" percent="84" macro-fragmented="0">
      <mem type="soa" free="957396064" total="1147560960" percent="83" />
      <mem type="loa" free="60398592" total="60398592" percent="100" />
    </mem>
    <remembered-set count="1331" />
  </mem-info>
</gc-end>
<cycle-end id="3190" type="scavenge" contextid="3184" timestamp="2021-04-05T23:17:17.332" />
<allocation-satisfied id="3191" threadId="000000000032CF00" bytesRequested="24" />
<af-end id="3192" timestamp="2021-04-05T23:17:17.332" threadId="000000000032D880" success="true" from="nursery"/>
<exclusive-end id="3193" timestamp="2021-04-05T23:17:17.332" durationms="112.750" />

<exclusive-start id="3194" timestamp="2021-04-05T23:17:17.989" intervalms="769.667">
  <response-info timems="0.054" idlems="0.034" threads="1" lastid="0000000000329300" lastname="BenchmarkThread xml.validation 3" />
</exclusive-start>
<af-start id="3195" threadId="000000000011D480" totalBytesRequested="40" timestamp="2021-04-05T23:17:17.989" intervalms="769.663" type="nursery" />
<cycle-start id="3196" type="scavenge" contextid="0" timestamp="2021-04-05T23:17:17.989" intervalms="769.660" />
<gc-start id="3197" type="scavenge" contextid="3196" timestamp="2021-04-05T23:17:17.989">
  <mem-info id="3198" free="1017794656" total="1610612736" percent="63">
    <mem type="nursery" free="0" total="402653184" percent="0">
      <mem type="allocate" free="0" total="334561280" percent="0" />
      <mem type="survivor" free="0" total="68091904" percent="0" />
    </mem>
    <mem type="tenure" free="1017794656" total="1207959552" percent="84">
      <mem type="soa" free="957396064" total="1147560960" percent="83" />
      <mem type="loa" free="60398592" total="60398592" percent="100" />
    </mem>
    <remembered-set count="1524" />
  </mem-info>
</gc-start>
<allocation-stats totalBytes="272244808" >
  <allocated-bytes non-tlh="24" tlh="272244784" />
  <largest-consumer threadName="BenchmarkThread xml.validation 7" threadId="0000000000338300" bytes="38020040" />
</allocation-stats>
<gc-op id="3199" type="scavenge" timems="114.528" contextid="3196" timestamp="2021-04-05T23:17:18.104">
  <scavenger-info tenureage="3" tenuremask="7ff8" tiltratio="83" />
  <memory-copied type="nursery" objects="1497271" bytes="60450048" bytesdiscarded="12392" />
  <memory-copied type="tenure" objects="6" bytes="192" bytesdiscarded="0" />
</gc-op>
<gc-end id="3200" type="scavenge" contextid="3196" durationms="114.518" usertimems="422.530" systemtimems="0.000" timestamp="2021-04-05T23:17:18.104" activeThreads="4">
  <mem-info id="3201" free="1292090104" total="1610612736" percent="80">
    <mem type="nursery" free="274295448" total="402653184" percent="68">
      <mem type="allocate" free="274295448" total="334757888" percent="81" />
      <mem type="survivor" free="0" total="67895296" percent="0" />
    </mem>
    <mem type="tenure" free="1017794656" total="1207959552" percent="84" macro-fragmented="0">
      <mem type="soa" free="957396064" total="1147560960" percent="83" />
      <mem type="loa" free="60398592" total="60398592" percent="100" />
    </mem>
    <remembered-set count="1333" />
  </mem-info>
</gc-end>
<cycle-end id="3202" type="scavenge" contextid="3196" timestamp="2021-04-05T23:17:18.105" />
<allocation-satisfied id="3203" threadId="000000000011CB00" bytesRequested="40" />
<af-end id="3204" timestamp="2021-04-05T23:17:18.105" threadId="000000000011D480" success="true" from="nursery"/>
<exclusive-end id="3205" timestamp="2021-04-05T23:17:18.105" durationms="115.498" />

<exclusive-start id="3206" timestamp="2021-04-05T23:17:18.915" intervalms="926.404">
  <response-info timems="0.050" idlems="0.050" threads="0" lastid="0000000000338300" lastname="BenchmarkThread xml.validation 7" />
</exclusive-start>
<af-start id="3207" threadId="0000000000338C80" totalBytesRequested="1040" timestamp="2021-04-05T23:17:18.916" intervalms="926.404" type="nursery" />
<cycle-start id="3208" type="scavenge" contextid="0" timestamp="2021-04-05T23:17:18.916" intervalms="926.405" />
<gc-start id="3209" type="scavenge" contextid="3208" timestamp="2021-04-05T23:17:18.916">
  <mem-info id="3210" free="1017794656" total="1610612736" percent="63">
    <mem type="nursery" free="0" total="402653184" percent="0">
      <mem type="allocate" free="0" total="334757888" percent="0" />
      <mem type="survivor" free="0" total="67895296" percent="0" />
    </mem>
    <mem type="tenure" free="1017794656" total="1207959552" percent="84">
      <mem type="soa" free="957396064" total="1147560960" percent="83" />
      <mem type="loa" free="60398592" total="60398592" percent="100" />
    </mem>
    <remembered-set count="1571" />
  </mem-info>
</gc-start>
<allocation-stats totalBytes="274186144" >
  <allocated-bytes non-tlh="1080" tlh="274185064" />
  <largest-consumer threadName="BenchmarkThread xml.validation 5" threadId="0000000000330B00" bytes="43591360" />
</allocation-stats>
<gc-op id="3211" type="scavenge" timems="112.410" contextid="3208" timestamp="2021-04-05T23:17:19.028">
  <scavenger-info tenureage="3" tenuremask="7ff8" tiltratio="83" />
  <memory-copied type="nursery" objects="1557764" bytes="62715600" bytesdiscarded="11512" />
  <memory-copied type="tenure" objects="6" bytes="192" bytesdiscarded="0" />
</gc-op>
<gc-end id="3212" type="scavenge" contextid="3208" durationms="112.399" usertimems="430.373" systemtimems="0.000" timestamp="2021-04-05T23:17:19.029" activeThreads="4">
  <mem-info id="3213" free="1287990424" total="1610612736" percent="79">
    <mem type="nursery" free="270195768" total="402653184" percent="67">
      <mem type="allocate" free="270195768" total="332922880" percent="81" />
      <mem type="survivor" free="0" total="69730304" percent="0" />
    </mem>
    <mem type="tenure" free="1017794656" total="1207959552" percent="84" macro-fragmented="0">
      <mem type="soa" free="957396064" total="1147560960" percent="83" />
      <mem type="loa" free="60398592" total="60398592" percent="100" />
    </mem>
    <remembered-set count="1332" />
  </mem-info>
</gc-end>
<cycle-end id="3214" type="scavenge" contextid="3208" timestamp="2021-04-05T23:17:19.029" />
<allocation-satisfied id="3215" threadId="0000000000338300" bytesRequested="1040" />
<af-end id="3216" timestamp="2021-04-05T23:17:19.029" threadId="0000000000338C80" success="true" from="nursery"/>
<exclusive-end id="3217" timestamp="2021-04-05T23:17:19.029" durationms="113.380" />

<exclusive-start id="3218" timestamp="2021-04-05T23:17:19.730" intervalms="814.076">
  <response-info timems="0.055" idlems="0.055" threads="0" lastid="0000000000334700" lastname="BenchmarkThread xml.validation 6" />
</exclusive-start>
<af-start id="3219" threadId="0000000000335080" totalBytesRequested="40" timestamp="2021-04-05T23:17:19.730" intervalms="814.077" type="nursery" />
<cycle-start id="3220" type="scavenge" contextid="0" timestamp="2021-04-05T23:17:19.730" intervalms="814.078" />
<gc-start id="3221" type="scavenge" contextid="3220" timestamp="2021-04-05T23:17:19.730">
  <mem-info id="3222" free="1017794656" total="1610612736" percent="63">
    <mem type="nursery" free="0" total="402653184" percent="0">
      <mem type="allocate" free="0" total="332922880" percent="0" />
      <mem type="survivor" free="0" total="69730304" percent="0" />
    </mem>
    <mem type="tenure" free="1017794656" total="1207959552" percent="84">
      <mem type="soa" free="957396064" total="1147560960" percent="83" />
      <mem type="loa" free="60398592" total="60398592" percent="100" />
    </mem>
    <remembered-set count="1547" />
  </mem-info>
</gc-start>
<allocation-stats totalBytes="270095752" >
  <allocated-bytes non-tlh="1040" tlh="270094712" />
  <largest-consumer threadName="BenchmarkThread xml.validation 1" threadId="000000000011CB00" bytes="49106472" />
</allocation-stats>
<gc-op id="3223" type="scavenge" timems="113.093" contextid="3220" timestamp="2021-04-05T23:17:19.843">
  <scavenger-info tenureage="3" tenuremask="7ff8" tiltratio="82" />
  <memory-copied type="nursery" objects="1542935" bytes="61980384" bytesdiscarded="13344" />
  <memory-copied type="tenure" objects="4" bytes="128" bytesdiscarded="0" />
</gc-op>
<gc-end id="3224" type="scavenge" contextid="3220" durationms="113.082" usertimems="434.181" systemtimems="0.000" timestamp="2021-04-05T23:17:19.844" activeThreads="4">
  <mem-info id="3225" free="1289117024" total="1610612736" percent="80">
    <mem type="nursery" free="271322368" total="402653184" percent="67">
      <mem type="allocate" free="271322368" total="333316096" percent="81" />
      <mem type="survivor" free="0" total="69337088" percent="0" />
    </mem>
    <mem type="tenure" free="1017794656" total="1207959552" percent="84" macro-fragmented="0">
      <mem type="soa" free="957396064" total="1147560960" percent="83" />
      <mem type="loa" free="60398592" total="60398592" percent="100" />
    </mem>
    <remembered-set count="1333" />
  </mem-info>
</gc-end>
<cycle-end id="3226" type="scavenge" contextid="3220" timestamp="2021-04-05T23:17:19.844" />
<allocation-satisfied id="3227" threadId="0000000000334700" bytesRequested="40" />
<af-end id="3228" timestamp="2021-04-05T23:17:19.844" threadId="0000000000335080" success="true" from="nursery"/>
<exclusive-end id="3229" timestamp="2021-04-05T23:17:19.844" durationms="114.082" />

<exclusive-start id="3230" timestamp="2021-04-05T23:17:20.534" intervalms="804.742">
  <response-info timems="0.052" idlems="0.052" threads="0" lastid="0000000000329300" lastname="BenchmarkThread xml.validation 3" />
</exclusive-start>
<af-start id="3231" threadId="0000000000329C80" totalBytesRequested="40" timestamp="2021-04-05T23:17:20.534" intervalms="804.741" type="nursery" />
<cycle-start id="3232" type="scavenge" contextid="0" timestamp="2021-04-05T23:17:20.534" intervalms="804.742" />
<gc-start id="3233" type="scavenge" contextid="3232" timestamp="2021-04-05T23:17:20.534">
  <mem-info id="3234" free="1017794656" total="1610612736" percent="63">
    <mem type="nursery" free="0" total="402653184" percent="0">
      <mem type="allocate" free="0" total="333316096" percent="0" />
      <mem type="survivor" free="0" total="69337088" percent="0" />
    </mem>
    <mem type="tenure" free="1017794656" total="1207959552" percent="84">
      <mem type="soa" free="957396064" total="1147560960" percent="83" />
      <mem type="loa" free="60398592" total="60398592" percent="100" />
    </mem>
    <remembered-set count="1529" />
  </mem-info>
</gc-start>
<allocation-stats totalBytes="271235416" >
  <allocated-bytes non-tlh="40" tlh="271235376" />
  <largest-consumer threadName="BenchmarkThread xml.validation 6" threadId="0000000000334700" bytes="48256096" />
</allocation-stats>
<gc-op id="3235" type="scavenge" timems="112.873" contextid="3232" timestamp="2021-04-05T23:17:20.647">
  <scavenger-info tenureage="3" tenuremask="7ff8" tiltratio="82" />
  <memory-copied type="nursery" objects="1543571" bytes="62443648" bytesdiscarded="11128" />
  <memory-copied type="tenure" objects="8" bytes="256" bytesdiscarded="0" />
</gc-op>
<gc-end id="3236" type="scavenge" contextid="3232" durationms="112.862" usertimems="443.419" systemtimems="0.000" timestamp="2021-04-05T23:17:20.648" activeThreads="4">
  <mem-info id="3237" free="1288918120" total="1610612736" percent="80">
    <mem type="nursery" free="271123464" total="402653184" percent="67">
      <mem type="allocate" free="271123464" total="333578240" percent="81" />
      <mem type="survivor" free="0" total="69074944" percent="0" />
    </mem>
    <mem type="tenure" free="1017794656" total="1207959552" percent="84" macro-fragmented="0">
      <mem type="soa" free="957396064" total="1147560960" percent="83" />
      <mem type="loa" free="60398592" total="60398592" percent="100" />
    </mem>
    <remembered-set count="1331" />
  </mem-info>
</gc-end>
<cycle-end id="3238" type="scavenge" contextid="3232" timestamp="2021-04-05T23:17:20.648" />
<allocation-satisfied id="3239" threadId="0000000000329300" bytesRequested="40" />
<af-end id="3240" timestamp="2021-04-05T23:17:20.648" threadId="0000000000329C80" success="true" from="nursery"/>
<exclusive-end id="3241" timestamp="2021-04-05T23:17:20.648" durationms="113.896" />

<exclusive-start id="3242" timestamp="2021-04-05T23:17:21.460" intervalms="925.633">
  <response-info timems="0.049" idlems="0.049" threads="0" lastid="000000000033BE00" lastname="BenchmarkThread xml.validation 8" />
</exclusive-start>
<af-start id="3243" threadId="000000000033C780" totalBytesRequested="24" timestamp="2021-04-05T23:17:21.460" intervalms="925.639" type="nursery" />
<cycle-start id="3244" type="scavenge" contextid="0" timestamp="2021-04-05T23:17:21.460" intervalms="925.643" />
<gc-start id="3245" type="scavenge" contextid="3244" timestamp="2021-04-05T23:17:21.460">
  <mem-info id="3246" free="1017794656" total="1610612736" percent="63">
    <mem type="nursery" free="0" total="402653184" percent="0">
      <mem type="allocate" free="0" total="333578240" percent="0" />
      <mem type="survivor" free="0" total="69074944" percent="0" />
    </mem>
    <mem type="tenure" free="1017794656" total="1207959552" percent="84">
      <mem type="soa" free="957396064" total="1147560960" percent="83" />
      <mem type="loa" free="60398592" total="60398592" percent="100" />
    </mem>
    <remembered-set count="1588" />
  </mem-info>
</gc-start>
<allocation-stats totalBytes="271034656" >
  <allocated-bytes non-tlh="2120" tlh="271032536" />
  <largest-consumer threadName="BenchmarkThread xml.validation 5" threadId="0000000000330B00" bytes="52707368" />
</allocation-stats>
<gc-op id="3247" type="scavenge" timems="117.307" contextid="3244" timestamp="2021-04-05T23:17:21.577">
  <scavenger-info tenureage="3" tenuremask="7ff8" tiltratio="82" />
  <memory-copied type="nursery" objects="1534286" bytes="61720384" bytesdiscarded="11856" />
  <memory-copied type="tenure" objects="8" bytes="256" bytesdiscarded="0" />
</gc-op>
<gc-end id="3248" type="scavenge" contextid="3244" durationms="117.031" usertimems="428.355" systemtimems="0.006" timestamp="2021-04-05T23:17:21.578" activeThreads="4">
  <mem-info id="3249" free="1289968336" total="1610612736" percent="80">
    <mem type="nursery" free="272173680" total="402653184" percent="67">
      <mem type="allocate" free="272173680" total="333905920" percent="81" />
      <mem type="survivor" free="0" total="68747264" percent="0" />
    </mem>
    <mem type="tenure" free="1017794656" total="1207959552" percent="84" macro-fragmented="0">
      <mem type="soa" free="957396064" total="1147560960" percent="83" />
      <mem type="loa" free="60398592" total="60398592" percent="100" />
    </mem>
    <remembered-set count="1337" />
  </mem-info>
</gc-end>
<cycle-end id="3250" type="scavenge" contextid="3244" timestamp="2021-04-05T23:17:21.578" />
<allocation-satisfied id="3251" threadId="000000000033BE00" bytesRequested="24" />
<af-end id="3252" timestamp="2021-04-05T23:17:21.578" threadId="000000000033C780" success="true" from="nursery"/>
<exclusive-end id="3253" timestamp="2021-04-05T23:17:21.578" durationms="118.299" />

<exclusive-start id="3254" timestamp="2021-04-05T23:17:22.243" intervalms="783.233">
  <response-info timems="0.051" idlems="0.051" threads="0" lastid="000000000013CF00" lastname="BenchmarkThread xml.validation 2" />
</exclusive-start>
<af-start id="3255" threadId="000000000013D880" totalBytesRequested="24" timestamp="2021-04-05T23:17:22.243" intervalms="783.232" type="nursery" />
<cycle-start id="3256" type="scavenge" contextid="0" timestamp="2021-04-05T23:17:22.243" intervalms="783.227" />
<gc-start id="3257" type="scavenge" contextid="3256" timestamp="2021-04-05T23:17:22.243">
  <mem-info id="3258" free="1017794656" total="1610612736" percent="63">
    <mem type="nursery" free="0" total="402653184" percent="0">
      <mem type="allocate" free="0" total="333905920" percent="0" />
      <mem type="survivor" free="0" total="68747264" percent="0" />
    </mem>
    <mem type="tenure" free="1017794656" total="1207959552" percent="84">
      <mem type="soa" free="957396064" total="1147560960" percent="83" />
      <mem type="loa" free="60398592" total="60398592" percent="100" />
    </mem>
    <remembered-set count="1521" />
  </mem-info>
</gc-start>
<allocation-stats totalBytes="272091656" >
  <allocated-bytes non-tlh="24" tlh="272091632" />
  <largest-consumer threadName="BenchmarkThread xml.validation 3" threadId="0000000000329300" bytes="41436416" />
</allocation-stats>
<gc-op id="3259" type="scavenge" timems="113.061" contextid="3256" timestamp="2021-04-05T23:17:22.356">
  <scavenger-info tenureage="3" tenuremask="7ff8" tiltratio="82" />
  <memory-copied type="nursery" objects="1581772" bytes="63852240" bytesdiscarded="12592" />
</gc-op>
<gc-end id="3260" type="scavenge" contextid="3256" durationms="113.051" usertimems="449.848" systemtimems="0.000" timestamp="2021-04-05T23:17:22.357" activeThreads="4">
  <mem-info id="3261" free="1285804128" total="1610612736" percent="79">
    <mem type="nursery" free="268009472" total="402653184" percent="66">
      <mem type="allocate" free="268009472" total="331874304" percent="80" />
      <mem type="survivor" free="0" total="70778880" percent="0" />
    </mem>
    <mem type="tenure" free="1017794656" total="1207959552" percent="84" macro-fragmented="0">
      <mem type="soa" free="957396064" total="1147560960" percent="83" />
      <mem type="loa" free="60398592" total="60398592" percent="100" />
    </mem>
    <remembered-set count="1345" />
  </mem-info>
</gc-end>
<cycle-end id="3262" type="scavenge" contextid="3256" timestamp="2021-04-05T23:17:22.357" />
<allocation-satisfied id="3263" threadId="000000000013CF00" bytesRequested="24" />
<af-end id="3264" timestamp="2021-04-05T23:17:22.357" threadId="000000000013D880" success="true" from="nursery"/>
<exclusive-end id="3265" timestamp="2021-04-05T23:17:22.357" durationms="114.035" />

<exclusive-start id="3266" timestamp="2021-04-05T23:17:23.118" intervalms="874.744">
  <response-info timems="0.069" idlems="0.037" threads="4" lastid="000000000013CF00" lastname="BenchmarkThread xml.validation 2" />
</exclusive-start>
<af-start id="3267" threadId="0000000000335080" totalBytesRequested="16" timestamp="2021-04-05T23:17:23.118" intervalms="874.754" type="nursery" />
<cycle-start id="3268" type="scavenge" contextid="0" timestamp="2021-04-05T23:17:23.118" intervalms="874.754" />
<gc-start id="3269" type="scavenge" contextid="3268" timestamp="2021-04-05T23:17:23.118">
  <mem-info id="3270" free="1017794656" total="1610612736" percent="63">
    <mem type="nursery" free="0" total="402653184" percent="0">
      <mem type="allocate" free="0" total="331874304" percent="0" />
      <mem type="survivor" free="0" total="70778880" percent="0" />
    </mem>
    <mem type="tenure" free="1017794656" total="1207959552" percent="84">
      <mem type="soa" free="957396064" total="1147560960" percent="83" />
      <mem type="loa" free="60398592" total="60398592" percent="100" />
    </mem>
    <remembered-set count="1560" />
  </mem-info>
</gc-start>
<allocation-stats totalBytes="267911472" >
  <allocated-bytes non-tlh="7304" tlh="267904168" />
  <largest-consumer threadName="BenchmarkThread xml.validation 6" threadId="0000000000334700" bytes="41111816" />
</allocation-stats>
<gc-op id="3271" type="scavenge" timems="113.621" contextid="3268" timestamp="2021-04-05T23:17:23.232">
  <scavenger-info tenureage="3" tenuremask="7ff8" tiltratio="82" />
  <memory-copied type="nursery" objects="1581218" bytes="63826640" bytesdiscarded="19656" />
  <memory-copied type="tenure" objects="12" bytes="384" bytesdiscarded="0" />
</gc-op>
<gc-end id="3272" type="scavenge" contextid="3268" durationms="113.611" usertimems="435.003" systemtimems="0.000" timestamp="2021-04-05T23:17:23.232" activeThreads="4">
  <mem-info id="3273" free="1287264456" total="1610612736" percent="79">
    <mem type="nursery" free="269469800" total="402653184" percent="66">
      <mem type="allocate" free="269469800" total="333316096" percent="80" />
      <mem type="survivor" free="0" total="69337088" percent="0" />
    </mem>
    <mem type="tenure" free="1017794656" total="1207959552" percent="84" macro-fragmented="0">
      <mem type="soa" free="957396064" total="1147560960" percent="83" />
      <mem type="loa" free="60398592" total="60398592" percent="100" />
    </mem>
    <remembered-set count="1335" />
  </mem-info>
</gc-end>
<cycle-end id="3274" type="scavenge" contextid="3268" timestamp="2021-04-05T23:17:23.232" />
<allocation-satisfied id="3275" threadId="0000000000334700" bytesRequested="16" />
<af-end id="3276" timestamp="2021-04-05T23:17:23.232" threadId="0000000000335080" success="true" from="nursery"/>
<exclusive-end id="3277" timestamp="2021-04-05T23:17:23.232" durationms="114.626" />

<exclusive-start id="3278" timestamp="2021-04-05T23:17:23.990" intervalms="871.846">
  <response-info timems="0.046" idlems="0.046" threads="0" lastid="000000000011CB00" lastname="BenchmarkThread xml.validation 1" />
</exclusive-start>
<af-start id="3279" threadId="000000000011D480" totalBytesRequested="16" timestamp="2021-04-05T23:17:23.990" intervalms="871.829" type="nursery" />
<cycle-start id="3280" type="scavenge" contextid="0" timestamp="2021-04-05T23:17:23.990" intervalms="871.828" />
<gc-start id="3281" type="scavenge" contextid="3280" timestamp="2021-04-05T23:17:23.990">
  <mem-info id="3282" free="1017794656" total="1610612736" percent="63">
    <mem type="nursery" free="0" total="402653184" percent="0">
      <mem type="allocate" free="0" total="333316096" percent="0" />
      <mem type="survivor" free="0" total="69337088" percent="0" />
    </mem>
    <mem type="tenure" free="1017794656" total="1207959552" percent="84">
      <mem type="soa" free="957396064" total="1147560960" percent="83" />
      <mem type="loa" free="60398592" total="60398592" percent="100" />
    </mem>
    <remembered-set count="1553" />
  </mem-info>
</gc-start>
<allocation-stats totalBytes="269378200" >
  <allocated-bytes non-tlh="16" tlh="269378184" />
  <largest-consumer threadName="BenchmarkThread xml.validation 8" threadId="000000000033BE00" bytes="49423440" />
</allocation-stats>
<gc-op id="3283" type="scavenge" timems="113.823" contextid="3280" timestamp="2021-04-05T23:17:24.104">
  <scavenger-info tenureage="3" tenuremask="7ff8" tiltratio="82" />
  <memory-copied type="nursery" objects="1544122" bytes="61992408" bytesdiscarded="10288" />
  <memory-copied type="tenure" objects="4" bytes="128" bytesdiscarded="0" />
</gc-op>
<gc-end id="3284" type="scavenge" contextid="3280" durationms="113.812" usertimems="438.940" systemtimems="0.000" timestamp="2021-04-05T23:17:24.104" activeThreads="4">
  <mem-info id="3285" free="1289173592" total="1610612736" percent="80">
    <mem type="nursery" free="271378936" total="402653184" percent="67">
      <mem type="allocate" free="271378936" total="333381632" percent="81" />
      <mem type="survivor" free="0" total="69271552" percent="0" />
    </mem>
    <mem type="tenure" free="1017794656" total="1207959552" percent="84" macro-fragmented="0">
      <mem type="soa" free="957396064" total="1147560960" percent="83" />
      <mem type="loa" free="60398592" total="60398592" percent="100" />
    </mem>
    <remembered-set count="1336" />
  </mem-info>
</gc-end>
<cycle-end id="3286" type="scavenge" contextid="3280" timestamp="2021-04-05T23:17:24.105" />
<allocation-satisfied id="3287" threadId="000000000011CB00" bytesRequested="16" />
<af-end id="3288" timestamp="2021-04-05T23:17:24.105" threadId="000000000011D480" success="true" from="nursery"/>
<exclusive-end id="3289" timestamp="2021-04-05T23:17:24.105" durationms="114.836" />

<exclusive-start id="3290" timestamp="2021-04-05T23:17:24.782" intervalms="792.343">
  <response-info timems="0.058" idlems="0.034" threads="1" lastid="0000000000334700" lastname="BenchmarkThread xml.validation 6" />
</exclusive-start>
<af-start id="3291" threadId="000000000013D880" totalBytesRequested="40" timestamp="2021-04-05T23:17:24.782" intervalms="792.346" type="nursery" />
<cycle-start id="3292" type="scavenge" contextid="0" timestamp="2021-04-05T23:17:24.782" intervalms="792.345" />
<gc-start id="3293" type="scavenge" contextid="3292" timestamp="2021-04-05T23:17:24.782">
  <mem-info id="3294" free="1017794656" total="1610612736" percent="63">
    <mem type="nursery" free="0" total="402653184" percent="0">
      <mem type="allocate" free="0" total="333381632" percent="0" />
      <mem type="survivor" free="0" total="69271552" percent="0" />
    </mem>
    <mem type="tenure" free="1017794656" total="1207959552" percent="84">
      <mem type="soa" free="957396064" total="1147560960" percent="83" />
      <mem type="loa" free="60398592" total="60398592" percent="100" />
    </mem>
    <remembered-set count="1532" />
  </mem-info>
</gc-start>
<allocation-stats totalBytes="271288536" >
  <allocated-bytes non-tlh="16" tlh="271288520" />
  <largest-consumer threadName="BenchmarkThread xml.validation 1" threadId="000000000011CB00" bytes="41527752" />
</allocation-stats>
<gc-op id="3295" type="scavenge" timems="108.508" contextid="3292" timestamp="2021-04-05T23:17:24.891">
  <scavenger-info tenureage="3" tenuremask="7ff8" tiltratio="82" />
  <memory-copied type="nursery" objects="1508526" bytes="61041680" bytesdiscarded="10512" />
  <memory-copied type="tenure" objects="4" bytes="128" bytesdiscarded="0" />
</gc-op>
<gc-end id="3296" type="scavenge" contextid="3292" durationms="108.497" usertimems="418.663" systemtimems="0.000" timestamp="2021-04-05T23:17:24.891" activeThreads="4">
  <mem-info id="3297" free="1290582848" total="1610612736" percent="80">
    <mem type="nursery" free="272788192" total="402653184" percent="67">
      <mem type="allocate" free="272788192" total="333840384" percent="81" />
      <mem type="survivor" free="0" total="68812800" percent="0" />
    </mem>
    <mem type="tenure" free="1017794656" total="1207959552" percent="84" macro-fragmented="0">
      <mem type="soa" free="957396064" total="1147560960" percent="83" />
      <mem type="loa" free="60398592" total="60398592" percent="100" />
    </mem>
    <remembered-set count="1335" />
  </mem-info>
</gc-end>
<cycle-end id="3298" type="scavenge" contextid="3292" timestamp="2021-04-05T23:17:24.891" />
<allocation-satisfied id="3299" threadId="000000000013CF00" bytesRequested="40" />
<af-end id="3300" timestamp="2021-04-05T23:17:24.892" threadId="000000000013D880" success="true" from="nursery"/>
<exclusive-end id="3301" timestamp="2021-04-05T23:17:24.892" durationms="109.467" />

<exclusive-start id="3302" timestamp="2021-04-05T23:17:25.673" intervalms="890.618">
  <response-info timems="0.074" idlems="0.035" threads="2" lastid="000000000033BE00" lastname="BenchmarkThread xml.validation 8" />
</exclusive-start>
<af-start id="3303" threadId="0000000000338C80" totalBytesRequested="40" timestamp="2021-04-05T23:17:25.673" intervalms="890.617" type="nursery" />
<cycle-start id="3304" type="scavenge" contextid="0" timestamp="2021-04-05T23:17:25.673" intervalms="890.619" />
<gc-start id="3305" type="scavenge" contextid="3304" timestamp="2021-04-05T23:17:25.673">
  <mem-info id="3306" free="1017794656" total="1610612736" percent="63">
    <mem type="nursery" free="0" total="402653184" percent="0">
      <mem type="allocate" free="0" total="333840384" percent="0" />
      <mem type="survivor" free="0" total="68812800" percent="0" />
    </mem>
    <mem type="tenure" free="1017794656" total="1207959552" percent="84">
      <mem type="soa" free="957396064" total="1147560960" percent="83" />
      <mem type="loa" free="60398592" total="60398592" percent="100" />
    </mem>
    <remembered-set count="1568" />
  </mem-info>
</gc-start>
<allocation-stats totalBytes="272705448" >
  <allocated-bytes non-tlh="40" tlh="272705408" />
  <largest-consumer threadName="BenchmarkThread xml.validation 8" threadId="000000000033BE00" bytes="50023776" />
</allocation-stats>
<gc-op id="3307" type="scavenge" timems="114.982" contextid="3304" timestamp="2021-04-05T23:17:25.788">
  <scavenger-info tenureage="3" tenuremask="7ff8" tiltratio="82" />
  <memory-copied type="nursery" objects="1505685" bytes="60837624" bytesdiscarded="11160" />
  <memory-copied type="tenure" objects="10" bytes="320" bytesdiscarded="0" />
</gc-op>
<gc-end id="3308" type="scavenge" contextid="3304" durationms="114.971" usertimems="421.149" systemtimems="0.002" timestamp="2021-04-05T23:17:25.789" activeThreads="4">
  <mem-info id="3309" free="1291376080" total="1610612736" percent="80">
    <mem type="nursery" free="273581424" total="402653184" percent="67">
      <mem type="allocate" free="273581424" total="334430208" percent="81" />
      <mem type="survivor" free="0" total="68222976" percent="0" />
    </mem>
    <mem type="tenure" free="1017794656" total="1207959552" percent="84" macro-fragmented="0">
      <mem type="soa" free="957396064" total="1147560960" percent="83" />
      <mem type="loa" free="60398592" total="60398592" percent="100" />
    </mem>
    <remembered-set count="1335" />
  </mem-info>
</gc-end>
<cycle-end id="3310" type="scavenge" contextid="3304" timestamp="2021-04-05T23:17:25.789" />
<allocation-satisfied id="3311" threadId="0000000000338300" bytesRequested="40" />
<af-end id="3312" timestamp="2021-04-05T23:17:25.789" threadId="0000000000338C80" success="true" from="nursery"/>
<exclusive-end id="3313" timestamp="2021-04-05T23:17:25.789" durationms="115.968" />

<exclusive-start id="3314" timestamp="2021-04-05T23:17:26.578" intervalms="905.627">
  <response-info timems="0.063" idlems="0.037" threads="1" lastid="000000000033BE00" lastname="BenchmarkThread xml.validation 8" />
</exclusive-start>
<af-start id="3315" threadId="000000000013D880" totalBytesRequested="16" timestamp="2021-04-05T23:17:26.578" intervalms="905.635" type="nursery" />
<cycle-start id="3316" type="scavenge" contextid="0" timestamp="2021-04-05T23:17:26.578" intervalms="905.644" />
<gc-start id="3317" type="scavenge" contextid="3316" timestamp="2021-04-05T23:17:26.578">
  <mem-info id="3318" free="1017794656" total="1610612736" percent="63">
    <mem type="nursery" free="0" total="402653184" percent="0">
      <mem type="allocate" free="0" total="334430208" percent="0" />
      <mem type="survivor" free="0" total="68222976" percent="0" />
    </mem>
    <mem type="tenure" free="1017794656" total="1207959552" percent="84">
      <mem type="soa" free="957396064" total="1147560960" percent="83" />
      <mem type="loa" free="60398592" total="60398592" percent="100" />
    </mem>
    <remembered-set count="1542" />
  </mem-info>
</gc-start>
<allocation-stats totalBytes="273498768" >
  <allocated-bytes non-tlh="40" tlh="273498728" />
  <largest-consumer threadName="BenchmarkThread xml.validation 2" threadId="000000000013CF00" bytes="55020856" />
</allocation-stats>
<gc-op id="3319" type="scavenge" timems="112.713" contextid="3316" timestamp="2021-04-05T23:17:26.691">
  <scavenger-info tenureage="3" tenuremask="7ff8" tiltratio="83" />
  <memory-copied type="nursery" objects="1452370" bytes="58927264" bytesdiscarded="8760" />
  <memory-copied type="tenure" objects="12" bytes="352" bytesdiscarded="0" />
</gc-op>
<gc-end id="3320" type="scavenge" contextid="3316" durationms="112.488" usertimems="432.006" systemtimems="0.000" timestamp="2021-04-05T23:17:26.692" activeThreads="4">
  <mem-info id="3321" free="1293747592" total="1610612736" percent="80">
    <mem type="nursery" free="275952936" total="402653184" percent="68">
      <mem type="allocate" free="275952936" total="334888960" percent="82" />
      <mem type="survivor" free="0" total="67764224" percent="0" />
    </mem>
    <mem type="tenure" free="1017794656" total="1207959552" percent="84" macro-fragmented="0">
      <mem type="soa" free="957396064" total="1147560960" percent="83" />
      <mem type="loa" free="60398592" total="60398592" percent="100" />
    </mem>
    <remembered-set count="1325" />
  </mem-info>
</gc-end>
<cycle-end id="3322" type="scavenge" contextid="3316" timestamp="2021-04-05T23:17:26.692" />
<allocation-satisfied id="3323" threadId="000000000013CF00" bytesRequested="16" />
<af-end id="3324" timestamp="2021-04-05T23:17:26.692" threadId="000000000013D880" success="true" from="nursery"/>
<exclusive-end id="3325" timestamp="2021-04-05T23:17:26.692" durationms="113.781" />

<exclusive-start id="3326" timestamp="2021-04-05T23:17:27.559" intervalms="981.055">
  <response-info timems="0.047" idlems="0.047" threads="0" lastid="0000000000338300" lastname="BenchmarkThread xml.validation 7" />
</exclusive-start>
<af-start id="3327" threadId="0000000000338C80" totalBytesRequested="16" timestamp="2021-04-05T23:17:27.559" intervalms="981.049" type="nursery" />
<cycle-start id="3328" type="scavenge" contextid="0" timestamp="2021-04-05T23:17:27.559" intervalms="981.040" />
<gc-start id="3329" type="scavenge" contextid="3328" timestamp="2021-04-05T23:17:27.560">
  <mem-info id="3330" free="1017794656" total="1610612736" percent="63">
    <mem type="nursery" free="0" total="402653184" percent="0">
      <mem type="allocate" free="0" total="334888960" percent="0" />
      <mem type="survivor" free="0" total="67764224" percent="0" />
    </mem>
    <mem type="tenure" free="1017794656" total="1207959552" percent="84">
      <mem type="soa" free="957396064" total="1147560960" percent="83" />
      <mem type="loa" free="60398592" total="60398592" percent="100" />
    </mem>
    <remembered-set count="1566" />
  </mem-info>
</gc-start>
<allocation-stats totalBytes="275866056" >
  <allocated-bytes non-tlh="7296" tlh="275858760" />
  <largest-consumer threadName="BenchmarkThread xml.validation 4" threadId="000000000032CF00" bytes="41115344" />
</allocation-stats>
<gc-op id="3331" type="scavenge" timems="110.458" contextid="3328" timestamp="2021-04-05T23:17:27.670">
  <scavenger-info tenureage="3" tenuremask="7ff8" tiltratio="83" />
  <memory-copied type="nursery" objects="1543579" bytes="62012552" bytesdiscarded="13544" />
  <memory-copied type="tenure" objects="8" bytes="256" bytesdiscarded="0" />
</gc-op>
<gc-end id="3332" type="scavenge" contextid="3328" durationms="110.447" usertimems="423.128" systemtimems="0.001" timestamp="2021-04-05T23:17:27.671" activeThreads="4">
  <mem-info id="3333" free="1288625904" total="1610612736" percent="80">
    <mem type="nursery" free="270831248" total="402653184" percent="67">
      <mem type="allocate" free="270831248" total="332857344" percent="81" />
      <mem type="survivor" free="0" total="69795840" percent="0" />
    </mem>
    <mem type="tenure" free="1017794656" total="1207959552" percent="84" macro-fragmented="0">
      <mem type="soa" free="957396064" total="1147560960" percent="83" />
      <mem type="loa" free="60398592" total="60398592" percent="100" />
    </mem>
    <remembered-set count="1338" />
  </mem-info>
</gc-end>
<cycle-end id="3334" type="scavenge" contextid="3328" timestamp="2021-04-05T23:17:27.671" />
<allocation-satisfied id="3335" threadId="0000000000338300" bytesRequested="16" />
<af-end id="3336" timestamp="2021-04-05T23:17:27.671" threadId="0000000000338C80" success="true" from="nursery"/>
<exclusive-end id="3337" timestamp="2021-04-05T23:17:27.671" durationms="111.418" />

<exclusive-start id="3338" timestamp="2021-04-05T23:17:28.475" intervalms="915.724">
  <response-info timems="0.066" idlems="0.066" threads="0" lastid="000000000033BE00" lastname="BenchmarkThread xml.validation 8" />
</exclusive-start>
<af-start id="3339" threadId="000000000033C780" totalBytesRequested="1040" timestamp="2021-04-05T23:17:28.475" intervalms="915.726" type="nursery" />
<cycle-start id="3340" type="scavenge" contextid="0" timestamp="2021-04-05T23:17:28.475" intervalms="915.729" />
<gc-start id="3341" type="scavenge" contextid="3340" timestamp="2021-04-05T23:17:28.475">
  <mem-info id="3342" free="1017794656" total="1610612736" percent="63">
    <mem type="nursery" free="0" total="402653184" percent="0">
      <mem type="allocate" free="0" total="332857344" percent="0" />
      <mem type="survivor" free="0" total="69795840" percent="0" />
    </mem>
    <mem type="tenure" free="1017794656" total="1207959552" percent="84">
      <mem type="soa" free="957396064" total="1147560960" percent="83" />
      <mem type="loa" free="60398592" total="60398592" percent="100" />
    </mem>
    <remembered-set count="1538" />
  </mem-info>
</gc-start>
<allocation-stats totalBytes="270730488" >
  <allocated-bytes non-tlh="16" tlh="270730472" />
  <largest-consumer threadName="BenchmarkThread xml.validation 8" threadId="000000000033BE00" bytes="43207136" />
</allocation-stats>
<gc-op id="3343" type="scavenge" timems="123.643" contextid="3340" timestamp="2021-04-05T23:17:28.599">
  <scavenger-info tenureage="3" tenuremask="7ff8" tiltratio="82" />
  <memory-copied type="nursery" objects="1568098" bytes="63370488" bytesdiscarded="13544" />
  <memory-copied type="tenure" objects="6" bytes="192" bytesdiscarded="0" />
</gc-op>
<gc-end id="3344" type="scavenge" contextid="3340" durationms="123.632" usertimems="472.932" systemtimems="0.013" timestamp="2021-04-05T23:17:28.600" activeThreads="4">
  <mem-info id="3345" free="1287136896" total="1610612736" percent="79">
    <mem type="nursery" free="269342240" total="402653184" percent="66">
      <mem type="allocate" free="269342240" total="332726272" percent="80" />
      <mem type="survivor" free="0" total="69926912" percent="0" />
    </mem>
    <mem type="tenure" free="1017794656" total="1207959552" percent="84" macro-fragmented="0">
      <mem type="soa" free="957396064" total="1147560960" percent="83" />
      <mem type="loa" free="60398592" total="60398592" percent="100" />
    </mem>
    <remembered-set count="1343" />
  </mem-info>
</gc-end>
<cycle-end id="3346" type="scavenge" contextid="3340" timestamp="2021-04-05T23:17:28.600" />
<allocation-satisfied id="3347" threadId="000000000033BE00" bytesRequested="1040" />
<af-end id="3348" timestamp="2021-04-05T23:17:28.600" threadId="000000000033C780" success="true" from="nursery"/>
<exclusive-end id="3349" timestamp="2021-04-05T23:17:28.600" durationms="124.715" />

<exclusive-start id="3350" timestamp="2021-04-05T23:17:29.374" intervalms="898.917">
  <response-info timems="0.074" idlems="0.032" threads="3" lastid="000000000032CF00" lastname="BenchmarkThread xml.validation 4" />
</exclusive-start>
<af-start id="3351" threadId="0000000000338C80" totalBytesRequested="24" timestamp="2021-04-05T23:17:29.374" intervalms="898.915" type="nursery" />
<cycle-start id="3352" type="scavenge" contextid="0" timestamp="2021-04-05T23:17:29.374" intervalms="898.928" />
<gc-start id="3353" type="scavenge" contextid="3352" timestamp="2021-04-05T23:17:29.374">
  <mem-info id="3354" free="1017794656" total="1610612736" percent="63">
    <mem type="nursery" free="0" total="402653184" percent="0">
      <mem type="allocate" free="0" total="332726272" percent="0" />
      <mem type="survivor" free="0" total="69926912" percent="0" />
    </mem>
    <mem type="tenure" free="1017794656" total="1207959552" percent="84">
      <mem type="soa" free="957396064" total="1147560960" percent="83" />
      <mem type="loa" free="60398592" total="60398592" percent="100" />
    </mem>
    <remembered-set count="1536" />
  </mem-info>
</gc-start>
<allocation-stats totalBytes="269262536" >
  <allocated-bytes non-tlh="3120" tlh="269259416" />
  <largest-consumer threadName="BenchmarkThread xml.validation 1" threadId="000000000011CB00" bytes="40999448" />
</allocation-stats>
<gc-op id="3355" type="scavenge" timems="107.407" contextid="3352" timestamp="2021-04-05T23:17:29.482">
  <scavenger-info tenureage="3" tenuremask="7ff8" tiltratio="82" />
  <memory-copied type="nursery" objects="1522360" bytes="61352864" bytesdiscarded="11040" />
  <memory-copied type="tenure" objects="6" bytes="192" bytesdiscarded="0" />
</gc-op>
<gc-end id="3356" type="scavenge" contextid="3352" durationms="107.397" usertimems="407.493" systemtimems="0.000" timestamp="2021-04-05T23:17:29.482" activeThreads="4">
  <mem-info id="3357" free="1289484704" total="1610612736" percent="80">
    <mem type="nursery" free="271690048" total="402653184" percent="67">
      <mem type="allocate" free="271690048" total="333053952" percent="81" />
      <mem type="survivor" free="0" total="69599232" percent="0" />
    </mem>
    <mem type="tenure" free="1017794656" total="1207959552" percent="84" macro-fragmented="0">
      <mem type="soa" free="957396064" total="1147560960" percent="83" />
      <mem type="loa" free="60398592" total="60398592" percent="100" />
    </mem>
    <remembered-set count="1332" />
  </mem-info>
</gc-end>
<cycle-end id="3358" type="scavenge" contextid="3352" timestamp="2021-04-05T23:17:29.482" />
<allocation-satisfied id="3359" threadId="0000000000338300" bytesRequested="24" />
<af-end id="3360" timestamp="2021-04-05T23:17:29.482" threadId="0000000000338C80" success="true" from="nursery"/>
<exclusive-end id="3361" timestamp="2021-04-05T23:17:29.482" durationms="108.371" />

<exclusive-start id="3362" timestamp="2021-04-05T23:17:30.344" intervalms="969.905">
  <response-info timems="0.054" idlems="0.054" threads="0" lastid="000000000013CF00" lastname="BenchmarkThread xml.validation 2" />
</exclusive-start>
<af-start id="3363" threadId="000000000013D880" totalBytesRequested="1040" timestamp="2021-04-05T23:17:30.344" intervalms="969.908" type="nursery" />
<cycle-start id="3364" type="scavenge" contextid="0" timestamp="2021-04-05T23:17:30.344" intervalms="969.896" />
<gc-start id="3365" type="scavenge" contextid="3364" timestamp="2021-04-05T23:17:30.344">
  <mem-info id="3366" free="1017794656" total="1610612736" percent="63">
    <mem type="nursery" free="0" total="402653184" percent="0">
      <mem type="allocate" free="0" total="333053952" percent="0" />
      <mem type="survivor" free="0" total="69599232" percent="0" />
    </mem>
    <mem type="tenure" free="1017794656" total="1207959552" percent="84">
      <mem type="soa" free="957396064" total="1147560960" percent="83" />
      <mem type="loa" free="60398592" total="60398592" percent="100" />
    </mem>
    <remembered-set count="1576" />
  </mem-info>
</gc-start>
<allocation-stats totalBytes="271576504" >
  <allocated-bytes non-tlh="3144" tlh="271573360" />
  <largest-consumer threadName="BenchmarkThread xml.validation 6" threadId="0000000000334700" bytes="42808720" />
</allocation-stats>
<gc-op id="3367" type="scavenge" timems="119.761" contextid="3364" timestamp="2021-04-05T23:17:30.464">
  <scavenger-info tenureage="3" tenuremask="7ff8" tiltratio="82" />
  <memory-copied type="nursery" objects="1545604" bytes="62074448" bytesdiscarded="13112" />
  <memory-copied type="tenure" objects="6" bytes="192" bytesdiscarded="0" />
</gc-op>
<gc-end id="3368" type="scavenge" contextid="3364" durationms="119.748" usertimems="460.759" systemtimems="0.001" timestamp="2021-04-05T23:17:30.465" activeThreads="4">
  <mem-info id="3369" free="1289088728" total="1610612736" percent="80">
    <mem type="nursery" free="271294072" total="402653184" percent="67">
      <mem type="allocate" free="271294072" total="333381632" percent="81" />
      <mem type="survivor" free="0" total="69271552" percent="0" />
    </mem>
    <mem type="tenure" free="1017794656" total="1207959552" percent="84" macro-fragmented="0">
      <mem type="soa" free="957396064" total="1147560960" percent="83" />
      <mem type="loa" free="60398592" total="60398592" percent="100" />
    </mem>
    <remembered-set count="1340" />
  </mem-info>
</gc-end>
<cycle-end id="3370" type="scavenge" contextid="3364" timestamp="2021-04-05T23:17:30.465" />
<allocation-satisfied id="3371" threadId="000000000013CF00" bytesRequested="1040" />
<af-end id="3372" timestamp="2021-04-05T23:17:30.465" threadId="000000000013D880" success="true" from="nursery"/>
<exclusive-end id="3373" timestamp="2021-04-05T23:17:30.465" durationms="120.827" />

<exclusive-start id="3374" timestamp="2021-04-05T23:17:31.226" intervalms="882.128">
  <response-info timems="0.069" idlems="0.040" threads="1" lastid="0000000000334700" lastname="BenchmarkThread xml.validation 6" />
</exclusive-start>
<af-start id="3375" threadId="000000000033C780" totalBytesRequested="40" timestamp="2021-04-05T23:17:31.226" intervalms="882.125" type="nursery" />
<cycle-start id="3376" type="scavenge" contextid="0" timestamp="2021-04-05T23:17:31.226" intervalms="882.121" />
<gc-start id="3377" type="scavenge" contextid="3376" timestamp="2021-04-05T23:17:31.226">
  <mem-info id="3378" free="1017794656" total="1610612736" percent="63">
    <mem type="nursery" free="0" total="402653184" percent="0">
      <mem type="allocate" free="0" total="333381632" percent="0" />
      <mem type="survivor" free="0" total="69271552" percent="0" />
    </mem>
    <mem type="tenure" free="1017794656" total="1207959552" percent="84">
      <mem type="soa" free="957396064" total="1147560960" percent="83" />
      <mem type="loa" free="60398592" total="60398592" percent="100" />
    </mem>
    <remembered-set count="1524" />
  </mem-info>
</gc-start>
<allocation-stats totalBytes="271191528" >
  <allocated-bytes non-tlh="1040" tlh="271190488" />
  <largest-consumer threadName="BenchmarkThread xml.validation 3" threadId="0000000000329300" bytes="56874432" />
</allocation-stats>
<gc-op id="3379" type="scavenge" timems="106.097" contextid="3376" timestamp="2021-04-05T23:17:31.332">
  <scavenger-info tenureage="3" tenuremask="7ff8" tiltratio="82" />
  <memory-copied type="nursery" objects="1505056" bytes="61269864" bytesdiscarded="11104" />
  <memory-copied type="tenure" objects="6" bytes="192" bytesdiscarded="0" />
</gc-op>
<gc-end id="3380" type="scavenge" contextid="3376" durationms="106.086" usertimems="398.026" systemtimems="0.000" timestamp="2021-04-05T23:17:31.333" activeThreads="4">
  <mem-info id="3381" free="1290354072" total="1610612736" percent="80">
    <mem type="nursery" free="272559416" total="402653184" percent="67">
      <mem type="allocate" free="272559416" total="333840384" percent="81" />
      <mem type="survivor" free="0" total="68812800" percent="0" />
    </mem>
    <mem type="tenure" free="1017794656" total="1207959552" percent="84" macro-fragmented="0">
      <mem type="soa" free="957396064" total="1147560960" percent="83" />
      <mem type="loa" free="60398592" total="60398592" percent="100" />
    </mem>
    <remembered-set count="1337" />
  </mem-info>
</gc-end>
<cycle-end id="3382" type="scavenge" contextid="3376" timestamp="2021-04-05T23:17:31.333" />
<allocation-satisfied id="3383" threadId="000000000033BE00" bytesRequested="40" />
<af-end id="3384" timestamp="2021-04-05T23:17:31.333" threadId="000000000033C780" success="true" from="nursery"/>
<exclusive-end id="3385" timestamp="2021-04-05T23:17:31.333" durationms="107.426" />

<exclusive-start id="3386" timestamp="2021-04-05T23:17:32.146" intervalms="919.957">
  <response-info timems="0.070" idlems="0.037" threads="2" lastid="000000000032CF00" lastname="BenchmarkThread xml.validation 4" />
</exclusive-start>
<af-start id="3387" threadId="000000000033C780" totalBytesRequested="72" timestamp="2021-04-05T23:17:32.146" intervalms="919.962" type="nursery" />
<cycle-start id="3388" type="scavenge" contextid="0" timestamp="2021-04-05T23:17:32.146" intervalms="919.972" />
<gc-start id="3389" type="scavenge" contextid="3388" timestamp="2021-04-05T23:17:32.146">
  <mem-info id="3390" free="1017794656" total="1610612736" percent="63">
    <mem type="nursery" free="0" total="402653184" percent="0">
      <mem type="allocate" free="0" total="333840384" percent="0" />
      <mem type="survivor" free="0" total="68812800" percent="0" />
    </mem>
    <mem type="tenure" free="1017794656" total="1207959552" percent="84">
      <mem type="soa" free="957396064" total="1147560960" percent="83" />
      <mem type="loa" free="60398592" total="60398592" percent="100" />
    </mem>
    <remembered-set count="1561" />
  </mem-info>
</gc-start>
<allocation-stats totalBytes="272468216" >
  <allocated-bytes non-tlh="40" tlh="272468176" />
  <largest-consumer threadName="BenchmarkThread xml.validation 1" threadId="000000000011CB00" bytes="44549632" />
</allocation-stats>
<gc-op id="3391" type="scavenge" timems="124.169" contextid="3388" timestamp="2021-04-05T23:17:32.270">
  <scavenger-info tenureage="3" tenuremask="7ff8" tiltratio="82" />
  <memory-copied type="nursery" objects="1472746" bytes="59817920" bytesdiscarded="9000" />
  <memory-copied type="tenure" objects="6" bytes="192" bytesdiscarded="0" />
</gc-op>
<gc-end id="3392" type="scavenge" contextid="3388" durationms="123.939" usertimems="438.435" systemtimems="0.000" timestamp="2021-04-05T23:17:32.271" activeThreads="4">
  <mem-info id="3393" free="1292332408" total="1610612736" percent="80">
    <mem type="nursery" free="274537752" total="402653184" percent="68">
      <mem type="allocate" free="274537752" total="334364672" percent="82" />
      <mem type="survivor" free="0" total="68288512" percent="0" />
    </mem>
    <mem type="tenure" free="1017794656" total="1207959552" percent="84" macro-fragmented="0">
      <mem type="soa" free="957396064" total="1147560960" percent="83" />
      <mem type="loa" free="60398592" total="60398592" percent="100" />
    </mem>
    <remembered-set count="1338" />
  </mem-info>
</gc-end>
<cycle-end id="3394" type="scavenge" contextid="3388" timestamp="2021-04-05T23:17:32.271" />
<allocation-satisfied id="3395" threadId="000000000033BE00" bytesRequested="72" />
<af-end id="3396" timestamp="2021-04-05T23:17:32.271" threadId="000000000033C780" success="true" from="nursery"/>
<exclusive-end id="3397" timestamp="2021-04-05T23:17:32.271" durationms="125.244" />

<exclusive-start id="3398" timestamp="2021-04-05T23:17:33.114" intervalms="967.842">
  <response-info timems="0.066" idlems="0.031" threads="2" lastid="000000000032CF00" lastname="BenchmarkThread xml.validation 4" />
</exclusive-start>
<af-start id="3399" threadId="0000000000338C80" totalBytesRequested="24" timestamp="2021-04-05T23:17:33.114" intervalms="967.836" type="nursery" />
<cycle-start id="3400" type="scavenge" contextid="0" timestamp="2021-04-05T23:17:33.114" intervalms="967.828" />
<gc-start id="3401" type="scavenge" contextid="3400" timestamp="2021-04-05T23:17:33.114">
  <mem-info id="3402" free="1017794656" total="1610612736" percent="63">
    <mem type="nursery" free="0" total="402653184" percent="0">
      <mem type="allocate" free="0" total="334364672" percent="0" />
      <mem type="survivor" free="0" total="68288512" percent="0" />
    </mem>
    <mem type="tenure" free="1017794656" total="1207959552" percent="84">
      <mem type="soa" free="957396064" total="1147560960" percent="83" />
      <mem type="loa" free="60398592" total="60398592" percent="100" />
    </mem>
    <remembered-set count="1542" />
  </mem-info>
</gc-start>
<allocation-stats totalBytes="274454936" >
  <allocated-bytes non-tlh="72" tlh="274454864" />
  <largest-consumer threadName="BenchmarkThread xml.validation 4" threadId="000000000032CF00" bytes="46917816" />
</allocation-stats>
<gc-op id="3403" type="scavenge" timems="100.571" contextid="3400" timestamp="2021-04-05T23:17:33.215">
  <scavenger-info tenureage="3" tenuremask="7ff8" tiltratio="83" />
  <memory-copied type="nursery" objects="1493979" bytes="60357568" bytesdiscarded="12704" />
  <memory-copied type="tenure" objects="4" bytes="128" bytesdiscarded="0" />
</gc-op>
<gc-end id="3404" type="scavenge" contextid="3400" durationms="100.560" usertimems="400.912" systemtimems="0.007" timestamp="2021-04-05T23:17:33.215" activeThreads="4">
  <mem-info id="3405" free="1292247808" total="1610612736" percent="80">
    <mem type="nursery" free="274453152" total="402653184" percent="68">
      <mem type="allocate" free="274453152" total="334823424" percent="81" />
      <mem type="survivor" free="0" total="67829760" percent="0" />
    </mem>
    <mem type="tenure" free="1017794656" total="1207959552" percent="84" macro-fragmented="0">
      <mem type="soa" free="957396064" total="1147560960" percent="83" />
      <mem type="loa" free="60398592" total="60398592" percent="100" />
    </mem>
    <remembered-set count="1331" />
  </mem-info>
</gc-end>
<cycle-end id="3406" type="scavenge" contextid="3400" timestamp="2021-04-05T23:17:33.215" />
<allocation-satisfied id="3407" threadId="0000000000338300" bytesRequested="24" />
<af-end id="3408" timestamp="2021-04-05T23:17:33.215" threadId="0000000000338C80" success="true" from="nursery"/>
<exclusive-end id="3409" timestamp="2021-04-05T23:17:33.215" durationms="101.549" />

<exclusive-start id="3410" timestamp="2021-04-05T23:17:33.996" intervalms="882.539">
  <response-info timems="0.053" idlems="0.027" threads="1" lastid="0000000000334700" lastname="BenchmarkThread xml.validation 6" />
</exclusive-start>
<af-start id="3411" threadId="0000000000338C80" totalBytesRequested="1040" timestamp="2021-04-05T23:17:33.996" intervalms="882.545" type="nursery" />
<cycle-start id="3412" type="scavenge" contextid="0" timestamp="2021-04-05T23:17:33.996" intervalms="882.546" />
<gc-start id="3413" type="scavenge" contextid="3412" timestamp="2021-04-05T23:17:33.997">
  <mem-info id="3414" free="1017794656" total="1610612736" percent="63">
    <mem type="nursery" free="0" total="402653184" percent="0">
      <mem type="allocate" free="0" total="334823424" percent="0" />
      <mem type="survivor" free="0" total="67829760" percent="0" />
    </mem>
    <mem type="tenure" free="1017794656" total="1207959552" percent="84">
      <mem type="soa" free="957396064" total="1147560960" percent="83" />
      <mem type="loa" free="60398592" total="60398592" percent="100" />
    </mem>
    <remembered-set count="1557" />
  </mem-info>
</gc-start>
<allocation-stats totalBytes="274341648" >
  <allocated-bytes non-tlh="24" tlh="274341624" />
  <largest-consumer threadName="BenchmarkThread xml.validation 1" threadId="000000000011CB00" bytes="42131664" />
</allocation-stats>
<gc-op id="3415" type="scavenge" timems="119.431" contextid="3412" timestamp="2021-04-05T23:17:34.116">
  <scavenger-info tenureage="3" tenuremask="7ff8" tiltratio="83" />
  <memory-copied type="nursery" objects="1543996" bytes="62137464" bytesdiscarded="9808" />
  <memory-copied type="tenure" objects="10" bytes="320" bytesdiscarded="0" />
</gc-op>
<gc-end id="3416" type="scavenge" contextid="3412" durationms="119.420" usertimems="467.481" systemtimems="0.000" timestamp="2021-04-05T23:17:34.117" activeThreads="4">
  <mem-info id="3417" free="1289487768" total="1610612736" percent="80">
    <mem type="nursery" free="271693112" total="402653184" percent="67">
      <mem type="allocate" free="271693112" total="333840384" percent="81" />
      <mem type="survivor" free="0" total="68812800" percent="0" />
    </mem>
    <mem type="tenure" free="1017794656" total="1207959552" percent="84" macro-fragmented="0">
      <mem type="soa" free="957396064" total="1147560960" percent="83" />
      <mem type="loa" free="60398592" total="60398592" percent="100" />
    </mem>
    <remembered-set count="1337" />
  </mem-info>
</gc-end>
<cycle-end id="3418" type="scavenge" contextid="3412" timestamp="2021-04-05T23:17:34.117" />
<allocation-satisfied id="3419" threadId="0000000000338300" bytesRequested="1040" />
<af-end id="3420" timestamp="2021-04-05T23:17:34.117" threadId="0000000000338C80" success="true" from="nursery"/>
<exclusive-end id="3421" timestamp="2021-04-05T23:17:34.117" durationms="120.496" />

<exclusive-start id="3422" timestamp="2021-04-05T23:17:35.011" intervalms="1014.337">
  <response-info timems="0.049" idlems="0.026" threads="1" lastid="0000000000330B00" lastname="BenchmarkThread xml.validation 5" />
</exclusive-start>
<af-start id="3423" threadId="000000000013D880" totalBytesRequested="24" timestamp="2021-04-05T23:17:35.011" intervalms="1014.333" type="nursery" />
<cycle-start id="3424" type="scavenge" contextid="0" timestamp="2021-04-05T23:17:35.011" intervalms="1014.332" />
<gc-start id="3425" type="scavenge" contextid="3424" timestamp="2021-04-05T23:17:35.011">
  <mem-info id="3426" free="1017794656" total="1610612736" percent="63">
    <mem type="nursery" free="0" total="402653184" percent="0">
      <mem type="allocate" free="0" total="333840384" percent="0" />
      <mem type="survivor" free="0" total="68812800" percent="0" />
    </mem>
    <mem type="tenure" free="1017794656" total="1207959552" percent="84">
      <mem type="soa" free="957396064" total="1147560960" percent="83" />
      <mem type="loa" free="60398592" total="60398592" percent="100" />
    </mem>
    <remembered-set count="1558" />
  </mem-info>
</gc-start>
<allocation-stats totalBytes="271601936" >
  <allocated-bytes non-tlh="2080" tlh="271599856" />
  <largest-consumer threadName="BenchmarkThread xml.validation 7" threadId="0000000000338300" bytes="43801984" />
</allocation-stats>
<gc-op id="3427" type="scavenge" timems="105.796" contextid="3424" timestamp="2021-04-05T23:17:35.117">
  <scavenger-info tenureage="3" tenuremask="7ff8" tiltratio="82" />
  <memory-copied type="nursery" objects="1545910" bytes="62074768" bytesdiscarded="15968" />
  <memory-copied type="tenure" objects="6" bytes="192" bytesdiscarded="0" />
</gc-op>
<gc-end id="3428" type="scavenge" contextid="3424" durationms="105.786" usertimems="411.687" systemtimems="0.000" timestamp="2021-04-05T23:17:35.117" activeThreads="4">
  <mem-info id="3429" free="1290855024" total="1610612736" percent="80">
    <mem type="nursery" free="273060368" total="402653184" percent="67">
      <mem type="allocate" free="273060368" total="335151104" percent="81" />
      <mem type="survivor" free="0" total="67502080" percent="0" />
    </mem>
    <mem type="tenure" free="1017794656" total="1207959552" percent="84" macro-fragmented="0">
      <mem type="soa" free="957396064" total="1147560960" percent="83" />
      <mem type="loa" free="60398592" total="60398592" percent="100" />
    </mem>
    <remembered-set count="1334" />
  </mem-info>
</gc-end>
<cycle-end id="3430" type="scavenge" contextid="3424" timestamp="2021-04-05T23:17:35.117" />
<allocation-satisfied id="3431" threadId="000000000013CF00" bytesRequested="24" />
<af-end id="3432" timestamp="2021-04-05T23:17:35.117" threadId="000000000013D880" success="true" from="nursery"/>
<exclusive-end id="3433" timestamp="2021-04-05T23:17:35.117" durationms="106.748" />

<exclusive-start id="3434" timestamp="2021-04-05T23:17:35.865" intervalms="854.471">
  <response-info timems="0.063" idlems="0.037" threads="1" lastid="0000000000338300" lastname="BenchmarkThread xml.validation 7" />
</exclusive-start>
<af-start id="3435" threadId="000000000033C780" totalBytesRequested="40" timestamp="2021-04-05T23:17:35.865" intervalms="854.470" type="nursery" />
<cycle-start id="3436" type="scavenge" contextid="0" timestamp="2021-04-05T23:17:35.865" intervalms="854.481" />
<gc-start id="3437" type="scavenge" contextid="3436" timestamp="2021-04-05T23:17:35.865">
  <mem-info id="3438" free="1017794656" total="1610612736" percent="63">
    <mem type="nursery" free="0" total="402653184" percent="0">
      <mem type="allocate" free="0" total="335151104" percent="0" />
      <mem type="survivor" free="0" total="67502080" percent="0" />
    </mem>
    <mem type="tenure" free="1017794656" total="1207959552" percent="84">
      <mem type="soa" free="957396064" total="1147560960" percent="83" />
      <mem type="loa" free="60398592" total="60398592" percent="100" />
    </mem>
    <remembered-set count="1545" />
  </mem-info>
</gc-start>
<allocation-stats totalBytes="272944712" >
  <allocated-bytes non-tlh="1064" tlh="272943648" />
  <largest-consumer threadName="BenchmarkThread xml.validation 6" threadId="0000000000334700" bytes="46714328" />
</allocation-stats>
<gc-op id="3439" type="scavenge" timems="109.066" contextid="3436" timestamp="2021-04-05T23:17:35.974">
  <scavenger-info tenureage="3" tenuremask="7ff8" tiltratio="83" />
  <memory-copied type="nursery" objects="1558491" bytes="62971088" bytesdiscarded="14104" />
  <memory-copied type="tenure" objects="10554" bytes="377920" bytesdiscarded="0" />
</gc-op>
<gc-end id="3440" type="scavenge" contextid="3436" durationms="109.055" usertimems="419.663" systemtimems="0.000" timestamp="2021-04-05T23:17:35.975" activeThreads="4">
  <mem-info id="3441" free="1288518776" total="1610612736" percent="80">
    <mem type="nursery" free="270986264" total="402653184" percent="67">
      <mem type="allocate" free="270986264" total="333971456" percent="81" />
      <mem type="survivor" free="0" total="68681728" percent="0" />
    </mem>
    <mem type="tenure" free="1017532512" total="1207959552" percent="84" macro-fragmented="0">
      <mem type="soa" free="957133920" total="1147560960" percent="83" />
      <mem type="loa" free="60398592" total="60398592" percent="100" />
    </mem>
    <remembered-set count="1341" />
  </mem-info>
</gc-end>
<cycle-end id="3442" type="scavenge" contextid="3436" timestamp="2021-04-05T23:17:35.975" />
<allocation-satisfied id="3443" threadId="000000000033BE00" bytesRequested="40" />
<af-end id="3444" timestamp="2021-04-05T23:17:35.975" threadId="000000000033C780" success="true" from="nursery"/>
<exclusive-end id="3445" timestamp="2021-04-05T23:17:35.975" durationms="109.726" />

<exclusive-start id="3446" timestamp="2021-04-05T23:17:36.803" intervalms="938.062">
  <response-info timems="0.051" idlems="0.051" threads="0" lastid="0000000000334700" lastname="BenchmarkThread xml.validation 6" />
</exclusive-start>
<af-start id="3447" threadId="0000000000335080" totalBytesRequested="40" timestamp="2021-04-05T23:17:36.803" intervalms="938.065" type="nursery" />
<cycle-start id="3448" type="scavenge" contextid="0" timestamp="2021-04-05T23:17:36.803" intervalms="938.055" />
<gc-start id="3449" type="scavenge" contextid="3448" timestamp="2021-04-05T23:17:36.803">
  <mem-info id="3450" free="1017532512" total="1610612736" percent="63">
    <mem type="nursery" free="0" total="402653184" percent="0">
      <mem type="allocate" free="0" total="333971456" percent="0" />
      <mem type="survivor" free="0" total="68681728" percent="0" />
    </mem>
    <mem type="tenure" free="1017532512" total="1207959552" percent="84">
      <mem type="soa" free="957133920" total="1147560960" percent="83" />
      <mem type="loa" free="60398592" total="60398592" percent="100" />
    </mem>
    <remembered-set count="1545" />
  </mem-info>
</gc-start>
<allocation-stats totalBytes="270898656" >
  <allocated-bytes non-tlh="40" tlh="270898616" />
  <largest-consumer threadName="BenchmarkThread xml.validation 1" threadId="000000000011CB00" bytes="43440616" />
</allocation-stats>
<gc-op id="3451" type="scavenge" timems="130.036" contextid="3448" timestamp="2021-04-05T23:17:36.933">
  <scavenger-info tenureage="3" tenuremask="7ff8" tiltratio="82" />
  <memory-copied type="nursery" objects="1540245" bytes="61877552" bytesdiscarded="13728" />
  <memory-copied type="tenure" objects="119428" bytes="4839304" bytesdiscarded="0" />
</gc-op>
<gc-end id="3452" type="scavenge" contextid="3448" durationms="130.024" usertimems="494.295" systemtimems="0.000" timestamp="2021-04-05T23:17:36.934" activeThreads="4">
  <mem-info id="3453" free="1284631952" total="1610612736" percent="79">
    <mem type="nursery" free="272211248" total="402653184" percent="67">
      <mem type="allocate" free="272211248" total="334102528" percent="81" />
      <mem type="survivor" free="0" total="68550656" percent="0" />
    </mem>
    <mem type="tenure" free="1012420704" total="1207959552" percent="83" macro-fragmented="0">
      <mem type="soa" free="952022112" total="1147560960" percent="82" />
      <mem type="loa" free="60398592" total="60398592" percent="100" />
    </mem>
    <remembered-set count="1338" />
  </mem-info>
</gc-end>
<cycle-end id="3454" type="scavenge" contextid="3448" timestamp="2021-04-05T23:17:36.934" />
<allocation-satisfied id="3455" threadId="0000000000334700" bytesRequested="40" />
<af-end id="3456" timestamp="2021-04-05T23:17:36.934" threadId="0000000000335080" success="true" from="nursery"/>
<exclusive-end id="3457" timestamp="2021-04-05T23:17:36.934" durationms="130.761" />

<exclusive-start id="3458" timestamp="2021-04-05T23:17:37.737" intervalms="933.943">
  <response-info timems="0.051" idlems="0.051" threads="0" lastid="000000000033BE00" lastname="BenchmarkThread xml.validation 8" />
</exclusive-start>
<af-start id="3459" threadId="000000000033C780" totalBytesRequested="16" timestamp="2021-04-05T23:17:37.737" intervalms="933.943" type="nursery" />
<cycle-start id="3460" type="scavenge" contextid="0" timestamp="2021-04-05T23:17:37.737" intervalms="933.941" />
<gc-start id="3461" type="scavenge" contextid="3460" timestamp="2021-04-05T23:17:37.737">
  <mem-info id="3462" free="1012420704" total="1610612736" percent="62">
    <mem type="nursery" free="0" total="402653184" percent="0">
      <mem type="allocate" free="0" total="334102528" percent="0" />
      <mem type="survivor" free="0" total="68550656" percent="0" />
    </mem>
    <mem type="tenure" free="1012420704" total="1207959552" percent="83">
      <mem type="soa" free="952022112" total="1147560960" percent="82" />
      <mem type="loa" free="60398592" total="60398592" percent="100" />
    </mem>
    <remembered-set count="1568" />
  </mem-info>
</gc-start>
<allocation-stats totalBytes="272120288" >
  <allocated-bytes non-tlh="40" tlh="272120248" />
  <largest-consumer threadName="BenchmarkThread xml.validation 6" threadId="0000000000334700" bytes="47928888" />
</allocation-stats>
<gc-op id="3463" type="scavenge" timems="112.367" contextid="3460" timestamp="2021-04-05T23:17:37.850">
  <scavenger-info tenureage="3" tenuremask="7ff8" tiltratio="82" />
  <memory-copied type="nursery" objects="1547655" bytes="62159360" bytesdiscarded="10224" />
  <memory-copied type="tenure" objects="6" bytes="192" bytesdiscarded="0" />
</gc-op>
<gc-end id="3464" type="scavenge" contextid="3460" durationms="112.356" usertimems="416.164" systemtimems="0.000" timestamp="2021-04-05T23:17:37.850" activeThreads="4">
  <mem-info id="3465" free="1284550256" total="1610612736" percent="79">
    <mem type="nursery" free="272129552" total="402653184" percent="67">
      <mem type="allocate" free="272129552" total="334299136" percent="81" />
      <mem type="survivor" free="0" total="68354048" percent="0" />
    </mem>
    <mem type="tenure" free="1012420704" total="1207959552" percent="83" macro-fragmented="0">
      <mem type="soa" free="952022112" total="1147560960" percent="82" />
      <mem type="loa" free="60398592" total="60398592" percent="100" />
    </mem>
    <remembered-set count="1339" />
  </mem-info>
</gc-end>
<cycle-end id="3466" type="scavenge" contextid="3460" timestamp="2021-04-05T23:17:37.850" />
<allocation-satisfied id="3467" threadId="000000000033BE00" bytesRequested="16" />
<af-end id="3468" timestamp="2021-04-05T23:17:37.850" threadId="000000000033C780" success="true" from="nursery"/>
<exclusive-end id="3469" timestamp="2021-04-05T23:17:37.850" durationms="113.025" />

<exclusive-start id="3470" timestamp="2021-04-05T23:17:38.685" intervalms="947.951">
  <response-info timems="0.055" idlems="0.055" threads="0" lastid="0000000000330B00" lastname="BenchmarkThread xml.validation 5" />
</exclusive-start>
<af-start id="3471" threadId="0000000000331480" totalBytesRequested="1040" timestamp="2021-04-05T23:17:38.685" intervalms="947.952" type="nursery" />
<cycle-start id="3472" type="scavenge" contextid="0" timestamp="2021-04-05T23:17:38.685" intervalms="947.954" />
<gc-start id="3473" type="scavenge" contextid="3472" timestamp="2021-04-05T23:17:38.685">
  <mem-info id="3474" free="1012420704" total="1610612736" percent="62">
    <mem type="nursery" free="0" total="402653184" percent="0">
      <mem type="allocate" free="0" total="334299136" percent="0" />
      <mem type="survivor" free="0" total="68354048" percent="0" />
    </mem>
    <mem type="tenure" free="1012420704" total="1207959552" percent="83">
      <mem type="soa" free="952022112" total="1147560960" percent="82" />
      <mem type="loa" free="60398592" total="60398592" percent="100" />
    </mem>
    <remembered-set count="1542" />
  </mem-info>
</gc-start>
<allocation-stats totalBytes="272033224" >
  <allocated-bytes non-tlh="16" tlh="272033208" />
  <largest-consumer threadName="BenchmarkThread xml.validation 3" threadId="0000000000329300" bytes="43186184" />
</allocation-stats>
<gc-op id="3475" type="scavenge" timems="123.717" contextid="3472" timestamp="2021-04-05T23:17:38.809">
  <scavenger-info tenureage="3" tenuremask="7ff8" tiltratio="83" />
  <memory-copied type="nursery" objects="1569478" bytes="63345680" bytesdiscarded="12672" />
  <memory-copied type="tenure" objects="6" bytes="192" bytesdiscarded="0" />
</gc-op>
<gc-end id="3476" type="scavenge" contextid="3472" durationms="123.705" usertimems="473.389" systemtimems="0.000" timestamp="2021-04-05T23:17:38.809" activeThreads="4">
  <mem-info id="3477" free="1282247376" total="1610612736" percent="79">
    <mem type="nursery" free="269826672" total="402653184" percent="67">
      <mem type="allocate" free="269826672" total="333185024" percent="80" />
      <mem type="survivor" free="0" total="69468160" percent="0" />
    </mem>
    <mem type="tenure" free="1012420704" total="1207959552" percent="83" macro-fragmented="0">
      <mem type="soa" free="952022112" total="1147560960" percent="82" />
      <mem type="loa" free="60398592" total="60398592" percent="100" />
    </mem>
    <remembered-set count="1339" />
  </mem-info>
</gc-end>
<cycle-end id="3478" type="scavenge" contextid="3472" timestamp="2021-04-05T23:17:38.810" />
<allocation-satisfied id="3479" threadId="0000000000330B00" bytesRequested="1040" />
<af-end id="3480" timestamp="2021-04-05T23:17:38.810" threadId="0000000000331480" success="true" from="nursery"/>
<exclusive-end id="3481" timestamp="2021-04-05T23:17:38.810" durationms="124.423" />

<exclusive-start id="3482" timestamp="2021-04-05T23:17:39.553" intervalms="868.204">
  <response-info timems="0.092" idlems="0.043" threads="3" lastid="000000000032CF00" lastname="BenchmarkThread xml.validation 4" />
</exclusive-start>
<af-start id="3483" threadId="0000000000335080" totalBytesRequested="1040" timestamp="2021-04-05T23:17:39.553" intervalms="868.210" type="nursery" />
<cycle-start id="3484" type="scavenge" contextid="0" timestamp="2021-04-05T23:17:39.553" intervalms="868.218" />
<gc-start id="3485" type="scavenge" contextid="3484" timestamp="2021-04-05T23:17:39.554">
  <mem-info id="3486" free="1012420704" total="1610612736" percent="62">
    <mem type="nursery" free="0" total="402653184" percent="0">
      <mem type="allocate" free="0" total="333185024" percent="0" />
      <mem type="survivor" free="0" total="69468160" percent="0" />
    </mem>
    <mem type="tenure" free="1012420704" total="1207959552" percent="83">
      <mem type="soa" free="952022112" total="1147560960" percent="82" />
      <mem type="loa" free="60398592" total="60398592" percent="100" />
    </mem>
    <remembered-set count="1534" />
  </mem-info>
</gc-start>
<allocation-stats totalBytes="269717088" >
  <allocated-bytes non-tlh="1040" tlh="269716048" />
  <largest-consumer threadName="BenchmarkThread xml.validation 5" threadId="0000000000330B00" bytes="46729736" />
</allocation-stats>
<gc-op id="3487" type="scavenge" timems="95.313" contextid="3484" timestamp="2021-04-05T23:17:39.649">
  <scavenger-info tenureage="3" tenuremask="7ff8" tiltratio="82" />
  <memory-copied type="nursery" objects="1410721" bytes="57799944" bytesdiscarded="10712" />
  <memory-copied type="tenure" objects="4" bytes="128" bytesdiscarded="0" />
</gc-op>
<gc-end id="3488" type="scavenge" contextid="3484" durationms="95.299" usertimems="374.079" systemtimems="0.000" timestamp="2021-04-05T23:17:39.649" activeThreads="4">
  <mem-info id="3489" free="1287991680" total="1610612736" percent="79">
    <mem type="nursery" free="275570976" total="402653184" percent="68">
      <mem type="allocate" free="275570976" total="333381632" percent="82" />
      <mem type="survivor" free="0" total="69271552" percent="0" />
    </mem>
    <mem type="tenure" free="1012420704" total="1207959552" percent="83" macro-fragmented="0">
      <mem type="soa" free="952022112" total="1147560960" percent="82" />
      <mem type="loa" free="60398592" total="60398592" percent="100" />
    </mem>
    <remembered-set count="1338" />
  </mem-info>
</gc-end>
<cycle-end id="3490" type="scavenge" contextid="3484" timestamp="2021-04-05T23:17:39.649" />
<allocation-satisfied id="3491" threadId="0000000000334700" bytesRequested="1040" />
<af-end id="3492" timestamp="2021-04-05T23:17:39.649" threadId="0000000000335080" success="true" from="nursery"/>
<exclusive-end id="3493" timestamp="2021-04-05T23:17:39.649" durationms="96.025" />

<exclusive-start id="3494" timestamp="2021-04-05T23:17:40.603" intervalms="1049.341">
  <response-info timems="0.101" idlems="0.063" threads="2" lastid="000000000011CB00" lastname="BenchmarkThread xml.validation 1" />
</exclusive-start>
<af-start id="3495" threadId="000000000033C780" totalBytesRequested="40" timestamp="2021-04-05T23:17:40.603" intervalms="1049.335" type="nursery" />
<cycle-start id="3496" type="scavenge" contextid="0" timestamp="2021-04-05T23:17:40.603" intervalms="1049.331" />
<gc-start id="3497" type="scavenge" contextid="3496" timestamp="2021-04-05T23:17:40.603">
  <mem-info id="3498" free="1012420704" total="1610612736" percent="62">
    <mem type="nursery" free="0" total="402653184" percent="0">
      <mem type="allocate" free="0" total="333381632" percent="0" />
      <mem type="survivor" free="0" total="69271552" percent="0" />
    </mem>
    <mem type="tenure" free="1012420704" total="1207959552" percent="83">
      <mem type="soa" free="952022112" total="1147560960" percent="82" />
      <mem type="loa" free="60398592" total="60398592" percent="100" />
    </mem>
    <remembered-set count="1591" />
  </mem-info>
</gc-start>
<allocation-stats totalBytes="275456872" >
  <allocated-bytes non-tlh="6240" tlh="275450632" />
  <largest-consumer threadName="BenchmarkThread xml.validation 6" threadId="0000000000334700" bytes="63326336" />
</allocation-stats>
<gc-op id="3499" type="scavenge" timems="119.589" contextid="3496" timestamp="2021-04-05T23:17:40.722">
  <scavenger-info tenureage="3" tenuremask="7ff8" tiltratio="82" />
  <memory-copied type="nursery" objects="1532658" bytes="61673208" bytesdiscarded="14144" />
  <memory-copied type="tenure" objects="8" bytes="256" bytesdiscarded="0" />
</gc-op>
<gc-end id="3500" type="scavenge" contextid="3496" durationms="119.577" usertimems="464.326" systemtimems="0.000" timestamp="2021-04-05T23:17:40.723" activeThreads="4">
  <mem-info id="3501" free="1283852840" total="1610612736" percent="79">
    <mem type="nursery" free="271432136" total="402653184" percent="67">
      <mem type="allocate" free="271432136" total="333119488" percent="81" />
      <mem type="survivor" free="0" total="69533696" percent="0" />
    </mem>
    <mem type="tenure" free="1012420704" total="1207959552" percent="83" macro-fragmented="0">
      <mem type="soa" free="952022112" total="1147560960" percent="82" />
      <mem type="loa" free="60398592" total="60398592" percent="100" />
    </mem>
    <remembered-set count="1332" />
  </mem-info>
</gc-end>
<cycle-end id="3502" type="scavenge" contextid="3496" timestamp="2021-04-05T23:17:40.723" />
<allocation-satisfied id="3503" threadId="000000000033BE00" bytesRequested="40" />
<af-end id="3504" timestamp="2021-04-05T23:17:40.723" threadId="000000000033C780" success="true" from="nursery"/>
<exclusive-end id="3505" timestamp="2021-04-05T23:17:40.723" durationms="120.314" />

<exclusive-start id="3506" timestamp="2021-04-05T23:17:41.401" intervalms="797.838">
  <response-info timems="0.063" idlems="0.037" threads="1" lastid="0000000000330B00" lastname="BenchmarkThread xml.validation 5" />
</exclusive-start>
<af-start id="3507" threadId="0000000000338C80" totalBytesRequested="64" timestamp="2021-04-05T23:17:41.401" intervalms="797.834" type="nursery" />
<cycle-start id="3508" type="scavenge" contextid="0" timestamp="2021-04-05T23:17:41.401" intervalms="797.827" />
<gc-start id="3509" type="scavenge" contextid="3508" timestamp="2021-04-05T23:17:41.401">
  <mem-info id="3510" free="1012420704" total="1610612736" percent="62">
    <mem type="nursery" free="0" total="402653184" percent="0">
      <mem type="allocate" free="0" total="333119488" percent="0" />
      <mem type="survivor" free="0" total="69533696" percent="0" />
    </mem>
    <mem type="tenure" free="1012420704" total="1207959552" percent="83">
      <mem type="soa" free="952022112" total="1147560960" percent="82" />
      <mem type="loa" free="60398592" total="60398592" percent="100" />
    </mem>
    <remembered-set count="1518" />
  </mem-info>
</gc-start>
<allocation-stats totalBytes="271331816" >
  <allocated-bytes non-tlh="40" tlh="271331776" />
  <largest-consumer threadName="BenchmarkThread xml.validation 2" threadId="000000000013CF00" bytes="40869224" />
</allocation-stats>
<gc-op id="3511" type="scavenge" timems="102.600" contextid="3508" timestamp="2021-04-05T23:17:41.503">
  <scavenger-info tenureage="3" tenuremask="7ff8" tiltratio="82" />
  <memory-copied type="nursery" objects="1443346" bytes="58714640" bytesdiscarded="11232" />
  <memory-copied type="tenure" objects="6" bytes="192" bytesdiscarded="0" />
</gc-op>
<gc-end id="3512" type="scavenge" contextid="3508" durationms="102.589" usertimems="381.065" systemtimems="0.001" timestamp="2021-04-05T23:17:41.504" activeThreads="4">
  <mem-info id="3513" free="1287338608" total="1610612736" percent="79">
    <mem type="nursery" free="274917904" total="402653184" percent="68">
      <mem type="allocate" free="274917904" total="333643776" percent="82" />
      <mem type="survivor" free="0" total="69009408" percent="0" />
    </mem>
    <mem type="tenure" free="1012420704" total="1207959552" percent="83" macro-fragmented="0">
      <mem type="soa" free="952022112" total="1147560960" percent="82" />
      <mem type="loa" free="60398592" total="60398592" percent="100" />
    </mem>
    <remembered-set count="1338" />
  </mem-info>
</gc-end>
<cycle-end id="3514" type="scavenge" contextid="3508" timestamp="2021-04-05T23:17:41.504" />
<allocation-satisfied id="3515" threadId="0000000000338300" bytesRequested="64" />
<af-end id="3516" timestamp="2021-04-05T23:17:41.504" threadId="0000000000338C80" success="true" from="nursery"/>
<exclusive-end id="3517" timestamp="2021-04-05T23:17:41.504" durationms="103.245" />

<exclusive-start id="3518" timestamp="2021-04-05T23:17:42.323" intervalms="922.094">
  <response-info timems="0.051" idlems="0.051" threads="0" lastid="0000000000329300" lastname="BenchmarkThread xml.validation 3" />
</exclusive-start>
<af-start id="3519" threadId="0000000000329C80" totalBytesRequested="16" timestamp="2021-04-05T23:17:42.323" intervalms="922.097" type="nursery" />
<cycle-start id="3520" type="scavenge" contextid="0" timestamp="2021-04-05T23:17:42.323" intervalms="922.099" />
<gc-start id="3521" type="scavenge" contextid="3520" timestamp="2021-04-05T23:17:42.323">
  <mem-info id="3522" free="1012420704" total="1610612736" percent="62">
    <mem type="nursery" free="0" total="402653184" percent="0">
      <mem type="allocate" free="0" total="333643776" percent="0" />
      <mem type="survivor" free="0" total="69009408" percent="0" />
    </mem>
    <mem type="tenure" free="1012420704" total="1207959552" percent="83">
      <mem type="soa" free="952022112" total="1147560960" percent="82" />
      <mem type="loa" free="60398592" total="60398592" percent="100" />
    </mem>
    <remembered-set count="1551" />
  </mem-info>
</gc-start>
<allocation-stats totalBytes="274830232" >
  <allocated-bytes non-tlh="64" tlh="274830168" />
  <largest-consumer threadName="BenchmarkThread xml.validation 6" threadId="0000000000334700" bytes="42816880" />
</allocation-stats>
<gc-op id="3523" type="scavenge" timems="122.013" contextid="3520" timestamp="2021-04-05T23:17:42.445">
  <scavenger-info tenureage="3" tenuremask="7ff8" tiltratio="82" />
  <memory-copied type="nursery" objects="1539485" bytes="62387592" bytesdiscarded="11032" />
  <memory-copied type="tenure" objects="8" bytes="256" bytesdiscarded="0" />
</gc-op>
<gc-end id="3524" type="scavenge" contextid="3520" durationms="122.001" usertimems="468.914" systemtimems="0.000" timestamp="2021-04-05T23:17:42.445" activeThreads="4">
  <mem-info id="3525" free="1281765312" total="1610612736" percent="79">
    <mem type="nursery" free="269344608" total="402653184" percent="66">
      <mem type="allocate" free="269344608" total="331743232" percent="81" />
      <mem type="survivor" free="0" total="70909952" percent="0" />
    </mem>
    <mem type="tenure" free="1012420704" total="1207959552" percent="83" macro-fragmented="0">
      <mem type="soa" free="952022112" total="1147560960" percent="82" />
      <mem type="loa" free="60398592" total="60398592" percent="100" />
    </mem>
    <remembered-set count="1326" />
  </mem-info>
</gc-end>
<cycle-end id="3526" type="scavenge" contextid="3520" timestamp="2021-04-05T23:17:42.445" />
<allocation-satisfied id="3527" threadId="0000000000329300" bytesRequested="16" />
<af-end id="3528" timestamp="2021-04-05T23:17:42.445" threadId="0000000000329C80" success="true" from="nursery"/>
<exclusive-end id="3529" timestamp="2021-04-05T23:17:42.445" durationms="122.749" />

<exclusive-start id="3530" timestamp="2021-04-05T23:17:43.330" intervalms="1007.053">
  <response-info timems="0.059" idlems="0.036" threads="1" lastid="000000000032CF00" lastname="BenchmarkThread xml.validation 4" />
</exclusive-start>
<af-start id="3531" threadId="0000000000338C80" totalBytesRequested="16" timestamp="2021-04-05T23:17:43.330" intervalms="1007.052" type="nursery" />
<cycle-start id="3532" type="scavenge" contextid="0" timestamp="2021-04-05T23:17:43.330" intervalms="1007.057" />
<gc-start id="3533" type="scavenge" contextid="3532" timestamp="2021-04-05T23:17:43.330">
  <mem-info id="3534" free="1012420704" total="1610612736" percent="62">
    <mem type="nursery" free="0" total="402653184" percent="0">
      <mem type="allocate" free="0" total="331743232" percent="0" />
      <mem type="survivor" free="0" total="70909952" percent="0" />
    </mem>
    <mem type="tenure" free="1012420704" total="1207959552" percent="83">
      <mem type="soa" free="952022112" total="1147560960" percent="82" />
      <mem type="loa" free="60398592" total="60398592" percent="100" />
    </mem>
    <remembered-set count="1579" />
  </mem-info>
</gc-start>
<allocation-stats totalBytes="269241704" >
  <allocated-bytes non-tlh="16" tlh="269241688" />
  <largest-consumer threadName="BenchmarkThread xml.validation 3" threadId="0000000000329300" bytes="45699768" />
</allocation-stats>
<gc-op id="3535" type="scavenge" timems="109.025" contextid="3532" timestamp="2021-04-05T23:17:43.439">
  <scavenger-info tenureage="3" tenuremask="7ff8" tiltratio="82" />
  <memory-copied type="nursery" objects="1545818" bytes="62074912" bytesdiscarded="10752" />
  <memory-copied type="tenure" objects="4" bytes="128" bytesdiscarded="0" />
</gc-op>
<gc-end id="3536" type="scavenge" contextid="3532" durationms="108.749" usertimems="412.559" systemtimems="0.000" timestamp="2021-04-05T23:17:43.439" activeThreads="4">
  <mem-info id="3537" free="1282799168" total="1610612736" percent="79">
    <mem type="nursery" free="270378464" total="402653184" percent="67">
      <mem type="allocate" free="270378464" total="332464128" percent="81" />
      <mem type="survivor" free="0" total="70189056" percent="0" />
    </mem>
    <mem type="tenure" free="1012420704" total="1207959552" percent="83" macro-fragmented="0">
      <mem type="soa" free="952022112" total="1147560960" percent="82" />
      <mem type="loa" free="60398592" total="60398592" percent="100" />
    </mem>
    <remembered-set count="1337" />
  </mem-info>
</gc-end>
<cycle-end id="3538" type="scavenge" contextid="3532" timestamp="2021-04-05T23:17:43.439" />
<allocation-satisfied id="3539" threadId="0000000000338300" bytesRequested="16" />
<af-end id="3540" timestamp="2021-04-05T23:17:43.439" threadId="0000000000338C80" success="true" from="nursery"/>
<exclusive-end id="3541" timestamp="2021-04-05T23:17:43.439" durationms="109.712" />

<exclusive-start id="3542" timestamp="2021-04-05T23:17:44.071" intervalms="741.505">
  <response-info timems="0.046" idlems="0.046" threads="0" lastid="0000000000334700" lastname="BenchmarkThread xml.validation 6" />
</exclusive-start>
<af-start id="3543" threadId="0000000000335080" totalBytesRequested="24" timestamp="2021-04-05T23:17:44.071" intervalms="741.511" type="nursery" />
<cycle-start id="3544" type="scavenge" contextid="0" timestamp="2021-04-05T23:17:44.071" intervalms="741.509" />
<gc-start id="3545" type="scavenge" contextid="3544" timestamp="2021-04-05T23:17:44.071">
  <mem-info id="3546" free="1012420704" total="1610612736" percent="62">
    <mem type="nursery" free="0" total="402653184" percent="0">
      <mem type="allocate" free="0" total="332464128" percent="0" />
      <mem type="survivor" free="0" total="70189056" percent="0" />
    </mem>
    <mem type="tenure" free="1012420704" total="1207959552" percent="83">
      <mem type="soa" free="952022112" total="1147560960" percent="82" />
      <mem type="loa" free="60398592" total="60398592" percent="100" />
    </mem>
    <remembered-set count="1492" />
  </mem-info>
</gc-start>
<allocation-stats totalBytes="270294040" >
  <allocated-bytes non-tlh="16" tlh="270294024" />
  <largest-consumer threadName="BenchmarkThread xml.validation 6" threadId="0000000000334700" bytes="49757632" />
</allocation-stats>
<gc-op id="3547" type="scavenge" timems="112.878" contextid="3544" timestamp="2021-04-05T23:17:44.184">
  <scavenger-info tenureage="3" tenuremask="7ff8" tiltratio="82" />
  <memory-copied type="nursery" objects="1497291" bytes="60964040" bytesdiscarded="12896" />
  <memory-copied type="tenure" objects="4" bytes="128" bytesdiscarded="0" />
</gc-op>
<gc-end id="3548" type="scavenge" contextid="3544" durationms="112.865" usertimems="445.456" systemtimems="0.000" timestamp="2021-04-05T23:17:44.185" activeThreads="4">
  <mem-info id="3549" free="1284497720" total="1610612736" percent="79">
    <mem type="nursery" free="272077016" total="402653184" percent="67">
      <mem type="allocate" free="272077016" total="333053952" percent="81" />
      <mem type="survivor" free="0" total="69599232" percent="0" />
    </mem>
    <mem type="tenure" free="1012420704" total="1207959552" percent="83" macro-fragmented="0">
      <mem type="soa" free="952022112" total="1147560960" percent="82" />
      <mem type="loa" free="60398592" total="60398592" percent="100" />
    </mem>
    <remembered-set count="1334" />
  </mem-info>
</gc-end>
<cycle-end id="3550" type="scavenge" contextid="3544" timestamp="2021-04-05T23:17:44.185" />
<allocation-satisfied id="3551" threadId="0000000000334700" bytesRequested="24" />
<af-end id="3552" timestamp="2021-04-05T23:17:44.185" threadId="0000000000335080" success="true" from="nursery"/>
<exclusive-end id="3553" timestamp="2021-04-05T23:17:44.185" durationms="113.624" />

<exclusive-start id="3554" timestamp="2021-04-05T23:17:45.171" intervalms="1099.937">
  <response-info timems="0.064" idlems="0.064" threads="0" lastid="000000000033BE00" lastname="BenchmarkThread xml.validation 8" />
</exclusive-start>
<af-start id="3555" threadId="000000000033C780" totalBytesRequested="16" timestamp="2021-04-05T23:17:45.171" intervalms="1099.929" type="nursery" />
<cycle-start id="3556" type="scavenge" contextid="0" timestamp="2021-04-05T23:17:45.171" intervalms="1099.924" />
<gc-start id="3557" type="scavenge" contextid="3556" timestamp="2021-04-05T23:17:45.171">
  <mem-info id="3558" free="1012420704" total="1610612736" percent="62">
    <mem type="nursery" free="0" total="402653184" percent="0">
      <mem type="allocate" free="0" total="333053952" percent="0" />
      <mem type="survivor" free="0" total="69599232" percent="0" />
    </mem>
    <mem type="tenure" free="1012420704" total="1207959552" percent="83">
      <mem type="soa" free="952022112" total="1147560960" percent="82" />
      <mem type="loa" free="60398592" total="60398592" percent="100" />
    </mem>
    <remembered-set count="1597" />
  </mem-info>
</gc-start>
<allocation-stats totalBytes="271965480" >
  <allocated-bytes non-tlh="3144" tlh="271962336" />
  <largest-consumer threadName="BenchmarkThread xml.validation 5" threadId="0000000000330B00" bytes="46893624" />
</allocation-stats>
<gc-op id="3559" type="scavenge" timems="110.638" contextid="3556" timestamp="2021-04-05T23:17:45.282">
  <scavenger-info tenureage="3" tenuremask="7ff8" tiltratio="82" />
  <memory-copied type="nursery" objects="1536847" bytes="61793176" bytesdiscarded="11344" />
  <memory-copied type="tenure" objects="12" bytes="384" bytesdiscarded="0" />
</gc-op>
<gc-end id="3560" type="scavenge" contextid="3556" durationms="110.626" usertimems="418.071" systemtimems="0.008" timestamp="2021-04-05T23:17:45.282" activeThreads="4">
  <mem-info id="3561" free="1284063352" total="1610612736" percent="79">
    <mem type="nursery" free="271642648" total="402653184" percent="67">
      <mem type="allocate" free="271642648" total="333447168" percent="81" />
      <mem type="survivor" free="0" total="69206016" percent="0" />
    </mem>
    <mem type="tenure" free="1012420704" total="1207959552" percent="83" macro-fragmented="0">
      <mem type="soa" free="952022112" total="1147560960" percent="82" />
      <mem type="loa" free="60398592" total="60398592" percent="100" />
    </mem>
    <remembered-set count="1325" />
  </mem-info>
</gc-end>
<cycle-end id="3562" type="scavenge" contextid="3556" timestamp="2021-04-05T23:17:45.282" />
<allocation-satisfied id="3563" threadId="000000000033BE00" bytesRequested="16" />
<af-end id="3564" timestamp="2021-04-05T23:17:45.282" threadId="000000000033C780" success="true" from="nursery"/>
<exclusive-end id="3565" timestamp="2021-04-05T23:17:45.282" durationms="111.326" />

<exclusive-start id="3566" timestamp="2021-04-05T23:17:45.984" intervalms="812.597">
  <response-info timems="0.048" idlems="0.048" threads="0" lastid="0000000000334700" lastname="BenchmarkThread xml.validation 6" />
</exclusive-start>
<af-start id="3567" threadId="0000000000335080" totalBytesRequested="48" timestamp="2021-04-05T23:17:45.984" intervalms="812.598" type="nursery" />
<cycle-start id="3568" type="scavenge" contextid="0" timestamp="2021-04-05T23:17:45.984" intervalms="812.598" />
<gc-start id="3569" type="scavenge" contextid="3568" timestamp="2021-04-05T23:17:45.984">
  <mem-info id="3570" free="1012420704" total="1610612736" percent="62">
    <mem type="nursery" free="0" total="402653184" percent="0">
      <mem type="allocate" free="0" total="333447168" percent="0" />
      <mem type="survivor" free="0" total="69206016" percent="0" />
    </mem>
    <mem type="tenure" free="1012420704" total="1207959552" percent="83">
      <mem type="soa" free="952022112" total="1147560960" percent="82" />
      <mem type="loa" free="60398592" total="60398592" percent="100" />
    </mem>
    <remembered-set count="1527" />
  </mem-info>
</gc-start>
<allocation-stats totalBytes="271543936" >
  <allocated-bytes non-tlh="1056" tlh="271542880" />
  <largest-consumer threadName="BenchmarkThread xml.validation 8" threadId="000000000033BE00" bytes="53787688" />
</allocation-stats>
<gc-op id="3571" type="scavenge" timems="116.602" contextid="3568" timestamp="2021-04-05T23:17:46.100">
  <scavenger-info tenureage="3" tenuremask="7ff8" tiltratio="82" />
  <memory-copied type="nursery" objects="1559830" bytes="62698400" bytesdiscarded="13464" />
</gc-op>
<gc-end id="3572" type="scavenge" contextid="3568" durationms="116.592" usertimems="457.538" systemtimems="0.000" timestamp="2021-04-05T23:17:46.101" activeThreads="4">
  <mem-info id="3573" free="1283549224" total="1610612736" percent="79">
    <mem type="nursery" free="271128520" total="402653184" percent="67">
      <mem type="allocate" free="271128520" total="333840384" percent="81" />
      <mem type="survivor" free="0" total="68812800" percent="0" />
    </mem>
    <mem type="tenure" free="1012420704" total="1207959552" percent="83" macro-fragmented="0">
      <mem type="soa" free="952022112" total="1147560960" percent="82" />
      <mem type="loa" free="60398592" total="60398592" percent="100" />
    </mem>
    <remembered-set count="1343" />
  </mem-info>
</gc-end>
<cycle-end id="3574" type="scavenge" contextid="3568" timestamp="2021-04-05T23:17:46.101" />
<allocation-satisfied id="3575" threadId="0000000000334700" bytesRequested="48" />
<af-end id="3576" timestamp="2021-04-05T23:17:46.101" threadId="0000000000335080" success="true" from="nursery"/>
<exclusive-end id="3577" timestamp="2021-04-05T23:17:46.101" durationms="117.302" />

<exclusive-start id="3578" timestamp="2021-04-05T23:17:46.919" intervalms="935.275">
  <response-info timems="0.053" idlems="0.053" threads="0" lastid="0000000000330B00" lastname="BenchmarkThread xml.validation 5" />
</exclusive-start>
<af-start id="3579" threadId="0000000000331480" totalBytesRequested="1040" timestamp="2021-04-05T23:17:46.919" intervalms="935.286" type="nursery" />
<cycle-start id="3580" type="scavenge" contextid="0" timestamp="2021-04-05T23:17:46.919" intervalms="935.291" />
<gc-start id="3581" type="scavenge" contextid="3580" timestamp="2021-04-05T23:17:46.919">
  <mem-info id="3582" free="1012420704" total="1610612736" percent="62">
    <mem type="nursery" free="0" total="402653184" percent="0">
      <mem type="allocate" free="0" total="333840384" percent="0" />
      <mem type="survivor" free="0" total="68812800" percent="0" />
    </mem>
    <mem type="tenure" free="1012420704" total="1207959552" percent="83">
      <mem type="soa" free="952022112" total="1147560960" percent="82" />
      <mem type="loa" free="60398592" total="60398592" percent="100" />
    </mem>
    <remembered-set count="1538" />
  </mem-info>
</gc-start>
<allocation-stats totalBytes="271032200" >
  <allocated-bytes non-tlh="1088" tlh="271031112" />
  <largest-consumer threadName="BenchmarkThread xml.validation 7" threadId="0000000000338300" bytes="43735856" />
</allocation-stats>
<gc-op id="3583" type="scavenge" timems="120.336" contextid="3580" timestamp="2021-04-05T23:17:47.040">
  <scavenger-info tenureage="3" tenuremask="7ff8" tiltratio="82" />
  <memory-copied type="nursery" objects="1539814" bytes="62465816" bytesdiscarded="10088" />
  <memory-copied type="tenure" objects="16" bytes="496" bytesdiscarded="0" />
</gc-op>
<gc-end id="3584" type="scavenge" contextid="3580" durationms="120.325" usertimems="444.920" systemtimems="0.005" timestamp="2021-04-05T23:17:47.040" activeThreads="4">
  <mem-info id="3585" free="1283981792" total="1610612736" percent="79">
    <mem type="nursery" free="271561088" total="402653184" percent="67">
      <mem type="allocate" free="271561088" total="334036992" percent="81" />
      <mem type="survivor" free="0" total="68616192" percent="0" />
    </mem>
    <mem type="tenure" free="1012420704" total="1207959552" percent="83" macro-fragmented="0">
      <mem type="soa" free="952022112" total="1147560960" percent="82" />
      <mem type="loa" free="60398592" total="60398592" percent="100" />
    </mem>
    <remembered-set count="1329" />
  </mem-info>
</gc-end>
<cycle-end id="3586" type="scavenge" contextid="3580" timestamp="2021-04-05T23:17:47.040" />
<allocation-satisfied id="3587" threadId="0000000000330B00" bytesRequested="1040" />
<af-end id="3588" timestamp="2021-04-05T23:17:47.040" threadId="0000000000331480" success="true" from="nursery"/>
<exclusive-end id="3589" timestamp="2021-04-05T23:17:47.040" durationms="121.020" />

<exclusive-start id="3590" timestamp="2021-04-05T23:17:47.846" intervalms="927.370">
  <response-info timems="0.057" idlems="0.030" threads="1" lastid="0000000000338300" lastname="BenchmarkThread xml.validation 7" />
</exclusive-start>
<af-start id="3591" threadId="0000000000331480" totalBytesRequested="40" timestamp="2021-04-05T23:17:47.846" intervalms="927.361" type="nursery" />
<cycle-start id="3592" type="scavenge" contextid="0" timestamp="2021-04-05T23:17:47.846" intervalms="927.356" />
<gc-start id="3593" type="scavenge" contextid="3592" timestamp="2021-04-05T23:17:47.846">
  <mem-info id="3594" free="1012420704" total="1610612736" percent="62">
    <mem type="nursery" free="0" total="402653184" percent="0">
      <mem type="allocate" free="0" total="334036992" percent="0" />
      <mem type="survivor" free="0" total="68616192" percent="0" />
    </mem>
    <mem type="tenure" free="1012420704" total="1207959552" percent="83">
      <mem type="soa" free="952022112" total="1147560960" percent="82" />
      <mem type="loa" free="60398592" total="60398592" percent="100" />
    </mem>
    <remembered-set count="1578" />
  </mem-info>
</gc-start>
<allocation-stats totalBytes="271455416" >
  <allocated-bytes non-tlh="1040" tlh="271454376" />
  <largest-consumer threadName="BenchmarkThread xml.validation 5" threadId="0000000000330B00" bytes="49313272" />
</allocation-stats>
<gc-op id="3595" type="scavenge" timems="112.376" contextid="3592" timestamp="2021-04-05T23:17:47.959">
  <scavenger-info tenureage="3" tenuremask="7ff8" tiltratio="82" />
  <memory-copied type="nursery" objects="1540259" bytes="61895800" bytesdiscarded="12152" />
  <memory-copied type="tenure" objects="8" bytes="256" bytesdiscarded="0" />
</gc-op>
<gc-end id="3596" type="scavenge" contextid="3592" durationms="112.365" usertimems="414.551" systemtimems="0.000" timestamp="2021-04-05T23:17:47.959" activeThreads="4">
  <mem-info id="3597" free="1284811888" total="1610612736" percent="79">
    <mem type="nursery" free="272391184" total="402653184" percent="67">
      <mem type="allocate" free="272391184" total="334299136" percent="81" />
      <mem type="survivor" free="0" total="68354048" percent="0" />
    </mem>
    <mem type="tenure" free="1012420704" total="1207959552" percent="83" macro-fragmented="0">
      <mem type="soa" free="952022112" total="1147560960" percent="82" />
      <mem type="loa" free="60398592" total="60398592" percent="100" />
    </mem>
    <remembered-set count="1332" />
  </mem-info>
</gc-end>
<cycle-end id="3598" type="scavenge" contextid="3592" timestamp="2021-04-05T23:17:47.959" />
<allocation-satisfied id="3599" threadId="0000000000330B00" bytesRequested="40" />
<af-end id="3600" timestamp="2021-04-05T23:17:47.959" threadId="0000000000331480" success="true" from="nursery"/>
<exclusive-end id="3601" timestamp="2021-04-05T23:17:47.959" durationms="113.049" />

<exclusive-start id="3602" timestamp="2021-04-05T23:17:48.804" intervalms="957.742">
  <response-info timems="0.053" idlems="0.053" threads="0" lastid="000000000032CF00" lastname="BenchmarkThread xml.validation 4" />
</exclusive-start>
<af-start id="3603" threadId="000000000032D880" totalBytesRequested="16" timestamp="2021-04-05T23:17:48.804" intervalms="957.747" type="nursery" />
<cycle-start id="3604" type="scavenge" contextid="0" timestamp="2021-04-05T23:17:48.804" intervalms="957.757" />
<gc-start id="3605" type="scavenge" contextid="3604" timestamp="2021-04-05T23:17:48.804">
  <mem-info id="3606" free="1012420704" total="1610612736" percent="62">
    <mem type="nursery" free="0" total="402653184" percent="0">
      <mem type="allocate" free="0" total="334299136" percent="0" />
      <mem type="survivor" free="0" total="68354048" percent="0" />
    </mem>
    <mem type="tenure" free="1012420704" total="1207959552" percent="83">
      <mem type="soa" free="952022112" total="1147560960" percent="82" />
      <mem type="loa" free="60398592" total="60398592" percent="100" />
    </mem>
    <remembered-set count="1542" />
  </mem-info>
</gc-start>
<allocation-stats totalBytes="272302680" >
  <allocated-bytes non-tlh="40" tlh="272302640" />
  <largest-consumer threadName="BenchmarkThread xml.validation 8" threadId="000000000033BE00" bytes="41242816" />
</allocation-stats>
<gc-op id="3607" type="scavenge" timems="123.724" contextid="3604" timestamp="2021-04-05T23:17:48.928">
  <scavenger-info tenureage="3" tenuremask="7ff8" tiltratio="83" />
  <memory-copied type="nursery" objects="1546678" bytes="62131984" bytesdiscarded="9936" />
  <memory-copied type="tenure" objects="2" bytes="64" bytesdiscarded="0" />
</gc-op>
<gc-end id="3608" type="scavenge" contextid="3604" durationms="123.367" usertimems="463.266" systemtimems="0.004" timestamp="2021-04-05T23:17:48.928" activeThreads="4">
  <mem-info id="3609" free="1284774528" total="1610612736" percent="79">
    <mem type="nursery" free="272353824" total="402653184" percent="67">
      <mem type="allocate" free="272353824" total="334495744" percent="81" />
      <mem type="survivor" free="0" total="68157440" percent="0" />
    </mem>
    <mem type="tenure" free="1012420704" total="1207959552" percent="83" macro-fragmented="0">
      <mem type="soa" free="952022112" total="1147560960" percent="82" />
      <mem type="loa" free="60398592" total="60398592" percent="100" />
    </mem>
    <remembered-set count="1339" />
  </mem-info>
</gc-end>
<cycle-end id="3610" type="scavenge" contextid="3604" timestamp="2021-04-05T23:17:48.929" />
<allocation-satisfied id="3611" threadId="000000000032CF00" bytesRequested="16" />
<af-end id="3612" timestamp="2021-04-05T23:17:48.929" threadId="000000000032D880" success="true" from="nursery"/>
<exclusive-end id="3613" timestamp="2021-04-05T23:17:48.929" durationms="124.456" />

<exclusive-start id="3614" timestamp="2021-04-05T23:17:49.675" intervalms="871.255">
  <response-info timems="0.050" idlems="0.050" threads="0" lastid="0000000000338300" lastname="BenchmarkThread xml.validation 7" />
</exclusive-start>
<af-start id="3615" threadId="0000000000338C80" totalBytesRequested="16" timestamp="2021-04-05T23:17:49.675" intervalms="871.246" type="nursery" />
<cycle-start id="3616" type="scavenge" contextid="0" timestamp="2021-04-05T23:17:49.675" intervalms="871.236" />
<gc-start id="3617" type="scavenge" contextid="3616" timestamp="2021-04-05T23:17:49.675">
  <mem-info id="3618" free="1012420704" total="1610612736" percent="62">
    <mem type="nursery" free="0" total="402653184" percent="0">
      <mem type="allocate" free="0" total="334495744" percent="0" />
      <mem type="survivor" free="0" total="68157440" percent="0" />
    </mem>
    <mem type="tenure" free="1012420704" total="1207959552" percent="83">
      <mem type="soa" free="952022112" total="1147560960" percent="82" />
      <mem type="loa" free="60398592" total="60398592" percent="100" />
    </mem>
    <remembered-set count="1537" />
  </mem-info>
</gc-start>
<allocation-stats totalBytes="272268928" >
  <allocated-bytes non-tlh="16" tlh="272268912" />
  <largest-consumer threadName="BenchmarkThread xml.validation 5" threadId="0000000000330B00" bytes="63891896" />
</allocation-stats>
<gc-op id="3619" type="scavenge" timems="103.238" contextid="3616" timestamp="2021-04-05T23:17:49.779">
  <scavenger-info tenureage="3" tenuremask="7ff8" tiltratio="83" />
  <memory-copied type="nursery" objects="1498335" bytes="60628624" bytesdiscarded="12256" />
  <memory-copied type="tenure" objects="10" bytes="320" bytesdiscarded="0" />
</gc-op>
<gc-end id="3620" type="scavenge" contextid="3616" durationms="103.226" usertimems="407.389" systemtimems="0.003" timestamp="2021-04-05T23:17:49.779" activeThreads="4">
  <mem-info id="3621" free="1286472176" total="1610612736" percent="79">
    <mem type="nursery" free="274051472" total="402653184" percent="68">
      <mem type="allocate" free="274051472" total="334692352" percent="81" />
      <mem type="survivor" free="0" total="67960832" percent="0" />
    </mem>
    <mem type="tenure" free="1012420704" total="1207959552" percent="83" macro-fragmented="0">
      <mem type="soa" free="952022112" total="1147560960" percent="82" />
      <mem type="loa" free="60398592" total="60398592" percent="100" />
    </mem>
    <remembered-set count="1335" />
  </mem-info>
</gc-end>
<cycle-end id="3622" type="scavenge" contextid="3616" timestamp="2021-04-05T23:17:49.779" />
<allocation-satisfied id="3623" threadId="0000000000338300" bytesRequested="16" />
<af-end id="3624" timestamp="2021-04-05T23:17:49.779" threadId="0000000000338C80" success="true" from="nursery"/>
<exclusive-end id="3625" timestamp="2021-04-05T23:17:49.779" durationms="103.912" />

<exclusive-start id="3626" timestamp="2021-04-05T23:17:50.687" intervalms="1011.309">
  <response-info timems="0.053" idlems="0.053" threads="0" lastid="000000000013CF00" lastname="BenchmarkThread xml.validation 2" />
</exclusive-start>
<af-start id="3627" threadId="000000000013D880" totalBytesRequested="40" timestamp="2021-04-05T23:17:50.687" intervalms="1011.314" type="nursery" />
<cycle-start id="3628" type="scavenge" contextid="0" timestamp="2021-04-05T23:17:50.687" intervalms="1011.317" />
<gc-start id="3629" type="scavenge" contextid="3628" timestamp="2021-04-05T23:17:50.687">
  <mem-info id="3630" free="1012420704" total="1610612736" percent="62">
    <mem type="nursery" free="0" total="402653184" percent="0">
      <mem type="allocate" free="0" total="334692352" percent="0" />
      <mem type="survivor" free="0" total="67960832" percent="0" />
    </mem>
    <mem type="tenure" free="1012420704" total="1207959552" percent="83">
      <mem type="soa" free="952022112" total="1147560960" percent="82" />
      <mem type="loa" free="60398592" total="60398592" percent="100" />
    </mem>
    <remembered-set count="1565" />
  </mem-info>
</gc-start>
<allocation-stats totalBytes="273950008" >
  <allocated-bytes non-tlh="1056" tlh="273948952" />
  <largest-consumer threadName="BenchmarkThread xml.validation 6" threadId="0000000000334700" bytes="51044528" />
</allocation-stats>
<gc-op id="3631" type="scavenge" timems="117.795" contextid="3628" timestamp="2021-04-05T23:17:50.805">
  <scavenger-info tenureage="3" tenuremask="7ff8" tiltratio="83" />
  <memory-copied type="nursery" objects="1541492" bytes="61929832" bytesdiscarded="12720" />
  <memory-copied type="tenure" objects="4" bytes="128" bytesdiscarded="0" />
</gc-op>
<gc-end id="3632" type="scavenge" contextid="3628" durationms="117.783" usertimems="465.561" systemtimems="0.000" timestamp="2021-04-05T23:17:50.805" activeThreads="4">
  <mem-info id="3633" free="1285104968" total="1610612736" percent="79">
    <mem type="nursery" free="272684264" total="402653184" percent="67">
      <mem type="allocate" free="272684264" total="334626816" percent="81" />
      <mem type="survivor" free="0" total="68026368" percent="0" />
    </mem>
    <mem type="tenure" free="1012420704" total="1207959552" percent="83" macro-fragmented="0">
      <mem type="soa" free="952022112" total="1147560960" percent="82" />
      <mem type="loa" free="60398592" total="60398592" percent="100" />
    </mem>
    <remembered-set count="1333" />
  </mem-info>
</gc-end>
<cycle-end id="3634" type="scavenge" contextid="3628" timestamp="2021-04-05T23:17:50.805" />
<allocation-satisfied id="3635" threadId="000000000013CF00" bytesRequested="40" />
<af-end id="3636" timestamp="2021-04-05T23:17:50.805" threadId="000000000013D880" success="true" from="nursery"/>
<exclusive-end id="3637" timestamp="2021-04-05T23:17:50.805" durationms="118.517" />

<exclusive-start id="3638" timestamp="2021-04-05T23:17:51.541" intervalms="854.367">
  <response-info timems="0.049" idlems="0.049" threads="0" lastid="000000000011CB00" lastname="BenchmarkThread xml.validation 1" />
</exclusive-start>
<af-start id="3639" threadId="000000000011D480" totalBytesRequested="16" timestamp="2021-04-05T23:17:51.541" intervalms="854.375" type="nursery" />
<cycle-start id="3640" type="scavenge" contextid="0" timestamp="2021-04-05T23:17:51.541" intervalms="854.374" />
<gc-start id="3641" type="scavenge" contextid="3640" timestamp="2021-04-05T23:17:51.541">
  <mem-info id="3642" free="1012420704" total="1610612736" percent="62">
    <mem type="nursery" free="0" total="402653184" percent="0">
      <mem type="allocate" free="0" total="334626816" percent="0" />
      <mem type="survivor" free="0" total="68026368" percent="0" />
    </mem>
    <mem type="tenure" free="1012420704" total="1207959552" percent="83">
      <mem type="soa" free="952022112" total="1147560960" percent="82" />
      <mem type="loa" free="60398592" total="60398592" percent="100" />
    </mem>
    <remembered-set count="1523" />
  </mem-info>
</gc-start>
<allocation-stats totalBytes="272599552" >
  <allocated-bytes non-tlh="40" tlh="272599512" />
  <largest-consumer threadName="BenchmarkThread xml.validation 4" threadId="000000000032CF00" bytes="54371000" />
</allocation-stats>
<gc-op id="3643" type="scavenge" timems="107.767" contextid="3640" timestamp="2021-04-05T23:17:51.649">
  <scavenger-info tenureage="3" tenuremask="7ff8" tiltratio="83" />
  <memory-copied type="nursery" objects="1550493" bytes="62343256" bytesdiscarded="13496" />
  <memory-copied type="tenure" objects="6" bytes="192" bytesdiscarded="0" />
</gc-op>
<gc-end id="3644" type="scavenge" contextid="3640" durationms="107.756" usertimems="417.160" systemtimems="0.000" timestamp="2021-04-05T23:17:51.649" activeThreads="4">
  <mem-info id="3645" free="1284887376" total="1610612736" percent="79">
    <mem type="nursery" free="272466672" total="402653184" percent="67">
      <mem type="allocate" free="272466672" total="334823424" percent="81" />
      <mem type="survivor" free="0" total="67829760" percent="0" />
    </mem>
    <mem type="tenure" free="1012420704" total="1207959552" percent="83" macro-fragmented="0">
      <mem type="soa" free="952022112" total="1147560960" percent="82" />
      <mem type="loa" free="60398592" total="60398592" percent="100" />
    </mem>
    <remembered-set count="1338" />
  </mem-info>
</gc-end>
<cycle-end id="3646" type="scavenge" contextid="3640" timestamp="2021-04-05T23:17:51.649" />
<allocation-satisfied id="3647" threadId="000000000011CB00" bytesRequested="16" />
<af-end id="3648" timestamp="2021-04-05T23:17:51.649" threadId="000000000011D480" success="true" from="nursery"/>
<exclusive-end id="3649" timestamp="2021-04-05T23:17:51.649" durationms="108.426" />

<exclusive-start id="3650" timestamp="2021-04-05T23:17:52.520" intervalms="979.324">
  <response-info timems="0.053" idlems="0.053" threads="0" lastid="000000000011CB00" lastname="BenchmarkThread xml.validation 1" />
</exclusive-start>
<af-start id="3651" threadId="000000000011D480" totalBytesRequested="40" timestamp="2021-04-05T23:17:52.520" intervalms="979.314" type="nursery" />
<cycle-start id="3652" type="scavenge" contextid="0" timestamp="2021-04-05T23:17:52.520" intervalms="979.316" />
<gc-start id="3653" type="scavenge" contextid="3652" timestamp="2021-04-05T23:17:52.520">
  <mem-info id="3654" free="1012420704" total="1610612736" percent="62">
    <mem type="nursery" free="0" total="402653184" percent="0">
      <mem type="allocate" free="0" total="334823424" percent="0" />
      <mem type="survivor" free="0" total="67829760" percent="0" />
    </mem>
    <mem type="tenure" free="1012420704" total="1207959552" percent="83">
      <mem type="soa" free="952022112" total="1147560960" percent="82" />
      <mem type="loa" free="60398592" total="60398592" percent="100" />
    </mem>
    <remembered-set count="1576" />
  </mem-info>
</gc-start>
<allocation-stats totalBytes="272357680" >
  <allocated-bytes non-tlh="5216" tlh="272352464" />
  <largest-consumer threadName="BenchmarkThread xml.validation 1" threadId="000000000011CB00" bytes="43035728" />
</allocation-stats>
<gc-op id="3655" type="scavenge" timems="123.445" contextid="3652" timestamp="2021-04-05T23:17:52.644">
  <scavenger-info tenureage="3" tenuremask="7ff8" tiltratio="83" />
  <memory-copied type="nursery" objects="1456694" bytes="59163416" bytesdiscarded="10504" />
  <memory-copied type="tenure" objects="119583" bytes="4801264" bytesdiscarded="0" />
</gc-op>
<gc-end id="3656" type="scavenge" contextid="3652" durationms="123.433" usertimems="477.152" systemtimems="0.000" timestamp="2021-04-05T23:17:52.644" activeThreads="4">
  <mem-info id="3657" free="1283548224" total="1610612736" percent="79">
    <mem type="nursery" free="275715040" total="402653184" percent="68">
      <mem type="allocate" free="275715040" total="334888960" percent="82" />
      <mem type="survivor" free="0" total="67764224" percent="0" />
    </mem>
    <mem type="tenure" free="1007833184" total="1207959552" percent="83" macro-fragmented="0">
      <mem type="soa" free="947434592" total="1147560960" percent="82" />
      <mem type="loa" free="60398592" total="60398592" percent="100" />
    </mem>
    <remembered-set count="1853" />
  </mem-info>
</gc-end>
<cycle-end id="3658" type="scavenge" contextid="3652" timestamp="2021-04-05T23:17:52.644" />
<allocation-satisfied id="3659" threadId="000000000011CB00" bytesRequested="40" />
<af-end id="3660" timestamp="2021-04-05T23:17:52.645" threadId="000000000011D480" success="true" from="nursery"/>
<exclusive-end id="3661" timestamp="2021-04-05T23:17:52.645" durationms="124.169" />

<exclusive-start id="3662" timestamp="2021-04-05T23:17:53.420" intervalms="899.212">
  <response-info timems="0.073" idlems="0.046" threads="1" lastid="000000000013CF00" lastname="BenchmarkThread xml.validation 2" />
</exclusive-start>
<af-start id="3663" threadId="0000000000335080" totalBytesRequested="16" timestamp="2021-04-05T23:17:53.420" intervalms="899.212" type="nursery" />
<cycle-start id="3664" type="scavenge" contextid="0" timestamp="2021-04-05T23:17:53.420" intervalms="899.209" />
<gc-start id="3665" type="scavenge" contextid="3664" timestamp="2021-04-05T23:17:53.420">
  <mem-info id="3666" free="1007833184" total="1610612736" percent="62">
    <mem type="nursery" free="0" total="402653184" percent="0">
      <mem type="allocate" free="0" total="334888960" percent="0" />
      <mem type="survivor" free="0" total="67764224" percent="0" />
    </mem>
    <mem type="tenure" free="1007833184" total="1207959552" percent="83">
      <mem type="soa" free="947434592" total="1147560960" percent="82" />
      <mem type="loa" free="60398592" total="60398592" percent="100" />
    </mem>
    <remembered-set count="2056" />
  </mem-info>
</gc-start>
<allocation-stats totalBytes="275617880" >
  <allocated-bytes non-tlh="3160" tlh="275614720" />
  <largest-consumer threadName="BenchmarkThread xml.validation 1" threadId="000000000011CB00" bytes="49136120" />
</allocation-stats>
<gc-op id="3667" type="scavenge" timems="111.939" contextid="3664" timestamp="2021-04-05T23:17:53.532">
  <scavenger-info tenureage="3" tenuremask="7ff8" tiltratio="83" />
  <memory-copied type="nursery" objects="1608487" bytes="64930392" bytesdiscarded="12176" />
  <memory-copied type="tenure" objects="10405" bytes="416168" bytesdiscarded="0" />
</gc-op>
<gc-end id="3668" type="scavenge" contextid="3664" durationms="111.928" usertimems="429.467" systemtimems="0.007" timestamp="2021-04-05T23:17:53.532" activeThreads="4">
  <mem-info id="3669" free="1270505080" total="1610612736" percent="78">
    <mem type="nursery" free="263065112" total="402653184" percent="65">
      <mem type="allocate" free="263065112" total="328007680" percent="80" />
      <mem type="survivor" free="0" total="74645504" percent="0" />
    </mem>
    <mem type="tenure" free="1007439968" total="1207959552" percent="83" macro-fragmented="0">
      <mem type="soa" free="947041376" total="1147560960" percent="82" />
      <mem type="loa" free="60398592" total="60398592" percent="100" />
    </mem>
    <remembered-set count="1337" />
  </mem-info>
</gc-end>
<cycle-end id="3670" type="scavenge" contextid="3664" timestamp="2021-04-05T23:17:53.532" />
<allocation-satisfied id="3671" threadId="0000000000334700" bytesRequested="16" />
<af-end id="3672" timestamp="2021-04-05T23:17:53.532" threadId="0000000000335080" success="true" from="nursery"/>
<exclusive-end id="3673" timestamp="2021-04-05T23:17:53.532" durationms="112.606" />

<exclusive-start id="3674" timestamp="2021-04-05T23:17:54.336" intervalms="916.224">
  <response-info timems="0.055" idlems="0.055" threads="0" lastid="0000000000330B00" lastname="BenchmarkThread xml.validation 5" />
</exclusive-start>
<af-start id="3675" threadId="0000000000331480" totalBytesRequested="48" timestamp="2021-04-05T23:17:54.336" intervalms="916.230" type="nursery" />
<cycle-start id="3676" type="scavenge" contextid="0" timestamp="2021-04-05T23:17:54.336" intervalms="916.239" />
<gc-start id="3677" type="scavenge" contextid="3676" timestamp="2021-04-05T23:17:54.336">
  <mem-info id="3678" free="1007439968" total="1610612736" percent="62">
    <mem type="nursery" free="0" total="402653184" percent="0">
      <mem type="allocate" free="0" total="328007680" percent="0" />
      <mem type="survivor" free="0" total="74645504" percent="0" />
    </mem>
    <mem type="tenure" free="1007439968" total="1207959552" percent="83">
      <mem type="soa" free="947041376" total="1147560960" percent="82" />
      <mem type="loa" free="60398592" total="60398592" percent="100" />
    </mem>
    <remembered-set count="1555" />
  </mem-info>
</gc-start>
<allocation-stats totalBytes="262973664" >
  <allocated-bytes non-tlh="3136" tlh="262970528" />
  <largest-consumer threadName="BenchmarkThread xml.validation 4" threadId="000000000032CF00" bytes="43747856" />
</allocation-stats>
<gc-op id="3679" type="scavenge" timems="127.503" contextid="3676" timestamp="2021-04-05T23:17:54.464">
  <scavenger-info tenureage="3" tenuremask="7ff8" tiltratio="81" />
  <memory-copied type="nursery" objects="1571428" bytes="63623920" bytesdiscarded="10032" />
  <memory-copied type="tenure" objects="11179" bytes="396040" bytesdiscarded="0" />
</gc-op>
<gc-end id="3680" type="scavenge" contextid="3676" durationms="127.247" usertimems="475.775" systemtimems="0.003" timestamp="2021-04-05T23:17:54.464" activeThreads="4">
  <mem-info id="3681" free="1272206912" total="1610612736" percent="78">
    <mem type="nursery" free="265291232" total="402653184" percent="65">
      <mem type="allocate" free="265291232" total="328925184" percent="80" />
      <mem type="survivor" free="0" total="73728000" percent="0" />
    </mem>
    <mem type="tenure" free="1006915680" total="1207959552" percent="83" macro-fragmented="0">
      <mem type="soa" free="946517088" total="1147560960" percent="82" />
      <mem type="loa" free="60398592" total="60398592" percent="100" />
    </mem>
    <remembered-set count="1338" />
  </mem-info>
</gc-end>
<cycle-end id="3682" type="scavenge" contextid="3676" timestamp="2021-04-05T23:17:54.464" />
<allocation-satisfied id="3683" threadId="0000000000330B00" bytesRequested="48" />
<af-end id="3684" timestamp="2021-04-05T23:17:54.464" threadId="0000000000331480" success="true" from="nursery"/>
<exclusive-end id="3685" timestamp="2021-04-05T23:17:54.464" durationms="128.251" />

<exclusive-start id="3686" timestamp="2021-04-05T23:17:55.272" intervalms="936.446">
  <response-info timems="0.049" idlems="0.026" threads="1" lastid="000000000033BE00" lastname="BenchmarkThread xml.validation 8" />
</exclusive-start>
<af-start id="3687" threadId="0000000000338C80" totalBytesRequested="40" timestamp="2021-04-05T23:17:55.272" intervalms="936.439" type="nursery" />
<cycle-start id="3688" type="scavenge" contextid="0" timestamp="2021-04-05T23:17:55.272" intervalms="936.430" />
<gc-start id="3689" type="scavenge" contextid="3688" timestamp="2021-04-05T23:17:55.272">
  <mem-info id="3690" free="1006915680" total="1610612736" percent="62">
    <mem type="nursery" free="0" total="402653184" percent="0">
      <mem type="allocate" free="0" total="328925184" percent="0" />
      <mem type="survivor" free="0" total="73728000" percent="0" />
    </mem>
    <mem type="tenure" free="1006915680" total="1207959552" percent="83">
      <mem type="soa" free="946517088" total="1147560960" percent="82" />
      <mem type="loa" free="60398592" total="60398592" percent="100" />
    </mem>
    <remembered-set count="1554" />
  </mem-info>
</gc-start>
<allocation-stats totalBytes="265188576" >
  <allocated-bytes non-tlh="48" tlh="265188528" />
  <largest-consumer threadName="BenchmarkThread xml.validation 6" threadId="0000000000334700" bytes="58623264" />
</allocation-stats>
<gc-op id="3691" type="scavenge" timems="113.557" contextid="3688" timestamp="2021-04-05T23:17:55.386">
  <scavenger-info tenureage="3" tenuremask="7ff8" tiltratio="81" />
  <memory-copied type="nursery" objects="1498434" bytes="61151920" bytesdiscarded="6856" />
  <memory-copied type="tenure" objects="118814" bytes="4821520" bytesdiscarded="0" />
</gc-op>
<gc-end id="3692" type="scavenge" contextid="3688" durationms="113.547" usertimems="432.628" systemtimems="0.006" timestamp="2021-04-05T23:17:55.386" activeThreads="4">
  <mem-info id="3693" free="1270815464" total="1610612736" percent="78">
    <mem type="nursery" free="268749448" total="402653184" percent="66">
      <mem type="allocate" free="268749448" total="329908224" percent="81" />
      <mem type="survivor" free="0" total="72744960" percent="0" />
    </mem>
    <mem type="tenure" free="1002066016" total="1207959552" percent="82" macro-fragmented="0">
      <mem type="soa" free="941667424" total="1147560960" percent="82" />
      <mem type="loa" free="60398592" total="60398592" percent="100" />
    </mem>
    <remembered-set count="1335" />
  </mem-info>
</gc-end>
<cycle-end id="3694" type="scavenge" contextid="3688" timestamp="2021-04-05T23:17:55.386" />
<allocation-satisfied id="3695" threadId="0000000000338300" bytesRequested="40" />
<af-end id="3696" timestamp="2021-04-05T23:17:55.386" threadId="0000000000338C80" success="true" from="nursery"/>
<exclusive-end id="3697" timestamp="2021-04-05T23:17:55.386" durationms="114.212" />

<exclusive-start id="3698" timestamp="2021-04-05T23:17:56.111" intervalms="838.919">
  <response-info timems="0.046" idlems="0.046" threads="0" lastid="0000000000330B00" lastname="BenchmarkThread xml.validation 5" />
</exclusive-start>
<af-start id="3699" threadId="0000000000331480" totalBytesRequested="80" timestamp="2021-04-05T23:17:56.111" intervalms="838.915" type="nursery" />
<cycle-start id="3700" type="scavenge" contextid="0" timestamp="2021-04-05T23:17:56.111" intervalms="838.912" />
<gc-start id="3701" type="scavenge" contextid="3700" timestamp="2021-04-05T23:17:56.111">
  <mem-info id="3702" free="1002066016" total="1610612736" percent="62">
    <mem type="nursery" free="0" total="402653184" percent="0">
      <mem type="allocate" free="0" total="329908224" percent="0" />
      <mem type="survivor" free="0" total="72744960" percent="0" />
    </mem>
    <mem type="tenure" free="1002066016" total="1207959552" percent="82">
      <mem type="soa" free="941667424" total="1147560960" percent="82" />
      <mem type="loa" free="60398592" total="60398592" percent="100" />
    </mem>
    <remembered-set count="1529" />
  </mem-info>
</gc-start>
<allocation-stats totalBytes="268670888" >
  <allocated-bytes non-tlh="40" tlh="268670848" />
  <largest-consumer threadName="BenchmarkThread xml.validation 8" threadId="000000000033BE00" bytes="53572984" />
</allocation-stats>
<gc-op id="3703" type="scavenge" timems="108.598" contextid="3700" timestamp="2021-04-05T23:17:56.220">
  <scavenger-info tenureage="3" tenuremask="7ff8" tiltratio="81" />
  <memory-copied type="nursery" objects="1526092" bytes="61469488" bytesdiscarded="15376" />
  <memory-copied type="tenure" objects="2" bytes="64" bytesdiscarded="0" />
</gc-op>
<gc-end id="3704" type="scavenge" contextid="3700" durationms="108.588" usertimems="418.801" systemtimems="0.000" timestamp="2021-04-05T23:17:56.220" activeThreads="4">
  <mem-info id="3705" free="1271669024" total="1610612736" percent="78">
    <mem type="nursery" free="269603008" total="402653184" percent="66">
      <mem type="allocate" free="269603008" total="331087872" percent="81" />
      <mem type="survivor" free="0" total="71565312" percent="0" />
    </mem>
    <mem type="tenure" free="1002066016" total="1207959552" percent="82" macro-fragmented="0">
      <mem type="soa" free="941667424" total="1147560960" percent="82" />
      <mem type="loa" free="60398592" total="60398592" percent="100" />
    </mem>
    <remembered-set count="1327" />
  </mem-info>
</gc-end>
<cycle-end id="3706" type="scavenge" contextid="3700" timestamp="2021-04-05T23:17:56.220" />
<allocation-satisfied id="3707" threadId="0000000000330B00" bytesRequested="80" />
<af-end id="3708" timestamp="2021-04-05T23:17:56.220" threadId="0000000000331480" success="true" from="nursery"/>
<exclusive-end id="3709" timestamp="2021-04-05T23:17:56.220" durationms="109.223" />

<exclusive-start id="3710" timestamp="2021-04-05T23:17:56.970" intervalms="859.345">
  <response-info timems="0.050" idlems="0.050" threads="0" lastid="000000000013CF00" lastname="BenchmarkThread xml.validation 2" />
</exclusive-start>
<af-start id="3711" threadId="000000000013D880" totalBytesRequested="24" timestamp="2021-04-05T23:17:56.971" intervalms="859.346" type="nursery" />
<cycle-start id="3712" type="scavenge" contextid="0" timestamp="2021-04-05T23:17:56.971" intervalms="859.347" />
<gc-start id="3713" type="scavenge" contextid="3712" timestamp="2021-04-05T23:17:56.971">
  <mem-info id="3714" free="1002066016" total="1610612736" percent="62">
    <mem type="nursery" free="0" total="402653184" percent="0">
      <mem type="allocate" free="0" total="331087872" percent="0" />
      <mem type="survivor" free="0" total="71565312" percent="0" />
    </mem>
    <mem type="tenure" free="1002066016" total="1207959552" percent="82">
      <mem type="soa" free="941667424" total="1147560960" percent="82" />
      <mem type="loa" free="60398592" total="60398592" percent="100" />
    </mem>
    <remembered-set count="1565" />
  </mem-info>
</gc-start>
<allocation-stats totalBytes="269509760" >
  <allocated-bytes non-tlh="80" tlh="269509680" />
  <largest-consumer threadName="BenchmarkThread xml.validation 5" threadId="0000000000330B00" bytes="47734152" />
</allocation-stats>
<gc-op id="3715" type="scavenge" timems="117.252" contextid="3712" timestamp="2021-04-05T23:17:57.088">
  <scavenger-info tenureage="3" tenuremask="7ff8" tiltratio="82" />
  <memory-copied type="nursery" objects="1519750" bytes="61319528" bytesdiscarded="12056" />
  <memory-copied type="tenure" objects="10" bytes="320" bytesdiscarded="0" />
</gc-op>
<gc-end id="3716" type="scavenge" contextid="3712" durationms="117.242" usertimems="413.693" systemtimems="0.000" timestamp="2021-04-05T23:17:57.088" activeThreads="4">
  <mem-info id="3717" free="1272870880" total="1610612736" percent="79">
    <mem type="nursery" free="270804864" total="402653184" percent="67">
      <mem type="allocate" free="270804864" total="332136448" percent="81" />
      <mem type="survivor" free="0" total="70516736" percent="0" />
    </mem>
    <mem type="tenure" free="1002066016" total="1207959552" percent="82" macro-fragmented="0">
      <mem type="soa" free="941667424" total="1147560960" percent="82" />
      <mem type="loa" free="60398592" total="60398592" percent="100" />
    </mem>
    <remembered-set count="1332" />
  </mem-info>
</gc-end>
<cycle-end id="3718" type="scavenge" contextid="3712" timestamp="2021-04-05T23:17:57.088" />
<allocation-satisfied id="3719" threadId="000000000013CF00" bytesRequested="24" />
<af-end id="3720" timestamp="2021-04-05T23:17:57.088" threadId="000000000013D880" success="true" from="nursery"/>
<exclusive-end id="3721" timestamp="2021-04-05T23:17:57.088" durationms="117.921" />

<exclusive-start id="3722" timestamp="2021-04-05T23:17:57.809" intervalms="838.618">
  <response-info timems="0.075" idlems="0.045" threads="1" lastid="0000000000334700" lastname="BenchmarkThread xml.validation 6" />
</exclusive-start>
<af-start id="3723" threadId="000000000033C780" totalBytesRequested="48" timestamp="2021-04-05T23:17:57.809" intervalms="838.621" type="nursery" />
<cycle-start id="3724" type="scavenge" contextid="0" timestamp="2021-04-05T23:17:57.809" intervalms="838.638" />
<gc-start id="3725" type="scavenge" contextid="3724" timestamp="2021-04-05T23:17:57.809">
  <mem-info id="3726" free="1002066016" total="1610612736" percent="62">
    <mem type="nursery" free="0" total="402653184" percent="0">
      <mem type="allocate" free="0" total="332136448" percent="0" />
      <mem type="survivor" free="0" total="70516736" percent="0" />
    </mem>
    <mem type="tenure" free="1002066016" total="1207959552" percent="82">
      <mem type="soa" free="941667424" total="1147560960" percent="82" />
      <mem type="loa" free="60398592" total="60398592" percent="100" />
    </mem>
    <remembered-set count="1538" />
  </mem-info>
</gc-start>
<allocation-stats totalBytes="270686632" >
  <allocated-bytes non-tlh="24" tlh="270686608" />
  <largest-consumer threadName="BenchmarkThread xml.validation 2" threadId="000000000013CF00" bytes="42420912" />
</allocation-stats>
<gc-op id="3727" type="scavenge" timems="106.730" contextid="3724" timestamp="2021-04-05T23:17:57.916">
  <scavenger-info tenureage="3" tenuremask="7ff8" tiltratio="82" />
  <memory-copied type="nursery" objects="1524545" bytes="61431544" bytesdiscarded="13696" />
  <memory-copied type="tenure" objects="6" bytes="192" bytesdiscarded="0" />
</gc-op>
<gc-end id="3728" type="scavenge" contextid="3724" durationms="106.719" usertimems="398.777" systemtimems="3.993" timestamp="2021-04-05T23:17:57.916" activeThreads="4">
  <mem-info id="3729" free="1273543656" total="1610612736" percent="79">
    <mem type="nursery" free="271477640" total="402653184" percent="67">
      <mem type="allocate" free="271477640" total="332922880" percent="81" />
      <mem type="survivor" free="0" total="69730304" percent="0" />
    </mem>
    <mem type="tenure" free="1002066016" total="1207959552" percent="82" macro-fragmented="0">
      <mem type="soa" free="941667424" total="1147560960" percent="82" />
      <mem type="loa" free="60398592" total="60398592" percent="100" />
    </mem>
    <remembered-set count="1333" />
  </mem-info>
</gc-end>
<cycle-end id="3730" type="scavenge" contextid="3724" timestamp="2021-04-05T23:17:57.916" />
<allocation-satisfied id="3731" threadId="000000000033BE00" bytesRequested="48" />
<af-end id="3732" timestamp="2021-04-05T23:17:57.916" threadId="000000000033C780" success="true" from="nursery"/>
<exclusive-end id="3733" timestamp="2021-04-05T23:17:57.917" durationms="107.393" />

<exclusive-start id="3734" timestamp="2021-04-05T23:17:58.695" intervalms="885.531">
  <response-info timems="0.058" idlems="0.034" threads="1" lastid="0000000000334700" lastname="BenchmarkThread xml.validation 6" />
</exclusive-start>
<af-start id="3735" threadId="000000000033C780" totalBytesRequested="16" timestamp="2021-04-05T23:17:58.695" intervalms="885.528" type="nursery" />
<cycle-start id="3736" type="scavenge" contextid="0" timestamp="2021-04-05T23:17:58.695" intervalms="885.511" />
<gc-start id="3737" type="scavenge" contextid="3736" timestamp="2021-04-05T23:17:58.695">
  <mem-info id="3738" free="1002066016" total="1610612736" percent="62">
    <mem type="nursery" free="0" total="402653184" percent="0">
      <mem type="allocate" free="0" total="332922880" percent="0" />
      <mem type="survivor" free="0" total="69730304" percent="0" />
    </mem>
    <mem type="tenure" free="1002066016" total="1207959552" percent="82">
      <mem type="soa" free="941667424" total="1147560960" percent="82" />
      <mem type="loa" free="60398592" total="60398592" percent="100" />
    </mem>
    <remembered-set count="1560" />
  </mem-info>
</gc-start>
<allocation-stats totalBytes="271393640" >
  <allocated-bytes non-tlh="48" tlh="271393592" />
  <largest-consumer threadName="BenchmarkThread xml.validation 1" threadId="000000000011CB00" bytes="43953920" />
</allocation-stats>
<gc-op id="3739" type="scavenge" timems="115.493" contextid="3736" timestamp="2021-04-05T23:17:58.810">
  <scavenger-info tenureage="3" tenuremask="7ff8" tiltratio="82" />
  <memory-copied type="nursery" objects="1626023" bytes="65842088" bytesdiscarded="13936" />
  <memory-copied type="tenure" objects="4" bytes="128" bytesdiscarded="0" />
</gc-op>
<gc-end id="3740" type="scavenge" contextid="3736" durationms="115.483" usertimems="439.543" systemtimems="0.005" timestamp="2021-04-05T23:17:58.811" activeThreads="4">
  <mem-info id="3741" free="1264217672" total="1610612736" percent="78">
    <mem type="nursery" free="262151656" total="402653184" percent="65">
      <mem type="allocate" free="262151656" total="328007680" percent="79" />
      <mem type="survivor" free="0" total="74645504" percent="0" />
    </mem>
    <mem type="tenure" free="1002066016" total="1207959552" percent="82" macro-fragmented="0">
      <mem type="soa" free="941667424" total="1147560960" percent="82" />
      <mem type="loa" free="60398592" total="60398592" percent="100" />
    </mem>
    <remembered-set count="1337" />
  </mem-info>
</gc-end>
<cycle-end id="3742" type="scavenge" contextid="3736" timestamp="2021-04-05T23:17:58.811" />
<allocation-satisfied id="3743" threadId="000000000033BE00" bytesRequested="16" />
<af-end id="3744" timestamp="2021-04-05T23:17:58.811" threadId="000000000033C780" success="true" from="nursery"/>
<exclusive-end id="3745" timestamp="2021-04-05T23:17:58.811" durationms="116.152" />

<exclusive-start id="3746" timestamp="2021-04-05T23:17:59.548" intervalms="853.397">
  <response-info timems="0.061" idlems="0.036" threads="1" lastid="000000000033BE00" lastname="BenchmarkThread xml.validation 8" />
</exclusive-start>
<af-start id="3747" threadId="0000000000338C80" totalBytesRequested="1040" timestamp="2021-04-05T23:17:59.548" intervalms="853.401" type="nursery" />
<cycle-start id="3748" type="scavenge" contextid="0" timestamp="2021-04-05T23:17:59.548" intervalms="853.408" />
<gc-start id="3749" type="scavenge" contextid="3748" timestamp="2021-04-05T23:17:59.548">
  <mem-info id="3750" free="1002066016" total="1610612736" percent="62">
    <mem type="nursery" free="0" total="402653184" percent="0">
      <mem type="allocate" free="0" total="328007680" percent="0" />
      <mem type="survivor" free="0" total="74645504" percent="0" />
    </mem>
    <mem type="tenure" free="1002066016" total="1207959552" percent="82">
      <mem type="soa" free="941667424" total="1147560960" percent="82" />
      <mem type="loa" free="60398592" total="60398592" percent="100" />
    </mem>
    <remembered-set count="1541" />
  </mem-info>
</gc-start>
<allocation-stats totalBytes="262063416" >
  <allocated-bytes non-tlh="2096" tlh="262061320" />
  <largest-consumer threadName="BenchmarkThread xml.validation 5" threadId="0000000000330B00" bytes="42165328" />
</allocation-stats>
<gc-op id="3751" type="scavenge" timems="108.907" contextid="3748" timestamp="2021-04-05T23:17:59.657">
  <scavenger-info tenureage="3" tenuremask="7ff8" tiltratio="81" />
  <memory-copied type="nursery" objects="1544144" bytes="61990472" bytesdiscarded="12008" />
  <memory-copied type="tenure" objects="6" bytes="192" bytesdiscarded="0" />
</gc-op>
<gc-end id="3752" type="scavenge" contextid="3748" durationms="108.710" usertimems="411.028" systemtimems="0.000" timestamp="2021-04-05T23:17:59.658" activeThreads="4">
  <mem-info id="3753" free="1268726576" total="1610612736" percent="78">
    <mem type="nursery" free="266660560" total="402653184" percent="66">
      <mem type="allocate" free="266660560" total="328663040" percent="81" />
      <mem type="survivor" free="0" total="73990144" percent="0" />
    </mem>
    <mem type="tenure" free="1002066016" total="1207959552" percent="82" macro-fragmented="0">
      <mem type="soa" free="941667424" total="1147560960" percent="82" />
      <mem type="loa" free="60398592" total="60398592" percent="100" />
    </mem>
    <remembered-set count="1339" />
  </mem-info>
</gc-end>
<cycle-end id="3754" type="scavenge" contextid="3748" timestamp="2021-04-05T23:17:59.658" />
<allocation-satisfied id="3755" threadId="0000000000338300" bytesRequested="1040" />
<af-end id="3756" timestamp="2021-04-05T23:17:59.658" threadId="0000000000338C80" success="true" from="nursery"/>
<exclusive-end id="3757" timestamp="2021-04-05T23:17:59.658" durationms="109.572" />

<exclusive-start id="3758" timestamp="2021-04-05T23:18:00.394" intervalms="845.769">
  <response-info timems="0.053" idlems="0.053" threads="0" lastid="0000000000329300" lastname="BenchmarkThread xml.validation 3" />
</exclusive-start>
<af-start id="3759" threadId="0000000000329C80" totalBytesRequested="24" timestamp="2021-04-05T23:18:00.394" intervalms="845.767" type="nursery" />
<cycle-start id="3760" type="scavenge" contextid="0" timestamp="2021-04-05T23:18:00.394" intervalms="845.762" />
<gc-start id="3761" type="scavenge" contextid="3760" timestamp="2021-04-05T23:18:00.394">
  <mem-info id="3762" free="1002066016" total="1610612736" percent="62">
    <mem type="nursery" free="0" total="402653184" percent="0">
      <mem type="allocate" free="0" total="328663040" percent="0" />
      <mem type="survivor" free="0" total="73990144" percent="0" />
    </mem>
    <mem type="tenure" free="1002066016" total="1207959552" percent="82">
      <mem type="soa" free="941667424" total="1147560960" percent="82" />
      <mem type="loa" free="60398592" total="60398592" percent="100" />
    </mem>
    <remembered-set count="1547" />
  </mem-info>
</gc-start>
<allocation-stats totalBytes="266569560" >
  <allocated-bytes non-tlh="5200" tlh="266564360" />
  <largest-consumer threadName="BenchmarkThread xml.validation 8" threadId="000000000033BE00" bytes="40192472" />
</allocation-stats>
<gc-op id="3763" type="scavenge" timems="110.650" contextid="3760" timestamp="2021-04-05T23:18:00.505">
  <scavenger-info tenureage="3" tenuremask="7ff8" tiltratio="81" />
  <memory-copied type="nursery" objects="1535438" bytes="61754616" bytesdiscarded="10208" />
  <memory-copied type="tenure" objects="6" bytes="192" bytesdiscarded="0" />
</gc-op>
<gc-end id="3764" type="scavenge" contextid="3760" durationms="110.638" usertimems="416.227" systemtimems="0.000" timestamp="2021-04-05T23:18:00.505" activeThreads="4">
  <mem-info id="3765" free="1270406024" total="1610612736" percent="78">
    <mem type="nursery" free="268340008" total="402653184" percent="66">
      <mem type="allocate" free="268340008" total="330104832" percent="81" />
      <mem type="survivor" free="0" total="72548352" percent="0" />
    </mem>
    <mem type="tenure" free="1002066016" total="1207959552" percent="82" macro-fragmented="0">
      <mem type="soa" free="941667424" total="1147560960" percent="82" />
      <mem type="loa" free="60398592" total="60398592" percent="100" />
    </mem>
    <remembered-set count="1335" />
  </mem-info>
</gc-end>
<cycle-end id="3766" type="scavenge" contextid="3760" timestamp="2021-04-05T23:18:00.505" />
<allocation-satisfied id="3767" threadId="0000000000329300" bytesRequested="24" />
<af-end id="3768" timestamp="2021-04-05T23:18:00.505" threadId="0000000000329C80" success="true" from="nursery"/>
<exclusive-end id="3769" timestamp="2021-04-05T23:18:00.505" durationms="111.299" />

<exclusive-start id="3770" timestamp="2021-04-05T23:18:01.403" intervalms="1008.856">
  <response-info timems="0.064" idlems="0.064" threads="0" lastid="0000000000329300" lastname="BenchmarkThread xml.validation 3" />
</exclusive-start>
<af-start id="3771" threadId="0000000000329C80" totalBytesRequested="64" timestamp="2021-04-05T23:18:01.403" intervalms="1008.865" type="nursery" />
<cycle-start id="3772" type="scavenge" contextid="0" timestamp="2021-04-05T23:18:01.403" intervalms="1008.872" />
<gc-start id="3773" type="scavenge" contextid="3772" timestamp="2021-04-05T23:18:01.403">
  <mem-info id="3774" free="1002066016" total="1610612736" percent="62">
    <mem type="nursery" free="0" total="402653184" percent="0">
      <mem type="allocate" free="0" total="330104832" percent="0" />
      <mem type="survivor" free="0" total="72548352" percent="0" />
    </mem>
    <mem type="tenure" free="1002066016" total="1207959552" percent="82">
      <mem type="soa" free="941667424" total="1147560960" percent="82" />
      <mem type="loa" free="60398592" total="60398592" percent="100" />
    </mem>
    <remembered-set count="1559" />
  </mem-info>
</gc-start>
<allocation-stats totalBytes="268243184" >
  <allocated-bytes non-tlh="24" tlh="268243160" />
  <largest-consumer threadName="BenchmarkThread xml.validation 4" threadId="000000000032CF00" bytes="43121640" />
</allocation-stats>
<gc-op id="3775" type="scavenge" timems="147.054" contextid="3772" timestamp="2021-04-05T23:18:01.550">
  <scavenger-info tenureage="3" tenuremask="7ff8" tiltratio="81" />
  <memory-copied type="nursery" objects="1530588" bytes="61649144" bytesdiscarded="11240" />
  <memory-copied type="tenure" objects="8" bytes="256" bytesdiscarded="0" />
</gc-op>
<gc-end id="3776" type="scavenge" contextid="3772" durationms="147.041" usertimems="542.245" systemtimems="0.000" timestamp="2021-04-05T23:18:01.550" activeThreads="4">
  <mem-info id="3777" free="1271690112" total="1610612736" percent="78">
    <mem type="nursery" free="269624096" total="402653184" percent="66">
      <mem type="allocate" free="269624096" total="331284480" percent="81" />
      <mem type="survivor" free="0" total="71368704" percent="0" />
    </mem>
    <mem type="tenure" free="1002066016" total="1207959552" percent="82" macro-fragmented="0">
      <mem type="soa" free="941667424" total="1147560960" percent="82" />
      <mem type="loa" free="60398592" total="60398592" percent="100" />
    </mem>
    <remembered-set count="1336" />
  </mem-info>
</gc-end>
<cycle-end id="3778" type="scavenge" contextid="3772" timestamp="2021-04-05T23:18:01.551" />
<allocation-satisfied id="3779" threadId="0000000000329300" bytesRequested="64" />
<af-end id="3780" timestamp="2021-04-05T23:18:01.551" threadId="0000000000329C80" success="true" from="nursery"/>
<exclusive-end id="3781" timestamp="2021-04-05T23:18:01.551" durationms="147.924" />

<exclusive-start id="3782" timestamp="2021-04-05T23:18:02.347" intervalms="943.864">
  <response-info timems="0.052" idlems="0.052" threads="0" lastid="0000000000338300" lastname="BenchmarkThread xml.validation 7" />
</exclusive-start>
<af-start id="3783" threadId="0000000000338C80" totalBytesRequested="16" timestamp="2021-04-05T23:18:02.347" intervalms="943.854" type="nursery" />
<cycle-start id="3784" type="scavenge" contextid="0" timestamp="2021-04-05T23:18:02.347" intervalms="943.846" />
<gc-start id="3785" type="scavenge" contextid="3784" timestamp="2021-04-05T23:18:02.347">
  <mem-info id="3786" free="1002066016" total="1610612736" percent="62">
    <mem type="nursery" free="0" total="402653184" percent="0">
      <mem type="allocate" free="0" total="331284480" percent="0" />
      <mem type="survivor" free="0" total="71368704" percent="0" />
    </mem>
    <mem type="tenure" free="1002066016" total="1207959552" percent="82">
      <mem type="soa" free="941667424" total="1147560960" percent="82" />
      <mem type="loa" free="60398592" total="60398592" percent="100" />
    </mem>
    <remembered-set count="1547" />
  </mem-info>
</gc-start>
<allocation-stats totalBytes="269526472" >
  <allocated-bytes non-tlh="64" tlh="269526408" />
  <largest-consumer threadName="BenchmarkThread xml.validation 5" threadId="0000000000330B00" bytes="46487352" />
</allocation-stats>
<gc-op id="3787" type="scavenge" timems="106.344" contextid="3784" timestamp="2021-04-05T23:18:02.453">
  <scavenger-info tenureage="3" tenuremask="7ff8" tiltratio="82" />
  <memory-copied type="nursery" objects="1544633" bytes="62009672" bytesdiscarded="8976" />
  <memory-copied type="tenure" objects="2" bytes="64" bytesdiscarded="0" />
</gc-op>
<gc-end id="3788" type="scavenge" contextid="3784" durationms="106.334" usertimems="402.218" systemtimems="3.986" timestamp="2021-04-05T23:18:02.453" activeThreads="4">
  <mem-info id="3789" free="1272118280" total="1610612736" percent="78">
    <mem type="nursery" free="270052264" total="402653184" percent="67">
      <mem type="allocate" free="270052264" total="332070912" percent="81" />
      <mem type="survivor" free="0" total="70582272" percent="0" />
    </mem>
    <mem type="tenure" free="1002066016" total="1207959552" percent="82" macro-fragmented="0">
      <mem type="soa" free="941667424" total="1147560960" percent="82" />
      <mem type="loa" free="60398592" total="60398592" percent="100" />
    </mem>
    <remembered-set count="1337" />
  </mem-info>
</gc-end>
<cycle-end id="3790" type="scavenge" contextid="3784" timestamp="2021-04-05T23:18:02.453" />
<allocation-satisfied id="3791" threadId="0000000000338300" bytesRequested="16" />
<af-end id="3792" timestamp="2021-04-05T23:18:02.454" threadId="0000000000338C80" success="true" from="nursery"/>
<exclusive-end id="3793" timestamp="2021-04-05T23:18:02.454" durationms="107.001" />

<exclusive-start id="3794" timestamp="2021-04-05T23:18:03.143" intervalms="796.365">
  <response-info timems="0.052" idlems="0.027" threads="1" lastid="0000000000334700" lastname="BenchmarkThread xml.validation 6" />
</exclusive-start>
<af-start id="3795" threadId="000000000013D880" totalBytesRequested="64" timestamp="2021-04-05T23:18:03.143" intervalms="796.366" type="nursery" />
<cycle-start id="3796" type="scavenge" contextid="0" timestamp="2021-04-05T23:18:03.143" intervalms="796.365" />
<gc-start id="3797" type="scavenge" contextid="3796" timestamp="2021-04-05T23:18:03.143">
  <mem-info id="3798" free="1002066016" total="1610612736" percent="62">
    <mem type="nursery" free="0" total="402653184" percent="0">
      <mem type="allocate" free="0" total="332070912" percent="0" />
      <mem type="survivor" free="0" total="70582272" percent="0" />
    </mem>
    <mem type="tenure" free="1002066016" total="1207959552" percent="82">
      <mem type="soa" free="941667424" total="1147560960" percent="82" />
      <mem type="loa" free="60398592" total="60398592" percent="100" />
    </mem>
    <remembered-set count="1528" />
  </mem-info>
</gc-start>
<allocation-stats totalBytes="269968936" >
  <allocated-bytes non-tlh="16" tlh="269968920" />
  <largest-consumer threadName="BenchmarkThread xml.validation 7" threadId="0000000000338300" bytes="42034800" />
</allocation-stats>
<gc-op id="3799" type="scavenge" timems="111.893" contextid="3796" timestamp="2021-04-05T23:18:03.255">
  <scavenger-info tenureage="3" tenuremask="7ff8" tiltratio="82" />
  <memory-copied type="nursery" objects="1540011" bytes="61858760" bytesdiscarded="14488" />
  <memory-copied type="tenure" objects="8" bytes="256" bytesdiscarded="0" />
</gc-op>
<gc-end id="3800" type="scavenge" contextid="3796" durationms="111.883" usertimems="428.315" systemtimems="0.016" timestamp="2021-04-05T23:18:03.255" activeThreads="4">
  <mem-info id="3801" free="1272984576" total="1610612736" percent="79">
    <mem type="nursery" free="270918560" total="402653184" percent="67">
      <mem type="allocate" free="270918560" total="332791808" percent="81" />
      <mem type="survivor" free="0" total="69861376" percent="0" />
    </mem>
    <mem type="tenure" free="1002066016" total="1207959552" percent="82" macro-fragmented="0">
      <mem type="soa" free="941667424" total="1147560960" percent="82" />
      <mem type="loa" free="60398592" total="60398592" percent="100" />
    </mem>
    <remembered-set count="1327" />
  </mem-info>
</gc-end>
<cycle-end id="3802" type="scavenge" contextid="3796" timestamp="2021-04-05T23:18:03.255" />
<allocation-satisfied id="3803" threadId="000000000013CF00" bytesRequested="64" />
<af-end id="3804" timestamp="2021-04-05T23:18:03.255" threadId="000000000013D880" success="true" from="nursery"/>
<exclusive-end id="3805" timestamp="2021-04-05T23:18:03.255" durationms="112.564" />

<exclusive-start id="3806" timestamp="2021-04-05T23:18:04.036" intervalms="893.153">
  <response-info timems="0.043" idlems="0.043" threads="0" lastid="000000000013CF00" lastname="BenchmarkThread xml.validation 2" />
</exclusive-start>
<af-start id="3807" threadId="000000000013D880" totalBytesRequested="136" timestamp="2021-04-05T23:18:04.036" intervalms="893.151" type="nursery" />
<cycle-start id="3808" type="scavenge" contextid="0" timestamp="2021-04-05T23:18:04.036" intervalms="893.151" />
<gc-start id="3809" type="scavenge" contextid="3808" timestamp="2021-04-05T23:18:04.036">
  <mem-info id="3810" free="1002066016" total="1610612736" percent="62">
    <mem type="nursery" free="0" total="402653184" percent="0">
      <mem type="allocate" free="0" total="332791808" percent="0" />
      <mem type="survivor" free="0" total="69861376" percent="0" />
    </mem>
    <mem type="tenure" free="1002066016" total="1207959552" percent="82">
      <mem type="soa" free="941667424" total="1147560960" percent="82" />
      <mem type="loa" free="60398592" total="60398592" percent="100" />
    </mem>
    <remembered-set count="1596" />
  </mem-info>
</gc-start>
<allocation-stats totalBytes="270821968" >
  <allocated-bytes non-tlh="64" tlh="270821904" />
  <largest-consumer threadName="BenchmarkThread xml.validation 4" threadId="000000000032CF00" bytes="42598280" />
</allocation-stats>
<gc-op id="3811" type="scavenge" timems="110.201" contextid="3808" timestamp="2021-04-05T23:18:04.146">
  <scavenger-info tenureage="3" tenuremask="7ff8" tiltratio="82" />
  <memory-copied type="nursery" objects="1544691" bytes="62030416" bytesdiscarded="14568" />
  <memory-copied type="tenure" objects="6" bytes="192" bytesdiscarded="0" />
</gc-op>
<gc-end id="3812" type="scavenge" contextid="3808" durationms="110.190" usertimems="427.337" systemtimems="0.003" timestamp="2021-04-05T23:18:04.147" activeThreads="4">
  <mem-info id="3813" free="1273337128" total="1610612736" percent="79">
    <mem type="nursery" free="271271112" total="402653184" percent="67">
      <mem type="allocate" free="271271112" total="333316096" percent="81" />
      <mem type="survivor" free="0" total="69337088" percent="0" />
    </mem>
    <mem type="tenure" free="1002066016" total="1207959552" percent="82" macro-fragmented="0">
      <mem type="soa" free="941667424" total="1147560960" percent="82" />
      <mem type="loa" free="60398592" total="60398592" percent="100" />
    </mem>
    <remembered-set count="1346" />
  </mem-info>
</gc-end>
<cycle-end id="3814" type="scavenge" contextid="3808" timestamp="2021-04-05T23:18:04.147" />
<allocation-satisfied id="3815" threadId="000000000013CF00" bytesRequested="136" />
<af-end id="3816" timestamp="2021-04-05T23:18:04.147" threadId="000000000013D880" success="true" from="nursery"/>
<exclusive-end id="3817" timestamp="2021-04-05T23:18:04.147" durationms="110.910" />

<exclusive-start id="3818" timestamp="2021-04-05T23:18:04.756" intervalms="720.251">
  <response-info timems="0.068" idlems="0.041" threads="1" lastid="0000000000338300" lastname="BenchmarkThread xml.validation 7" />
</exclusive-start>
<af-start id="3819" threadId="0000000000329C80" totalBytesRequested="48" timestamp="2021-04-05T23:18:04.756" intervalms="720.261" type="nursery" />
<cycle-start id="3820" type="scavenge" contextid="0" timestamp="2021-04-05T23:18:04.757" intervalms="720.633" />
<gc-start id="3821" type="scavenge" contextid="3820" timestamp="2021-04-05T23:18:04.757">
  <mem-info id="3822" free="1002066016" total="1610612736" percent="62">
    <mem type="nursery" free="0" total="402653184" percent="0">
      <mem type="allocate" free="0" total="333316096" percent="0" />
      <mem type="survivor" free="0" total="69337088" percent="0" />
    </mem>
    <mem type="tenure" free="1002066016" total="1207959552" percent="82">
      <mem type="soa" free="941667424" total="1147560960" percent="82" />
      <mem type="loa" free="60398592" total="60398592" percent="100" />
    </mem>
    <remembered-set count="1505" />
  </mem-info>
</gc-start>
<allocation-stats totalBytes="271169536" >
  <allocated-bytes non-tlh="136" tlh="271169400" />
  <largest-consumer threadName="BenchmarkThread xml.validation 8" threadId="000000000033BE00" bytes="41944232" />
</allocation-stats>
<gc-op id="3823" type="scavenge" timems="113.252" contextid="3820" timestamp="2021-04-05T23:18:04.870">
  <scavenger-info tenureage="3" tenuremask="7ff8" tiltratio="82" />
  <memory-copied type="nursery" objects="1544631" bytes="62030640" bytesdiscarded="11384" />
  <memory-copied type="tenure" objects="4" bytes="128" bytesdiscarded="0" />
</gc-op>
<gc-end id="3824" type="scavenge" contextid="3820" durationms="113.233" usertimems="441.860" systemtimems="0.000" timestamp="2021-04-05T23:18:04.870" activeThreads="4">
  <mem-info id="3825" free="1273798840" total="1610612736" percent="79">
    <mem type="nursery" free="271732824" total="402653184" percent="67">
      <mem type="allocate" free="271732824" total="333774848" percent="81" />
      <mem type="survivor" free="0" total="68878336" percent="0" />
    </mem>
    <mem type="tenure" free="1002066016" total="1207959552" percent="82" macro-fragmented="0">
      <mem type="soa" free="941667424" total="1147560960" percent="82" />
      <mem type="loa" free="60398592" total="60398592" percent="100" />
    </mem>
    <remembered-set count="1338" />
  </mem-info>
</gc-end>
<cycle-end id="3826" type="scavenge" contextid="3820" timestamp="2021-04-05T23:18:04.871" />
<allocation-satisfied id="3827" threadId="0000000000329300" bytesRequested="48" />
<af-end id="3828" timestamp="2021-04-05T23:18:04.871" threadId="0000000000329C80" success="true" from="nursery"/>
<exclusive-end id="3829" timestamp="2021-04-05T23:18:04.871" durationms="114.280" />

<exclusive-start id="3830" timestamp="2021-04-05T23:18:05.679" intervalms="923.180">
  <response-info timems="0.062" idlems="0.038" threads="1" lastid="000000000013CF00" lastname="BenchmarkThread xml.validation 2" />
</exclusive-start>
<af-start id="3831" threadId="000000000033C780" totalBytesRequested="1040" timestamp="2021-04-05T23:18:05.680" intervalms="923.171" type="nursery" />
<cycle-start id="3832" type="scavenge" contextid="0" timestamp="2021-04-05T23:18:05.680" intervalms="922.800" />
<gc-start id="3833" type="scavenge" contextid="3832" timestamp="2021-04-05T23:18:05.680">
  <mem-info id="3834" free="1002066016" total="1610612736" percent="62">
    <mem type="nursery" free="0" total="402653184" percent="0">
      <mem type="allocate" free="0" total="333774848" percent="0" />
      <mem type="survivor" free="0" total="68878336" percent="0" />
    </mem>
    <mem type="tenure" free="1002066016" total="1207959552" percent="82">
      <mem type="soa" free="941667424" total="1147560960" percent="82" />
      <mem type="loa" free="60398592" total="60398592" percent="100" />
    </mem>
    <remembered-set count="1588" />
  </mem-info>
</gc-start>
<allocation-stats totalBytes="271633288" >
  <allocated-bytes non-tlh="48" tlh="271633240" />
  <largest-consumer threadName="BenchmarkThread xml.validation 6" threadId="0000000000334700" bytes="46178592" />
</allocation-stats>
<gc-op id="3835" type="scavenge" timems="114.724" contextid="3832" timestamp="2021-04-05T23:18:05.794">
  <scavenger-info tenureage="3" tenuremask="7ff8" tiltratio="82" />
  <memory-copied type="nursery" objects="1554046" bytes="62628232" bytesdiscarded="13968" />
  <memory-copied type="tenure" objects="10" bytes="320" bytesdiscarded="0" />
</gc-op>
<gc-end id="3836" type="scavenge" contextid="3832" durationms="114.713" usertimems="438.113" systemtimems="0.000" timestamp="2021-04-05T23:18:05.795" activeThreads="4">
  <mem-info id="3837" free="1273657416" total="1610612736" percent="79">
    <mem type="nursery" free="271591400" total="402653184" percent="67">
      <mem type="allocate" free="271591400" total="334233600" percent="81" />
      <mem type="survivor" free="0" total="68419584" percent="0" />
    </mem>
    <mem type="tenure" free="1002066016" total="1207959552" percent="82" macro-fragmented="0">
      <mem type="soa" free="941667424" total="1147560960" percent="82" />
      <mem type="loa" free="60398592" total="60398592" percent="100" />
    </mem>
    <remembered-set count="1334" />
  </mem-info>
</gc-end>
<cycle-end id="3838" type="scavenge" contextid="3832" timestamp="2021-04-05T23:18:05.795" />
<allocation-satisfied id="3839" threadId="000000000033BE00" bytesRequested="1040" />
<af-end id="3840" timestamp="2021-04-05T23:18:05.795" threadId="000000000033C780" success="true" from="nursery"/>
<exclusive-end id="3841" timestamp="2021-04-05T23:18:05.795" durationms="115.401" />

<exclusive-start id="3842" timestamp="2021-04-05T23:18:06.475" intervalms="795.440">
  <response-info timems="0.057" idlems="0.033" threads="2" lastid="0000000000334700" lastname="BenchmarkThread xml.validation 6" />
</exclusive-start>
<af-start id="3843" threadId="000000000033C780" totalBytesRequested="40" timestamp="2021-04-05T23:18:06.475" intervalms="795.436" type="nursery" />
<cycle-start id="3844" type="scavenge" contextid="0" timestamp="2021-04-05T23:18:06.475" intervalms="795.435" />
<gc-start id="3845" type="scavenge" contextid="3844" timestamp="2021-04-05T23:18:06.475">
  <mem-info id="3846" free="1002066016" total="1610612736" percent="62">
    <mem type="nursery" free="0" total="402653184" percent="0">
      <mem type="allocate" free="0" total="334233600" percent="0" />
      <mem type="survivor" free="0" total="68419584" percent="0" />
    </mem>
    <mem type="tenure" free="1002066016" total="1207959552" percent="82">
      <mem type="soa" free="941667424" total="1147560960" percent="82" />
      <mem type="loa" free="60398592" total="60398592" percent="100" />
    </mem>
    <remembered-set count="1544" />
  </mem-info>
</gc-start>
<allocation-stats totalBytes="271485048" >
  <allocated-bytes non-tlh="2080" tlh="271482968" />
  <largest-consumer threadName="BenchmarkThread xml.validation 8" threadId="000000000033BE00" bytes="46617544" />
</allocation-stats>
<gc-op id="3847" type="scavenge" timems="115.152" contextid="3844" timestamp="2021-04-05T23:18:06.590">
  <scavenger-info tenureage="3" tenuremask="7ff8" tiltratio="83" />
  <memory-copied type="nursery" objects="1544542" bytes="62016760" bytesdiscarded="10656" />
  <memory-copied type="tenure" objects="2" bytes="64" bytesdiscarded="0" />
</gc-op>
<gc-end id="3848" type="scavenge" contextid="3844" durationms="115.142" usertimems="425.660" systemtimems="0.000" timestamp="2021-04-05T23:18:06.591" activeThreads="4">
  <mem-info id="3849" free="1274403272" total="1610612736" percent="79">
    <mem type="nursery" free="272337256" total="402653184" percent="67">
      <mem type="allocate" free="272337256" total="334364672" percent="81" />
      <mem type="survivor" free="0" total="68288512" percent="0" />
    </mem>
    <mem type="tenure" free="1002066016" total="1207959552" percent="82" macro-fragmented="0">
      <mem type="soa" free="941667424" total="1147560960" percent="82" />
      <mem type="loa" free="60398592" total="60398592" percent="100" />
    </mem>
    <remembered-set count="1337" />
  </mem-info>
</gc-end>
<cycle-end id="3850" type="scavenge" contextid="3844" timestamp="2021-04-05T23:18:06.591" />
<allocation-satisfied id="3851" threadId="000000000033BE00" bytesRequested="40" />
<af-end id="3852" timestamp="2021-04-05T23:18:06.591" threadId="000000000033C780" success="true" from="nursery"/>
<exclusive-end id="3853" timestamp="2021-04-05T23:18:06.591" durationms="115.834" />

<exclusive-start id="3854" timestamp="2021-04-05T23:18:07.235" intervalms="760.508">
  <response-info timems="0.046" idlems="0.046" threads="0" lastid="000000000013CF00" lastname="BenchmarkThread xml.validation 2" />
</exclusive-start>
<af-start id="3855" threadId="000000000013D880" totalBytesRequested="24" timestamp="2021-04-05T23:18:07.235" intervalms="760.510" type="nursery" />
<cycle-start id="3856" type="scavenge" contextid="0" timestamp="2021-04-05T23:18:07.236" intervalms="760.510" />
<gc-start id="3857" type="scavenge" contextid="3856" timestamp="2021-04-05T23:18:07.236">
  <mem-info id="3858" free="1002066016" total="1610612736" percent="62">
    <mem type="nursery" free="0" total="402653184" percent="0">
      <mem type="allocate" free="0" total="334364672" percent="0" />
      <mem type="survivor" free="0" total="68288512" percent="0" />
    </mem>
    <mem type="tenure" free="1002066016" total="1207959552" percent="82">
      <mem type="soa" free="941667424" total="1147560960" percent="82" />
      <mem type="loa" free="60398592" total="60398592" percent="100" />
    </mem>
    <remembered-set count="1524" />
  </mem-info>
</gc-start>
<allocation-stats totalBytes="272254432" >
  <allocated-bytes non-tlh="1080" tlh="272253352" />
  <largest-consumer threadName="BenchmarkThread xml.validation 1" threadId="000000000011CB00" bytes="43513784" />
</allocation-stats>
<gc-op id="3859" type="scavenge" timems="110.660" contextid="3856" timestamp="2021-04-05T23:18:07.346">
  <scavenger-info tenureage="3" tenuremask="7ff8" tiltratio="83" />
  <memory-copied type="nursery" objects="1508969" bytes="60926456" bytesdiscarded="12520" />
  <memory-copied type="tenure" objects="4" bytes="128" bytesdiscarded="0" />
</gc-op>
<gc-end id="3860" type="scavenge" contextid="3856" durationms="110.647" usertimems="413.890" systemtimems="0.000" timestamp="2021-04-05T23:18:07.347" activeThreads="4">
  <mem-info id="3861" free="1275753856" total="1610612736" percent="79">
    <mem type="nursery" free="273687840" total="402653184" percent="67">
      <mem type="allocate" free="273687840" total="334626816" percent="81" />
      <mem type="survivor" free="0" total="68026368" percent="0" />
    </mem>
    <mem type="tenure" free="1002066016" total="1207959552" percent="82" macro-fragmented="0">
      <mem type="soa" free="941667424" total="1147560960" percent="82" />
      <mem type="loa" free="60398592" total="60398592" percent="100" />
    </mem>
    <remembered-set count="1332" />
  </mem-info>
</gc-end>
<cycle-end id="3862" type="scavenge" contextid="3856" timestamp="2021-04-05T23:18:07.347" />
<allocation-satisfied id="3863" threadId="000000000013CF00" bytesRequested="24" />
<af-end id="3864" timestamp="2021-04-05T23:18:07.347" threadId="000000000013D880" success="true" from="nursery"/>
<exclusive-end id="3865" timestamp="2021-04-05T23:18:07.347" durationms="111.327" />

<exclusive-start id="3866" timestamp="2021-04-05T23:18:08.215" intervalms="979.435">
  <response-info timems="0.061" idlems="0.037" threads="1" lastid="000000000032CF00" lastname="BenchmarkThread xml.validation 4" />
</exclusive-start>
<af-start id="3867" threadId="000000000033C780" totalBytesRequested="24" timestamp="2021-04-05T23:18:08.215" intervalms="979.437" type="nursery" />
<cycle-start id="3868" type="scavenge" contextid="0" timestamp="2021-04-05T23:18:08.215" intervalms="979.437" />
<gc-start id="3869" type="scavenge" contextid="3868" timestamp="2021-04-05T23:18:08.215">
  <mem-info id="3870" free="1002066016" total="1610612736" percent="62">
    <mem type="nursery" free="0" total="402653184" percent="0">
      <mem type="allocate" free="0" total="334626816" percent="0" />
      <mem type="survivor" free="0" total="68026368" percent="0" />
    </mem>
    <mem type="tenure" free="1002066016" total="1207959552" percent="82">
      <mem type="soa" free="941667424" total="1147560960" percent="82" />
      <mem type="loa" free="60398592" total="60398592" percent="100" />
    </mem>
    <remembered-set count="1598" />
  </mem-info>
</gc-start>
<allocation-stats totalBytes="273577040" >
  <allocated-bytes non-tlh="2104" tlh="273574936" />
  <largest-consumer threadName="BenchmarkThread xml.validation 7" threadId="0000000000338300" bytes="50420912" />
</allocation-stats>
<gc-op id="3871" type="scavenge" timems="110.543" contextid="3868" timestamp="2021-04-05T23:18:08.326">
  <scavenger-info tenureage="3" tenuremask="7ff8" tiltratio="83" />
  <memory-copied type="nursery" objects="1545297" bytes="62094168" bytesdiscarded="12032" />
  <memory-copied type="tenure" objects="10" bytes="320" bytesdiscarded="0" />
</gc-op>
<gc-end id="3872" type="scavenge" contextid="3868" durationms="110.532" usertimems="429.485" systemtimems="0.000" timestamp="2021-04-05T23:18:08.326" activeThreads="4">
  <mem-info id="3873" free="1274521096" total="1610612736" percent="79">
    <mem type="nursery" free="272455080" total="402653184" percent="67">
      <mem type="allocate" free="272455080" total="334561280" percent="81" />
      <mem type="survivor" free="0" total="68091904" percent="0" />
    </mem>
    <mem type="tenure" free="1002066016" total="1207959552" percent="82" macro-fragmented="0">
      <mem type="soa" free="941667424" total="1147560960" percent="82" />
      <mem type="loa" free="60398592" total="60398592" percent="100" />
    </mem>
    <remembered-set count="1346" />
  </mem-info>
</gc-end>
<cycle-end id="3874" type="scavenge" contextid="3868" timestamp="2021-04-05T23:18:08.326" />
<allocation-satisfied id="3875" threadId="000000000033BE00" bytesRequested="24" />
<af-end id="3876" timestamp="2021-04-05T23:18:08.326" threadId="000000000033C780" success="true" from="nursery"/>
<exclusive-end id="3877" timestamp="2021-04-05T23:18:08.326" durationms="111.231" />

<exclusive-start id="3878" timestamp="2021-04-05T23:18:08.969" intervalms="754.399">
  <response-info timems="0.076" idlems="0.038" threads="3" lastid="0000000000338300" lastname="BenchmarkThread xml.validation 7" />
</exclusive-start>
<af-start id="3879" threadId="0000000000335080" totalBytesRequested="16" timestamp="2021-04-05T23:18:08.969" intervalms="754.405" type="nursery" />
<cycle-start id="3880" type="scavenge" contextid="0" timestamp="2021-04-05T23:18:08.969" intervalms="754.407" />
<gc-start id="3881" type="scavenge" contextid="3880" timestamp="2021-04-05T23:18:08.969">
  <mem-info id="3882" free="1002066016" total="1610612736" percent="62">
    <mem type="nursery" free="0" total="402653184" percent="0">
      <mem type="allocate" free="0" total="334561280" percent="0" />
      <mem type="survivor" free="0" total="68091904" percent="0" />
    </mem>
    <mem type="tenure" free="1002066016" total="1207959552" percent="82">
      <mem type="soa" free="941667424" total="1147560960" percent="82" />
      <mem type="loa" free="60398592" total="60398592" percent="100" />
    </mem>
    <remembered-set count="1500" />
  </mem-info>
</gc-start>
<allocation-stats totalBytes="272349976" >
  <allocated-bytes non-tlh="24" tlh="272349952" />
  <largest-consumer threadName="BenchmarkThread xml.validation 2" threadId="000000000013CF00" bytes="42486864" />
</allocation-stats>
<gc-op id="3883" type="scavenge" timems="112.331" contextid="3880" timestamp="2021-04-05T23:18:09.082">
  <scavenger-info tenureage="3" tenuremask="7ff8" tiltratio="83" />
  <memory-copied type="nursery" objects="1541119" bytes="61908600" bytesdiscarded="13136" />
  <memory-copied type="tenure" objects="2" bytes="64" bytesdiscarded="0" />
</gc-op>
<gc-end id="3884" type="scavenge" contextid="3880" durationms="112.319" usertimems="426.166" systemtimems="0.000" timestamp="2021-04-05T23:18:09.082" activeThreads="4">
  <mem-info id="3885" free="1274902168" total="1610612736" percent="79">
    <mem type="nursery" free="272836152" total="402653184" percent="67">
      <mem type="allocate" free="272836152" total="334757888" percent="81" />
      <mem type="survivor" free="0" total="67895296" percent="0" />
    </mem>
    <mem type="tenure" free="1002066016" total="1207959552" percent="82" macro-fragmented="0">
      <mem type="soa" free="941667424" total="1147560960" percent="82" />
      <mem type="loa" free="60398592" total="60398592" percent="100" />
    </mem>
    <remembered-set count="1335" />
  </mem-info>
</gc-end>
<cycle-end id="3886" type="scavenge" contextid="3880" timestamp="2021-04-05T23:18:09.082" />
<allocation-satisfied id="3887" threadId="0000000000334700" bytesRequested="16" />
<af-end id="3888" timestamp="2021-04-05T23:18:09.082" threadId="0000000000335080" success="true" from="nursery"/>
<exclusive-end id="3889" timestamp="2021-04-05T23:18:09.082" durationms="113.002" />

<exclusive-start id="3890" timestamp="2021-04-05T23:18:09.830" intervalms="861.058">
  <response-info timems="0.049" idlems="0.049" threads="0" lastid="0000000000338300" lastname="BenchmarkThread xml.validation 7" />
</exclusive-start>
<af-start id="3891" threadId="0000000000338C80" totalBytesRequested="1040" timestamp="2021-04-05T23:18:09.830" intervalms="861.057" type="nursery" />
<cycle-start id="3892" type="scavenge" contextid="0" timestamp="2021-04-05T23:18:09.830" intervalms="861.062" />
<gc-start id="3893" type="scavenge" contextid="3892" timestamp="2021-04-05T23:18:09.830">
  <mem-info id="3894" free="1002066016" total="1610612736" percent="62">
    <mem type="nursery" free="0" total="402653184" percent="0">
      <mem type="allocate" free="0" total="334757888" percent="0" />
      <mem type="survivor" free="0" total="67895296" percent="0" />
    </mem>
    <mem type="tenure" free="1002066016" total="1207959552" percent="82">
      <mem type="soa" free="941667424" total="1147560960" percent="82" />
      <mem type="loa" free="60398592" total="60398592" percent="100" />
    </mem>
    <remembered-set count="1551" />
  </mem-info>
</gc-start>
<allocation-stats totalBytes="272736064" >
  <allocated-bytes non-tlh="2096" tlh="272733968" />
  <largest-consumer threadName="BenchmarkThread xml.validation 1" threadId="000000000011CB00" bytes="43208104" />
</allocation-stats>
<gc-op id="3895" type="scavenge" timems="117.743" contextid="3892" timestamp="2021-04-05T23:18:09.948">
  <scavenger-info tenureage="3" tenuremask="7ff8" tiltratio="83" />
  <memory-copied type="nursery" objects="1556493" bytes="62576208" bytesdiscarded="12688" />
  <memory-copied type="tenure" objects="12" bytes="384" bytesdiscarded="0" />
</gc-op>
<gc-end id="3896" type="scavenge" contextid="3892" durationms="117.544" usertimems="431.907" systemtimems="3.974" timestamp="2021-04-05T23:18:09.949" activeThreads="4">
  <mem-info id="3897" free="1273907328" total="1610612736" percent="79">
    <mem type="nursery" free="271841312" total="402653184" percent="67">
      <mem type="allocate" free="271841312" total="334430208" percent="81" />
      <mem type="survivor" free="0" total="68222976" percent="0" />
    </mem>
    <mem type="tenure" free="1002066016" total="1207959552" percent="82" macro-fragmented="0">
      <mem type="soa" free="941667424" total="1147560960" percent="82" />
      <mem type="loa" free="60398592" total="60398592" percent="100" />
    </mem>
    <remembered-set count="1341" />
  </mem-info>
</gc-end>
<cycle-end id="3898" type="scavenge" contextid="3892" timestamp="2021-04-05T23:18:09.949" />
<allocation-satisfied id="3899" threadId="0000000000338300" bytesRequested="1040" />
<af-end id="3900" timestamp="2021-04-05T23:18:09.949" threadId="0000000000338C80" success="true" from="nursery"/>
<exclusive-end id="3901" timestamp="2021-04-05T23:18:09.949" durationms="118.437" />

<exclusive-start id="3902" timestamp="2021-04-05T23:18:10.742" intervalms="911.836">
  <response-info timems="0.054" idlems="0.033" threads="1" lastid="0000000000330B00" lastname="BenchmarkThread xml.validation 5" />
</exclusive-start>
<af-start id="3903" threadId="000000000011D480" totalBytesRequested="40" timestamp="2021-04-05T23:18:10.742" intervalms="911.831" type="nursery" />
<cycle-start id="3904" type="scavenge" contextid="0" timestamp="2021-04-05T23:18:10.742" intervalms="911.824" />
<gc-start id="3905" type="scavenge" contextid="3904" timestamp="2021-04-05T23:18:10.742">
  <mem-info id="3906" free="1002066016" total="1610612736" percent="62">
    <mem type="nursery" free="0" total="402653184" percent="0">
      <mem type="allocate" free="0" total="334430208" percent="0" />
      <mem type="survivor" free="0" total="68222976" percent="0" />
    </mem>
    <mem type="tenure" free="1002066016" total="1207959552" percent="82">
      <mem type="soa" free="941667424" total="1147560960" percent="82" />
      <mem type="loa" free="60398592" total="60398592" percent="100" />
    </mem>
    <remembered-set count="1571" />
  </mem-info>
</gc-start>
<allocation-stats totalBytes="271722088" >
  <allocated-bytes non-tlh="1040" tlh="271721048" />
  <largest-consumer threadName="BenchmarkThread xml.validation 8" threadId="000000000033BE00" bytes="45404320" />
</allocation-stats>
<gc-op id="3907" type="scavenge" timems="106.077" contextid="3904" timestamp="2021-04-05T23:18:10.848">
  <scavenger-info tenureage="3" tenuremask="7ff8" tiltratio="83" />
  <memory-copied type="nursery" objects="1496416" bytes="60507280" bytesdiscarded="12288" />
  <memory-copied type="tenure" objects="2" bytes="64" bytesdiscarded="0" />
</gc-op>
<gc-end id="3908" type="scavenge" contextid="3904" durationms="106.067" usertimems="415.524" systemtimems="0.000" timestamp="2021-04-05T23:18:10.849" activeThreads="4">
  <mem-info id="3909" free="1276107728" total="1610612736" percent="79">
    <mem type="nursery" free="274041712" total="402653184" percent="68">
      <mem type="allocate" free="274041712" total="334561280" percent="81" />
      <mem type="survivor" free="0" total="68091904" percent="0" />
    </mem>
    <mem type="tenure" free="1002066016" total="1207959552" percent="82" macro-fragmented="0">
      <mem type="soa" free="941667424" total="1147560960" percent="82" />
      <mem type="loa" free="60398592" total="60398592" percent="100" />
    </mem>
    <remembered-set count="1340" />
  </mem-info>
</gc-end>
<cycle-end id="3910" type="scavenge" contextid="3904" timestamp="2021-04-05T23:18:10.849" />
<allocation-satisfied id="3911" threadId="000000000011CB00" bytesRequested="40" />
<af-end id="3912" timestamp="2021-04-05T23:18:10.849" threadId="000000000011D480" success="true" from="nursery"/>
<exclusive-end id="3913" timestamp="2021-04-05T23:18:10.849" durationms="106.752" />

<exclusive-start id="3914" timestamp="2021-04-05T23:18:11.500" intervalms="757.654">
  <response-info timems="0.054" idlems="0.054" threads="0" lastid="0000000000330B00" lastname="BenchmarkThread xml.validation 5" />
</exclusive-start>
<af-start id="3915" threadId="0000000000331480" totalBytesRequested="1040" timestamp="2021-04-05T23:18:11.500" intervalms="757.653" type="nursery" />
<cycle-start id="3916" type="scavenge" contextid="0" timestamp="2021-04-05T23:18:11.500" intervalms="757.653" />
<gc-start id="3917" type="scavenge" contextid="3916" timestamp="2021-04-05T23:18:11.500">
  <mem-info id="3918" free="1002066016" total="1610612736" percent="62">
    <mem type="nursery" free="0" total="402653184" percent="0">
      <mem type="allocate" free="0" total="334561280" percent="0" />
      <mem type="survivor" free="0" total="68091904" percent="0" />
    </mem>
    <mem type="tenure" free="1002066016" total="1207959552" percent="82">
      <mem type="soa" free="941667424" total="1147560960" percent="82" />
      <mem type="loa" free="60398592" total="60398592" percent="100" />
    </mem>
    <remembered-set count="1521" />
  </mem-info>
</gc-start>
<allocation-stats totalBytes="273950648" >
  <allocated-bytes non-tlh="4200" tlh="273946448" />
  <largest-consumer threadName="BenchmarkThread xml.validation 1" threadId="000000000011CB00" bytes="44646248" />
</allocation-stats>
<gc-op id="3919" type="scavenge" timems="108.163" contextid="3916" timestamp="2021-04-05T23:18:11.608">
  <scavenger-info tenureage="3" tenuremask="7ff8" tiltratio="83" />
  <memory-copied type="nursery" objects="1511579" bytes="61028944" bytesdiscarded="9576" />
  <memory-copied type="tenure" objects="4" bytes="128" bytesdiscarded="0" />
</gc-op>
<gc-end id="3920" type="scavenge" contextid="3916" durationms="108.153" usertimems="428.231" systemtimems="0.000" timestamp="2021-04-05T23:18:11.609" activeThreads="4">
  <mem-info id="3921" free="1275850920" total="1610612736" percent="79">
    <mem type="nursery" free="273784904" total="402653184" percent="67">
      <mem type="allocate" free="273784904" total="334823424" percent="81" />
      <mem type="survivor" free="0" total="67829760" percent="0" />
    </mem>
    <mem type="tenure" free="1002066016" total="1207959552" percent="82" macro-fragmented="0">
      <mem type="soa" free="941667424" total="1147560960" percent="82" />
      <mem type="loa" free="60398592" total="60398592" percent="100" />
    </mem>
    <remembered-set count="1340" />
  </mem-info>
</gc-end>
<cycle-end id="3922" type="scavenge" contextid="3916" timestamp="2021-04-05T23:18:11.609" />
<allocation-satisfied id="3923" threadId="0000000000330B00" bytesRequested="1040" />
<af-end id="3924" timestamp="2021-04-05T23:18:11.609" threadId="0000000000331480" success="true" from="nursery"/>
<exclusive-end id="3925" timestamp="2021-04-05T23:18:11.609" durationms="108.819" />

<exclusive-start id="3926" timestamp="2021-04-05T23:18:12.424" intervalms="924.120">
  <response-info timems="0.054" idlems="0.033" threads="1" lastid="000000000013CF00" lastname="BenchmarkThread xml.validation 2" />
</exclusive-start>
<af-start id="3927" threadId="000000000011D480" totalBytesRequested="1040" timestamp="2021-04-05T23:18:12.424" intervalms="924.134" type="nursery" />
<cycle-start id="3928" type="scavenge" contextid="0" timestamp="2021-04-05T23:18:12.424" intervalms="924.134" />
<gc-start id="3929" type="scavenge" contextid="3928" timestamp="2021-04-05T23:18:12.424">
  <mem-info id="3930" free="1002066016" total="1610612736" percent="62">
    <mem type="nursery" free="0" total="402653184" percent="0">
      <mem type="allocate" free="0" total="334823424" percent="0" />
      <mem type="survivor" free="0" total="67829760" percent="0" />
    </mem>
    <mem type="tenure" free="1002066016" total="1207959552" percent="82">
      <mem type="soa" free="941667424" total="1147560960" percent="82" />
      <mem type="loa" free="60398592" total="60398592" percent="100" />
    </mem>
    <remembered-set count="1572" />
  </mem-info>
</gc-start>
<allocation-stats totalBytes="273695368" >
  <allocated-bytes non-tlh="1040" tlh="273694328" />
  <largest-consumer threadName="BenchmarkThread xml.validation 7" threadId="0000000000338300" bytes="67922568" />
</allocation-stats>
<gc-op id="3931" type="scavenge" timems="111.662" contextid="3928" timestamp="2021-04-05T23:18:12.536">
  <scavenger-info tenureage="3" tenuremask="7ff8" tiltratio="83" />
  <memory-copied type="nursery" objects="1535391" bytes="61948016" bytesdiscarded="10520" />
  <memory-copied type="tenure" objects="12" bytes="384" bytesdiscarded="0" />
</gc-op>
<gc-end id="3932" type="scavenge" contextid="3928" durationms="111.652" usertimems="441.558" systemtimems="0.002" timestamp="2021-04-05T23:18:12.536" activeThreads="4">
  <mem-info id="3933" free="1274865368" total="1610612736" percent="79">
    <mem type="nursery" free="272799352" total="402653184" percent="67">
      <mem type="allocate" free="272799352" total="334757888" percent="81" />
      <mem type="survivor" free="0" total="67895296" percent="0" />
    </mem>
    <mem type="tenure" free="1002066016" total="1207959552" percent="82" macro-fragmented="0">
      <mem type="soa" free="941667424" total="1147560960" percent="82" />
      <mem type="loa" free="60398592" total="60398592" percent="100" />
    </mem>
    <remembered-set count="1335" />
  </mem-info>
</gc-end>
<cycle-end id="3934" type="scavenge" contextid="3928" timestamp="2021-04-05T23:18:12.536" />
<allocation-satisfied id="3935" threadId="000000000011CB00" bytesRequested="1040" />
<af-end id="3936" timestamp="2021-04-05T23:18:12.536" threadId="000000000011D480" success="true" from="nursery"/>
<exclusive-end id="3937" timestamp="2021-04-05T23:18:12.536" durationms="112.370" />

<exclusive-start id="3938" timestamp="2021-04-05T23:18:13.291" intervalms="867.478">
  <response-info timems="0.049" idlems="0.049" threads="0" lastid="0000000000334700" lastname="BenchmarkThread xml.validation 6" />
</exclusive-start>
<af-start id="3939" threadId="0000000000335080" totalBytesRequested="16" timestamp="2021-04-05T23:18:13.291" intervalms="867.464" type="nursery" />
<cycle-start id="3940" type="scavenge" contextid="0" timestamp="2021-04-05T23:18:13.292" intervalms="867.465" />
<gc-start id="3941" type="scavenge" contextid="3940" timestamp="2021-04-05T23:18:13.292">
  <mem-info id="3942" free="1002066016" total="1610612736" percent="62">
    <mem type="nursery" free="0" total="402653184" percent="0">
      <mem type="allocate" free="0" total="334757888" percent="0" />
      <mem type="survivor" free="0" total="67895296" percent="0" />
    </mem>
    <mem type="tenure" free="1002066016" total="1207959552" percent="82">
      <mem type="soa" free="941667424" total="1147560960" percent="82" />
      <mem type="loa" free="60398592" total="60398592" percent="100" />
    </mem>
    <remembered-set count="1556" />
  </mem-info>
</gc-start>
<allocation-stats totalBytes="272662448" >
  <allocated-bytes non-tlh="1040" tlh="272661408" />
  <largest-consumer threadName="BenchmarkThread xml.validation 1" threadId="000000000011CB00" bytes="44903528" />
</allocation-stats>
<gc-op id="3943" type="scavenge" timems="112.080" contextid="3940" timestamp="2021-04-05T23:18:13.404">
  <scavenger-info tenureage="3" tenuremask="7ff8" tiltratio="83" />
  <memory-copied type="nursery" objects="1544280" bytes="62017128" bytesdiscarded="11832" />
  <memory-copied type="tenure" objects="4" bytes="128" bytesdiscarded="0" />
</gc-op>
<gc-end id="3944" type="scavenge" contextid="3940" durationms="112.068" usertimems="425.377" systemtimems="0.001" timestamp="2021-04-05T23:18:13.404" activeThreads="4">
  <mem-info id="3945" free="1275450304" total="1610612736" percent="79">
    <mem type="nursery" free="273384288" total="402653184" percent="67">
      <mem type="allocate" free="273384288" total="335413248" percent="81" />
      <mem type="survivor" free="0" total="67239936" percent="0" />
    </mem>
    <mem type="tenure" free="1002066016" total="1207959552" percent="82" macro-fragmented="0">
      <mem type="soa" free="941667424" total="1147560960" percent="82" />
      <mem type="loa" free="60398592" total="60398592" percent="100" />
    </mem>
    <remembered-set count="1342" />
  </mem-info>
</gc-end>
<cycle-end id="3946" type="scavenge" contextid="3940" timestamp="2021-04-05T23:18:13.404" />
<allocation-satisfied id="3947" threadId="0000000000334700" bytesRequested="16" />
<af-end id="3948" timestamp="2021-04-05T23:18:13.404" threadId="0000000000335080" success="true" from="nursery"/>
<exclusive-end id="3949" timestamp="2021-04-05T23:18:13.404" durationms="112.767" />

<exclusive-start id="3950" timestamp="2021-04-05T23:18:14.041" intervalms="749.115">
  <response-info timems="0.051" idlems="0.051" threads="0" lastid="000000000011CB00" lastname="BenchmarkThread xml.validation 1" />
</exclusive-start>
<af-start id="3951" threadId="000000000011D480" totalBytesRequested="32" timestamp="2021-04-05T23:18:14.041" intervalms="749.117" type="nursery" />
<cycle-start id="3952" type="scavenge" contextid="0" timestamp="2021-04-05T23:18:14.041" intervalms="749.117" />
<gc-start id="3953" type="scavenge" contextid="3952" timestamp="2021-04-05T23:18:14.041">
  <mem-info id="3954" free="1002066016" total="1610612736" percent="62">
    <mem type="nursery" free="0" total="402653184" percent="0">
      <mem type="allocate" free="0" total="335413248" percent="0" />
      <mem type="survivor" free="0" total="67239936" percent="0" />
    </mem>
    <mem type="tenure" free="1002066016" total="1207959552" percent="82">
      <mem type="soa" free="941667424" total="1147560960" percent="82" />
      <mem type="loa" free="60398592" total="60398592" percent="100" />
    </mem>
    <remembered-set count="1511" />
  </mem-info>
</gc-start>
<allocation-stats totalBytes="273310000" >
  <allocated-bytes non-tlh="4176" tlh="273305824" />
  <largest-consumer threadName="BenchmarkThread xml.validation 6" threadId="0000000000334700" bytes="41500296" />
</allocation-stats>
<gc-op id="3955" type="scavenge" timems="112.359" contextid="3952" timestamp="2021-04-05T23:18:14.153">
  <scavenger-info tenureage="3" tenuremask="7ff8" tiltratio="83" />
  <memory-copied type="nursery" objects="1560285" bytes="64117720" bytesdiscarded="12544" />
  <memory-copied type="tenure" objects="2" bytes="64" bytesdiscarded="0" />
</gc-op>
<gc-end id="3956" type="scavenge" contextid="3952" durationms="112.349" usertimems="441.460" systemtimems="0.002" timestamp="2021-04-05T23:18:14.153" activeThreads="4">
  <mem-info id="3957" free="1269875592" total="1610612736" percent="78">
    <mem type="nursery" free="267809576" total="402653184" percent="66">
      <mem type="allocate" free="267809576" total="331939840" percent="80" />
      <mem type="survivor" free="0" total="70713344" percent="0" />
    </mem>
    <mem type="tenure" free="1002066016" total="1207959552" percent="82" macro-fragmented="0">
      <mem type="soa" free="941667424" total="1147560960" percent="82" />
      <mem type="loa" free="60398592" total="60398592" percent="100" />
    </mem>
    <remembered-set count="1336" />
  </mem-info>
</gc-end>
<cycle-end id="3958" type="scavenge" contextid="3952" timestamp="2021-04-05T23:18:14.154" />
<allocation-satisfied id="3959" threadId="000000000011CB00" bytesRequested="32" />
<af-end id="3960" timestamp="2021-04-05T23:18:14.154" threadId="000000000011D480" success="true" from="nursery"/>
<exclusive-end id="3961" timestamp="2021-04-05T23:18:14.154" durationms="113.047" />

<exclusive-start id="3962" timestamp="2021-04-05T23:18:14.980" intervalms="939.595">
  <response-info timems="0.052" idlems="0.052" threads="0" lastid="0000000000338300" lastname="BenchmarkThread xml.validation 7" />
</exclusive-start>
<af-start id="3963" threadId="0000000000338C80" totalBytesRequested="40" timestamp="2021-04-05T23:18:14.980" intervalms="939.601" type="nursery" />
<cycle-start id="3964" type="scavenge" contextid="0" timestamp="2021-04-05T23:18:14.980" intervalms="939.606" />
<gc-start id="3965" type="scavenge" contextid="3964" timestamp="2021-04-05T23:18:14.980">
  <mem-info id="3966" free="1002066016" total="1610612736" percent="62">
    <mem type="nursery" free="0" total="402653184" percent="0">
      <mem type="allocate" free="0" total="331939840" percent="0" />
      <mem type="survivor" free="0" total="70713344" percent="0" />
    </mem>
    <mem type="tenure" free="1002066016" total="1207959552" percent="82">
      <mem type="soa" free="941667424" total="1147560960" percent="82" />
      <mem type="loa" free="60398592" total="60398592" percent="100" />
    </mem>
    <remembered-set count="1563" />
  </mem-info>
</gc-start>
<allocation-stats totalBytes="267712904" >
  <allocated-bytes non-tlh="32" tlh="267712872" />
  <largest-consumer threadName="BenchmarkThread xml.validation 8" threadId="000000000033BE00" bytes="61628432" />
</allocation-stats>
<gc-op id="3967" type="scavenge" timems="120.420" contextid="3964" timestamp="2021-04-05T23:18:15.101">
  <scavenger-info tenureage="3" tenuremask="7ff8" tiltratio="82" />
  <memory-copied type="nursery" objects="1550692" bytes="62351472" bytesdiscarded="14848" />
  <memory-copied type="tenure" objects="12" bytes="384" bytesdiscarded="0" />
</gc-op>
<gc-end id="3968" type="scavenge" contextid="3964" durationms="120.045" usertimems="442.553" systemtimems="0.000" timestamp="2021-04-05T23:18:15.101" activeThreads="4">
  <mem-info id="3969" free="1271967216" total="1610612736" percent="78">
    <mem type="nursery" free="269901200" total="402653184" percent="67">
      <mem type="allocate" free="269901200" total="332267520" percent="81" />
      <mem type="survivor" free="0" total="70385664" percent="0" />
    </mem>
    <mem type="tenure" free="1002066016" total="1207959552" percent="82" macro-fragmented="0">
      <mem type="soa" free="941667424" total="1147560960" percent="82" />
      <mem type="loa" free="60398592" total="60398592" percent="100" />
    </mem>
    <remembered-set count="1334" />
  </mem-info>
</gc-end>
<cycle-end id="3970" type="scavenge" contextid="3964" timestamp="2021-04-05T23:18:15.101" />
<allocation-satisfied id="3971" threadId="0000000000338300" bytesRequested="40" />
<af-end id="3972" timestamp="2021-04-05T23:18:15.101" threadId="0000000000338C80" success="true" from="nursery"/>
<exclusive-end id="3973" timestamp="2021-04-05T23:18:15.101" durationms="121.125" />

<exclusive-start id="3974" timestamp="2021-04-05T23:18:15.815" intervalms="835.158">
  <response-info timems="0.047" idlems="0.047" threads="0" lastid="0000000000338300" lastname="BenchmarkThread xml.validation 7" />
</exclusive-start>
<af-start id="3975" threadId="0000000000338C80" totalBytesRequested="40" timestamp="2021-04-05T23:18:15.815" intervalms="835.152" type="nursery" />
<cycle-start id="3976" type="scavenge" contextid="0" timestamp="2021-04-05T23:18:15.815" intervalms="835.147" />
<gc-start id="3977" type="scavenge" contextid="3976" timestamp="2021-04-05T23:18:15.815">
  <mem-info id="3978" free="1002066016" total="1610612736" percent="62">
    <mem type="nursery" free="0" total="402653184" percent="0">
      <mem type="allocate" free="0" total="332267520" percent="0" />
      <mem type="survivor" free="0" total="70385664" percent="0" />
    </mem>
    <mem type="tenure" free="1002066016" total="1207959552" percent="82">
      <mem type="soa" free="941667424" total="1147560960" percent="82" />
      <mem type="loa" free="60398592" total="60398592" percent="100" />
    </mem>
    <remembered-set count="1548" />
  </mem-info>
</gc-start>
<allocation-stats totalBytes="269801592" >
  <allocated-bytes non-tlh="40" tlh="269801552" />
  <largest-consumer threadName="BenchmarkThread xml.validation 1" threadId="000000000011CB00" bytes="43046424" />
</allocation-stats>
<gc-op id="3979" type="scavenge" timems="115.403" contextid="3976" timestamp="2021-04-05T23:18:15.931">
  <scavenger-info tenureage="3" tenuremask="7ff8" tiltratio="82" />
  <memory-copied type="nursery" objects="1544127" bytes="62003608" bytesdiscarded="14792" />
  <memory-copied type="tenure" objects="2" bytes="64" bytesdiscarded="0" />
</gc-op>
<gc-end id="3980" type="scavenge" contextid="3976" durationms="115.393" usertimems="442.979" systemtimems="0.000" timestamp="2021-04-05T23:18:15.931" activeThreads="4">
  <mem-info id="3981" free="1272904960" total="1610612736" percent="79">
    <mem type="nursery" free="270838944" total="402653184" percent="67">
      <mem type="allocate" free="270838944" total="332857344" percent="81" />
      <mem type="survivor" free="0" total="69795840" percent="0" />
    </mem>
    <mem type="tenure" free="1002066016" total="1207959552" percent="82" macro-fragmented="0">
      <mem type="soa" free="941667424" total="1147560960" percent="82" />
      <mem type="loa" free="60398592" total="60398592" percent="100" />
    </mem>
    <remembered-set count="1344" />
  </mem-info>
</gc-end>
<cycle-end id="3982" type="scavenge" contextid="3976" timestamp="2021-04-05T23:18:15.931" />
<allocation-satisfied id="3983" threadId="0000000000338300" bytesRequested="40" />
<af-end id="3984" timestamp="2021-04-05T23:18:15.931" threadId="0000000000338C80" success="true" from="nursery"/>
<exclusive-end id="3985" timestamp="2021-04-05T23:18:15.931" durationms="116.091" />

<exclusive-start id="3986" timestamp="2021-04-05T23:18:16.631" intervalms="816.028">
  <response-info timems="0.087" idlems="0.052" threads="2" lastid="0000000000334700" lastname="BenchmarkThread xml.validation 6" />
</exclusive-start>
<af-start id="3987" threadId="0000000000338C80" totalBytesRequested="64" timestamp="2021-04-05T23:18:16.631" intervalms="816.026" type="nursery" />
<cycle-start id="3988" type="scavenge" contextid="0" timestamp="2021-04-05T23:18:16.631" intervalms="816.028" />
<gc-start id="3989" type="scavenge" contextid="3988" timestamp="2021-04-05T23:18:16.631">
  <mem-info id="3990" free="1002066016" total="1610612736" percent="62">
    <mem type="nursery" free="0" total="402653184" percent="0">
      <mem type="allocate" free="0" total="332857344" percent="0" />
      <mem type="survivor" free="0" total="69795840" percent="0" />
    </mem>
    <mem type="tenure" free="1002066016" total="1207959552" percent="82">
      <mem type="soa" free="941667424" total="1147560960" percent="82" />
      <mem type="loa" free="60398592" total="60398592" percent="100" />
    </mem>
    <remembered-set count="1529" />
  </mem-info>
</gc-start>
<allocation-stats totalBytes="270763760" >
  <allocated-bytes non-tlh="40" tlh="270763720" />
  <largest-consumer threadName="BenchmarkThread xml.validation 4" threadId="000000000032CF00" bytes="41341496" />
</allocation-stats>
<gc-op id="3991" type="scavenge" timems="116.584" contextid="3988" timestamp="2021-04-05T23:18:16.748">
  <scavenger-info tenureage="3" tenuremask="7ff8" tiltratio="82" />
  <memory-copied type="nursery" objects="1529720" bytes="61327608" bytesdiscarded="10104" />
  <memory-copied type="tenure" objects="21435" bytes="975800" bytesdiscarded="0" />
</gc-op>
<gc-end id="3992" type="scavenge" contextid="3988" durationms="116.575" usertimems="449.496" systemtimems="0.005" timestamp="2021-04-05T23:18:16.748" activeThreads="4">
  <mem-info id="3993" free="1272930288" total="1610612736" percent="79">
    <mem type="nursery" free="272043920" total="402653184" percent="67">
      <mem type="allocate" free="272043920" total="333381632" percent="81" />
      <mem type="survivor" free="0" total="69271552" percent="0" />
    </mem>
    <mem type="tenure" free="1000886368" total="1207959552" percent="82" macro-fragmented="0">
      <mem type="soa" free="940487776" total="1147560960" percent="81" />
      <mem type="loa" free="60398592" total="60398592" percent="100" />
    </mem>
    <remembered-set count="1339" />
  </mem-info>
</gc-end>
<cycle-end id="3994" type="scavenge" contextid="3988" timestamp="2021-04-05T23:18:16.748" />
<allocation-satisfied id="3995" threadId="0000000000338300" bytesRequested="64" />
<af-end id="3996" timestamp="2021-04-05T23:18:16.749" threadId="0000000000338C80" success="true" from="nursery"/>
<exclusive-end id="3997" timestamp="2021-04-05T23:18:16.749" durationms="117.231" />

<exclusive-start id="3998" timestamp="2021-04-05T23:18:17.582" intervalms="951.163">
  <response-info timems="0.066" idlems="0.042" threads="1" lastid="0000000000330B00" lastname="BenchmarkThread xml.validation 5" />
</exclusive-start>
<af-start id="3999" threadId="000000000011D480" totalBytesRequested="112" timestamp="2021-04-05T23:18:17.583" intervalms="951.164" type="nursery" />
<cycle-start id="4000" type="scavenge" contextid="0" timestamp="2021-04-05T23:18:17.583" intervalms="951.161" />
<gc-start id="4001" type="scavenge" contextid="4000" timestamp="2021-04-05T23:18:17.583">
  <mem-info id="4002" free="1000886368" total="1610612736" percent="62">
    <mem type="nursery" free="0" total="402653184" percent="0">
      <mem type="allocate" free="0" total="333381632" percent="0" />
      <mem type="survivor" free="0" total="69271552" percent="0" />
    </mem>
    <mem type="tenure" free="1000886368" total="1207959552" percent="82">
      <mem type="soa" free="940487776" total="1147560960" percent="81" />
      <mem type="loa" free="60398592" total="60398592" percent="100" />
    </mem>
    <remembered-set count="1576" />
  </mem-info>
</gc-start>
<allocation-stats totalBytes="271951584" >
  <allocated-bytes non-tlh="64" tlh="271951520" />
  <largest-consumer threadName="BenchmarkThread xml.validation 8" threadId="000000000033BE00" bytes="42265544" />
</allocation-stats>
<gc-op id="4003" type="scavenge" timems="121.230" contextid="4000" timestamp="2021-04-05T23:18:17.704">
  <scavenger-info tenureage="3" tenuremask="7ff8" tiltratio="82" />
  <memory-copied type="nursery" objects="1551909" bytes="62331936" bytesdiscarded="11784" />
  <memory-copied type="tenure" objects="108555" bytes="4241664" bytesdiscarded="0" />
</gc-op>
<gc-end id="4004" type="scavenge" contextid="4000" durationms="121.220" usertimems="472.477" systemtimems="0.000" timestamp="2021-04-05T23:18:17.704" activeThreads="4">
  <mem-info id="4005" free="1268057656" total="1610612736" percent="78">
    <mem type="nursery" free="271234520" total="402653184" percent="67">
      <mem type="allocate" free="271234520" total="333578240" percent="81" />
      <mem type="survivor" free="0" total="69074944" percent="0" />
    </mem>
    <mem type="tenure" free="996823136" total="1207959552" percent="82" macro-fragmented="0">
      <mem type="soa" free="936424544" total="1147560960" percent="81" />
      <mem type="loa" free="60398592" total="60398592" percent="100" />
    </mem>
    <remembered-set count="1339" />
  </mem-info>
</gc-end>
<cycle-end id="4006" type="scavenge" contextid="4000" timestamp="2021-04-05T23:18:17.704" />
<allocation-satisfied id="4007" threadId="000000000011CB00" bytesRequested="112" />
<af-end id="4008" timestamp="2021-04-05T23:18:17.704" threadId="000000000011D480" success="true" from="nursery"/>
<exclusive-end id="4009" timestamp="2021-04-05T23:18:17.704" durationms="121.909" />

<exclusive-start id="4010" timestamp="2021-04-05T23:18:18.372" intervalms="789.052">
  <response-info timems="0.041" idlems="0.041" threads="0" lastid="0000000000329300" lastname="BenchmarkThread xml.validation 3" />
</exclusive-start>
<af-start id="4011" threadId="0000000000329C80" totalBytesRequested="1040" timestamp="2021-04-05T23:18:18.372" intervalms="789.066" type="nursery" />
<cycle-start id="4012" type="scavenge" contextid="0" timestamp="2021-04-05T23:18:18.372" intervalms="789.066" />
<gc-start id="4013" type="scavenge" contextid="4012" timestamp="2021-04-05T23:18:18.372">
  <mem-info id="4014" free="996823136" total="1610612736" percent="61">
    <mem type="nursery" free="0" total="402653184" percent="0">
      <mem type="allocate" free="0" total="333578240" percent="0" />
      <mem type="survivor" free="0" total="69074944" percent="0" />
    </mem>
    <mem type="tenure" free="996823136" total="1207959552" percent="82">
      <mem type="soa" free="936424544" total="1147560960" percent="81" />
      <mem type="loa" free="60398592" total="60398592" percent="100" />
    </mem>
    <remembered-set count="1542" />
  </mem-info>
</gc-start>
<allocation-stats totalBytes="271137432" >
  <allocated-bytes non-tlh="112" tlh="271137320" />
  <largest-consumer threadName="BenchmarkThread xml.validation 1" threadId="000000000011CB00" bytes="47585000" />
</allocation-stats>
<gc-op id="4015" type="scavenge" timems="115.224" contextid="4012" timestamp="2021-04-05T23:18:18.487">
  <scavenger-info tenureage="3" tenuremask="7ff8" tiltratio="82" />
  <memory-copied type="nursery" objects="1563283" bytes="63231984" bytesdiscarded="15120" />
</gc-op>
<gc-end id="4016" type="scavenge" contextid="4012" durationms="115.213" usertimems="445.514" systemtimems="0.013" timestamp="2021-04-05T23:18:18.487" activeThreads="4">
  <mem-info id="4017" free="1266957664" total="1610612736" percent="78">
    <mem type="nursery" free="270134528" total="402653184" percent="67">
      <mem type="allocate" free="270134528" total="333381632" percent="81" />
      <mem type="survivor" free="0" total="69271552" percent="0" />
    </mem>
    <mem type="tenure" free="996823136" total="1207959552" percent="82" macro-fragmented="0">
      <mem type="soa" free="936424544" total="1147560960" percent="81" />
      <mem type="loa" free="60398592" total="60398592" percent="100" />
    </mem>
    <remembered-set count="1334" />
  </mem-info>
</gc-end>
<cycle-end id="4018" type="scavenge" contextid="4012" timestamp="2021-04-05T23:18:18.487" />
<allocation-satisfied id="4019" threadId="0000000000329300" bytesRequested="1040" />
<af-end id="4020" timestamp="2021-04-05T23:18:18.487" threadId="0000000000329C80" success="true" from="nursery"/>
<exclusive-end id="4021" timestamp="2021-04-05T23:18:18.487" durationms="115.920" />

<exclusive-start id="4022" timestamp="2021-04-05T23:18:19.230" intervalms="858.352">
  <response-info timems="0.071" idlems="0.039" threads="3" lastid="000000000013CF00" lastname="BenchmarkThread xml.validation 2" />
</exclusive-start>
<af-start id="4023" threadId="0000000000335080" totalBytesRequested="112" timestamp="2021-04-05T23:18:19.230" intervalms="858.341" type="nursery" />
<cycle-start id="4024" type="scavenge" contextid="0" timestamp="2021-04-05T23:18:19.230" intervalms="858.342" />
<gc-start id="4025" type="scavenge" contextid="4024" timestamp="2021-04-05T23:18:19.230">
  <mem-info id="4026" free="996823136" total="1610612736" percent="61">
    <mem type="nursery" free="0" total="402653184" percent="0">
      <mem type="allocate" free="0" total="333381632" percent="0" />
      <mem type="survivor" free="0" total="69271552" percent="0" />
    </mem>
    <mem type="tenure" free="996823136" total="1207959552" percent="82">
      <mem type="soa" free="936424544" total="1147560960" percent="81" />
      <mem type="loa" free="60398592" total="60398592" percent="100" />
    </mem>
    <remembered-set count="1531" />
  </mem-info>
</gc-start>
<allocation-stats totalBytes="270053896" >
  <allocated-bytes non-tlh="3120" tlh="270050776" />
  <largest-consumer threadName="BenchmarkThread xml.validation 8" threadId="000000000033BE00" bytes="43997672" />
</allocation-stats>
<gc-op id="4027" type="scavenge" timems="117.721" contextid="4024" timestamp="2021-04-05T23:18:19.348">
  <scavenger-info tenureage="3" tenuremask="7ff8" tiltratio="82" />
  <memory-copied type="nursery" objects="1555453" bytes="62562968" bytesdiscarded="11072" />
  <memory-copied type="tenure" objects="12" bytes="384" bytesdiscarded="0" />
</gc-op>
<gc-end id="4028" type="scavenge" contextid="4024" durationms="117.710" usertimems="440.099" systemtimems="0.000" timestamp="2021-04-05T23:18:19.348" activeThreads="4">
  <mem-info id="4029" free="1267827336" total="1610612736" percent="78">
    <mem type="nursery" free="271004200" total="402653184" percent="67">
      <mem type="allocate" free="271004200" total="333578240" percent="81" />
      <mem type="survivor" free="0" total="69074944" percent="0" />
    </mem>
    <mem type="tenure" free="996823136" total="1207959552" percent="82" macro-fragmented="0">
      <mem type="soa" free="936424544" total="1147560960" percent="81" />
      <mem type="loa" free="60398592" total="60398592" percent="100" />
    </mem>
    <remembered-set count="1334" />
  </mem-info>
</gc-end>
<cycle-end id="4030" type="scavenge" contextid="4024" timestamp="2021-04-05T23:18:19.348" />
<allocation-satisfied id="4031" threadId="0000000000334700" bytesRequested="112" />
<af-end id="4032" timestamp="2021-04-05T23:18:19.348" threadId="0000000000335080" success="true" from="nursery"/>
<exclusive-end id="4033" timestamp="2021-04-05T23:18:19.348" durationms="118.405" />

<exclusive-start id="4034" timestamp="2021-04-05T23:18:20.143" intervalms="912.813">
  <response-info timems="0.059" idlems="0.036" threads="1" lastid="0000000000338300" lastname="BenchmarkThread xml.validation 7" />
</exclusive-start>
<af-start id="4035" threadId="0000000000329C80" totalBytesRequested="40" timestamp="2021-04-05T23:18:20.143" intervalms="912.822" type="nursery" />
<cycle-start id="4036" type="scavenge" contextid="0" timestamp="2021-04-05T23:18:20.143" intervalms="913.124" />
<gc-start id="4037" type="scavenge" contextid="4036" timestamp="2021-04-05T23:18:20.143">
  <mem-info id="4038" free="996823136" total="1610612736" percent="61">
    <mem type="nursery" free="0" total="402653184" percent="0">
      <mem type="allocate" free="0" total="333578240" percent="0" />
      <mem type="survivor" free="0" total="69074944" percent="0" />
    </mem>
    <mem type="tenure" free="996823136" total="1207959552" percent="82">
      <mem type="soa" free="936424544" total="1147560960" percent="81" />
      <mem type="loa" free="60398592" total="60398592" percent="100" />
    </mem>
    <remembered-set count="1573" />
  </mem-info>
</gc-start>
<allocation-stats totalBytes="270911240" >
  <allocated-bytes non-tlh="2192" tlh="270909048" />
  <largest-consumer threadName="BenchmarkThread xml.validation 1" threadId="000000000011CB00" bytes="41139616" />
</allocation-stats>
<gc-op id="4039" type="scavenge" timems="113.101" contextid="4036" timestamp="2021-04-05T23:18:20.256">
  <scavenger-info tenureage="3" tenuremask="7ff8" tiltratio="82" />
  <memory-copied type="nursery" objects="1532827" bytes="61681808" bytesdiscarded="13688" />
  <memory-copied type="tenure" objects="4" bytes="128" bytesdiscarded="0" />
</gc-op>
<gc-end id="4040" type="scavenge" contextid="4036" durationms="113.090" usertimems="432.596" systemtimems="0.011" timestamp="2021-04-05T23:18:20.257" activeThreads="4">
  <mem-info id="4041" free="1269033560" total="1610612736" percent="78">
    <mem type="nursery" free="272210424" total="402653184" percent="67">
      <mem type="allocate" free="272210424" total="333905920" percent="81" />
      <mem type="survivor" free="0" total="68747264" percent="0" />
    </mem>
    <mem type="tenure" free="996823136" total="1207959552" percent="82" macro-fragmented="0">
      <mem type="soa" free="936424544" total="1147560960" percent="81" />
      <mem type="loa" free="60398592" total="60398592" percent="100" />
    </mem>
    <remembered-set count="1338" />
  </mem-info>
</gc-end>
<cycle-end id="4042" type="scavenge" contextid="4036" timestamp="2021-04-05T23:18:20.257" />
<allocation-satisfied id="4043" threadId="0000000000329300" bytesRequested="40" />
<af-end id="4044" timestamp="2021-04-05T23:18:20.257" threadId="0000000000329C80" success="true" from="nursery"/>
<exclusive-end id="4045" timestamp="2021-04-05T23:18:20.257" durationms="114.086" />

<exclusive-start id="4046" timestamp="2021-04-05T23:18:20.933" intervalms="790.578">
  <response-info timems="0.054" idlems="0.054" threads="0" lastid="0000000000338300" lastname="BenchmarkThread xml.validation 7" />
</exclusive-start>
<af-start id="4047" threadId="0000000000338C80" totalBytesRequested="16" timestamp="2021-04-05T23:18:20.933" intervalms="790.566" type="nursery" />
<cycle-start id="4048" type="scavenge" contextid="0" timestamp="2021-04-05T23:18:20.933" intervalms="790.264" />
<gc-start id="4049" type="scavenge" contextid="4048" timestamp="2021-04-05T23:18:20.933">
  <mem-info id="4050" free="996823136" total="1610612736" percent="61">
    <mem type="nursery" free="0" total="402653184" percent="0">
      <mem type="allocate" free="0" total="333905920" percent="0" />
      <mem type="survivor" free="0" total="68747264" percent="0" />
    </mem>
    <mem type="tenure" free="996823136" total="1207959552" percent="82">
      <mem type="soa" free="936424544" total="1147560960" percent="81" />
      <mem type="loa" free="60398592" total="60398592" percent="100" />
    </mem>
    <remembered-set count="1525" />
  </mem-info>
</gc-start>
<allocation-stats totalBytes="272125808" >
  <allocated-bytes non-tlh="1080" tlh="272124728" />
  <largest-consumer threadName="BenchmarkThread xml.validation 5" threadId="0000000000330B00" bytes="51392112" />
</allocation-stats>
<gc-op id="4051" type="scavenge" timems="113.999" contextid="4048" timestamp="2021-04-05T23:18:21.047">
  <scavenger-info tenureage="3" tenuremask="7ff8" tiltratio="82" />
  <memory-copied type="nursery" objects="1557447" bytes="62584088" bytesdiscarded="12312" />
  <memory-copied type="tenure" objects="6" bytes="192" bytesdiscarded="0" />
</gc-op>
<gc-end id="4052" type="scavenge" contextid="4048" durationms="113.988" usertimems="447.802" systemtimems="0.000" timestamp="2021-04-05T23:18:21.048" activeThreads="4">
  <mem-info id="4053" free="1268132656" total="1610612736" percent="78">
    <mem type="nursery" free="271309520" total="402653184" percent="67">
      <mem type="allocate" free="271309520" total="333905920" percent="81" />
      <mem type="survivor" free="0" total="68747264" percent="0" />
    </mem>
    <mem type="tenure" free="996823136" total="1207959552" percent="82" macro-fragmented="0">
      <mem type="soa" free="936424544" total="1147560960" percent="81" />
      <mem type="loa" free="60398592" total="60398592" percent="100" />
    </mem>
    <remembered-set count="1339" />
  </mem-info>
</gc-end>
<cycle-end id="4054" type="scavenge" contextid="4048" timestamp="2021-04-05T23:18:21.048" />
<allocation-satisfied id="4055" threadId="0000000000338300" bytesRequested="16" />
<af-end id="4056" timestamp="2021-04-05T23:18:21.048" threadId="0000000000338C80" success="true" from="nursery"/>
<exclusive-end id="4057" timestamp="2021-04-05T23:18:21.048" durationms="114.653" />

<exclusive-start id="4058" timestamp="2021-04-05T23:18:21.836" intervalms="902.752">
  <response-info timems="0.046" idlems="0.026" threads="1" lastid="0000000000330B00" lastname="BenchmarkThread xml.validation 5" />
</exclusive-start>
<af-start id="4059" threadId="000000000011D480" totalBytesRequested="1040" timestamp="2021-04-05T23:18:21.836" intervalms="902.756" type="nursery" />
<cycle-start id="4060" type="scavenge" contextid="0" timestamp="2021-04-05T23:18:21.836" intervalms="902.755" />
<gc-start id="4061" type="scavenge" contextid="4060" timestamp="2021-04-05T23:18:21.836">
  <mem-info id="4062" free="996823136" total="1610612736" percent="61">
    <mem type="nursery" free="0" total="402653184" percent="0">
      <mem type="allocate" free="0" total="333905920" percent="0" />
      <mem type="survivor" free="0" total="68747264" percent="0" />
    </mem>
    <mem type="tenure" free="996823136" total="1207959552" percent="82">
      <mem type="soa" free="936424544" total="1147560960" percent="81" />
      <mem type="loa" free="60398592" total="60398592" percent="100" />
    </mem>
    <remembered-set count="1572" />
  </mem-info>
</gc-start>
<allocation-stats totalBytes="271201856" >
  <allocated-bytes non-tlh="16" tlh="271201840" />
  <largest-consumer threadName="BenchmarkThread xml.validation 8" threadId="000000000033BE00" bytes="46975904" />
</allocation-stats>
<gc-op id="4063" type="scavenge" timems="119.970" contextid="4060" timestamp="2021-04-05T23:18:21.956">
  <scavenger-info tenureage="3" tenuremask="7ff8" tiltratio="82" />
  <memory-copied type="nursery" objects="1576179" bytes="63690672" bytesdiscarded="9928" />
  <memory-copied type="tenure" objects="6" bytes="192" bytesdiscarded="0" />
</gc-op>
<gc-end id="4064" type="scavenge" contextid="4060" durationms="119.958" usertimems="444.509" systemtimems="0.006" timestamp="2021-04-05T23:18:21.957" activeThreads="4">
  <mem-info id="4065" free="1266045416" total="1610612736" percent="78">
    <mem type="nursery" free="269222280" total="402653184" percent="66">
      <mem type="allocate" free="269222280" total="332922880" percent="80" />
      <mem type="survivor" free="0" total="69730304" percent="0" />
    </mem>
    <mem type="tenure" free="996823136" total="1207959552" percent="82" macro-fragmented="0">
      <mem type="soa" free="936424544" total="1147560960" percent="81" />
      <mem type="loa" free="60398592" total="60398592" percent="100" />
    </mem>
    <remembered-set count="1336" />
  </mem-info>
</gc-end>
<cycle-end id="4066" type="scavenge" contextid="4060" timestamp="2021-04-05T23:18:21.957" />
<allocation-satisfied id="4067" threadId="000000000011CB00" bytesRequested="1040" />
<af-end id="4068" timestamp="2021-04-05T23:18:21.957" threadId="000000000011D480" success="true" from="nursery"/>
<exclusive-end id="4069" timestamp="2021-04-05T23:18:21.957" durationms="120.650" />

<exclusive-start id="4070" timestamp="2021-04-05T23:18:22.668" intervalms="831.609">
  <response-info timems="0.048" idlems="0.048" threads="0" lastid="0000000000330B00" lastname="BenchmarkThread xml.validation 5" />
</exclusive-start>
<af-start id="4071" threadId="0000000000331480" totalBytesRequested="24" timestamp="2021-04-05T23:18:22.668" intervalms="831.604" type="nursery" />
<cycle-start id="4072" type="scavenge" contextid="0" timestamp="2021-04-05T23:18:22.668" intervalms="831.605" />
<gc-start id="4073" type="scavenge" contextid="4072" timestamp="2021-04-05T23:18:22.668">
  <mem-info id="4074" free="996823136" total="1610612736" percent="61">
    <mem type="nursery" free="0" total="402653184" percent="0">
      <mem type="allocate" free="0" total="332922880" percent="0" />
      <mem type="survivor" free="0" total="69730304" percent="0" />
    </mem>
    <mem type="tenure" free="996823136" total="1207959552" percent="82">
      <mem type="soa" free="936424544" total="1147560960" percent="81" />
      <mem type="loa" free="60398592" total="60398592" percent="100" />
    </mem>
    <remembered-set count="1533" />
  </mem-info>
</gc-start>
<allocation-stats totalBytes="269134040" >
  <allocated-bytes non-tlh="1040" tlh="269133000" />
  <largest-consumer threadName="BenchmarkThread xml.validation 1" threadId="000000000011CB00" bytes="48186360" />
</allocation-stats>
<gc-op id="4075" type="scavenge" timems="112.840" contextid="4072" timestamp="2021-04-05T23:18:22.781">
  <scavenger-info tenureage="3" tenuremask="7ff8" tiltratio="82" />
  <memory-copied type="nursery" objects="1545752" bytes="62079336" bytesdiscarded="10312" />
  <memory-copied type="tenure" objects="4" bytes="128" bytesdiscarded="0" />
</gc-op>
<gc-end id="4076" type="scavenge" contextid="4072" durationms="112.829" usertimems="443.511" systemtimems="0.000" timestamp="2021-04-05T23:18:22.781" activeThreads="4">
  <mem-info id="4077" free="1267787440" total="1610612736" percent="78">
    <mem type="nursery" free="270964304" total="402653184" percent="67">
      <mem type="allocate" free="270964304" total="333053952" percent="81" />
      <mem type="survivor" free="0" total="69599232" percent="0" />
    </mem>
    <mem type="tenure" free="996823136" total="1207959552" percent="82" macro-fragmented="0">
      <mem type="soa" free="936424544" total="1147560960" percent="81" />
      <mem type="loa" free="60398592" total="60398592" percent="100" />
    </mem>
    <remembered-set count="1336" />
  </mem-info>
</gc-end>
<cycle-end id="4078" type="scavenge" contextid="4072" timestamp="2021-04-05T23:18:22.781" />
<allocation-satisfied id="4079" threadId="0000000000330B00" bytesRequested="24" />
<af-end id="4080" timestamp="2021-04-05T23:18:22.781" threadId="0000000000331480" success="true" from="nursery"/>
<exclusive-end id="4081" timestamp="2021-04-05T23:18:22.781" durationms="113.517" />

<exclusive-start id="4082" timestamp="2021-04-05T23:18:23.481" intervalms="813.043">
  <response-info timems="0.047" idlems="0.047" threads="0" lastid="000000000011CB00" lastname="BenchmarkThread xml.validation 1" />
</exclusive-start>
<af-start id="4083" threadId="000000000011D480" totalBytesRequested="16" timestamp="2021-04-05T23:18:23.481" intervalms="813.046" type="nursery" />
<cycle-start id="4084" type="scavenge" contextid="0" timestamp="2021-04-05T23:18:23.481" intervalms="813.045" />
<gc-start id="4085" type="scavenge" contextid="4084" timestamp="2021-04-05T23:18:23.481">
  <mem-info id="4086" free="996823136" total="1610612736" percent="61">
    <mem type="nursery" free="0" total="402653184" percent="0">
      <mem type="allocate" free="0" total="333053952" percent="0" />
      <mem type="survivor" free="0" total="69599232" percent="0" />
    </mem>
    <mem type="tenure" free="996823136" total="1207959552" percent="82">
      <mem type="soa" free="936424544" total="1147560960" percent="81" />
      <mem type="loa" free="60398592" total="60398592" percent="100" />
    </mem>
    <remembered-set count="1541" />
  </mem-info>
</gc-start>
<allocation-stats totalBytes="270862512" >
  <allocated-bytes non-tlh="24" tlh="270862488" />
  <largest-consumer threadName="BenchmarkThread xml.validation 5" threadId="0000000000330B00" bytes="45268504" />
</allocation-stats>
<gc-op id="4087" type="scavenge" timems="118.370" contextid="4084" timestamp="2021-04-05T23:18:23.599">
  <scavenger-info tenureage="3" tenuremask="7ff8" tiltratio="82" />
  <memory-copied type="nursery" objects="1542519" bytes="62316416" bytesdiscarded="12192" />
  <memory-copied type="tenure" objects="8" bytes="256" bytesdiscarded="0" />
</gc-op>
<gc-end id="4088" type="scavenge" contextid="4084" durationms="118.360" usertimems="438.997" systemtimems="3.994" timestamp="2021-04-05T23:18:23.600" activeThreads="4">
  <mem-info id="4089" free="1267941696" total="1610612736" percent="78">
    <mem type="nursery" free="271118560" total="402653184" percent="67">
      <mem type="allocate" free="271118560" total="333447168" percent="81" />
      <mem type="survivor" free="0" total="69206016" percent="0" />
    </mem>
    <mem type="tenure" free="996823136" total="1207959552" percent="82" macro-fragmented="0">
      <mem type="soa" free="936424544" total="1147560960" percent="81" />
      <mem type="loa" free="60398592" total="60398592" percent="100" />
    </mem>
    <remembered-set count="1336" />
  </mem-info>
</gc-end>
<cycle-end id="4090" type="scavenge" contextid="4084" timestamp="2021-04-05T23:18:23.600" />
<allocation-satisfied id="4091" threadId="000000000011CB00" bytesRequested="16" />
<af-end id="4092" timestamp="2021-04-05T23:18:23.600" threadId="000000000011D480" success="true" from="nursery"/>
<exclusive-end id="4093" timestamp="2021-04-05T23:18:23.600" durationms="119.057" />

<exclusive-start id="4094" timestamp="2021-04-05T23:18:24.421" intervalms="940.245">
  <response-info timems="0.046" idlems="0.046" threads="0" lastid="0000000000329300" lastname="BenchmarkThread xml.validation 3" />
</exclusive-start>
<af-start id="4095" threadId="0000000000329C80" totalBytesRequested="40" timestamp="2021-04-05T23:18:24.421" intervalms="940.243" type="nursery" />
<cycle-start id="4096" type="scavenge" contextid="0" timestamp="2021-04-05T23:18:24.421" intervalms="940.243" />
<gc-start id="4097" type="scavenge" contextid="4096" timestamp="2021-04-05T23:18:24.421">
  <mem-info id="4098" free="996823136" total="1610612736" percent="61">
    <mem type="nursery" free="0" total="402653184" percent="0">
      <mem type="allocate" free="0" total="333447168" percent="0" />
      <mem type="survivor" free="0" total="69206016" percent="0" />
    </mem>
    <mem type="tenure" free="996823136" total="1207959552" percent="82">
      <mem type="soa" free="936424544" total="1147560960" percent="81" />
      <mem type="loa" free="60398592" total="60398592" percent="100" />
    </mem>
    <remembered-set count="1586" />
  </mem-info>
</gc-start>
<allocation-stats totalBytes="271008096" >
  <allocated-bytes non-tlh="16" tlh="271008080" />
  <largest-consumer threadName="BenchmarkThread xml.validation 7" threadId="0000000000338300" bytes="44286856" />
</allocation-stats>
<gc-op id="4099" type="scavenge" timems="110.288" contextid="4096" timestamp="2021-04-05T23:18:24.531">
  <scavenger-info tenureage="3" tenuremask="7ff8" tiltratio="82" />
  <memory-copied type="nursery" objects="1518861" bytes="61259376" bytesdiscarded="10824" />
  <memory-copied type="tenure" objects="8" bytes="256" bytesdiscarded="0" />
</gc-op>
<gc-end id="4100" type="scavenge" contextid="4096" durationms="110.278" usertimems="429.054" systemtimems="0.001" timestamp="2021-04-05T23:18:24.532" activeThreads="4">
  <mem-info id="4101" free="1269393320" total="1610612736" percent="78">
    <mem type="nursery" free="272570184" total="402653184" percent="67">
      <mem type="allocate" free="272570184" total="333840384" percent="81" />
      <mem type="survivor" free="0" total="68812800" percent="0" />
    </mem>
    <mem type="tenure" free="996823136" total="1207959552" percent="82" macro-fragmented="0">
      <mem type="soa" free="936424544" total="1147560960" percent="81" />
      <mem type="loa" free="60398592" total="60398592" percent="100" />
    </mem>
    <remembered-set count="1338" />
  </mem-info>
</gc-end>
<cycle-end id="4102" type="scavenge" contextid="4096" timestamp="2021-04-05T23:18:24.532" />
<allocation-satisfied id="4103" threadId="0000000000329300" bytesRequested="40" />
<af-end id="4104" timestamp="2021-04-05T23:18:24.532" threadId="0000000000329C80" success="true" from="nursery"/>
<exclusive-end id="4105" timestamp="2021-04-05T23:18:24.532" durationms="110.976" />

<exclusive-start id="4106" timestamp="2021-04-05T23:18:25.205" intervalms="784.083">
  <response-info timems="0.073" idlems="0.044" threads="1" lastid="000000000013CF00" lastname="BenchmarkThread xml.validation 2" />
</exclusive-start>
<af-start id="4107" threadId="0000000000331480" totalBytesRequested="136" timestamp="2021-04-05T23:18:25.205" intervalms="784.094" type="nursery" />
<cycle-start id="4108" type="scavenge" contextid="0" timestamp="2021-04-05T23:18:25.206" intervalms="784.496" />
<gc-start id="4109" type="scavenge" contextid="4108" timestamp="2021-04-05T23:18:25.206">
  <mem-info id="4110" free="996823136" total="1610612736" percent="61">
    <mem type="nursery" free="0" total="402653184" percent="0">
      <mem type="allocate" free="0" total="333840384" percent="0" />
      <mem type="survivor" free="0" total="68812800" percent="0" />
    </mem>
    <mem type="tenure" free="996823136" total="1207959552" percent="82">
      <mem type="soa" free="936424544" total="1147560960" percent="81" />
      <mem type="loa" free="60398592" total="60398592" percent="100" />
    </mem>
    <remembered-set count="1525" />
  </mem-info>
</gc-start>
<allocation-stats totalBytes="272491040" >
  <allocated-bytes non-tlh="40" tlh="272491000" />
  <largest-consumer threadName="BenchmarkThread xml.validation 3" threadId="0000000000329300" bytes="48714312" />
</allocation-stats>
<gc-op id="4111" type="scavenge" timems="111.520" contextid="4108" timestamp="2021-04-05T23:18:25.317">
  <scavenger-info tenureage="3" tenuremask="7ff8" tiltratio="82" />
  <memory-copied type="nursery" objects="1504415" bytes="60793776" bytesdiscarded="15704" />
</gc-op>
<gc-end id="4112" type="scavenge" contextid="4108" durationms="111.510" usertimems="425.250" systemtimems="0.000" timestamp="2021-04-05T23:18:25.318" activeThreads="4">
  <mem-info id="4113" free="1270378328" total="1610612736" percent="78">
    <mem type="nursery" free="273555192" total="402653184" percent="67">
      <mem type="allocate" free="273555192" total="334364672" percent="81" />
      <mem type="survivor" free="0" total="68288512" percent="0" />
    </mem>
    <mem type="tenure" free="996823136" total="1207959552" percent="82" macro-fragmented="0">
      <mem type="soa" free="936424544" total="1147560960" percent="81" />
      <mem type="loa" free="60398592" total="60398592" percent="100" />
    </mem>
    <remembered-set count="1339" />
  </mem-info>
</gc-end>
<cycle-end id="4114" type="scavenge" contextid="4108" timestamp="2021-04-05T23:18:25.318" />
<allocation-satisfied id="4115" threadId="0000000000330B00" bytesRequested="136" />
<af-end id="4116" timestamp="2021-04-05T23:18:25.318" threadId="0000000000331480" success="true" from="nursery"/>
<exclusive-end id="4117" timestamp="2021-04-05T23:18:25.318" durationms="112.640" />

<exclusive-start id="4118" timestamp="2021-04-05T23:18:26.066" intervalms="860.602">
  <response-info timems="0.123" idlems="0.097" threads="1" lastid="000000000011CB00" lastname="BenchmarkThread xml.validation 1" />
</exclusive-start>
<af-start id="4119" threadId="000000000033C780" totalBytesRequested="48" timestamp="2021-04-05T23:18:26.066" intervalms="860.598" type="nursery" />
<cycle-start id="4120" type="scavenge" contextid="0" timestamp="2021-04-05T23:18:26.066" intervalms="860.198" />
<gc-start id="4121" type="scavenge" contextid="4120" timestamp="2021-04-05T23:18:26.066">
  <mem-info id="4122" free="996823136" total="1610612736" percent="61">
    <mem type="nursery" free="0" total="402653184" percent="0">
      <mem type="allocate" free="0" total="334364672" percent="0" />
      <mem type="survivor" free="0" total="68288512" percent="0" />
    </mem>
    <mem type="tenure" free="996823136" total="1207959552" percent="82">
      <mem type="soa" free="936424544" total="1147560960" percent="81" />
      <mem type="loa" free="60398592" total="60398592" percent="100" />
    </mem>
    <remembered-set count="1557" />
  </mem-info>
</gc-start>
<allocation-stats totalBytes="273479816" >
  <allocated-bytes non-tlh="1176" tlh="273478640" />
  <largest-consumer threadName="BenchmarkThread xml.validation 8" threadId="000000000033BE00" bytes="49492192" />
</allocation-stats>
<gc-op id="4123" type="scavenge" timems="109.637" contextid="4120" timestamp="2021-04-05T23:18:26.175">
  <scavenger-info tenureage="3" tenuremask="7ff8" tiltratio="83" />
  <memory-copied type="nursery" objects="1490552" bytes="60314504" bytesdiscarded="12232" />
  <memory-copied type="tenure" objects="10" bytes="320" bytesdiscarded="0" />
</gc-op>
<gc-end id="4124" type="scavenge" contextid="4120" durationms="109.626" usertimems="431.311" systemtimems="0.000" timestamp="2021-04-05T23:18:26.176" activeThreads="4">
  <mem-info id="4125" free="1271385360" total="1610612736" percent="78">
    <mem type="nursery" free="274562224" total="402653184" percent="68">
      <mem type="allocate" free="274562224" total="334888960" percent="81" />
      <mem type="survivor" free="0" total="67764224" percent="0" />
    </mem>
    <mem type="tenure" free="996823136" total="1207959552" percent="82" macro-fragmented="0">
      <mem type="soa" free="936424544" total="1147560960" percent="81" />
      <mem type="loa" free="60398592" total="60398592" percent="100" />
    </mem>
    <remembered-set count="1324" />
  </mem-info>
</gc-end>
<cycle-end id="4126" type="scavenge" contextid="4120" timestamp="2021-04-05T23:18:26.176" />
<allocation-satisfied id="4127" threadId="000000000033BE00" bytesRequested="48" />
<af-end id="4128" timestamp="2021-04-05T23:18:26.176" threadId="000000000033C780" success="true" from="nursery"/>
<exclusive-end id="4129" timestamp="2021-04-05T23:18:26.176" durationms="110.317" />

<exclusive-start id="4130" timestamp="2021-04-05T23:18:26.994" intervalms="928.454">
  <response-info timems="0.049" idlems="0.049" threads="0" lastid="0000000000330B00" lastname="BenchmarkThread xml.validation 5" />
</exclusive-start>
<af-start id="4131" threadId="0000000000331480" totalBytesRequested="40" timestamp="2021-04-05T23:18:26.994" intervalms="928.448" type="nursery" />
<cycle-start id="4132" type="scavenge" contextid="0" timestamp="2021-04-05T23:18:26.994" intervalms="928.447" />
<gc-start id="4133" type="scavenge" contextid="4132" timestamp="2021-04-05T23:18:26.994">
  <mem-info id="4134" free="996823136" total="1610612736" percent="61">
    <mem type="nursery" free="0" total="402653184" percent="0">
      <mem type="allocate" free="0" total="334888960" percent="0" />
      <mem type="survivor" free="0" total="67764224" percent="0" />
    </mem>
    <mem type="tenure" free="996823136" total="1207959552" percent="82">
      <mem type="soa" free="936424544" total="1147560960" percent="81" />
      <mem type="loa" free="60398592" total="60398592" percent="100" />
    </mem>
    <remembered-set count="1585" />
  </mem-info>
</gc-start>
<allocation-stats totalBytes="274442320" >
  <allocated-bytes non-tlh="3168" tlh="274439152" />
  <largest-consumer threadName="BenchmarkThread xml.validation 1" threadId="000000000011CB00" bytes="43727648" />
</allocation-stats>
<gc-op id="4135" type="scavenge" timems="117.197" contextid="4132" timestamp="2021-04-05T23:18:27.111">
  <scavenger-info tenureage="3" tenuremask="7ff8" tiltratio="83" />
  <memory-copied type="nursery" objects="1544518" bytes="62013664" bytesdiscarded="13712" />
  <memory-copied type="tenure" objects="6" bytes="192" bytesdiscarded="0" />
</gc-op>
<gc-end id="4136" type="scavenge" contextid="4132" durationms="117.187" usertimems="458.699" systemtimems="0.000" timestamp="2021-04-05T23:18:27.112" activeThreads="4">
  <mem-info id="4137" free="1268832752" total="1610612736" percent="78">
    <mem type="nursery" free="272009616" total="402653184" percent="67">
      <mem type="allocate" free="272009616" total="334036992" percent="81" />
      <mem type="survivor" free="0" total="68616192" percent="0" />
    </mem>
    <mem type="tenure" free="996823136" total="1207959552" percent="82" macro-fragmented="0">
      <mem type="soa" free="936424544" total="1147560960" percent="81" />
      <mem type="loa" free="60398592" total="60398592" percent="100" />
    </mem>
    <remembered-set count="1335" />
  </mem-info>
</gc-end>
<cycle-end id="4138" type="scavenge" contextid="4132" timestamp="2021-04-05T23:18:27.112" />
<allocation-satisfied id="4139" threadId="0000000000330B00" bytesRequested="40" />
<af-end id="4140" timestamp="2021-04-05T23:18:27.112" threadId="0000000000331480" success="true" from="nursery"/>
<exclusive-end id="4141" timestamp="2021-04-05T23:18:27.112" durationms="117.891" />

<exclusive-start id="4142" timestamp="2021-04-05T23:18:27.870" intervalms="876.089">
  <response-info timems="0.068" idlems="0.042" threads="1" lastid="0000000000334700" lastname="BenchmarkThread xml.validation 6" />
</exclusive-start>
<af-start id="4143" threadId="000000000033C780" totalBytesRequested="136" timestamp="2021-04-05T23:18:27.870" intervalms="876.094" type="nursery" />
<cycle-start id="4144" type="scavenge" contextid="0" timestamp="2021-04-05T23:18:27.870" intervalms="876.097" />
<gc-start id="4145" type="scavenge" contextid="4144" timestamp="2021-04-05T23:18:27.870">
  <mem-info id="4146" free="996823136" total="1610612736" percent="61">
    <mem type="nursery" free="0" total="402653184" percent="0">
      <mem type="allocate" free="0" total="334036992" percent="0" />
      <mem type="survivor" free="0" total="68616192" percent="0" />
    </mem>
    <mem type="tenure" free="996823136" total="1207959552" percent="82">
      <mem type="soa" free="936424544" total="1147560960" percent="81" />
      <mem type="loa" free="60398592" total="60398592" percent="100" />
    </mem>
    <remembered-set count="1507" />
  </mem-info>
</gc-start>
<allocation-stats totalBytes="271922472" >
  <allocated-bytes non-tlh="40" tlh="271922432" />
  <largest-consumer threadName="BenchmarkThread xml.validation 8" threadId="000000000033BE00" bytes="45414520" />
</allocation-stats>
<gc-op id="4147" type="scavenge" timems="116.183" contextid="4144" timestamp="2021-04-05T23:18:27.987">
  <scavenger-info tenureage="3" tenuremask="7ff8" tiltratio="82" />
  <memory-copied type="nursery" objects="1530470" bytes="62059344" bytesdiscarded="12896" />
  <memory-copied type="tenure" objects="4" bytes="128" bytesdiscarded="0" />
</gc-op>
<gc-end id="4148" type="scavenge" contextid="4144" durationms="116.171" usertimems="454.278" systemtimems="0.000" timestamp="2021-04-05T23:18:27.987" activeThreads="4">
  <mem-info id="4149" free="1269967536" total="1610612736" percent="78">
    <mem type="nursery" free="273144400" total="402653184" percent="67">
      <mem type="allocate" free="273144400" total="335216640" percent="81" />
      <mem type="survivor" free="0" total="67436544" percent="0" />
    </mem>
    <mem type="tenure" free="996823136" total="1207959552" percent="82" macro-fragmented="0">
      <mem type="soa" free="936424544" total="1147560960" percent="81" />
      <mem type="loa" free="60398592" total="60398592" percent="100" />
    </mem>
    <remembered-set count="1333" />
  </mem-info>
</gc-end>
<cycle-end id="4150" type="scavenge" contextid="4144" timestamp="2021-04-05T23:18:27.987" />
<allocation-satisfied id="4151" threadId="000000000033BE00" bytesRequested="136" />
<af-end id="4152" timestamp="2021-04-05T23:18:27.987" threadId="000000000033C780" success="true" from="nursery"/>
<exclusive-end id="4153" timestamp="2021-04-05T23:18:27.987" durationms="116.937" />

<exclusive-start id="4154" timestamp="2021-04-05T23:18:28.837" intervalms="966.554">
  <response-info timems="0.065" idlems="0.040" threads="1" lastid="000000000033BE00" lastname="BenchmarkThread xml.validation 8" />
</exclusive-start>
<af-start id="4155" threadId="0000000000335080" totalBytesRequested="16" timestamp="2021-04-05T23:18:28.837" intervalms="966.548" type="nursery" />
<cycle-start id="4156" type="scavenge" contextid="0" timestamp="2021-04-05T23:18:28.837" intervalms="966.545" />
<gc-start id="4157" type="scavenge" contextid="4156" timestamp="2021-04-05T23:18:28.837">
  <mem-info id="4158" free="996823136" total="1610612736" percent="61">
    <mem type="nursery" free="0" total="402653184" percent="0">
      <mem type="allocate" free="0" total="335216640" percent="0" />
      <mem type="survivor" free="0" total="67436544" percent="0" />
    </mem>
    <mem type="tenure" free="996823136" total="1207959552" percent="82">
      <mem type="soa" free="936424544" total="1147560960" percent="81" />
      <mem type="loa" free="60398592" total="60398592" percent="100" />
    </mem>
    <remembered-set count="1577" />
  </mem-info>
</gc-start>
<allocation-stats totalBytes="273040936" >
  <allocated-bytes non-tlh="1176" tlh="273039760" />
  <largest-consumer threadName="BenchmarkThread xml.validation 7" threadId="0000000000338300" bytes="45277376" />
</allocation-stats>
<gc-op id="4159" type="scavenge" timems="116.129" contextid="4156" timestamp="2021-04-05T23:18:28.953">
  <scavenger-info tenureage="3" tenuremask="7ff8" tiltratio="83" />
  <memory-copied type="nursery" objects="1593988" bytes="64401312" bytesdiscarded="13008" />
  <memory-copied type="tenure" objects="10" bytes="320" bytesdiscarded="0" />
</gc-op>
<gc-end id="4160" type="scavenge" contextid="4156" durationms="116.119" usertimems="436.552" systemtimems="0.001" timestamp="2021-04-05T23:18:28.953" activeThreads="4">
  <mem-info id="4161" free="1263889904" total="1610612736" percent="78">
    <mem type="nursery" free="267066768" total="402653184" percent="66">
      <mem type="allocate" free="267066768" total="331481088" percent="80" />
      <mem type="survivor" free="0" total="71172096" percent="0" />
    </mem>
    <mem type="tenure" free="996823136" total="1207959552" percent="82" macro-fragmented="0">
      <mem type="soa" free="936424544" total="1147560960" percent="81" />
      <mem type="loa" free="60398592" total="60398592" percent="100" />
    </mem>
    <remembered-set count="1330" />
  </mem-info>
</gc-end>
<cycle-end id="4162" type="scavenge" contextid="4156" timestamp="2021-04-05T23:18:28.953" />
<allocation-satisfied id="4163" threadId="0000000000334700" bytesRequested="16" />
<af-end id="4164" timestamp="2021-04-05T23:18:28.953" threadId="0000000000335080" success="true" from="nursery"/>
<exclusive-end id="4165" timestamp="2021-04-05T23:18:28.953" durationms="116.791" />

<exclusive-start id="4166" timestamp="2021-04-05T23:18:29.765" intervalms="928.221">
  <response-info timems="0.056" idlems="0.056" threads="0" lastid="0000000000330B00" lastname="BenchmarkThread xml.validation 5" />
</exclusive-start>
<af-start id="4167" threadId="0000000000331480" totalBytesRequested="24" timestamp="2021-04-05T23:18:29.765" intervalms="928.225" type="nursery" />
<cycle-start id="4168" type="scavenge" contextid="0" timestamp="2021-04-05T23:18:29.765" intervalms="928.228" />
<gc-start id="4169" type="scavenge" contextid="4168" timestamp="2021-04-05T23:18:29.765">
  <mem-info id="4170" free="996823136" total="1610612736" percent="61">
    <mem type="nursery" free="0" total="402653184" percent="0">
      <mem type="allocate" free="0" total="331481088" percent="0" />
      <mem type="survivor" free="0" total="71172096" percent="0" />
    </mem>
    <mem type="tenure" free="996823136" total="1207959552" percent="82">
      <mem type="soa" free="936424544" total="1147560960" percent="81" />
      <mem type="loa" free="60398592" total="60398592" percent="100" />
    </mem>
    <remembered-set count="1536" />
  </mem-info>
</gc-start>
<allocation-stats totalBytes="266981208" >
  <allocated-bytes non-tlh="16" tlh="266981192" />
  <largest-consumer threadName="BenchmarkThread xml.validation 6" threadId="0000000000334700" bytes="59847136" />
</allocation-stats>
<gc-op id="4171" type="scavenge" timems="123.895" contextid="4168" timestamp="2021-04-05T23:18:29.889">
  <scavenger-info tenureage="3" tenuremask="7ff8" tiltratio="82" />
  <memory-copied type="nursery" objects="1605922" bytes="65138480" bytesdiscarded="11728" />
  <memory-copied type="tenure" objects="2" bytes="64" bytesdiscarded="0" />
</gc-op>
<gc-end id="4172" type="scavenge" contextid="4168" durationms="123.882" usertimems="464.494" systemtimems="0.000" timestamp="2021-04-05T23:18:29.889" activeThreads="4">
  <mem-info id="4173" free="1263154016" total="1610612736" percent="78">
    <mem type="nursery" free="266330880" total="402653184" percent="66">
      <mem type="allocate" free="266330880" total="331481088" percent="80" />
      <mem type="survivor" free="0" total="71172096" percent="0" />
    </mem>
    <mem type="tenure" free="996823136" total="1207959552" percent="82" macro-fragmented="0">
      <mem type="soa" free="936424544" total="1147560960" percent="81" />
      <mem type="loa" free="60398592" total="60398592" percent="100" />
    </mem>
    <remembered-set count="1332" />
  </mem-info>
</gc-end>
<cycle-end id="4174" type="scavenge" contextid="4168" timestamp="2021-04-05T23:18:29.889" />
<allocation-satisfied id="4175" threadId="0000000000330B00" bytesRequested="24" />
<af-end id="4176" timestamp="2021-04-05T23:18:29.890" threadId="0000000000331480" success="true" from="nursery"/>
<exclusive-end id="4177" timestamp="2021-04-05T23:18:29.890" durationms="124.601" />

<exclusive-start id="4178" timestamp="2021-04-05T23:18:30.582" intervalms="817.534">
  <response-info timems="0.064" idlems="0.039" threads="1" lastid="000000000011CB00" lastname="BenchmarkThread xml.validation 1" />
</exclusive-start>
<af-start id="4179" threadId="0000000000338C80" totalBytesRequested="24" timestamp="2021-04-05T23:18:30.583" intervalms="817.535" type="nursery" />
<cycle-start id="4180" type="scavenge" contextid="0" timestamp="2021-04-05T23:18:30.583" intervalms="817.533" />
<gc-start id="4181" type="scavenge" contextid="4180" timestamp="2021-04-05T23:18:30.583">
  <mem-info id="4182" free="996823136" total="1610612736" percent="61">
    <mem type="nursery" free="0" total="402653184" percent="0">
      <mem type="allocate" free="0" total="331481088" percent="0" />
      <mem type="survivor" free="0" total="71172096" percent="0" />
    </mem>
    <mem type="tenure" free="996823136" total="1207959552" percent="82">
      <mem type="soa" free="936424544" total="1147560960" percent="81" />
      <mem type="loa" free="60398592" total="60398592" percent="100" />
    </mem>
    <remembered-set count="1523" />
  </mem-info>
</gc-start>
<allocation-stats totalBytes="266234336" >
  <allocated-bytes non-tlh="24" tlh="266234312" />
  <largest-consumer threadName="BenchmarkThread xml.validation 5" threadId="0000000000330B00" bytes="46377688" />
</allocation-stats>
<gc-op id="4183" type="scavenge" timems="115.935" contextid="4180" timestamp="2021-04-05T23:18:30.699">
  <scavenger-info tenureage="3" tenuremask="7ff8" tiltratio="82" />
  <memory-copied type="nursery" objects="1526616" bytes="61223152" bytesdiscarded="9696" />
  <memory-copied type="tenure" objects="17895" bytes="772824" bytesdiscarded="0" />
</gc-op>
<gc-end id="4184" type="scavenge" contextid="4180" durationms="115.923" usertimems="424.247" systemtimems="0.000" timestamp="2021-04-05T23:18:30.699" activeThreads="4">
  <mem-info id="4185" free="1266416016" total="1610612736" percent="78">
    <mem type="nursery" free="270379312" total="402653184" percent="67">
      <mem type="allocate" free="270379312" total="331612160" percent="81" />
      <mem type="survivor" free="0" total="71041024" percent="0" />
    </mem>
    <mem type="tenure" free="996036704" total="1207959552" percent="82" macro-fragmented="0">
      <mem type="soa" free="935638112" total="1147560960" percent="81" />
      <mem type="loa" free="60398592" total="60398592" percent="100" />
    </mem>
    <remembered-set count="1334" />
  </mem-info>
</gc-end>
<cycle-end id="4186" type="scavenge" contextid="4180" timestamp="2021-04-05T23:18:30.699" />
<allocation-satisfied id="4187" threadId="0000000000338300" bytesRequested="24" />
<af-end id="4188" timestamp="2021-04-05T23:18:30.699" threadId="0000000000338C80" success="true" from="nursery"/>
<exclusive-end id="4189" timestamp="2021-04-05T23:18:30.699" durationms="116.641" />

<exclusive-start id="4190" timestamp="2021-04-05T23:18:31.611" intervalms="1028.449">
  <response-info timems="0.081" idlems="0.050" threads="1" lastid="0000000000330B00" lastname="BenchmarkThread xml.validation 5" />
</exclusive-start>
<af-start id="4191" threadId="000000000033C780" totalBytesRequested="24" timestamp="2021-04-05T23:18:31.611" intervalms="1028.451" type="nursery" />
<cycle-start id="4192" type="scavenge" contextid="0" timestamp="2021-04-05T23:18:31.611" intervalms="1028.455" />
<gc-start id="4193" type="scavenge" contextid="4192" timestamp="2021-04-05T23:18:31.611">
  <mem-info id="4194" free="996036704" total="1610612736" percent="61">
    <mem type="nursery" free="0" total="402653184" percent="0">
      <mem type="allocate" free="0" total="331612160" percent="0" />
      <mem type="survivor" free="0" total="71041024" percent="0" />
    </mem>
    <mem type="tenure" free="996036704" total="1207959552" percent="82">
      <mem type="soa" free="935638112" total="1147560960" percent="81" />
      <mem type="loa" free="60398592" total="60398592" percent="100" />
    </mem>
    <remembered-set count="1592" />
  </mem-info>
</gc-start>
<allocation-stats totalBytes="270266952" >
  <allocated-bytes non-tlh="24" tlh="270266928" />
  <largest-consumer threadName="BenchmarkThread xml.validation 4" threadId="000000000032CF00" bytes="39310264" />
</allocation-stats>
<gc-op id="4195" type="scavenge" timems="129.408" contextid="4192" timestamp="2021-04-05T23:18:31.741">
  <scavenger-info tenureage="3" tenuremask="7ff8" tiltratio="82" />
  <memory-copied type="nursery" objects="1533090" bytes="61671888" bytesdiscarded="11456" />
  <memory-copied type="tenure" objects="112105" bytes="4473608" bytesdiscarded="0" />
</gc-op>
<gc-end id="4196" type="scavenge" contextid="4192" durationms="129.396" usertimems="502.873" systemtimems="0.009" timestamp="2021-04-05T23:18:31.741" activeThreads="4">
  <mem-info id="4197" free="1262295504" total="1610612736" percent="78">
    <mem type="nursery" free="270715248" total="402653184" percent="67">
      <mem type="allocate" free="270715248" total="332398592" percent="81" />
      <mem type="survivor" free="0" total="70254592" percent="0" />
    </mem>
    <mem type="tenure" free="991580256" total="1207959552" percent="82" macro-fragmented="0">
      <mem type="soa" free="931181664" total="1147560960" percent="81" />
      <mem type="loa" free="60398592" total="60398592" percent="100" />
    </mem>
    <remembered-set count="1335" />
  </mem-info>
</gc-end>
<cycle-end id="4198" type="scavenge" contextid="4192" timestamp="2021-04-05T23:18:31.741" />
<allocation-satisfied id="4199" threadId="000000000033BE00" bytesRequested="24" />
<af-end id="4200" timestamp="2021-04-05T23:18:31.741" threadId="000000000033C780" success="true" from="nursery"/>
<exclusive-end id="4201" timestamp="2021-04-05T23:18:31.741" durationms="130.147" />

<exclusive-start id="4202" timestamp="2021-04-05T23:18:32.468" intervalms="857.028">
  <response-info timems="0.042" idlems="0.022" threads="1" lastid="0000000000330B00" lastname="BenchmarkThread xml.validation 5" />
</exclusive-start>
<af-start id="4203" threadId="0000000000338C80" totalBytesRequested="1040" timestamp="2021-04-05T23:18:32.468" intervalms="857.024" type="nursery" />
<cycle-start id="4204" type="scavenge" contextid="0" timestamp="2021-04-05T23:18:32.468" intervalms="857.020" />
<gc-start id="4205" type="scavenge" contextid="4204" timestamp="2021-04-05T23:18:32.468">
  <mem-info id="4206" free="991580256" total="1610612736" percent="61">
    <mem type="nursery" free="0" total="402653184" percent="0">
      <mem type="allocate" free="0" total="332398592" percent="0" />
      <mem type="survivor" free="0" total="70254592" percent="0" />
    </mem>
    <mem type="tenure" free="991580256" total="1207959552" percent="82">
      <mem type="soa" free="931181664" total="1147560960" percent="81" />
      <mem type="loa" free="60398592" total="60398592" percent="100" />
    </mem>
    <remembered-set count="1526" />
  </mem-info>
</gc-start>
<allocation-stats totalBytes="270624952" >
  <allocated-bytes non-tlh="24" tlh="270624928" />
  <largest-consumer threadName="BenchmarkThread xml.validation 8" threadId="000000000033BE00" bytes="43473184" />
</allocation-stats>
<gc-op id="4207" type="scavenge" timems="100.632" contextid="4204" timestamp="2021-04-05T23:18:32.569">
  <scavenger-info tenureage="3" tenuremask="7ff8" tiltratio="82" />
  <memory-copied type="nursery" objects="1485636" bytes="60248680" bytesdiscarded="12384" />
  <memory-copied type="tenure" objects="4" bytes="128" bytesdiscarded="0" />
</gc-op>
<gc-end id="4208" type="scavenge" contextid="4204" durationms="100.621" usertimems="380.592" systemtimems="0.000" timestamp="2021-04-05T23:18:32.569" activeThreads="4">
  <mem-info id="4209" free="1264438680" total="1610612736" percent="78">
    <mem type="nursery" free="272858424" total="402653184" percent="67">
      <mem type="allocate" free="272858424" total="333119488" percent="81" />
      <mem type="survivor" free="0" total="69533696" percent="0" />
    </mem>
    <mem type="tenure" free="991580256" total="1207959552" percent="82" macro-fragmented="0">
      <mem type="soa" free="931181664" total="1147560960" percent="81" />
      <mem type="loa" free="60398592" total="60398592" percent="100" />
    </mem>
    <remembered-set count="1343" />
  </mem-info>
</gc-end>
<cycle-end id="4210" type="scavenge" contextid="4204" timestamp="2021-04-05T23:18:32.569" />
<allocation-satisfied id="4211" threadId="0000000000338300" bytesRequested="1040" />
<af-end id="4212" timestamp="2021-04-05T23:18:32.569" threadId="0000000000338C80" success="true" from="nursery"/>
<exclusive-end id="4213" timestamp="2021-04-05T23:18:32.569" durationms="101.279" />

<exclusive-start id="4214" timestamp="2021-04-05T23:18:33.392" intervalms="923.884">
  <response-info timems="0.053" idlems="0.053" threads="0" lastid="000000000011CB00" lastname="BenchmarkThread xml.validation 1" />
</exclusive-start>
<af-start id="4215" threadId="000000000011D480" totalBytesRequested="56" timestamp="2021-04-05T23:18:33.392" intervalms="923.899" type="nursery" />
<cycle-start id="4216" type="scavenge" contextid="0" timestamp="2021-04-05T23:18:33.392" intervalms="923.902" />
<gc-start id="4217" type="scavenge" contextid="4216" timestamp="2021-04-05T23:18:33.392">
  <mem-info id="4218" free="991580256" total="1610612736" percent="61">
    <mem type="nursery" free="0" total="402653184" percent="0">
      <mem type="allocate" free="0" total="333119488" percent="0" />
      <mem type="survivor" free="0" total="69533696" percent="0" />
    </mem>
    <mem type="tenure" free="991580256" total="1207959552" percent="82">
      <mem type="soa" free="931181664" total="1147560960" percent="81" />
      <mem type="loa" free="60398592" total="60398592" percent="100" />
    </mem>
    <remembered-set count="1571" />
  </mem-info>
</gc-start>
<allocation-stats totalBytes="272766488" >
  <allocated-bytes non-tlh="1040" tlh="272765448" />
  <largest-consumer threadName="BenchmarkThread xml.validation 7" threadId="0000000000338300" bytes="53585760" />
</allocation-stats>
<gc-op id="4219" type="scavenge" timems="128.129" contextid="4216" timestamp="2021-04-05T23:18:33.520">
  <scavenger-info tenureage="3" tenuremask="7ff8" tiltratio="82" />
  <memory-copied type="nursery" objects="1545953" bytes="62159552" bytesdiscarded="11208" />
  <memory-copied type="tenure" objects="4" bytes="128" bytesdiscarded="0" />
</gc-op>
<gc-end id="4220" type="scavenge" contextid="4216" durationms="128.117" usertimems="467.397" systemtimems="0.000" timestamp="2021-04-05T23:18:33.521" activeThreads="4">
  <mem-info id="4221" free="1262594520" total="1610612736" percent="78">
    <mem type="nursery" free="271014264" total="402653184" percent="67">
      <mem type="allocate" free="271014264" total="333185024" percent="81" />
      <mem type="survivor" free="0" total="69468160" percent="0" />
    </mem>
    <mem type="tenure" free="991580256" total="1207959552" percent="82" macro-fragmented="0">
      <mem type="soa" free="931181664" total="1147560960" percent="81" />
      <mem type="loa" free="60398592" total="60398592" percent="100" />
    </mem>
    <remembered-set count="1330" />
  </mem-info>
</gc-end>
<cycle-end id="4222" type="scavenge" contextid="4216" timestamp="2021-04-05T23:18:33.521" />
<allocation-satisfied id="4223" threadId="000000000011CB00" bytesRequested="56" />
<af-end id="4224" timestamp="2021-04-05T23:18:33.521" threadId="000000000011D480" success="true" from="nursery"/>
<exclusive-end id="4225" timestamp="2021-04-05T23:18:33.521" durationms="128.870" />

<exclusive-start id="4226" timestamp="2021-04-05T23:18:34.388" intervalms="995.773">
  <response-info timems="0.047" idlems="0.047" threads="0" lastid="000000000013CF00" lastname="BenchmarkThread xml.validation 2" />
</exclusive-start>
<af-start id="4227" threadId="000000000013D880" totalBytesRequested="16" timestamp="2021-04-05T23:18:34.388" intervalms="995.758" type="nursery" />
<cycle-start id="4228" type="scavenge" contextid="0" timestamp="2021-04-05T23:18:34.388" intervalms="995.755" />
<gc-start id="4229" type="scavenge" contextid="4228" timestamp="2021-04-05T23:18:34.388">
  <mem-info id="4230" free="991580256" total="1610612736" percent="61">
    <mem type="nursery" free="0" total="402653184" percent="0">
      <mem type="allocate" free="0" total="333185024" percent="0" />
      <mem type="survivor" free="0" total="69468160" percent="0" />
    </mem>
    <mem type="tenure" free="991580256" total="1207959552" percent="82">
      <mem type="soa" free="931181664" total="1147560960" percent="81" />
      <mem type="loa" free="60398592" total="60398592" percent="100" />
    </mem>
    <remembered-set count="1564" />
  </mem-info>
</gc-start>
<allocation-stats totalBytes="270883344" >
  <allocated-bytes non-tlh="56" tlh="270883288" />
  <largest-consumer threadName="BenchmarkThread xml.validation 3" threadId="0000000000329300" bytes="37051744" />
</allocation-stats>
<gc-op id="4231" type="scavenge" timems="106.439" contextid="4228" timestamp="2021-04-05T23:18:34.494">
  <scavenger-info tenureage="3" tenuremask="7ff8" tiltratio="82" />
  <memory-copied type="nursery" objects="1552637" bytes="62360240" bytesdiscarded="10496" />
  <memory-copied type="tenure" objects="10" bytes="320" bytesdiscarded="0" />
</gc-op>
<gc-end id="4232" type="scavenge" contextid="4228" durationms="106.427" usertimems="414.318" systemtimems="0.000" timestamp="2021-04-05T23:18:34.495" activeThreads="4">
  <mem-info id="4233" free="1262787760" total="1610612736" percent="78">
    <mem type="nursery" free="271207504" total="402653184" percent="67">
      <mem type="allocate" free="271207504" total="333578240" percent="81" />
      <mem type="survivor" free="0" total="69074944" percent="0" />
    </mem>
    <mem type="tenure" free="991580256" total="1207959552" percent="82" macro-fragmented="0">
      <mem type="soa" free="931181664" total="1147560960" percent="81" />
      <mem type="loa" free="60398592" total="60398592" percent="100" />
    </mem>
    <remembered-set count="1341" />
  </mem-info>
</gc-end>
<cycle-end id="4234" type="scavenge" contextid="4228" timestamp="2021-04-05T23:18:34.495" />
<allocation-satisfied id="4235" threadId="000000000013CF00" bytesRequested="16" />
<af-end id="4236" timestamp="2021-04-05T23:18:34.495" threadId="000000000013D880" success="true" from="nursery"/>
<exclusive-end id="4237" timestamp="2021-04-05T23:18:34.495" durationms="107.098" />

<exclusive-start id="4238" timestamp="2021-04-05T23:18:35.169" intervalms="781.712">
  <response-info timems="0.051" idlems="0.051" threads="0" lastid="000000000011CB00" lastname="BenchmarkThread xml.validation 1" />
</exclusive-start>
<af-start id="4239" threadId="000000000011D480" totalBytesRequested="40" timestamp="2021-04-05T23:18:35.169" intervalms="781.714" type="nursery" />
<cycle-start id="4240" type="scavenge" contextid="0" timestamp="2021-04-05T23:18:35.169" intervalms="781.716" />
<gc-start id="4241" type="scavenge" contextid="4240" timestamp="2021-04-05T23:18:35.169">
  <mem-info id="4242" free="991580256" total="1610612736" percent="61">
    <mem type="nursery" free="0" total="402653184" percent="0">
      <mem type="allocate" free="0" total="333578240" percent="0" />
      <mem type="survivor" free="0" total="69074944" percent="0" />
    </mem>
    <mem type="tenure" free="991580256" total="1207959552" percent="82">
      <mem type="soa" free="931181664" total="1147560960" percent="81" />
      <mem type="loa" free="60398592" total="60398592" percent="100" />
    </mem>
    <remembered-set count="1507" />
  </mem-info>
</gc-start>
<allocation-stats totalBytes="271122896" >
  <allocated-bytes non-tlh="1056" tlh="271121840" />
  <largest-consumer threadName="BenchmarkThread xml.validation 3" threadId="0000000000329300" bytes="42129640" />
</allocation-stats>
<gc-op id="4243" type="scavenge" timems="119.545" contextid="4240" timestamp="2021-04-05T23:18:35.289">
  <scavenger-info tenureage="3" tenuremask="7ff8" tiltratio="82" />
  <memory-copied type="nursery" objects="1491020" bytes="60862088" bytesdiscarded="11864" />
  <memory-copied type="tenure" objects="80270" bytes="3220584" bytesdiscarded="0" />
</gc-op>
<gc-end id="4244" type="scavenge" contextid="4240" durationms="119.534" usertimems="468.997" systemtimems="0.001" timestamp="2021-04-05T23:18:35.289" activeThreads="4">
  <mem-info id="4245" free="1261335424" total="1610612736" percent="78">
    <mem type="nursery" free="273031968" total="402653184" percent="67">
      <mem type="allocate" free="273031968" total="333905920" percent="81" />
      <mem type="survivor" free="0" total="68747264" percent="0" />
    </mem>
    <mem type="tenure" free="988303456" total="1207959552" percent="81" macro-fragmented="0">
      <mem type="soa" free="927904864" total="1147560960" percent="80" />
      <mem type="loa" free="60398592" total="60398592" percent="100" />
    </mem>
    <remembered-set count="1383" />
  </mem-info>
</gc-end>
<cycle-end id="4246" type="scavenge" contextid="4240" timestamp="2021-04-05T23:18:35.290" />
<allocation-satisfied id="4247" threadId="000000000011CB00" bytesRequested="40" />
<af-end id="4248" timestamp="2021-04-05T23:18:35.290" threadId="000000000011D480" success="true" from="nursery"/>
<exclusive-end id="4249" timestamp="2021-04-05T23:18:35.290" durationms="120.269" />

<exclusive-start id="4250" timestamp="2021-04-05T23:18:36.210" intervalms="1040.536">
  <response-info timems="0.067" idlems="0.040" threads="1" lastid="000000000013CF00" lastname="BenchmarkThread xml.validation 2" />
</exclusive-start>
<af-start id="4251" threadId="000000000033C780" totalBytesRequested="40" timestamp="2021-04-05T23:18:36.210" intervalms="1040.535" type="nursery" />
<cycle-start id="4252" type="scavenge" contextid="0" timestamp="2021-04-05T23:18:36.210" intervalms="1040.540" />
<gc-start id="4253" type="scavenge" contextid="4252" timestamp="2021-04-05T23:18:36.210">
  <mem-info id="4254" free="988303456" total="1610612736" percent="61">
    <mem type="nursery" free="0" total="402653184" percent="0">
      <mem type="allocate" free="0" total="333905920" percent="0" />
      <mem type="survivor" free="0" total="68747264" percent="0" />
    </mem>
    <mem type="tenure" free="988303456" total="1207959552" percent="81">
      <mem type="soa" free="927904864" total="1147560960" percent="80" />
      <mem type="loa" free="60398592" total="60398592" percent="100" />
    </mem>
    <remembered-set count="1636" />
  </mem-info>
</gc-start>
<allocation-stats totalBytes="272941064" >
  <allocated-bytes non-tlh="40" tlh="272941024" />
  <largest-consumer threadName="BenchmarkThread xml.validation 5" threadId="0000000000330B00" bytes="46302392" />
</allocation-stats>
<gc-op id="4255" type="scavenge" timems="116.347" contextid="4252" timestamp="2021-04-05T23:18:36.326">
  <scavenger-info tenureage="3" tenuremask="7ff8" tiltratio="82" />
  <memory-copied type="nursery" objects="1578289" bytes="63877824" bytesdiscarded="12872" />
  <memory-copied type="tenure" objects="49724" bytes="1996992" bytesdiscarded="0" />
</gc-op>
<gc-end id="4256" type="scavenge" contextid="4252" durationms="116.097" usertimems="445.413" systemtimems="0.000" timestamp="2021-04-05T23:18:36.327" activeThreads="4">
  <mem-info id="4257" free="1253665624" total="1610612736" percent="77">
    <mem type="nursery" free="267197176" total="402653184" percent="66">
      <mem type="allocate" free="267197176" total="331087872" percent="80" />
      <mem type="survivor" free="0" total="71565312" percent="0" />
    </mem>
    <mem type="tenure" free="986468448" total="1207959552" percent="81" macro-fragmented="0">
      <mem type="soa" free="926069856" total="1147560960" percent="80" />
      <mem type="loa" free="60398592" total="60398592" percent="100" />
    </mem>
    <remembered-set count="1329" />
  </mem-info>
</gc-end>
<cycle-end id="4258" type="scavenge" contextid="4252" timestamp="2021-04-05T23:18:36.327" />
<allocation-satisfied id="4259" threadId="000000000033BE00" bytesRequested="40" />
<af-end id="4260" timestamp="2021-04-05T23:18:36.327" threadId="000000000033C780" success="true" from="nursery"/>
<exclusive-end id="4261" timestamp="2021-04-05T23:18:36.327" durationms="117.019" />

<exclusive-start id="4262" timestamp="2021-04-05T23:18:37.071" intervalms="860.803">
  <response-info timems="0.068" idlems="0.037" threads="2" lastid="0000000000330B00" lastname="BenchmarkThread xml.validation 5" />
</exclusive-start>
<af-start id="4263" threadId="000000000011D480" totalBytesRequested="1040" timestamp="2021-04-05T23:18:37.071" intervalms="860.803" type="nursery" />
<cycle-start id="4264" type="scavenge" contextid="0" timestamp="2021-04-05T23:18:37.071" intervalms="860.798" />
<gc-start id="4265" type="scavenge" contextid="4264" timestamp="2021-04-05T23:18:37.071">
  <mem-info id="4266" free="986468448" total="1610612736" percent="61">
    <mem type="nursery" free="0" total="402653184" percent="0">
      <mem type="allocate" free="0" total="331087872" percent="0" />
      <mem type="survivor" free="0" total="71565312" percent="0" />
    </mem>
    <mem type="tenure" free="986468448" total="1207959552" percent="81">
      <mem type="soa" free="926069856" total="1147560960" percent="80" />
      <mem type="loa" free="60398592" total="60398592" percent="100" />
    </mem>
    <remembered-set count="1548" />
  </mem-info>
</gc-start>
<allocation-stats totalBytes="267086688" >
  <allocated-bytes non-tlh="40" tlh="267086648" />
  <largest-consumer threadName="BenchmarkThread xml.validation 3" threadId="0000000000329300" bytes="42533184" />
</allocation-stats>
<gc-op id="4267" type="scavenge" timems="115.579" contextid="4264" timestamp="2021-04-05T23:18:37.186">
  <scavenger-info tenureage="3" tenuremask="7ff8" tiltratio="82" />
  <memory-copied type="nursery" objects="1520360" bytes="61275256" bytesdiscarded="11776" />
  <memory-copied type="tenure" objects="4" bytes="128" bytesdiscarded="0" />
</gc-op>
<gc-end id="4268" type="scavenge" contextid="4264" durationms="115.567" usertimems="451.537" systemtimems="0.000" timestamp="2021-04-05T23:18:37.187" activeThreads="4">
  <mem-info id="4269" free="1256793576" total="1610612736" percent="78">
    <mem type="nursery" free="270325128" total="402653184" percent="67">
      <mem type="allocate" free="270325128" total="331612160" percent="81" />
      <mem type="survivor" free="0" total="71041024" percent="0" />
    </mem>
    <mem type="tenure" free="986468448" total="1207959552" percent="81" macro-fragmented="0">
      <mem type="soa" free="926069856" total="1147560960" percent="80" />
      <mem type="loa" free="60398592" total="60398592" percent="100" />
    </mem>
    <remembered-set count="1338" />
  </mem-info>
</gc-end>
<cycle-end id="4270" type="scavenge" contextid="4264" timestamp="2021-04-05T23:18:37.187" />
<allocation-satisfied id="4271" threadId="000000000011CB00" bytesRequested="1040" />
<af-end id="4272" timestamp="2021-04-05T23:18:37.187" threadId="000000000011D480" success="true" from="nursery"/>
<exclusive-end id="4273" timestamp="2021-04-05T23:18:37.187" durationms="116.304" />

<exclusive-start id="4274" timestamp="2021-04-05T23:18:38.008" intervalms="937.089">
  <response-info timems="0.067" idlems="0.041" threads="1" lastid="000000000011CB00" lastname="BenchmarkThread xml.validation 1" />
</exclusive-start>
<af-start id="4275" threadId="0000000000329C80" totalBytesRequested="40" timestamp="2021-04-05T23:18:38.008" intervalms="937.091" type="nursery" />
<cycle-start id="4276" type="scavenge" contextid="0" timestamp="2021-04-05T23:18:38.008" intervalms="937.091" />
<gc-start id="4277" type="scavenge" contextid="4276" timestamp="2021-04-05T23:18:38.008">
  <mem-info id="4278" free="986468448" total="1610612736" percent="61">
    <mem type="nursery" free="0" total="402653184" percent="0">
      <mem type="allocate" free="0" total="331612160" percent="0" />
      <mem type="survivor" free="0" total="71041024" percent="0" />
    </mem>
    <mem type="tenure" free="986468448" total="1207959552" percent="81">
      <mem type="soa" free="926069856" total="1147560960" percent="80" />
      <mem type="loa" free="60398592" total="60398592" percent="100" />
    </mem>
    <remembered-set count="1526" />
  </mem-info>
</gc-start>
<allocation-stats totalBytes="270241536" >
  <allocated-bytes non-tlh="3120" tlh="270238416" />
  <largest-consumer threadName="BenchmarkThread xml.validation 2" threadId="000000000013CF00" bytes="38127456" />
</allocation-stats>
<gc-op id="4279" type="scavenge" timems="111.368" contextid="4276" timestamp="2021-04-05T23:18:38.119">
  <scavenger-info tenureage="3" tenuremask="7ff8" tiltratio="82" />
  <memory-copied type="nursery" objects="1550805" bytes="62329952" bytesdiscarded="8864" />
  <memory-copied type="tenure" objects="8" bytes="256" bytesdiscarded="0" />
</gc-op>
<gc-end id="4280" type="scavenge" contextid="4276" durationms="111.356" usertimems="427.033" systemtimems="0.000" timestamp="2021-04-05T23:18:38.120" activeThreads="4">
  <mem-info id="4281" free="1256266080" total="1610612736" percent="77">
    <mem type="nursery" free="269797632" total="402653184" percent="67">
      <mem type="allocate" free="269797632" total="332136448" percent="81" />
      <mem type="survivor" free="0" total="70516736" percent="0" />
    </mem>
    <mem type="tenure" free="986468448" total="1207959552" percent="81" macro-fragmented="0">
      <mem type="soa" free="926069856" total="1147560960" percent="80" />
      <mem type="loa" free="60398592" total="60398592" percent="100" />
    </mem>
    <remembered-set count="1336" />
  </mem-info>
</gc-end>
<cycle-end id="4282" type="scavenge" contextid="4276" timestamp="2021-04-05T23:18:38.120" />
<allocation-satisfied id="4283" threadId="0000000000329300" bytesRequested="40" />
<af-end id="4284" timestamp="2021-04-05T23:18:38.120" threadId="0000000000329C80" success="true" from="nursery"/>
<exclusive-end id="4285" timestamp="2021-04-05T23:18:38.120" durationms="112.044" />

<exclusive-start id="4286" timestamp="2021-04-05T23:18:38.924" intervalms="915.816">
  <response-info timems="0.049" idlems="0.049" threads="0" lastid="0000000000329300" lastname="BenchmarkThread xml.validation 3" />
</exclusive-start>
<af-start id="4287" threadId="0000000000329C80" totalBytesRequested="88" timestamp="2021-04-05T23:18:38.924" intervalms="915.811" type="nursery" />
<cycle-start id="4288" type="scavenge" contextid="0" timestamp="2021-04-05T23:18:38.924" intervalms="915.809" />
<gc-start id="4289" type="scavenge" contextid="4288" timestamp="2021-04-05T23:18:38.924">
  <mem-info id="4290" free="986468448" total="1610612736" percent="61">
    <mem type="nursery" free="0" total="402653184" percent="0">
      <mem type="allocate" free="0" total="332136448" percent="0" />
      <mem type="survivor" free="0" total="70516736" percent="0" />
    </mem>
    <mem type="tenure" free="986468448" total="1207959552" percent="81">
      <mem type="soa" free="926069856" total="1147560960" percent="80" />
      <mem type="loa" free="60398592" total="60398592" percent="100" />
    </mem>
    <remembered-set count="1556" />
  </mem-info>
</gc-start>
<allocation-stats totalBytes="269696832" >
  <allocated-bytes non-tlh="3160" tlh="269693672" />
  <largest-consumer threadName="BenchmarkThread xml.validation 3" threadId="0000000000329300" bytes="46232344" />
</allocation-stats>
<gc-op id="4291" type="scavenge" timems="102.945" contextid="4288" timestamp="2021-04-05T23:18:39.027">
  <scavenger-info tenureage="3" tenuremask="7ff8" tiltratio="82" />
  <memory-copied type="nursery" objects="1499404" bytes="60670928" bytesdiscarded="10096" />
  <memory-copied type="tenure" objects="8" bytes="256" bytesdiscarded="0" />
</gc-op>
<gc-end id="4292" type="scavenge" contextid="4288" durationms="102.934" usertimems="404.066" systemtimems="0.000" timestamp="2021-04-05T23:18:39.027" activeThreads="4">
  <mem-info id="4293" free="1258513696" total="1610612736" percent="78">
    <mem type="nursery" free="272045248" total="402653184" percent="67">
      <mem type="allocate" free="272045248" total="332726272" percent="81" />
      <mem type="survivor" free="0" total="69926912" percent="0" />
    </mem>
    <mem type="tenure" free="986468448" total="1207959552" percent="81" macro-fragmented="0">
      <mem type="soa" free="926069856" total="1147560960" percent="80" />
      <mem type="loa" free="60398592" total="60398592" percent="100" />
    </mem>
    <remembered-set count="1334" />
  </mem-info>
</gc-end>
<cycle-end id="4294" type="scavenge" contextid="4288" timestamp="2021-04-05T23:18:39.027" />
<allocation-satisfied id="4295" threadId="0000000000329300" bytesRequested="88" />
<af-end id="4296" timestamp="2021-04-05T23:18:39.027" threadId="0000000000329C80" success="true" from="nursery"/>
<exclusive-end id="4297" timestamp="2021-04-05T23:18:39.027" durationms="103.634" />

<exclusive-start id="4298" timestamp="2021-04-05T23:18:39.856" intervalms="932.693">
  <response-info timems="0.068" idlems="0.042" threads="1" lastid="000000000033BE00" lastname="BenchmarkThread xml.validation 8" />
</exclusive-start>
<af-start id="4299" threadId="000000000032D880" totalBytesRequested="1040" timestamp="2021-04-05T23:18:39.856" intervalms="932.697" type="nursery" />
<cycle-start id="4300" type="scavenge" contextid="0" timestamp="2021-04-05T23:18:39.856" intervalms="932.714" />
<gc-start id="4301" type="scavenge" contextid="4300" timestamp="2021-04-05T23:18:39.856">
  <mem-info id="4302" free="986468448" total="1610612736" percent="61">
    <mem type="nursery" free="0" total="402653184" percent="0">
      <mem type="allocate" free="0" total="332726272" percent="0" />
      <mem type="survivor" free="0" total="69926912" percent="0" />
    </mem>
    <mem type="tenure" free="986468448" total="1207959552" percent="81">
      <mem type="soa" free="926069856" total="1147560960" percent="80" />
      <mem type="loa" free="60398592" total="60398592" percent="100" />
    </mem>
    <remembered-set count="1541" />
  </mem-info>
</gc-start>
<allocation-stats totalBytes="271949328" >
  <allocated-bytes non-tlh="88" tlh="271949240" />
  <largest-consumer threadName="BenchmarkThread xml.validation 8" threadId="000000000033BE00" bytes="43380560" />
</allocation-stats>
<gc-op id="4303" type="scavenge" timems="120.243" contextid="4300" timestamp="2021-04-05T23:18:39.977">
  <scavenger-info tenureage="3" tenuremask="7ff8" tiltratio="82" />
  <memory-copied type="nursery" objects="1554663" bytes="62452304" bytesdiscarded="12336" />
  <memory-copied type="tenure" objects="2" bytes="64" bytesdiscarded="0" />
</gc-op>
<gc-end id="4304" type="scavenge" contextid="4300" durationms="120.231" usertimems="460.796" systemtimems="0.000" timestamp="2021-04-05T23:18:39.977" activeThreads="4">
  <mem-info id="4305" free="1256861152" total="1610612736" percent="78">
    <mem type="nursery" free="270392704" total="402653184" percent="67">
      <mem type="allocate" free="270392704" total="332857344" percent="81" />
      <mem type="survivor" free="0" total="69795840" percent="0" />
    </mem>
    <mem type="tenure" free="986468448" total="1207959552" percent="81" macro-fragmented="0">
      <mem type="soa" free="926069856" total="1147560960" percent="80" />
      <mem type="loa" free="60398592" total="60398592" percent="100" />
    </mem>
    <remembered-set count="1336" />
  </mem-info>
</gc-end>
<cycle-end id="4306" type="scavenge" contextid="4300" timestamp="2021-04-05T23:18:39.977" />
<allocation-satisfied id="4307" threadId="000000000032CF00" bytesRequested="1040" />
<af-end id="4308" timestamp="2021-04-05T23:18:39.977" threadId="000000000032D880" success="true" from="nursery"/>
<exclusive-end id="4309" timestamp="2021-04-05T23:18:39.977" durationms="120.955" />

<exclusive-start id="4310" timestamp="2021-04-05T23:18:40.773" intervalms="916.982">
  <response-info timems="0.053" idlems="0.049" threads="1" lastid="000000000033BE00" lastname="BenchmarkThread xml.validation 8" />
</exclusive-start>
<af-start id="4311" threadId="0000000000329C80" totalBytesRequested="1040" timestamp="2021-04-05T23:18:40.773" intervalms="916.978" type="nursery" />
<cycle-start id="4312" type="scavenge" contextid="0" timestamp="2021-04-05T23:18:40.773" intervalms="916.960" />
<gc-start id="4313" type="scavenge" contextid="4312" timestamp="2021-04-05T23:18:40.773">
  <mem-info id="4314" free="986468448" total="1610612736" percent="61">
    <mem type="nursery" free="0" total="402653184" percent="0">
      <mem type="allocate" free="0" total="332857344" percent="0" />
      <mem type="survivor" free="0" total="69795840" percent="0" />
    </mem>
    <mem type="tenure" free="986468448" total="1207959552" percent="81">
      <mem type="soa" free="926069856" total="1147560960" percent="80" />
      <mem type="loa" free="60398592" total="60398592" percent="100" />
    </mem>
    <remembered-set count="1556" />
  </mem-info>
</gc-start>
<allocation-stats totalBytes="270301432" >
  <allocated-bytes non-tlh="1040" tlh="270300392" />
  <largest-consumer threadName="BenchmarkThread xml.validation 2" threadId="000000000013CF00" bytes="44388440" />
</allocation-stats>
<gc-op id="4315" type="scavenge" timems="115.730" contextid="4312" timestamp="2021-04-05T23:18:40.889">
  <scavenger-info tenureage="3" tenuremask="7ff8" tiltratio="82" />
  <memory-copied type="nursery" objects="1561629" bytes="62849440" bytesdiscarded="11400" />
  <memory-copied type="tenure" objects="8" bytes="256" bytesdiscarded="0" />
</gc-op>
<gc-end id="4316" type="scavenge" contextid="4312" durationms="115.719" usertimems="423.615" systemtimems="0.000" timestamp="2021-04-05T23:18:40.890" activeThreads="4">
  <mem-info id="4317" free="1257644600" total="1610612736" percent="78">
    <mem type="nursery" free="271176152" total="402653184" percent="67">
      <mem type="allocate" free="271176152" total="334036992" percent="81" />
      <mem type="survivor" free="0" total="68616192" percent="0" />
    </mem>
    <mem type="tenure" free="986468448" total="1207959552" percent="81" macro-fragmented="0">
      <mem type="soa" free="926069856" total="1147560960" percent="80" />
      <mem type="loa" free="60398592" total="60398592" percent="100" />
    </mem>
    <remembered-set count="1333" />
  </mem-info>
</gc-end>
<cycle-end id="4318" type="scavenge" contextid="4312" timestamp="2021-04-05T23:18:40.890" />
<allocation-satisfied id="4319" threadId="0000000000329300" bytesRequested="1040" />
<af-end id="4320" timestamp="2021-04-05T23:18:40.890" threadId="0000000000329C80" success="true" from="nursery"/>
<exclusive-end id="4321" timestamp="2021-04-05T23:18:40.890" durationms="116.397" />

<exclusive-start id="4322" timestamp="2021-04-05T23:18:41.736" intervalms="963.011">
  <response-info timems="0.054" idlems="0.050" threads="1" lastid="000000000033BE00" lastname="BenchmarkThread xml.validation 8" />
</exclusive-start>
<af-start id="4323" threadId="0000000000335080" totalBytesRequested="1040" timestamp="2021-04-05T23:18:41.736" intervalms="963.018" type="nursery" />
<cycle-start id="4324" type="scavenge" contextid="0" timestamp="2021-04-05T23:18:41.736" intervalms="963.021" />
<gc-start id="4325" type="scavenge" contextid="4324" timestamp="2021-04-05T23:18:41.736">
  <mem-info id="4326" free="986468448" total="1610612736" percent="61">
    <mem type="nursery" free="0" total="402653184" percent="0">
      <mem type="allocate" free="0" total="334036992" percent="0" />
      <mem type="survivor" free="0" total="68616192" percent="0" />
    </mem>
    <mem type="tenure" free="986468448" total="1207959552" percent="81">
      <mem type="soa" free="926069856" total="1147560960" percent="80" />
      <mem type="loa" free="60398592" total="60398592" percent="100" />
    </mem>
    <remembered-set count="1561" />
  </mem-info>
</gc-start>
<allocation-stats totalBytes="271077936" >
  <allocated-bytes non-tlh="3120" tlh="271074816" />
  <largest-consumer threadName="BenchmarkThread xml.validation 3" threadId="0000000000329300" bytes="45670360" />
</allocation-stats>
<gc-op id="4327" type="scavenge" timems="121.008" contextid="4324" timestamp="2021-04-05T23:18:41.857">
  <scavenger-info tenureage="3" tenuremask="7ff8" tiltratio="82" />
  <memory-copied type="nursery" objects="1544498" bytes="62002464" bytesdiscarded="12616" />
  <memory-copied type="tenure" objects="6" bytes="192" bytesdiscarded="0" />
</gc-op>
<gc-end id="4328" type="scavenge" contextid="4324" durationms="120.994" usertimems="466.512" systemtimems="0.000" timestamp="2021-04-05T23:18:41.858" activeThreads="4">
  <mem-info id="4329" free="1258621432" total="1610612736" percent="78">
    <mem type="nursery" free="272152984" total="402653184" percent="67">
      <mem type="allocate" free="272152984" total="334168064" percent="81" />
      <mem type="survivor" free="0" total="68485120" percent="0" />
    </mem>
    <mem type="tenure" free="986468448" total="1207959552" percent="81" macro-fragmented="0">
      <mem type="soa" free="926069856" total="1147560960" percent="80" />
      <mem type="loa" free="60398592" total="60398592" percent="100" />
    </mem>
    <remembered-set count="1338" />
  </mem-info>
</gc-end>
<cycle-end id="4330" type="scavenge" contextid="4324" timestamp="2021-04-05T23:18:41.858" />
<allocation-satisfied id="4331" threadId="0000000000334700" bytesRequested="1040" />
<af-end id="4332" timestamp="2021-04-05T23:18:41.858" threadId="0000000000335080" success="true" from="nursery"/>
<exclusive-end id="4333" timestamp="2021-04-05T23:18:41.858" durationms="121.745" />

<exclusive-start id="4334" timestamp="2021-04-05T23:18:42.601" intervalms="864.824">
  <response-info timems="0.052" idlems="0.052" threads="0" lastid="0000000000338300" lastname="BenchmarkThread xml.validation 7" />
</exclusive-start>
<af-start id="4335" threadId="0000000000338C80" totalBytesRequested="136" timestamp="2021-04-05T23:18:42.601" intervalms="864.816" type="nursery" />
<cycle-start id="4336" type="scavenge" contextid="0" timestamp="2021-04-05T23:18:42.601" intervalms="864.813" />
<gc-start id="4337" type="scavenge" contextid="4336" timestamp="2021-04-05T23:18:42.601">
  <mem-info id="4338" free="986468448" total="1610612736" percent="61">
    <mem type="nursery" free="0" total="402653184" percent="0">
      <mem type="allocate" free="0" total="334168064" percent="0" />
      <mem type="survivor" free="0" total="68485120" percent="0" />
    </mem>
    <mem type="tenure" free="986468448" total="1207959552" percent="81">
      <mem type="soa" free="926069856" total="1147560960" percent="80" />
      <mem type="loa" free="60398592" total="60398592" percent="100" />
    </mem>
    <remembered-set count="1537" />
  </mem-info>
</gc-start>
<allocation-stats totalBytes="272065992" >
  <allocated-bytes non-tlh="3120" tlh="272062872" />
  <largest-consumer threadName="BenchmarkThread xml.validation 6" threadId="0000000000334700" bytes="46144072" />
</allocation-stats>
<gc-op id="4339" type="scavenge" timems="101.373" contextid="4336" timestamp="2021-04-05T23:18:42.703">
  <scavenger-info tenureage="3" tenuremask="7ff8" tiltratio="82" />
  <memory-copied type="nursery" objects="1491092" bytes="60137960" bytesdiscarded="8904" />
  <memory-copied type="tenure" objects="4" bytes="128" bytesdiscarded="0" />
</gc-op>
<gc-end id="4340" type="scavenge" contextid="4336" durationms="101.361" usertimems="384.418" systemtimems="0.000" timestamp="2021-04-05T23:18:42.703" activeThreads="4">
  <mem-info id="4341" free="1260817328" total="1610612736" percent="78">
    <mem type="nursery" free="274348880" total="402653184" percent="68">
      <mem type="allocate" free="274348880" total="334495744" percent="82" />
      <mem type="survivor" free="0" total="68157440" percent="0" />
    </mem>
    <mem type="tenure" free="986468448" total="1207959552" percent="81" macro-fragmented="0">
      <mem type="soa" free="926069856" total="1147560960" percent="80" />
      <mem type="loa" free="60398592" total="60398592" percent="100" />
    </mem>
    <remembered-set count="1334" />
  </mem-info>
</gc-end>
<cycle-end id="4342" type="scavenge" contextid="4336" timestamp="2021-04-05T23:18:42.703" />
<allocation-satisfied id="4343" threadId="0000000000338300" bytesRequested="136" />
<af-end id="4344" timestamp="2021-04-05T23:18:42.703" threadId="0000000000338C80" success="true" from="nursery"/>
<exclusive-end id="4345" timestamp="2021-04-05T23:18:42.703" durationms="102.019" />

<exclusive-start id="4346" timestamp="2021-04-05T23:18:43.569" intervalms="968.118">
  <response-info timems="0.046" idlems="0.046" threads="0" lastid="000000000011CB00" lastname="BenchmarkThread xml.validation 1" />
</exclusive-start>
<af-start id="4347" threadId="000000000011D480" totalBytesRequested="40" timestamp="2021-04-05T23:18:43.569" intervalms="968.123" type="nursery" />
<cycle-start id="4348" type="scavenge" contextid="0" timestamp="2021-04-05T23:18:43.569" intervalms="968.127" />
<gc-start id="4349" type="scavenge" contextid="4348" timestamp="2021-04-05T23:18:43.569">
  <mem-info id="4350" free="986468448" total="1610612736" percent="61">
    <mem type="nursery" free="0" total="402653184" percent="0">
      <mem type="allocate" free="0" total="334495744" percent="0" />
      <mem type="survivor" free="0" total="68157440" percent="0" />
    </mem>
    <mem type="tenure" free="986468448" total="1207959552" percent="81">
      <mem type="soa" free="926069856" total="1147560960" percent="80" />
      <mem type="loa" free="60398592" total="60398592" percent="100" />
    </mem>
    <remembered-set count="1569" />
  </mem-info>
</gc-start>
<allocation-stats totalBytes="274259464" >
  <allocated-bytes non-tlh="136" tlh="274259328" />
  <largest-consumer threadName="BenchmarkThread xml.validation 8" threadId="000000000033BE00" bytes="62632184" />
</allocation-stats>
<gc-op id="4351" type="scavenge" timems="123.408" contextid="4348" timestamp="2021-04-05T23:18:43.693">
  <scavenger-info tenureage="3" tenuremask="7ff8" tiltratio="83" />
  <memory-copied type="nursery" objects="1544471" bytes="62004568" bytesdiscarded="11680" />
  <memory-copied type="tenure" objects="8" bytes="256" bytesdiscarded="0" />
</gc-op>
<gc-end id="4352" type="scavenge" contextid="4348" durationms="123.396" usertimems="465.064" systemtimems="0.000" timestamp="2021-04-05T23:18:43.693" activeThreads="4">
  <mem-info id="4353" free="1258751336" total="1610612736" percent="78">
    <mem type="nursery" free="272282888" total="402653184" percent="67">
      <mem type="allocate" free="272282888" total="334299136" percent="81" />
      <mem type="survivor" free="0" total="68354048" percent="0" />
    </mem>
    <mem type="tenure" free="986468448" total="1207959552" percent="81" macro-fragmented="0">
      <mem type="soa" free="926069856" total="1147560960" percent="80" />
      <mem type="loa" free="60398592" total="60398592" percent="100" />
    </mem>
    <remembered-set count="1339" />
  </mem-info>
</gc-end>
<cycle-end id="4354" type="scavenge" contextid="4348" timestamp="2021-04-05T23:18:43.693" />
<allocation-satisfied id="4355" threadId="000000000011CB00" bytesRequested="40" />
<af-end id="4356" timestamp="2021-04-05T23:18:43.693" threadId="000000000011D480" success="true" from="nursery"/>
<exclusive-end id="4357" timestamp="2021-04-05T23:18:43.693" durationms="124.136" />

<exclusive-start id="4358" timestamp="2021-04-05T23:18:44.472" intervalms="902.893">
  <response-info timems="0.050" idlems="0.026" threads="1" lastid="000000000033BE00" lastname="BenchmarkThread xml.validation 8" />
</exclusive-start>
<af-start id="4359" threadId="0000000000331480" totalBytesRequested="24" timestamp="2021-04-05T23:18:44.472" intervalms="902.890" type="nursery" />
<cycle-start id="4360" type="scavenge" contextid="0" timestamp="2021-04-05T23:18:44.472" intervalms="902.886" />
<gc-start id="4361" type="scavenge" contextid="4360" timestamp="2021-04-05T23:18:44.472">
  <mem-info id="4362" free="986468448" total="1610612736" percent="61">
    <mem type="nursery" free="0" total="402653184" percent="0">
      <mem type="allocate" free="0" total="334299136" percent="0" />
      <mem type="survivor" free="0" total="68354048" percent="0" />
    </mem>
    <mem type="tenure" free="986468448" total="1207959552" percent="81">
      <mem type="soa" free="926069856" total="1147560960" percent="80" />
      <mem type="loa" free="60398592" total="60398592" percent="100" />
    </mem>
    <remembered-set count="1546" />
  </mem-info>
</gc-start>
<allocation-stats totalBytes="272176856" >
  <allocated-bytes non-tlh="40" tlh="272176816" />
  <largest-consumer threadName="BenchmarkThread xml.validation 1" threadId="000000000011CB00" bytes="43592112" />
</allocation-stats>
<gc-op id="4363" type="scavenge" timems="106.194" contextid="4360" timestamp="2021-04-05T23:18:44.578">
  <scavenger-info tenureage="3" tenuremask="7ff8" tiltratio="83" />
  <memory-copied type="nursery" objects="1525211" bytes="61409264" bytesdiscarded="14384" />
  <memory-copied type="tenure" objects="6" bytes="192" bytesdiscarded="0" />
</gc-op>
<gc-end id="4364" type="scavenge" contextid="4360" durationms="106.183" usertimems="414.494" systemtimems="0.000" timestamp="2021-04-05T23:18:44.579" activeThreads="4">
  <mem-info id="4365" free="1259606080" total="1610612736" percent="78">
    <mem type="nursery" free="273137632" total="402653184" percent="67">
      <mem type="allocate" free="273137632" total="334561280" percent="81" />
      <mem type="survivor" free="0" total="68091904" percent="0" />
    </mem>
    <mem type="tenure" free="986468448" total="1207959552" percent="81" macro-fragmented="0">
      <mem type="soa" free="926069856" total="1147560960" percent="80" />
      <mem type="loa" free="60398592" total="60398592" percent="100" />
    </mem>
    <remembered-set count="1344" />
  </mem-info>
</gc-end>
<cycle-end id="4366" type="scavenge" contextid="4360" timestamp="2021-04-05T23:18:44.579" />
<allocation-satisfied id="4367" threadId="0000000000330B00" bytesRequested="24" />
<af-end id="4368" timestamp="2021-04-05T23:18:44.579" threadId="0000000000331480" success="true" from="nursery"/>
<exclusive-end id="4369" timestamp="2021-04-05T23:18:44.579" durationms="106.852" />

<exclusive-start id="4370" timestamp="2021-04-05T23:18:45.414" intervalms="942.356">
  <response-info timems="0.055" idlems="0.055" threads="0" lastid="0000000000338300" lastname="BenchmarkThread xml.validation 7" />
</exclusive-start>
<af-start id="4371" threadId="0000000000338C80" totalBytesRequested="1040" timestamp="2021-04-05T23:18:45.414" intervalms="942.361" type="nursery" />
<cycle-start id="4372" type="scavenge" contextid="0" timestamp="2021-04-05T23:18:45.415" intervalms="942.365" />
<gc-start id="4373" type="scavenge" contextid="4372" timestamp="2021-04-05T23:18:45.415">
  <mem-info id="4374" free="986468448" total="1610612736" percent="61">
    <mem type="nursery" free="0" total="402653184" percent="0">
      <mem type="allocate" free="0" total="334561280" percent="0" />
      <mem type="survivor" free="0" total="68091904" percent="0" />
    </mem>
    <mem type="tenure" free="986468448" total="1207959552" percent="81">
      <mem type="soa" free="926069856" total="1147560960" percent="80" />
      <mem type="loa" free="60398592" total="60398592" percent="100" />
    </mem>
    <remembered-set count="1554" />
  </mem-info>
</gc-start>
<allocation-stats totalBytes="273035880" >
  <allocated-bytes non-tlh="2104" tlh="273033776" />
  <largest-consumer threadName="BenchmarkThread xml.validation 2" threadId="000000000013CF00" bytes="43470464" />
</allocation-stats>
<gc-op id="4375" type="scavenge" timems="120.868" contextid="4372" timestamp="2021-04-05T23:18:45.535">
  <scavenger-info tenureage="3" tenuremask="7ff8" tiltratio="83" />
  <memory-copied type="nursery" objects="1542740" bytes="61989840" bytesdiscarded="11432" />
  <memory-copied type="tenure" objects="6" bytes="192" bytesdiscarded="0" />
</gc-op>
<gc-end id="4376" type="scavenge" contextid="4372" durationms="120.857" usertimems="465.056" systemtimems="0.000" timestamp="2021-04-05T23:18:45.536" activeThreads="4">
  <mem-info id="4377" free="1259421672" total="1610612736" percent="78">
    <mem type="nursery" free="272953224" total="402653184" percent="67">
      <mem type="allocate" free="272953224" total="334954496" percent="81" />
      <mem type="survivor" free="0" total="67698688" percent="0" />
    </mem>
    <mem type="tenure" free="986468448" total="1207959552" percent="81" macro-fragmented="0">
      <mem type="soa" free="926069856" total="1147560960" percent="80" />
      <mem type="loa" free="60398592" total="60398592" percent="100" />
    </mem>
    <remembered-set count="1338" />
  </mem-info>
</gc-end>
<cycle-end id="4378" type="scavenge" contextid="4372" timestamp="2021-04-05T23:18:45.536" />
<allocation-satisfied id="4379" threadId="0000000000338300" bytesRequested="1040" />
<af-end id="4380" timestamp="2021-04-05T23:18:45.536" threadId="0000000000338C80" success="true" from="nursery"/>
<exclusive-end id="4381" timestamp="2021-04-05T23:18:45.536" durationms="121.576" />

<exclusive-start id="4382" timestamp="2021-04-05T23:18:46.344" intervalms="929.332">
  <response-info timems="0.057" idlems="0.033" threads="1" lastid="0000000000330B00" lastname="BenchmarkThread xml.validation 5" />
</exclusive-start>
<af-start id="4383" threadId="000000000033C780" totalBytesRequested="40" timestamp="2021-04-05T23:18:46.344" intervalms="929.329" type="nursery" />
<cycle-start id="4384" type="scavenge" contextid="0" timestamp="2021-04-05T23:18:46.344" intervalms="929.326" />
<gc-start id="4385" type="scavenge" contextid="4384" timestamp="2021-04-05T23:18:46.344">
  <mem-info id="4386" free="986468448" total="1610612736" percent="61">
    <mem type="nursery" free="0" total="402653184" percent="0">
      <mem type="allocate" free="0" total="334954496" percent="0" />
      <mem type="survivor" free="0" total="67698688" percent="0" />
    </mem>
    <mem type="tenure" free="986468448" total="1207959552" percent="81">
      <mem type="soa" free="926069856" total="1147560960" percent="80" />
      <mem type="loa" free="60398592" total="60398592" percent="100" />
    </mem>
    <remembered-set count="1545" />
  </mem-info>
</gc-start>
<allocation-stats totalBytes="272857976" >
  <allocated-bytes non-tlh="2080" tlh="272855896" />
  <largest-consumer threadName="BenchmarkThread xml.validation 8" threadId="000000000033BE00" bytes="43381464" />
</allocation-stats>
<gc-op id="4387" type="scavenge" timems="101.182" contextid="4384" timestamp="2021-04-05T23:18:46.445">
  <scavenger-info tenureage="3" tenuremask="7ff8" tiltratio="83" />
  <memory-copied type="nursery" objects="1483842" bytes="59969336" bytesdiscarded="12048" />
  <memory-copied type="tenure" objects="4" bytes="128" bytesdiscarded="0" />
</gc-op>
<gc-end id="4388" type="scavenge" contextid="4384" durationms="101.170" usertimems="397.937" systemtimems="0.000" timestamp="2021-04-05T23:18:46.446" activeThreads="4">
  <mem-info id="4389" free="1261572632" total="1610612736" percent="78">
    <mem type="nursery" free="275104184" total="402653184" percent="68">
      <mem type="allocate" free="275104184" total="335085568" percent="82" />
      <mem type="survivor" free="0" total="67567616" percent="0" />
    </mem>
    <mem type="tenure" free="986468448" total="1207959552" percent="81" macro-fragmented="0">
      <mem type="soa" free="926069856" total="1147560960" percent="80" />
      <mem type="loa" free="60398592" total="60398592" percent="100" />
    </mem>
    <remembered-set count="1340" />
  </mem-info>
</gc-end>
<cycle-end id="4390" type="scavenge" contextid="4384" timestamp="2021-04-05T23:18:46.446" />
<allocation-satisfied id="4391" threadId="000000000033BE00" bytesRequested="40" />
<af-end id="4392" timestamp="2021-04-05T23:18:46.446" threadId="000000000033C780" success="true" from="nursery"/>
<exclusive-end id="4393" timestamp="2021-04-05T23:18:46.446" durationms="101.886" />

<exclusive-start id="4394" timestamp="2021-04-05T23:18:47.216" intervalms="872.349">
  <response-info timems="0.048" idlems="0.048" threads="0" lastid="0000000000330B00" lastname="BenchmarkThread xml.validation 5" />
</exclusive-start>
<af-start id="4395" threadId="0000000000331480" totalBytesRequested="24" timestamp="2021-04-05T23:18:47.216" intervalms="872.362" type="nursery" />
<cycle-start id="4396" type="scavenge" contextid="0" timestamp="2021-04-05T23:18:47.217" intervalms="872.733" />
<gc-start id="4397" type="scavenge" contextid="4396" timestamp="2021-04-05T23:18:47.217">
  <mem-info id="4398" free="986468448" total="1610612736" percent="61">
    <mem type="nursery" free="0" total="402653184" percent="0">
      <mem type="allocate" free="0" total="335085568" percent="0" />
      <mem type="survivor" free="0" total="67567616" percent="0" />
    </mem>
    <mem type="tenure" free="986468448" total="1207959552" percent="81">
      <mem type="soa" free="926069856" total="1147560960" percent="80" />
      <mem type="loa" free="60398592" total="60398592" percent="100" />
    </mem>
    <remembered-set count="1531" />
  </mem-info>
</gc-start>
<allocation-stats totalBytes="275013040" >
  <allocated-bytes non-tlh="40" tlh="275013000" />
  <largest-consumer threadName="BenchmarkThread xml.validation 1" threadId="000000000011CB00" bytes="57847672" />
</allocation-stats>
<gc-op id="4399" type="scavenge" timems="124.263" contextid="4396" timestamp="2021-04-05T23:18:47.341">
  <scavenger-info tenureage="3" tenuremask="7ff8" tiltratio="83" />
  <memory-copied type="nursery" objects="1542584" bytes="62058584" bytesdiscarded="12688" />
  <memory-copied type="tenure" objects="8" bytes="256" bytesdiscarded="0" />
</gc-op>
<gc-end id="4400" type="scavenge" contextid="4396" durationms="124.249" usertimems="472.822" systemtimems="0.006" timestamp="2021-04-05T23:18:47.341" activeThreads="4">
  <mem-info id="4401" free="1258106488" total="1610612736" percent="78">
    <mem type="nursery" free="271638040" total="402653184" percent="67">
      <mem type="allocate" free="271638040" total="333709312" percent="81" />
      <mem type="survivor" free="0" total="68943872" percent="0" />
    </mem>
    <mem type="tenure" free="986468448" total="1207959552" percent="81" macro-fragmented="0">
      <mem type="soa" free="926069856" total="1147560960" percent="80" />
      <mem type="loa" free="60398592" total="60398592" percent="100" />
    </mem>
    <remembered-set count="1337" />
  </mem-info>
</gc-end>
<cycle-end id="4402" type="scavenge" contextid="4396" timestamp="2021-04-05T23:18:47.342" />
<allocation-satisfied id="4403" threadId="0000000000330B00" bytesRequested="24" />
<af-end id="4404" timestamp="2021-04-05T23:18:47.342" threadId="0000000000331480" success="true" from="nursery"/>
<exclusive-end id="4405" timestamp="2021-04-05T23:18:47.342" durationms="125.491" />

<exclusive-start id="4406" timestamp="2021-04-05T23:18:48.240" intervalms="1023.721">
  <response-info timems="0.050" idlems="0.050" threads="0" lastid="000000000013CF00" lastname="BenchmarkThread xml.validation 2" />
</exclusive-start>
<af-start id="4407" threadId="000000000013D880" totalBytesRequested="80" timestamp="2021-04-05T23:18:48.240" intervalms="1023.706" type="nursery" />
<cycle-start id="4408" type="scavenge" contextid="0" timestamp="2021-04-05T23:18:48.240" intervalms="1023.334" />
<gc-start id="4409" type="scavenge" contextid="4408" timestamp="2021-04-05T23:18:48.240">
  <mem-info id="4410" free="986468448" total="1610612736" percent="61">
    <mem type="nursery" free="0" total="402653184" percent="0">
      <mem type="allocate" free="0" total="333709312" percent="0" />
      <mem type="survivor" free="0" total="68943872" percent="0" />
    </mem>
    <mem type="tenure" free="986468448" total="1207959552" percent="81">
      <mem type="soa" free="926069856" total="1147560960" percent="80" />
      <mem type="loa" free="60398592" total="60398592" percent="100" />
    </mem>
    <remembered-set count="1572" />
  </mem-info>
</gc-start>
<allocation-stats totalBytes="271532848" >
  <allocated-bytes non-tlh="24" tlh="271532824" />
  <largest-consumer threadName="BenchmarkThread xml.validation 8" threadId="000000000033BE00" bytes="46024360" />
</allocation-stats>
<gc-op id="4411" type="scavenge" timems="108.429" contextid="4408" timestamp="2021-04-05T23:18:48.348">
  <scavenger-info tenureage="3" tenuremask="7ff8" tiltratio="82" />
  <memory-copied type="nursery" objects="1545812" bytes="62067096" bytesdiscarded="11856" />
  <memory-copied type="tenure" objects="6" bytes="192" bytesdiscarded="0" />
</gc-op>
<gc-end id="4412" type="scavenge" contextid="4408" durationms="108.418" usertimems="416.115" systemtimems="0.000" timestamp="2021-04-05T23:18:48.349" activeThreads="4">
  <mem-info id="4413" free="1259606136" total="1610612736" percent="78">
    <mem type="nursery" free="273137688" total="402653184" percent="67">
      <mem type="allocate" free="273137688" total="335216640" percent="81" />
      <mem type="survivor" free="0" total="67436544" percent="0" />
    </mem>
    <mem type="tenure" free="986468448" total="1207959552" percent="81" macro-fragmented="0">
      <mem type="soa" free="926069856" total="1147560960" percent="80" />
      <mem type="loa" free="60398592" total="60398592" percent="100" />
    </mem>
    <remembered-set count="1338" />
  </mem-info>
</gc-end>
<cycle-end id="4414" type="scavenge" contextid="4408" timestamp="2021-04-05T23:18:48.349" />
<allocation-satisfied id="4415" threadId="000000000013CF00" bytesRequested="80" />
<af-end id="4416" timestamp="2021-04-05T23:18:48.349" threadId="000000000013D880" success="true" from="nursery"/>
<exclusive-end id="4417" timestamp="2021-04-05T23:18:48.349" durationms="109.094" />

<exclusive-start id="4418" timestamp="2021-04-05T23:18:49.086" intervalms="846.367">
  <response-info timems="0.058" idlems="0.034" threads="1" lastid="000000000033BE00" lastname="BenchmarkThread xml.validation 8" />
</exclusive-start>
<af-start id="4419" threadId="000000000011D480" totalBytesRequested="16" timestamp="2021-04-05T23:18:49.086" intervalms="846.371" type="nursery" />
<cycle-start id="4420" type="scavenge" contextid="0" timestamp="2021-04-05T23:18:49.086" intervalms="846.374" />
<gc-start id="4421" type="scavenge" contextid="4420" timestamp="2021-04-05T23:18:49.086">
  <mem-info id="4422" free="986468448" total="1610612736" percent="61">
    <mem type="nursery" free="0" total="402653184" percent="0">
      <mem type="allocate" free="0" total="335216640" percent="0" />
      <mem type="survivor" free="0" total="67436544" percent="0" />
    </mem>
    <mem type="tenure" free="986468448" total="1207959552" percent="81">
      <mem type="soa" free="926069856" total="1147560960" percent="80" />
      <mem type="loa" free="60398592" total="60398592" percent="100" />
    </mem>
    <remembered-set count="1533" />
  </mem-info>
</gc-start>
<allocation-stats totalBytes="273042136" >
  <allocated-bytes non-tlh="1120" tlh="273041016" />
  <largest-consumer threadName="BenchmarkThread xml.validation 4" threadId="000000000032CF00" bytes="43572936" />
</allocation-stats>
<gc-op id="4423" type="scavenge" timems="122.006" contextid="4420" timestamp="2021-04-05T23:18:49.208">
  <scavenger-info tenureage="3" tenuremask="7ff8" tiltratio="83" />
  <memory-copied type="nursery" objects="1569171" bytes="63400384" bytesdiscarded="10232" />
  <memory-copied type="tenure" objects="4" bytes="128" bytesdiscarded="0" />
</gc-op>
<gc-end id="4424" type="scavenge" contextid="4420" durationms="121.993" usertimems="458.182" systemtimems="0.000" timestamp="2021-04-05T23:18:49.209" activeThreads="4">
  <mem-info id="4425" free="1256242856" total="1610612736" percent="77">
    <mem type="nursery" free="269774408" total="402653184" percent="66">
      <mem type="allocate" free="269774408" total="333185024" percent="80" />
      <mem type="survivor" free="0" total="69468160" percent="0" />
    </mem>
    <mem type="tenure" free="986468448" total="1207959552" percent="81" macro-fragmented="0">
      <mem type="soa" free="926069856" total="1147560960" percent="80" />
      <mem type="loa" free="60398592" total="60398592" percent="100" />
    </mem>
    <remembered-set count="1335" />
  </mem-info>
</gc-end>
<cycle-end id="4426" type="scavenge" contextid="4420" timestamp="2021-04-05T23:18:49.209" />
<allocation-satisfied id="4427" threadId="000000000011CB00" bytesRequested="16" />
<af-end id="4428" timestamp="2021-04-05T23:18:49.209" threadId="000000000011D480" success="true" from="nursery"/>
<exclusive-end id="4429" timestamp="2021-04-05T23:18:49.209" durationms="122.718" />

<exclusive-start id="4430" timestamp="2021-04-05T23:18:50.084" intervalms="997.494">
  <response-info timems="0.047" idlems="0.047" threads="0" lastid="0000000000329300" lastname="BenchmarkThread xml.validation 3" />
</exclusive-start>
<af-start id="4431" threadId="0000000000329C80" totalBytesRequested="32" timestamp="2021-04-05T23:18:50.084" intervalms="997.490" type="nursery" />
<cycle-start id="4432" type="scavenge" contextid="0" timestamp="2021-04-05T23:18:50.084" intervalms="997.487" />
<gc-start id="4433" type="scavenge" contextid="4432" timestamp="2021-04-05T23:18:50.084">
  <mem-info id="4434" free="986468448" total="1610612736" percent="61">
    <mem type="nursery" free="0" total="402653184" percent="0">
      <mem type="allocate" free="0" total="333185024" percent="0" />
      <mem type="survivor" free="0" total="69468160" percent="0" />
    </mem>
    <mem type="tenure" free="986468448" total="1207959552" percent="81">
      <mem type="soa" free="926069856" total="1147560960" percent="80" />
      <mem type="loa" free="60398592" total="60398592" percent="100" />
    </mem>
    <remembered-set count="1546" />
  </mem-info>
</gc-start>
<allocation-stats totalBytes="269693616" >
  <allocated-bytes non-tlh="16" tlh="269693600" />
  <largest-consumer threadName="BenchmarkThread xml.validation 1" threadId="000000000011CB00" bytes="42395848" />
</allocation-stats>
<gc-op id="4435" type="scavenge" timems="105.741" contextid="4432" timestamp="2021-04-05T23:18:50.190">
  <scavenger-info tenureage="3" tenuremask="7ff8" tiltratio="82" />
  <memory-copied type="nursery" objects="1509374" bytes="61336816" bytesdiscarded="11432" />
  <memory-copied type="tenure" objects="8" bytes="256" bytesdiscarded="0" />
</gc-op>
<gc-end id="4436" type="scavenge" contextid="4432" durationms="105.731" usertimems="410.798" systemtimems="0.002" timestamp="2021-04-05T23:18:50.190" activeThreads="4">
  <mem-info id="4437" free="1258501832" total="1610612736" percent="78">
    <mem type="nursery" free="272033384" total="402653184" percent="67">
      <mem type="allocate" free="272033384" total="333381632" percent="81" />
      <mem type="survivor" free="0" total="69271552" percent="0" />
    </mem>
    <mem type="tenure" free="986468448" total="1207959552" percent="81" macro-fragmented="0">
      <mem type="soa" free="926069856" total="1147560960" percent="80" />
      <mem type="loa" free="60398592" total="60398592" percent="100" />
    </mem>
    <remembered-set count="1333" />
  </mem-info>
</gc-end>
<cycle-end id="4438" type="scavenge" contextid="4432" timestamp="2021-04-05T23:18:50.190" />
<allocation-satisfied id="4439" threadId="0000000000329300" bytesRequested="32" />
<af-end id="4440" timestamp="2021-04-05T23:18:50.190" threadId="0000000000329C80" success="true" from="nursery"/>
<exclusive-end id="4441" timestamp="2021-04-05T23:18:50.190" durationms="106.420" />

<exclusive-start id="4442" timestamp="2021-04-05T23:18:50.984" intervalms="899.992">
  <response-info timems="0.048" idlems="0.048" threads="0" lastid="0000000000329300" lastname="BenchmarkThread xml.validation 3" />
</exclusive-start>
<af-start id="4443" threadId="0000000000329C80" totalBytesRequested="1040" timestamp="2021-04-05T23:18:50.984" intervalms="899.990" type="nursery" />
<cycle-start id="4444" type="scavenge" contextid="0" timestamp="2021-04-05T23:18:50.984" intervalms="899.990" />
<gc-start id="4445" type="scavenge" contextid="4444" timestamp="2021-04-05T23:18:50.984">
  <mem-info id="4446" free="986468448" total="1610612736" percent="61">
    <mem type="nursery" free="0" total="402653184" percent="0">
      <mem type="allocate" free="0" total="333381632" percent="0" />
      <mem type="survivor" free="0" total="69271552" percent="0" />
    </mem>
    <mem type="tenure" free="986468448" total="1207959552" percent="81">
      <mem type="soa" free="926069856" total="1147560960" percent="80" />
      <mem type="loa" free="60398592" total="60398592" percent="100" />
    </mem>
    <remembered-set count="1567" />
  </mem-info>
</gc-start>
<allocation-stats totalBytes="271933128" >
  <allocated-bytes non-tlh="2112" tlh="271931016" />
  <largest-consumer threadName="BenchmarkThread xml.validation 8" threadId="000000000033BE00" bytes="44952144" />
</allocation-stats>
<gc-op id="4447" type="scavenge" timems="111.619" contextid="4444" timestamp="2021-04-05T23:18:51.095">
  <scavenger-info tenureage="3" tenuremask="7ff8" tiltratio="82" />
  <memory-copied type="nursery" objects="1543523" bytes="61985480" bytesdiscarded="9568" />
  <memory-copied type="tenure" objects="4" bytes="128" bytesdiscarded="0" />
</gc-op>
<gc-end id="4448" type="scavenge" contextid="4444" durationms="111.607" usertimems="433.434" systemtimems="0.006" timestamp="2021-04-05T23:18:51.096" activeThreads="4">
  <mem-info id="4449" free="1258182712" total="1610612736" percent="78">
    <mem type="nursery" free="271714264" total="402653184" percent="67">
      <mem type="allocate" free="271714264" total="333709312" percent="81" />
      <mem type="survivor" free="0" total="68943872" percent="0" />
    </mem>
    <mem type="tenure" free="986468448" total="1207959552" percent="81" macro-fragmented="0">
      <mem type="soa" free="926069856" total="1147560960" percent="80" />
      <mem type="loa" free="60398592" total="60398592" percent="100" />
    </mem>
    <remembered-set count="1339" />
  </mem-info>
</gc-end>
<cycle-end id="4450" type="scavenge" contextid="4444" timestamp="2021-04-05T23:18:51.096" />
<allocation-satisfied id="4451" threadId="0000000000329300" bytesRequested="1040" />
<af-end id="4452" timestamp="2021-04-05T23:18:51.096" threadId="0000000000329C80" success="true" from="nursery"/>
<exclusive-end id="4453" timestamp="2021-04-05T23:18:51.096" durationms="112.332" />

<exclusive-start id="4454" timestamp="2021-04-05T23:18:51.908" intervalms="924.651">
  <response-info timems="0.063" idlems="0.039" threads="1" lastid="000000000032CF00" lastname="BenchmarkThread xml.validation 4" />
</exclusive-start>
<af-start id="4455" threadId="0000000000335080" totalBytesRequested="1040" timestamp="2021-04-05T23:18:51.908" intervalms="924.658" type="nursery" />
<cycle-start id="4456" type="scavenge" contextid="0" timestamp="2021-04-05T23:18:51.908" intervalms="924.662" />
<gc-start id="4457" type="scavenge" contextid="4456" timestamp="2021-04-05T23:18:51.908">
  <mem-info id="4458" free="986468448" total="1610612736" percent="61">
    <mem type="nursery" free="0" total="402653184" percent="0">
      <mem type="allocate" free="0" total="333709312" percent="0" />
      <mem type="survivor" free="0" total="68943872" percent="0" />
    </mem>
    <mem type="tenure" free="986468448" total="1207959552" percent="81">
      <mem type="soa" free="926069856" total="1147560960" percent="80" />
      <mem type="loa" free="60398592" total="60398592" percent="100" />
    </mem>
    <remembered-set count="1531" />
  </mem-info>
</gc-start>
<allocation-stats totalBytes="271634752" >
  <allocated-bytes non-tlh="1040" tlh="271633712" />
  <largest-consumer threadName="BenchmarkThread xml.validation 4" threadId="000000000032CF00" bytes="45132840" />
</allocation-stats>
<gc-op id="4459" type="scavenge" timems="118.466" contextid="4456" timestamp="2021-04-05T23:18:52.027">
  <scavenger-info tenureage="3" tenuremask="7ff8" tiltratio="82" />
  <memory-copied type="nursery" objects="1527804" bytes="61536792" bytesdiscarded="11536" />
  <memory-copied type="tenure" objects="6" bytes="192" bytesdiscarded="0" />
</gc-op>
<gc-end id="4460" type="scavenge" contextid="4456" durationms="118.454" usertimems="457.701" systemtimems="0.002" timestamp="2021-04-05T23:18:52.027" activeThreads="4">
  <mem-info id="4461" free="1259022648" total="1610612736" percent="78">
    <mem type="nursery" free="272554200" total="402653184" percent="67">
      <mem type="allocate" free="272554200" total="334102528" percent="81" />
      <mem type="survivor" free="0" total="68550656" percent="0" />
    </mem>
    <mem type="tenure" free="986468448" total="1207959552" percent="81" macro-fragmented="0">
      <mem type="soa" free="926069856" total="1147560960" percent="80" />
      <mem type="loa" free="60398592" total="60398592" percent="100" />
    </mem>
    <remembered-set count="1336" />
  </mem-info>
</gc-end>
<cycle-end id="4462" type="scavenge" contextid="4456" timestamp="2021-04-05T23:18:52.028" />
<allocation-satisfied id="4463" threadId="0000000000334700" bytesRequested="1040" />
<af-end id="4464" timestamp="2021-04-05T23:18:52.028" threadId="0000000000335080" success="true" from="nursery"/>
<exclusive-end id="4465" timestamp="2021-04-05T23:18:52.028" durationms="119.279" />

<exclusive-start id="4466" timestamp="2021-04-05T23:18:52.852" intervalms="943.614">
  <response-info timems="0.052" idlems="0.052" threads="0" lastid="000000000032CF00" lastname="BenchmarkThread xml.validation 4" />
</exclusive-start>
<af-start id="4467" threadId="000000000032D880" totalBytesRequested="16" timestamp="2021-04-05T23:18:52.852" intervalms="943.612" type="nursery" />
<cycle-start id="4468" type="scavenge" contextid="0" timestamp="2021-04-05T23:18:52.852" intervalms="943.607" />
<gc-start id="4469" type="scavenge" contextid="4468" timestamp="2021-04-05T23:18:52.852">
  <mem-info id="4470" free="986468448" total="1610612736" percent="61">
    <mem type="nursery" free="0" total="402653184" percent="0">
      <mem type="allocate" free="0" total="334102528" percent="0" />
      <mem type="survivor" free="0" total="68550656" percent="0" />
    </mem>
    <mem type="tenure" free="986468448" total="1207959552" percent="81">
      <mem type="soa" free="926069856" total="1147560960" percent="80" />
      <mem type="loa" free="60398592" total="60398592" percent="100" />
    </mem>
    <remembered-set count="1578" />
  </mem-info>
</gc-start>
<allocation-stats totalBytes="272441896" >
  <allocated-bytes non-tlh="1040" tlh="272440856" />
  <largest-consumer threadName="BenchmarkThread xml.validation 6" threadId="0000000000334700" bytes="53923424" />
</allocation-stats>
<gc-op id="4471" type="scavenge" timems="114.637" contextid="4468" timestamp="2021-04-05T23:18:52.967">
  <scavenger-info tenureage="2" tenuremask="7ffc" tiltratio="82" />
  <memory-copied type="nursery" objects="1230680" bytes="49452104" bytesdiscarded="9496" />
  <memory-copied type="tenure" objects="301699" bytes="12190392" bytesdiscarded="0" />
</gc-op>
<gc-end id="4472" type="scavenge" contextid="4468" durationms="114.625" usertimems="420.626" systemtimems="0.008" timestamp="2021-04-05T23:18:52.967" activeThreads="4">
  <mem-info id="4473" free="1259312896" total="1610612736" percent="78">
    <mem type="nursery" free="285034144" total="402653184" percent="70">
      <mem type="allocate" free="285034144" total="334495744" percent="85" />
      <mem type="survivor" free="0" total="68157440" percent="0" />
    </mem>
    <mem type="tenure" free="974278752" total="1207959552" percent="80" macro-fragmented="0">
      <mem type="soa" free="913880160" total="1147560960" percent="79" />
      <mem type="loa" free="60398592" total="60398592" percent="100" />
    </mem>
    <remembered-set count="1213" />
  </mem-info>
</gc-end>
<cycle-end id="4474" type="scavenge" contextid="4468" timestamp="2021-04-05T23:18:52.967" />
<allocation-satisfied id="4475" threadId="000000000032CF00" bytesRequested="16" />
<af-end id="4476" timestamp="2021-04-05T23:18:52.967" threadId="000000000032D880" success="true" from="nursery"/>
<exclusive-end id="4477" timestamp="2021-04-05T23:18:52.967" durationms="115.361" />

<exclusive-start id="4478" timestamp="2021-04-05T23:18:53.831" intervalms="979.501">
  <response-info timems="0.054" idlems="0.054" threads="0" lastid="000000000033BE00" lastname="BenchmarkThread xml.validation 8" />
</exclusive-start>
<af-start id="4479" threadId="000000000033C780" totalBytesRequested="56" timestamp="2021-04-05T23:18:53.832" intervalms="979.501" type="nursery" />
<cycle-start id="4480" type="scavenge" contextid="0" timestamp="2021-04-05T23:18:53.832" intervalms="979.505" />
<gc-start id="4481" type="scavenge" contextid="4480" timestamp="2021-04-05T23:18:53.832">
  <mem-info id="4482" free="974278752" total="1610612736" percent="60">
    <mem type="nursery" free="0" total="402653184" percent="0">
      <mem type="allocate" free="0" total="334495744" percent="0" />
      <mem type="survivor" free="0" total="68157440" percent="0" />
    </mem>
    <mem type="tenure" free="974278752" total="1207959552" percent="80">
      <mem type="soa" free="913880160" total="1147560960" percent="79" />
      <mem type="loa" free="60398592" total="60398592" percent="100" />
    </mem>
    <remembered-set count="1557" />
  </mem-info>
</gc-start>
<allocation-stats totalBytes="284943944" >
  <allocated-bytes non-tlh="16" tlh="284943928" />
  <largest-consumer threadName="BenchmarkThread xml.validation 4" threadId="000000000032CF00" bytes="46250736" />
</allocation-stats>
<gc-op id="4483" type="scavenge" timems="118.579" contextid="4480" timestamp="2021-04-05T23:18:53.950">
  <scavenger-info tenureage="3" tenuremask="7ff8" tiltratio="83" />
  <memory-copied type="nursery" objects="1544096" bytes="62006296" bytesdiscarded="11896" />
</gc-op>
<gc-end id="4484" type="scavenge" contextid="4480" durationms="118.568" usertimems="468.576" systemtimems="0.006" timestamp="2021-04-05T23:18:53.951" activeThreads="4">
  <mem-info id="4485" free="1236860368" total="1610612736" percent="76">
    <mem type="nursery" free="262581616" total="402653184" percent="65">
      <mem type="allocate" free="262581616" total="324599808" percent="80" />
      <mem type="survivor" free="0" total="78053376" percent="0" />
    </mem>
    <mem type="tenure" free="974278752" total="1207959552" percent="80" macro-fragmented="0">
      <mem type="soa" free="913880160" total="1147560960" percent="79" />
      <mem type="loa" free="60398592" total="60398592" percent="100" />
    </mem>
    <remembered-set count="1345" />
  </mem-info>
</gc-end>
<cycle-end id="4486" type="scavenge" contextid="4480" timestamp="2021-04-05T23:18:53.951" />
<allocation-satisfied id="4487" threadId="000000000033BE00" bytesRequested="56" />
<af-end id="4488" timestamp="2021-04-05T23:18:53.951" threadId="000000000033C780" success="true" from="nursery"/>
<exclusive-end id="4489" timestamp="2021-04-05T23:18:53.951" durationms="119.302" />

<exclusive-start id="4490" timestamp="2021-04-05T23:18:54.653" intervalms="821.074">
  <response-info timems="0.050" idlems="0.050" threads="0" lastid="000000000011CB00" lastname="BenchmarkThread xml.validation 1" />
</exclusive-start>
<af-start id="4491" threadId="000000000011D480" totalBytesRequested="64" timestamp="2021-04-05T23:18:54.653" intervalms="821.070" type="nursery" />
<cycle-start id="4492" type="scavenge" contextid="0" timestamp="2021-04-05T23:18:54.653" intervalms="821.068" />
<gc-start id="4493" type="scavenge" contextid="4492" timestamp="2021-04-05T23:18:54.653">
  <mem-info id="4494" free="974278752" total="1610612736" percent="60">
    <mem type="nursery" free="0" total="402653184" percent="0">
      <mem type="allocate" free="0" total="324599808" percent="0" />
      <mem type="survivor" free="0" total="78053376" percent="0" />
    </mem>
    <mem type="tenure" free="974278752" total="1207959552" percent="80">
      <mem type="soa" free="913880160" total="1147560960" percent="79" />
      <mem type="loa" free="60398592" total="60398592" percent="100" />
    </mem>
    <remembered-set count="1531" />
  </mem-info>
</gc-start>
<allocation-stats totalBytes="262490960" >
  <allocated-bytes non-tlh="56" tlh="262490904" />
  <largest-consumer threadName="BenchmarkThread xml.validation 6" threadId="0000000000334700" bytes="41538360" />
</allocation-stats>
<gc-op id="4495" type="scavenge" timems="106.510" contextid="4492" timestamp="2021-04-05T23:18:54.759">
  <scavenger-info tenureage="3" tenuremask="7ff8" tiltratio="80" />
  <memory-copied type="nursery" objects="1485347" bytes="59986960" bytesdiscarded="13592" />
  <memory-copied type="tenure" objects="6" bytes="192" bytesdiscarded="0" />
</gc-op>
<gc-end id="4496" type="scavenge" contextid="4492" durationms="106.499" usertimems="389.424" systemtimems="4.001" timestamp="2021-04-05T23:18:54.760" activeThreads="4">
  <mem-info id="4497" free="1241040696" total="1610612736" percent="77">
    <mem type="nursery" free="266761944" total="402653184" percent="66">
      <mem type="allocate" free="266761944" total="326762496" percent="81" />
      <mem type="survivor" free="0" total="75890688" percent="0" />
    </mem>
    <mem type="tenure" free="974278752" total="1207959552" percent="80" macro-fragmented="0">
      <mem type="soa" free="913880160" total="1147560960" percent="79" />
      <mem type="loa" free="60398592" total="60398592" percent="100" />
    </mem>
    <remembered-set count="1333" />
  </mem-info>
</gc-end>
<cycle-end id="4498" type="scavenge" contextid="4492" timestamp="2021-04-05T23:18:54.760" />
<allocation-satisfied id="4499" threadId="000000000011CB00" bytesRequested="64" />
<af-end id="4500" timestamp="2021-04-05T23:18:54.760" threadId="000000000011D480" success="true" from="nursery"/>
<exclusive-end id="4501" timestamp="2021-04-05T23:18:54.760" durationms="107.160" />

<exclusive-start id="4502" timestamp="2021-04-05T23:18:55.684" intervalms="1031.095">
  <response-info timems="0.049" idlems="0.049" threads="0" lastid="0000000000338300" lastname="BenchmarkThread xml.validation 7" />
</exclusive-start>
<af-start id="4503" threadId="0000000000338C80" totalBytesRequested="40" timestamp="2021-04-05T23:18:55.684" intervalms="1031.114" type="nursery" />
<cycle-start id="4504" type="scavenge" contextid="0" timestamp="2021-04-05T23:18:55.684" intervalms="1031.116" />
<gc-start id="4505" type="scavenge" contextid="4504" timestamp="2021-04-05T23:18:55.684">
  <mem-info id="4506" free="974278752" total="1610612736" percent="60">
    <mem type="nursery" free="0" total="402653184" percent="0">
      <mem type="allocate" free="0" total="326762496" percent="0" />
      <mem type="survivor" free="0" total="75890688" percent="0" />
    </mem>
    <mem type="tenure" free="974278752" total="1207959552" percent="80">
      <mem type="soa" free="913880160" total="1147560960" percent="79" />
      <mem type="loa" free="60398592" total="60398592" percent="100" />
    </mem>
    <remembered-set count="1596" />
  </mem-info>
</gc-start>
<allocation-stats totalBytes="266667608" >
  <allocated-bytes non-tlh="64" tlh="266667544" />
  <largest-consumer threadName="BenchmarkThread xml.validation 8" threadId="000000000033BE00" bytes="60915976" />
</allocation-stats>
<gc-op id="4507" type="scavenge" timems="119.055" contextid="4504" timestamp="2021-04-05T23:18:55.803">
  <scavenger-info tenureage="3" tenuremask="7ff8" tiltratio="81" />
  <memory-copied type="nursery" objects="1548546" bytes="62195384" bytesdiscarded="9960" />
  <memory-copied type="tenure" objects="6" bytes="192" bytesdiscarded="0" />
</gc-op>
<gc-end id="4508" type="scavenge" contextid="4504" durationms="119.043" usertimems="470.786" systemtimems="0.012" timestamp="2021-04-05T23:18:55.803" activeThreads="4">
  <mem-info id="4509" free="1243882176" total="1610612736" percent="77">
    <mem type="nursery" free="269603424" total="402653184" percent="66">
      <mem type="allocate" free="269603424" total="331808768" percent="81" />
      <mem type="survivor" free="0" total="70844416" percent="0" />
    </mem>
    <mem type="tenure" free="974278752" total="1207959552" percent="80" macro-fragmented="0">
      <mem type="soa" free="913880160" total="1147560960" percent="79" />
      <mem type="loa" free="60398592" total="60398592" percent="100" />
    </mem>
    <remembered-set count="1343" />
  </mem-info>
</gc-end>
<cycle-end id="4510" type="scavenge" contextid="4504" timestamp="2021-04-05T23:18:55.803" />
<allocation-satisfied id="4511" threadId="0000000000338300" bytesRequested="40" />
<af-end id="4512" timestamp="2021-04-05T23:18:55.803" threadId="0000000000338C80" success="true" from="nursery"/>
<exclusive-end id="4513" timestamp="2021-04-05T23:18:55.803" durationms="119.800" />

<exclusive-start id="4514" timestamp="2021-04-05T23:18:56.500" intervalms="816.533">
  <response-info timems="0.044" idlems="0.044" threads="0" lastid="000000000033BE00" lastname="BenchmarkThread xml.validation 8" />
</exclusive-start>
<af-start id="4515" threadId="000000000033C780" totalBytesRequested="16" timestamp="2021-04-05T23:18:56.500" intervalms="816.516" type="nursery" />
<cycle-start id="4516" type="scavenge" contextid="0" timestamp="2021-04-05T23:18:56.500" intervalms="816.512" />
<gc-start id="4517" type="scavenge" contextid="4516" timestamp="2021-04-05T23:18:56.500">
  <mem-info id="4518" free="974278752" total="1610612736" percent="60">
    <mem type="nursery" free="0" total="402653184" percent="0">
      <mem type="allocate" free="0" total="331808768" percent="0" />
      <mem type="survivor" free="0" total="70844416" percent="0" />
    </mem>
    <mem type="tenure" free="974278752" total="1207959552" percent="80">
      <mem type="soa" free="913880160" total="1147560960" percent="79" />
      <mem type="loa" free="60398592" total="60398592" percent="100" />
    </mem>
    <remembered-set count="1530" />
  </mem-info>
</gc-start>
<allocation-stats totalBytes="269505936" >
  <allocated-bytes non-tlh="40" tlh="269505896" />
  <largest-consumer threadName="BenchmarkThread xml.validation 7" threadId="0000000000338300" bytes="41895416" />
</allocation-stats>
<gc-op id="4519" type="scavenge" timems="103.211" contextid="4516" timestamp="2021-04-05T23:18:56.604">
  <scavenger-info tenureage="3" tenuremask="7ff8" tiltratio="82" />
  <memory-copied type="nursery" objects="1511948" bytes="61011872" bytesdiscarded="10320" />
  <memory-copied type="tenure" objects="14" bytes="448" bytesdiscarded="0" />
</gc-op>
<gc-end id="4520" type="scavenge" contextid="4516" durationms="103.201" usertimems="389.836" systemtimems="0.002" timestamp="2021-04-05T23:18:56.604" activeThreads="4">
  <mem-info id="4521" free="1245786224" total="1610612736" percent="77">
    <mem type="nursery" free="271507472" total="402653184" percent="67">
      <mem type="allocate" free="271507472" total="332529664" percent="81" />
      <mem type="survivor" free="0" total="70123520" percent="0" />
    </mem>
    <mem type="tenure" free="974278752" total="1207959552" percent="80" macro-fragmented="0">
      <mem type="soa" free="913880160" total="1147560960" percent="79" />
      <mem type="loa" free="60398592" total="60398592" percent="100" />
    </mem>
    <remembered-set count="1333" />
  </mem-info>
</gc-end>
<cycle-end id="4522" type="scavenge" contextid="4516" timestamp="2021-04-05T23:18:56.604" />
<allocation-satisfied id="4523" threadId="000000000033BE00" bytesRequested="16" />
<af-end id="4524" timestamp="2021-04-05T23:18:56.604" threadId="000000000033C780" success="true" from="nursery"/>
<exclusive-end id="4525" timestamp="2021-04-05T23:18:56.604" durationms="104.053" />

<exclusive-start id="4526" timestamp="2021-04-05T23:18:57.394" intervalms="894.314">
  <response-info timems="0.080" idlems="0.052" threads="1" lastid="000000000011CB00" lastname="BenchmarkThread xml.validation 1" />
</exclusive-start>
<af-start id="4527" threadId="000000000033C780" totalBytesRequested="136" timestamp="2021-04-05T23:18:57.395" intervalms="894.318" type="nursery" />
<cycle-start id="4528" type="scavenge" contextid="0" timestamp="2021-04-05T23:18:57.395" intervalms="894.324" />
<gc-start id="4529" type="scavenge" contextid="4528" timestamp="2021-04-05T23:18:57.395">
  <mem-info id="4530" free="974278752" total="1610612736" percent="60">
    <mem type="nursery" free="0" total="402653184" percent="0">
      <mem type="allocate" free="0" total="332529664" percent="0" />
      <mem type="survivor" free="0" total="70123520" percent="0" />
    </mem>
    <mem type="tenure" free="974278752" total="1207959552" percent="80">
      <mem type="soa" free="913880160" total="1147560960" percent="79" />
      <mem type="loa" free="60398592" total="60398592" percent="100" />
    </mem>
    <remembered-set count="1540" />
  </mem-info>
</gc-start>
<allocation-stats totalBytes="271439200" >
  <allocated-bytes non-tlh="16" tlh="271439184" />
  <largest-consumer threadName="BenchmarkThread xml.validation 1" threadId="000000000011CB00" bytes="44806856" />
</allocation-stats>
<gc-op id="4531" type="scavenge" timems="127.275" contextid="4528" timestamp="2021-04-05T23:18:57.522">
  <scavenger-info tenureage="3" tenuremask="7ff8" tiltratio="82" />
  <memory-copied type="nursery" objects="1545557" bytes="62041656" bytesdiscarded="11392" />
  <memory-copied type="tenure" objects="10" bytes="320" bytesdiscarded="0" />
</gc-op>
<gc-end id="4532" type="scavenge" contextid="4528" durationms="127.264" usertimems="465.216" systemtimems="3.991" timestamp="2021-04-05T23:18:57.522" activeThreads="4">
  <mem-info id="4533" free="1246328232" total="1610612736" percent="77">
    <mem type="nursery" free="272049480" total="402653184" percent="67">
      <mem type="allocate" free="272049480" total="334102528" percent="81" />
      <mem type="survivor" free="0" total="68550656" percent="0" />
    </mem>
    <mem type="tenure" free="974278752" total="1207959552" percent="80" macro-fragmented="0">
      <mem type="soa" free="913880160" total="1147560960" percent="79" />
      <mem type="loa" free="60398592" total="60398592" percent="100" />
    </mem>
    <remembered-set count="1336" />
  </mem-info>
</gc-end>
<cycle-end id="4534" type="scavenge" contextid="4528" timestamp="2021-04-05T23:18:57.522" />
<allocation-satisfied id="4535" threadId="000000000033BE00" bytesRequested="136" />
<af-end id="4536" timestamp="2021-04-05T23:18:57.522" threadId="000000000033C780" success="true" from="nursery"/>
<exclusive-end id="4537" timestamp="2021-04-05T23:18:57.522" durationms="128.041" />

<exclusive-start id="4538" timestamp="2021-04-05T23:18:58.415" intervalms="1020.653">
  <response-info timems="0.064" idlems="0.064" threads="0" lastid="0000000000329300" lastname="BenchmarkThread xml.validation 3" />
</exclusive-start>
<af-start id="4539" threadId="0000000000329C80" totalBytesRequested="1040" timestamp="2021-04-05T23:18:58.415" intervalms="1020.650" type="nursery" />
<cycle-start id="4540" type="scavenge" contextid="0" timestamp="2021-04-05T23:18:58.415" intervalms="1020.651" />
<gc-start id="4541" type="scavenge" contextid="4540" timestamp="2021-04-05T23:18:58.415">
  <mem-info id="4542" free="974278752" total="1610612736" percent="60">
    <mem type="nursery" free="0" total="402653184" percent="0">
      <mem type="allocate" free="0" total="334102528" percent="0" />
      <mem type="survivor" free="0" total="68550656" percent="0" />
    </mem>
    <mem type="tenure" free="974278752" total="1207959552" percent="80">
      <mem type="soa" free="913880160" total="1147560960" percent="79" />
      <mem type="loa" free="60398592" total="60398592" percent="100" />
    </mem>
    <remembered-set count="1580" />
  </mem-info>
</gc-start>
<allocation-stats totalBytes="271942440" >
  <allocated-bytes non-tlh="136" tlh="271942304" />
  <largest-consumer threadName="BenchmarkThread xml.validation 2" threadId="000000000013CF00" bytes="59078568" />
</allocation-stats>
<gc-op id="4543" type="scavenge" timems="118.001" contextid="4540" timestamp="2021-04-05T23:18:58.533">
  <scavenger-info tenureage="3" tenuremask="7ff8" tiltratio="82" />
  <memory-copied type="nursery" objects="1580549" bytes="63806544" bytesdiscarded="14384" />
  <memory-copied type="tenure" objects="4" bytes="128" bytesdiscarded="0" />
</gc-op>
<gc-end id="4544" type="scavenge" contextid="4540" durationms="117.678" usertimems="418.051" systemtimems="0.002" timestamp="2021-04-05T23:18:58.534" activeThreads="4">
  <mem-info id="4545" free="1242594272" total="1610612736" percent="77">
    <mem type="nursery" free="268446592" total="402653184" percent="66">
      <mem type="allocate" free="268446592" total="332267520" percent="80" />
      <mem type="survivor" free="0" total="70385664" percent="0" />
    </mem>
    <mem type="tenure" free="974147680" total="1207959552" percent="80" macro-fragmented="0">
      <mem type="soa" free="913749088" total="1147560960" percent="79" />
      <mem type="loa" free="60398592" total="60398592" percent="100" />
    </mem>
    <remembered-set count="1340" />
  </mem-info>
</gc-end>
<cycle-end id="4546" type="scavenge" contextid="4540" timestamp="2021-04-05T23:18:58.534" />
<allocation-satisfied id="4547" threadId="0000000000329300" bytesRequested="1040" />
<af-end id="4548" timestamp="2021-04-05T23:18:58.534" threadId="0000000000329C80" success="true" from="nursery"/>
<exclusive-end id="4549" timestamp="2021-04-05T23:18:58.534" durationms="118.779" />

<exclusive-start id="4550" timestamp="2021-04-05T23:18:59.238" intervalms="823.018">
  <response-info timems="0.074" idlems="0.042" threads="2" lastid="0000000000334700" lastname="BenchmarkThread xml.validation 6" />
</exclusive-start>
<af-start id="4551" threadId="000000000011D480" totalBytesRequested="1040" timestamp="2021-04-05T23:18:59.238" intervalms="823.021" type="nursery" />
<cycle-start id="4552" type="scavenge" contextid="0" timestamp="2021-04-05T23:18:59.238" intervalms="823.019" />
<gc-start id="4553" type="scavenge" contextid="4552" timestamp="2021-04-05T23:18:59.238">
  <mem-info id="4554" free="974147680" total="1610612736" percent="60">
    <mem type="nursery" free="0" total="402653184" percent="0">
      <mem type="allocate" free="0" total="332267520" percent="0" />
      <mem type="survivor" free="0" total="70385664" percent="0" />
    </mem>
    <mem type="tenure" free="974147680" total="1207959552" percent="80">
      <mem type="soa" free="913749088" total="1147560960" percent="79" />
      <mem type="loa" free="60398592" total="60398592" percent="100" />
    </mem>
    <remembered-set count="1523" />
  </mem-info>
</gc-start>
<allocation-stats totalBytes="268346424" >
  <allocated-bytes non-tlh="1040" tlh="268345384" />
  <largest-consumer threadName="BenchmarkThread xml.validation 7" threadId="0000000000338300" bytes="39501192" />
</allocation-stats>
<gc-op id="4555" type="scavenge" timems="124.088" contextid="4552" timestamp="2021-04-05T23:18:59.362">
  <scavenger-info tenureage="3" tenuremask="7ff8" tiltratio="82" />
  <memory-copied type="nursery" objects="1557236" bytes="63061896" bytesdiscarded="11992" />
  <memory-copied type="tenure" objects="4" bytes="128" bytesdiscarded="0" />
</gc-op>
<gc-end id="4556" type="scavenge" contextid="4552" durationms="124.076" usertimems="459.834" systemtimems="0.000" timestamp="2021-04-05T23:18:59.363" activeThreads="4">
  <mem-info id="4557" free="1243603456" total="1610612736" percent="77">
    <mem type="nursery" free="269455776" total="402653184" percent="66">
      <mem type="allocate" free="269455776" total="332529664" percent="81" />
      <mem type="survivor" free="0" total="70123520" percent="0" />
    </mem>
    <mem type="tenure" free="974147680" total="1207959552" percent="80" macro-fragmented="0">
      <mem type="soa" free="913749088" total="1147560960" percent="79" />
      <mem type="loa" free="60398592" total="60398592" percent="100" />
    </mem>
    <remembered-set count="1335" />
  </mem-info>
</gc-end>
<cycle-end id="4558" type="scavenge" contextid="4552" timestamp="2021-04-05T23:18:59.363" />
<allocation-satisfied id="4559" threadId="000000000011CB00" bytesRequested="1040" />
<af-end id="4560" timestamp="2021-04-05T23:18:59.363" threadId="000000000011D480" success="true" from="nursery"/>
<exclusive-end id="4561" timestamp="2021-04-05T23:18:59.363" durationms="124.956" />

<exclusive-start id="4562" timestamp="2021-04-05T23:19:00.226" intervalms="987.624">
  <response-info timems="0.047" idlems="0.047" threads="0" lastid="0000000000329300" lastname="BenchmarkThread xml.validation 3" />
</exclusive-start>
<af-start id="4563" threadId="0000000000329C80" totalBytesRequested="64" timestamp="2021-04-05T23:19:00.226" intervalms="987.618" type="nursery" />
<cycle-start id="4564" type="scavenge" contextid="0" timestamp="2021-04-05T23:19:00.226" intervalms="987.615" />
<gc-start id="4565" type="scavenge" contextid="4564" timestamp="2021-04-05T23:19:00.226">
  <mem-info id="4566" free="974147680" total="1610612736" percent="60">
    <mem type="nursery" free="0" total="402653184" percent="0">
      <mem type="allocate" free="0" total="332529664" percent="0" />
      <mem type="survivor" free="0" total="70123520" percent="0" />
    </mem>
    <mem type="tenure" free="974147680" total="1207959552" percent="80">
      <mem type="soa" free="913749088" total="1147560960" percent="79" />
      <mem type="loa" free="60398592" total="60398592" percent="100" />
    </mem>
    <remembered-set count="1552" />
  </mem-info>
</gc-start>
<allocation-stats totalBytes="269357784" >
  <allocated-bytes non-tlh="6240" tlh="269351544" />
  <largest-consumer threadName="BenchmarkThread xml.validation 8" threadId="000000000033BE00" bytes="44126088" />
</allocation-stats>
<gc-op id="4567" type="scavenge" timems="107.856" contextid="4564" timestamp="2021-04-05T23:19:00.334">
  <scavenger-info tenureage="3" tenuremask="7ff8" tiltratio="82" />
  <memory-copied type="nursery" objects="1517412" bytes="61184568" bytesdiscarded="12280" />
  <memory-copied type="tenure" objects="10" bytes="320" bytesdiscarded="0" />
</gc-op>
<gc-end id="4568" type="scavenge" contextid="4564" durationms="107.846" usertimems="410.553" systemtimems="0.000" timestamp="2021-04-05T23:19:00.334" activeThreads="4">
  <mem-info id="4569" free="1245873712" total="1610612736" percent="77">
    <mem type="nursery" free="271726032" total="402653184" percent="67">
      <mem type="allocate" free="271726032" total="332922880" percent="81" />
      <mem type="survivor" free="0" total="69730304" percent="0" />
    </mem>
    <mem type="tenure" free="974147680" total="1207959552" percent="80" macro-fragmented="0">
      <mem type="soa" free="913749088" total="1147560960" percent="79" />
      <mem type="loa" free="60398592" total="60398592" percent="100" />
    </mem>
    <remembered-set count="1341" />
  </mem-info>
</gc-end>
<cycle-end id="4570" type="scavenge" contextid="4564" timestamp="2021-04-05T23:19:00.334" />
<allocation-satisfied id="4571" threadId="0000000000329300" bytesRequested="64" />
<af-end id="4572" timestamp="2021-04-05T23:19:00.334" threadId="0000000000329C80" success="true" from="nursery"/>
<exclusive-end id="4573" timestamp="2021-04-05T23:19:00.334" durationms="108.520" />

<exclusive-start id="4574" timestamp="2021-04-05T23:19:01.125" intervalms="899.157">
  <response-info timems="0.052" idlems="0.052" threads="0" lastid="000000000032CF00" lastname="BenchmarkThread xml.validation 4" />
</exclusive-start>
<af-start id="4575" threadId="000000000032D880" totalBytesRequested="16" timestamp="2021-04-05T23:19:01.125" intervalms="899.161" type="nursery" />
<cycle-start id="4576" type="scavenge" contextid="0" timestamp="2021-04-05T23:19:01.125" intervalms="899.164" />
<gc-start id="4577" type="scavenge" contextid="4576" timestamp="2021-04-05T23:19:01.125">
  <mem-info id="4578" free="974147680" total="1610612736" percent="60">
    <mem type="nursery" free="0" total="402653184" percent="0">
      <mem type="allocate" free="0" total="332922880" percent="0" />
      <mem type="survivor" free="0" total="69730304" percent="0" />
    </mem>
    <mem type="tenure" free="974147680" total="1207959552" percent="80">
      <mem type="soa" free="913749088" total="1147560960" percent="79" />
      <mem type="loa" free="60398592" total="60398592" percent="100" />
    </mem>
    <remembered-set count="1572" />
  </mem-info>
</gc-start>
<allocation-stats totalBytes="271633896" >
  <allocated-bytes non-tlh="64" tlh="271633832" />
  <largest-consumer threadName="BenchmarkThread xml.validation 2" threadId="000000000013CF00" bytes="42031984" />
</allocation-stats>
<gc-op id="4579" type="scavenge" timems="118.380" contextid="4576" timestamp="2021-04-05T23:19:01.243">
  <scavenger-info tenureage="3" tenuremask="7ff8" tiltratio="82" />
  <memory-copied type="nursery" objects="1544277" bytes="61997160" bytesdiscarded="11976" />
  <memory-copied type="tenure" objects="4" bytes="128" bytesdiscarded="0" />
</gc-op>
<gc-end id="4580" type="scavenge" contextid="4576" durationms="118.368" usertimems="457.165" systemtimems="0.000" timestamp="2021-04-05T23:19:01.244" activeThreads="4">
  <mem-info id="4581" free="1245454640" total="1610612736" percent="77">
    <mem type="nursery" free="271306960" total="402653184" percent="67">
      <mem type="allocate" free="271306960" total="333316096" percent="81" />
      <mem type="survivor" free="0" total="69337088" percent="0" />
    </mem>
    <mem type="tenure" free="974147680" total="1207959552" percent="80" macro-fragmented="0">
      <mem type="soa" free="913749088" total="1147560960" percent="79" />
      <mem type="loa" free="60398592" total="60398592" percent="100" />
    </mem>
    <remembered-set count="1340" />
  </mem-info>
</gc-end>
<cycle-end id="4582" type="scavenge" contextid="4576" timestamp="2021-04-05T23:19:01.244" />
<allocation-satisfied id="4583" threadId="000000000032CF00" bytesRequested="16" />
<af-end id="4584" timestamp="2021-04-05T23:19:01.244" threadId="000000000032D880" success="true" from="nursery"/>
<exclusive-end id="4585" timestamp="2021-04-05T23:19:01.244" durationms="119.112" />

<exclusive-start id="4586" timestamp="2021-04-05T23:19:02.027" intervalms="902.338">
  <response-info timems="0.064" idlems="0.034" threads="2" lastid="000000000033BE00" lastname="BenchmarkThread xml.validation 8" />
</exclusive-start>
<af-start id="4587" threadId="0000000000338C80" totalBytesRequested="16" timestamp="2021-04-05T23:19:02.027" intervalms="902.337" type="nursery" />
<cycle-start id="4588" type="scavenge" contextid="0" timestamp="2021-04-05T23:19:02.027" intervalms="902.350" />
<gc-start id="4589" type="scavenge" contextid="4588" timestamp="2021-04-05T23:19:02.027">
  <mem-info id="4590" free="974147680" total="1610612736" percent="60">
    <mem type="nursery" free="0" total="402653184" percent="0">
      <mem type="allocate" free="0" total="333316096" percent="0" />
      <mem type="survivor" free="0" total="69337088" percent="0" />
    </mem>
    <mem type="tenure" free="974147680" total="1207959552" percent="80">
      <mem type="soa" free="913749088" total="1147560960" percent="79" />
      <mem type="loa" free="60398592" total="60398592" percent="100" />
    </mem>
    <remembered-set count="1512" />
  </mem-info>
</gc-start>
<allocation-stats totalBytes="271209336" >
  <allocated-bytes non-tlh="16" tlh="271209320" />
  <largest-consumer threadName="BenchmarkThread xml.validation 6" threadId="0000000000334700" bytes="49496928" />
</allocation-stats>
<gc-op id="4591" type="scavenge" timems="109.646" contextid="4588" timestamp="2021-04-05T23:19:02.137">
  <scavenger-info tenureage="3" tenuremask="7ff8" tiltratio="82" />
  <memory-copied type="nursery" objects="1544656" bytes="62735056" bytesdiscarded="9888" />
  <memory-copied type="tenure" objects="4" bytes="128" bytesdiscarded="0" />
</gc-op>
<gc-end id="4592" type="scavenge" contextid="4588" durationms="109.635" usertimems="421.576" systemtimems="0.003" timestamp="2021-04-05T23:19:02.137" activeThreads="4">
  <mem-info id="4593" free="1244849904" total="1610612736" percent="77">
    <mem type="nursery" free="270702224" total="402653184" percent="67">
      <mem type="allocate" free="270702224" total="333447168" percent="81" />
      <mem type="survivor" free="0" total="69206016" percent="0" />
    </mem>
    <mem type="tenure" free="974147680" total="1207959552" percent="80" macro-fragmented="0">
      <mem type="soa" free="913749088" total="1147560960" percent="79" />
      <mem type="loa" free="60398592" total="60398592" percent="100" />
    </mem>
    <remembered-set count="1336" />
  </mem-info>
</gc-end>
<cycle-end id="4594" type="scavenge" contextid="4588" timestamp="2021-04-05T23:19:02.138" />
<allocation-satisfied id="4595" threadId="0000000000338300" bytesRequested="16" />
<af-end id="4596" timestamp="2021-04-05T23:19:02.138" threadId="0000000000338C80" success="true" from="nursery"/>
<exclusive-end id="4597" timestamp="2021-04-05T23:19:02.138" durationms="110.320" />

<exclusive-start id="4598" timestamp="2021-04-05T23:19:02.987" intervalms="959.285">
  <response-info timems="0.075" idlems="0.048" threads="1" lastid="000000000011CB00" lastname="BenchmarkThread xml.validation 1" />
</exclusive-start>
<af-start id="4599" threadId="0000000000335080" totalBytesRequested="24" timestamp="2021-04-05T23:19:02.987" intervalms="959.284" type="nursery" />
<cycle-start id="4600" type="scavenge" contextid="0" timestamp="2021-04-05T23:19:02.987" intervalms="959.268" />
<gc-start id="4601" type="scavenge" contextid="4600" timestamp="2021-04-05T23:19:02.987">
  <mem-info id="4602" free="974147680" total="1610612736" percent="60">
    <mem type="nursery" free="0" total="402653184" percent="0">
      <mem type="allocate" free="0" total="333447168" percent="0" />
      <mem type="survivor" free="0" total="69206016" percent="0" />
    </mem>
    <mem type="tenure" free="974147680" total="1207959552" percent="80">
      <mem type="soa" free="913749088" total="1147560960" percent="79" />
      <mem type="loa" free="60398592" total="60398592" percent="100" />
    </mem>
    <remembered-set count="1584" />
  </mem-info>
</gc-start>
<allocation-stats totalBytes="270611008" >
  <allocated-bytes non-tlh="16" tlh="270610992" />
  <largest-consumer threadName="BenchmarkThread xml.validation 8" threadId="000000000033BE00" bytes="47661936" />
</allocation-stats>
<gc-op id="4603" type="scavenge" timems="115.459" contextid="4600" timestamp="2021-04-05T23:19:03.102">
  <scavenger-info tenureage="3" tenuremask="7ff8" tiltratio="82" />
  <memory-copied type="nursery" objects="1560528" bytes="62838808" bytesdiscarded="10448" />
  <memory-copied type="tenure" objects="10" bytes="320" bytesdiscarded="0" />
</gc-op>
<gc-end id="4604" type="scavenge" contextid="4600" durationms="115.448" usertimems="415.065" systemtimems="3.994" timestamp="2021-04-05T23:19:03.103" activeThreads="4">
  <mem-info id="4605" free="1245728632" total="1610612736" percent="77">
    <mem type="nursery" free="271580952" total="402653184" percent="67">
      <mem type="allocate" free="271580952" total="334430208" percent="81" />
      <mem type="survivor" free="0" total="68222976" percent="0" />
    </mem>
    <mem type="tenure" free="974147680" total="1207959552" percent="80" macro-fragmented="0">
      <mem type="soa" free="913749088" total="1147560960" percent="79" />
      <mem type="loa" free="60398592" total="60398592" percent="100" />
    </mem>
    <remembered-set count="1335" />
  </mem-info>
</gc-end>
<cycle-end id="4606" type="scavenge" contextid="4600" timestamp="2021-04-05T23:19:03.103" />
<allocation-satisfied id="4607" threadId="0000000000334700" bytesRequested="24" />
<af-end id="4608" timestamp="2021-04-05T23:19:03.103" threadId="0000000000335080" success="true" from="nursery"/>
<exclusive-end id="4609" timestamp="2021-04-05T23:19:03.103" durationms="116.236" />

<exclusive-start id="4610" timestamp="2021-04-05T23:19:03.925" intervalms="938.366">
  <response-info timems="0.052" idlems="0.052" threads="0" lastid="0000000000334700" lastname="BenchmarkThread xml.validation 6" />
</exclusive-start>
<af-start id="4611" threadId="0000000000335080" totalBytesRequested="16" timestamp="2021-04-05T23:19:03.925" intervalms="938.370" type="nursery" />
<cycle-start id="4612" type="scavenge" contextid="0" timestamp="2021-04-05T23:19:03.925" intervalms="938.379" />
<gc-start id="4613" type="scavenge" contextid="4612" timestamp="2021-04-05T23:19:03.925">
  <mem-info id="4614" free="974147680" total="1610612736" percent="60">
    <mem type="nursery" free="0" total="402653184" percent="0">
      <mem type="allocate" free="0" total="334430208" percent="0" />
      <mem type="survivor" free="0" total="68222976" percent="0" />
    </mem>
    <mem type="tenure" free="974147680" total="1207959552" percent="80">
      <mem type="soa" free="913749088" total="1147560960" percent="79" />
      <mem type="loa" free="60398592" total="60398592" percent="100" />
    </mem>
    <remembered-set count="1545" />
  </mem-info>
</gc-start>
<allocation-stats totalBytes="271459272" >
  <allocated-bytes non-tlh="24" tlh="271459248" />
  <largest-consumer threadName="BenchmarkThread xml.validation 7" threadId="0000000000338300" bytes="42083224" />
</allocation-stats>
<gc-op id="4615" type="scavenge" timems="131.328" contextid="4612" timestamp="2021-04-05T23:19:04.056">
  <scavenger-info tenureage="3" tenuremask="7ff8" tiltratio="83" />
  <memory-copied type="nursery" objects="1605551" bytes="64818200" bytesdiscarded="12544" />
  <memory-copied type="tenure" objects="2" bytes="64" bytesdiscarded="0" />
</gc-op>
<gc-end id="4616" type="scavenge" contextid="4612" durationms="131.016" usertimems="467.584" systemtimems="0.000" timestamp="2021-04-05T23:19:04.057" activeThreads="4">
  <mem-info id="4617" free="1240601416" total="1610612736" percent="77">
    <mem type="nursery" free="266453736" total="402653184" percent="66">
      <mem type="allocate" free="266453736" total="331284480" percent="80" />
      <mem type="survivor" free="0" total="71368704" percent="0" />
    </mem>
    <mem type="tenure" free="974147680" total="1207959552" percent="80" macro-fragmented="0">
      <mem type="soa" free="913749088" total="1147560960" percent="79" />
      <mem type="loa" free="60398592" total="60398592" percent="100" />
    </mem>
    <remembered-set count="1339" />
  </mem-info>
</gc-end>
<cycle-end id="4618" type="scavenge" contextid="4612" timestamp="2021-04-05T23:19:04.057" />
<allocation-satisfied id="4619" threadId="0000000000334700" bytesRequested="16" />
<af-end id="4620" timestamp="2021-04-05T23:19:04.057" threadId="0000000000335080" success="true" from="nursery"/>
<exclusive-end id="4621" timestamp="2021-04-05T23:19:04.057" durationms="132.166" />

<exclusive-start id="4622" timestamp="2021-04-05T23:19:04.721" intervalms="796.361">
  <response-info timems="0.064" idlems="0.039" threads="1" lastid="0000000000334700" lastname="BenchmarkThread xml.validation 6" />
</exclusive-start>
<af-start id="4623" threadId="000000000033C780" totalBytesRequested="40" timestamp="2021-04-05T23:19:04.721" intervalms="796.355" type="nursery" />
<cycle-start id="4624" type="scavenge" contextid="0" timestamp="2021-04-05T23:19:04.721" intervalms="796.346" />
<gc-start id="4625" type="scavenge" contextid="4624" timestamp="2021-04-05T23:19:04.721">
  <mem-info id="4626" free="974147680" total="1610612736" percent="60">
    <mem type="nursery" free="0" total="402653184" percent="0">
      <mem type="allocate" free="0" total="331284480" percent="0" />
      <mem type="survivor" free="0" total="71368704" percent="0" />
    </mem>
    <mem type="tenure" free="974147680" total="1207959552" percent="80">
      <mem type="soa" free="913749088" total="1147560960" percent="79" />
      <mem type="loa" free="60398592" total="60398592" percent="100" />
    </mem>
    <remembered-set count="1505" />
  </mem-info>
</gc-start>
<allocation-stats totalBytes="266376432" >
  <allocated-bytes non-tlh="16" tlh="266376416" />
  <largest-consumer threadName="BenchmarkThread xml.validation 8" threadId="000000000033BE00" bytes="51187752" />
</allocation-stats>
<gc-op id="4627" type="scavenge" timems="103.672" contextid="4624" timestamp="2021-04-05T23:19:04.825">
  <scavenger-info tenureage="3" tenuremask="7ff8" tiltratio="82" />
  <memory-copied type="nursery" objects="1490715" bytes="60455384" bytesdiscarded="9056" />
  <memory-copied type="tenure" objects="8" bytes="256" bytesdiscarded="0" />
</gc-op>
<gc-end id="4628" type="scavenge" contextid="4624" durationms="103.661" usertimems="397.344" systemtimems="0.000" timestamp="2021-04-05T23:19:04.825" activeThreads="4">
  <mem-info id="4629" free="1245229864" total="1610612736" percent="77">
    <mem type="nursery" free="271082184" total="402653184" percent="67">
      <mem type="allocate" free="271082184" total="331546624" percent="81" />
      <mem type="survivor" free="0" total="71106560" percent="0" />
    </mem>
    <mem type="tenure" free="974147680" total="1207959552" percent="80" macro-fragmented="0">
      <mem type="soa" free="913749088" total="1147560960" percent="79" />
      <mem type="loa" free="60398592" total="60398592" percent="100" />
    </mem>
    <remembered-set count="1332" />
  </mem-info>
</gc-end>
<cycle-end id="4630" type="scavenge" contextid="4624" timestamp="2021-04-05T23:19:04.826" />
<allocation-satisfied id="4631" threadId="000000000033BE00" bytesRequested="40" />
<af-end id="4632" timestamp="2021-04-05T23:19:04.826" threadId="000000000033C780" success="true" from="nursery"/>
<exclusive-end id="4633" timestamp="2021-04-05T23:19:04.826" durationms="104.319" />

<exclusive-start id="4634" timestamp="2021-04-05T23:19:05.786" intervalms="1064.885">
  <response-info timems="0.070" idlems="0.043" threads="1" lastid="000000000013CF00" lastname="BenchmarkThread xml.validation 2" />
</exclusive-start>
<af-start id="4635" threadId="000000000033C780" totalBytesRequested="1040" timestamp="2021-04-05T23:19:05.786" intervalms="1064.888" type="nursery" />
<cycle-start id="4636" type="scavenge" contextid="0" timestamp="2021-04-05T23:19:05.786" intervalms="1064.891" />
<gc-start id="4637" type="scavenge" contextid="4636" timestamp="2021-04-05T23:19:05.786">
  <mem-info id="4638" free="974147680" total="1610612736" percent="60">
    <mem type="nursery" free="0" total="402653184" percent="0">
      <mem type="allocate" free="0" total="331546624" percent="0" />
      <mem type="survivor" free="0" total="71106560" percent="0" />
    </mem>
    <mem type="tenure" free="974147680" total="1207959552" percent="80">
      <mem type="soa" free="913749088" total="1147560960" percent="79" />
      <mem type="loa" free="60398592" total="60398592" percent="100" />
    </mem>
    <remembered-set count="1597" />
  </mem-info>
</gc-start>
<allocation-stats totalBytes="270982320" >
  <allocated-bytes non-tlh="3160" tlh="270979160" />
  <largest-consumer threadName="BenchmarkThread xml.validation 1" threadId="000000000011CB00" bytes="52378480" />
</allocation-stats>
<gc-op id="4639" type="scavenge" timems="117.898" contextid="4636" timestamp="2021-04-05T23:19:05.904">
  <scavenger-info tenureage="3" tenuremask="7ff8" tiltratio="82" />
  <memory-copied type="nursery" objects="1486953" bytes="60017712" bytesdiscarded="12336" />
  <memory-copied type="tenure" objects="6" bytes="192" bytesdiscarded="0" />
</gc-op>
<gc-end id="4640" type="scavenge" contextid="4636" durationms="117.886" usertimems="445.541" systemtimems="0.000" timestamp="2021-04-05T23:19:05.905" activeThreads="4">
  <mem-info id="4641" free="1246843904" total="1610612736" percent="77">
    <mem type="nursery" free="272696224" total="402653184" percent="67">
      <mem type="allocate" free="272696224" total="332726272" percent="81" />
      <mem type="survivor" free="0" total="69926912" percent="0" />
    </mem>
    <mem type="tenure" free="974147680" total="1207959552" percent="80" macro-fragmented="0">
      <mem type="soa" free="913749088" total="1147560960" percent="79" />
      <mem type="loa" free="60398592" total="60398592" percent="100" />
    </mem>
    <remembered-set count="1330" />
  </mem-info>
</gc-end>
<cycle-end id="4642" type="scavenge" contextid="4636" timestamp="2021-04-05T23:19:05.905" />
<allocation-satisfied id="4643" threadId="000000000033BE00" bytesRequested="1040" />
<af-end id="4644" timestamp="2021-04-05T23:19:05.905" threadId="000000000033C780" success="true" from="nursery"/>
<exclusive-end id="4645" timestamp="2021-04-05T23:19:05.905" durationms="118.622" />

<exclusive-start id="4646" timestamp="2021-04-05T23:19:06.597" intervalms="810.867">
  <response-info timems="0.065" idlems="0.039" threads="1" lastid="000000000032CF00" lastname="BenchmarkThread xml.validation 4" />
</exclusive-start>
<af-start id="4647" threadId="0000000000331480" totalBytesRequested="24" timestamp="2021-04-05T23:19:06.597" intervalms="810.867" type="nursery" />
<cycle-start id="4648" type="scavenge" contextid="0" timestamp="2021-04-05T23:19:06.597" intervalms="810.863" />
<gc-start id="4649" type="scavenge" contextid="4648" timestamp="2021-04-05T23:19:06.597">
  <mem-info id="4650" free="974147680" total="1610612736" percent="60">
    <mem type="nursery" free="0" total="402653184" percent="0">
      <mem type="allocate" free="0" total="332726272" percent="0" />
      <mem type="survivor" free="0" total="69926912" percent="0" />
    </mem>
    <mem type="tenure" free="974147680" total="1207959552" percent="80">
      <mem type="soa" free="913749088" total="1147560960" percent="79" />
      <mem type="loa" free="60398592" total="60398592" percent="100" />
    </mem>
    <remembered-set count="1528" />
  </mem-info>
</gc-start>
<allocation-stats totalBytes="272596176" >
  <allocated-bytes non-tlh="1040" tlh="272595136" />
  <largest-consumer threadName="BenchmarkThread xml.validation 8" threadId="000000000033BE00" bytes="39077960" />
</allocation-stats>
<gc-op id="4651" type="scavenge" timems="107.426" contextid="4648" timestamp="2021-04-05T23:19:06.705">
  <scavenger-info tenureage="3" tenuremask="7ff8" tiltratio="82" />
  <memory-copied type="nursery" objects="1488250" bytes="59990488" bytesdiscarded="10680" />
  <memory-copied type="tenure" objects="56513" bytes="2041888" bytesdiscarded="0" />
</gc-op>
<gc-end id="4652" type="scavenge" contextid="4648" durationms="107.416" usertimems="411.210" systemtimems="0.000" timestamp="2021-04-05T23:19:06.705" activeThreads="4">
  <mem-info id="4653" free="1245758672" total="1610612736" percent="77">
    <mem type="nursery" free="273708144" total="402653184" percent="67">
      <mem type="allocate" free="273708144" total="333709312" percent="82" />
      <mem type="survivor" free="0" total="68943872" percent="0" />
    </mem>
    <mem type="tenure" free="972050528" total="1207959552" percent="80" macro-fragmented="0">
      <mem type="soa" free="911651936" total="1147560960" percent="79" />
      <mem type="loa" free="60398592" total="60398592" percent="100" />
    </mem>
    <remembered-set count="1345" />
  </mem-info>
</gc-end>
<cycle-end id="4654" type="scavenge" contextid="4648" timestamp="2021-04-05T23:19:06.705" />
<allocation-satisfied id="4655" threadId="0000000000330B00" bytesRequested="24" />
<af-end id="4656" timestamp="2021-04-05T23:19:06.705" threadId="0000000000331480" success="true" from="nursery"/>
<exclusive-end id="4657" timestamp="2021-04-05T23:19:06.705" durationms="108.104" />

<exclusive-start id="4658" timestamp="2021-04-05T23:19:07.546" intervalms="948.617">
  <response-info timems="0.057" idlems="0.057" threads="0" lastid="000000000032CF00" lastname="BenchmarkThread xml.validation 4" />
</exclusive-start>
<af-start id="4659" threadId="000000000032D880" totalBytesRequested="40" timestamp="2021-04-05T23:19:07.546" intervalms="948.616" type="nursery" />
<cycle-start id="4660" type="scavenge" contextid="0" timestamp="2021-04-05T23:19:07.546" intervalms="948.618" />
<gc-start id="4661" type="scavenge" contextid="4660" timestamp="2021-04-05T23:19:07.546">
  <mem-info id="4662" free="972050528" total="1610612736" percent="60">
    <mem type="nursery" free="0" total="402653184" percent="0">
      <mem type="allocate" free="0" total="333709312" percent="0" />
      <mem type="survivor" free="0" total="68943872" percent="0" />
    </mem>
    <mem type="tenure" free="972050528" total="1207959552" percent="80">
      <mem type="soa" free="911651936" total="1147560960" percent="79" />
      <mem type="loa" free="60398592" total="60398592" percent="100" />
    </mem>
    <remembered-set count="1573" />
  </mem-info>
</gc-start>
<allocation-stats totalBytes="273607832" >
  <allocated-bytes non-tlh="4184" tlh="273603648" />
  <largest-consumer threadName="BenchmarkThread xml.validation 5" threadId="0000000000330B00" bytes="46660216" />
</allocation-stats>
<gc-op id="4663" type="scavenge" timems="128.684" contextid="4660" timestamp="2021-04-05T23:19:07.674">
  <scavenger-info tenureage="3" tenuremask="7ff8" tiltratio="82" />
  <memory-copied type="nursery" objects="1548132" bytes="62396072" bytesdiscarded="11688" />
  <memory-copied type="tenure" objects="73485" bytes="3204480" bytesdiscarded="0" />
</gc-op>
<gc-end id="4664" type="scavenge" contextid="4660" durationms="128.672" usertimems="498.339" systemtimems="0.000" timestamp="2021-04-05T23:19:07.675" activeThreads="4">
  <mem-info id="4665" free="1239223312" total="1610612736" percent="76">
    <mem type="nursery" free="270449584" total="402653184" percent="67">
      <mem type="allocate" free="270449584" total="332857344" percent="81" />
      <mem type="survivor" free="0" total="69795840" percent="0" />
    </mem>
    <mem type="tenure" free="968773728" total="1207959552" percent="80" macro-fragmented="0">
      <mem type="soa" free="908375136" total="1147560960" percent="79" />
      <mem type="loa" free="60398592" total="60398592" percent="100" />
    </mem>
    <remembered-set count="1338" />
  </mem-info>
</gc-end>
<cycle-end id="4666" type="scavenge" contextid="4660" timestamp="2021-04-05T23:19:07.675" />
<allocation-satisfied id="4667" threadId="000000000032CF00" bytesRequested="40" />
<af-end id="4668" timestamp="2021-04-05T23:19:07.675" threadId="000000000032D880" success="true" from="nursery"/>
<exclusive-end id="4669" timestamp="2021-04-05T23:19:07.675" durationms="129.386" />

<exclusive-start id="4670" timestamp="2021-04-05T23:19:08.515" intervalms="969.287">
  <response-info timems="0.064" idlems="0.040" threads="1" lastid="0000000000338300" lastname="BenchmarkThread xml.validation 7" />
</exclusive-start>
<af-start id="4671" threadId="000000000011D480" totalBytesRequested="1040" timestamp="2021-04-05T23:19:08.515" intervalms="969.286" type="nursery" />
<cycle-start id="4672" type="scavenge" contextid="0" timestamp="2021-04-05T23:19:08.515" intervalms="969.285" />
<gc-start id="4673" type="scavenge" contextid="4672" timestamp="2021-04-05T23:19:08.515">
  <mem-info id="4674" free="968773728" total="1610612736" percent="60">
    <mem type="nursery" free="0" total="402653184" percent="0">
      <mem type="allocate" free="0" total="332857344" percent="0" />
      <mem type="survivor" free="0" total="69795840" percent="0" />
    </mem>
    <mem type="tenure" free="968773728" total="1207959552" percent="80">
      <mem type="soa" free="908375136" total="1147560960" percent="79" />
      <mem type="loa" free="60398592" total="60398592" percent="100" />
    </mem>
    <remembered-set count="1578" />
  </mem-info>
</gc-start>
<allocation-stats totalBytes="270340096" >
  <allocated-bytes non-tlh="3160" tlh="270336936" />
  <largest-consumer threadName="BenchmarkThread xml.validation 8" threadId="000000000033BE00" bytes="43086528" />
</allocation-stats>
<gc-op id="4675" type="scavenge" timems="108.321" contextid="4672" timestamp="2021-04-05T23:19:08.623">
  <scavenger-info tenureage="3" tenuremask="7ff8" tiltratio="82" />
  <memory-copied type="nursery" objects="1544517" bytes="62011288" bytesdiscarded="10656" />
  <memory-copied type="tenure" objects="4" bytes="128" bytesdiscarded="0" />
</gc-op>
<gc-end id="4676" type="scavenge" contextid="4672" durationms="108.309" usertimems="412.419" systemtimems="0.004" timestamp="2021-04-05T23:19:08.624" activeThreads="4">
  <mem-info id="4677" free="1240067880" total="1610612736" percent="76">
    <mem type="nursery" free="271294152" total="402653184" percent="67">
      <mem type="allocate" free="271294152" total="333316096" percent="81" />
      <mem type="survivor" free="0" total="69337088" percent="0" />
    </mem>
    <mem type="tenure" free="968773728" total="1207959552" percent="80" macro-fragmented="0">
      <mem type="soa" free="908375136" total="1147560960" percent="79" />
      <mem type="loa" free="60398592" total="60398592" percent="100" />
    </mem>
    <remembered-set count="1339" />
  </mem-info>
</gc-end>
<cycle-end id="4678" type="scavenge" contextid="4672" timestamp="2021-04-05T23:19:08.624" />
<allocation-satisfied id="4679" threadId="000000000011CB00" bytesRequested="1040" />
<af-end id="4680" timestamp="2021-04-05T23:19:08.624" threadId="000000000011D480" success="true" from="nursery"/>
<exclusive-end id="4681" timestamp="2021-04-05T23:19:08.624" durationms="109.001" />

<exclusive-start id="4682" timestamp="2021-04-05T23:19:09.305" intervalms="789.595">
  <response-info timems="0.071" idlems="0.042" threads="1" lastid="000000000033BE00" lastname="BenchmarkThread xml.validation 8" />
</exclusive-start>
<af-start id="4683" threadId="0000000000335080" totalBytesRequested="16" timestamp="2021-04-05T23:19:09.305" intervalms="789.610" type="nursery" />
<cycle-start id="4684" type="scavenge" contextid="0" timestamp="2021-04-05T23:19:09.305" intervalms="790.028" />
<gc-start id="4685" type="scavenge" contextid="4684" timestamp="2021-04-05T23:19:09.305">
  <mem-info id="4686" free="968773728" total="1610612736" percent="60">
    <mem type="nursery" free="0" total="402653184" percent="0">
      <mem type="allocate" free="0" total="333316096" percent="0" />
      <mem type="survivor" free="0" total="69337088" percent="0" />
    </mem>
    <mem type="tenure" free="968773728" total="1207959552" percent="80">
      <mem type="soa" free="908375136" total="1147560960" percent="79" />
      <mem type="loa" free="60398592" total="60398592" percent="100" />
    </mem>
    <remembered-set count="1497" />
  </mem-info>
</gc-start>
<allocation-stats totalBytes="271202256" >
  <allocated-bytes non-tlh="11440" tlh="271190816" />
  <largest-consumer threadName="BenchmarkThread xml.validation 3" threadId="0000000000329300" bytes="45553512" />
</allocation-stats>
<gc-op id="4687" type="scavenge" timems="116.700" contextid="4684" timestamp="2021-04-05T23:19:09.422">
  <scavenger-info tenureage="3" tenuremask="7ff8" tiltratio="82" />
  <memory-copied type="nursery" objects="1509787" bytes="60964688" bytesdiscarded="11912" />
  <memory-copied type="tenure" objects="2" bytes="64" bytesdiscarded="0" />
</gc-op>
<gc-end id="4688" type="scavenge" contextid="4684" durationms="116.686" usertimems="452.536" systemtimems="0.005" timestamp="2021-04-05T23:19:09.422" activeThreads="4">
  <mem-info id="4689" free="1241571976" total="1610612736" percent="77">
    <mem type="nursery" free="272798248" total="402653184" percent="67">
      <mem type="allocate" free="272798248" total="333774848" percent="81" />
      <mem type="survivor" free="0" total="68878336" percent="0" />
    </mem>
    <mem type="tenure" free="968773728" total="1207959552" percent="80" macro-fragmented="0">
      <mem type="soa" free="908375136" total="1147560960" percent="79" />
      <mem type="loa" free="60398592" total="60398592" percent="100" />
    </mem>
    <remembered-set count="1337" />
  </mem-info>
</gc-end>
<cycle-end id="4690" type="scavenge" contextid="4684" timestamp="2021-04-05T23:19:09.422" />
<allocation-satisfied id="4691" threadId="0000000000334700" bytesRequested="16" />
<af-end id="4692" timestamp="2021-04-05T23:19:09.422" threadId="0000000000335080" success="true" from="nursery"/>
<exclusive-end id="4693" timestamp="2021-04-05T23:19:09.422" durationms="117.868" />

<exclusive-start id="4694" timestamp="2021-04-05T23:19:10.365" intervalms="1060.902">
  <response-info timems="0.080" idlems="0.046" threads="1" lastid="0000000000338300" lastname="BenchmarkThread xml.validation 7" />
</exclusive-start>
<af-start id="4695" threadId="0000000000331480" totalBytesRequested="64" timestamp="2021-04-05T23:19:10.365" intervalms="1060.889" type="nursery" />
<cycle-start id="4696" type="scavenge" contextid="0" timestamp="2021-04-05T23:19:10.366" intervalms="1060.470" />
<gc-start id="4697" type="scavenge" contextid="4696" timestamp="2021-04-05T23:19:10.366">
  <mem-info id="4698" free="968773728" total="1610612736" percent="60">
    <mem type="nursery" free="0" total="402653184" percent="0">
      <mem type="allocate" free="0" total="333774848" percent="0" />
      <mem type="survivor" free="0" total="68878336" percent="0" />
    </mem>
    <mem type="tenure" free="968773728" total="1207959552" percent="80">
      <mem type="soa" free="908375136" total="1147560960" percent="79" />
      <mem type="loa" free="60398592" total="60398592" percent="100" />
    </mem>
    <remembered-set count="1607" />
  </mem-info>
</gc-start>
<allocation-stats totalBytes="272707536" >
  <allocated-bytes non-tlh="16" tlh="272707520" />
  <largest-consumer threadName="BenchmarkThread xml.validation 2" threadId="000000000013CF00" bytes="48190264" />
</allocation-stats>
<gc-op id="4699" type="scavenge" timems="115.998" contextid="4696" timestamp="2021-04-05T23:19:10.482">
  <scavenger-info tenureage="2" tenuremask="7ffc" tiltratio="82" />
  <memory-copied type="nursery" objects="1406942" bytes="56634216" bytesdiscarded="12776" />
  <memory-copied type="tenure" objects="136547" bytes="5483592" bytesdiscarded="0" />
</gc-op>
<gc-end id="4700" type="scavenge" contextid="4696" durationms="115.988" usertimems="424.996" systemtimems="0.000" timestamp="2021-04-05T23:19:10.482" activeThreads="4">
  <mem-info id="4701" free="1241248528" total="1610612736" percent="77">
    <mem type="nursery" free="277717680" total="402653184" percent="68">
      <mem type="allocate" free="277717680" total="334364672" percent="83" />
      <mem type="survivor" free="0" total="68288512" percent="0" />
    </mem>
    <mem type="tenure" free="963530848" total="1207959552" percent="79" macro-fragmented="0">
      <mem type="soa" free="903132256" total="1147560960" percent="78" />
      <mem type="loa" free="60398592" total="60398592" percent="100" />
    </mem>
    <remembered-set count="1229" />
  </mem-info>
</gc-end>
<cycle-end id="4702" type="scavenge" contextid="4696" timestamp="2021-04-05T23:19:10.482" />
<allocation-satisfied id="4703" threadId="0000000000330B00" bytesRequested="64" />
<af-end id="4704" timestamp="2021-04-05T23:19:10.482" threadId="0000000000331480" success="true" from="nursery"/>
<exclusive-end id="4705" timestamp="2021-04-05T23:19:10.482" durationms="116.657" />

<exclusive-start id="4706" timestamp="2021-04-05T23:19:11.237" intervalms="871.922">
  <response-info timems="0.058" idlems="0.058" threads="0" lastid="0000000000334700" lastname="BenchmarkThread xml.validation 6" />
</exclusive-start>
<af-start id="4707" threadId="0000000000335080" totalBytesRequested="88" timestamp="2021-04-05T23:19:11.237" intervalms="871.922" type="nursery" />
<cycle-start id="4708" type="scavenge" contextid="0" timestamp="2021-04-05T23:19:11.237" intervalms="871.926" />
<gc-start id="4709" type="scavenge" contextid="4708" timestamp="2021-04-05T23:19:11.237">
  <mem-info id="4710" free="963530848" total="1610612736" percent="59">
    <mem type="nursery" free="0" total="402653184" percent="0">
      <mem type="allocate" free="0" total="334364672" percent="0" />
      <mem type="survivor" free="0" total="68288512" percent="0" />
    </mem>
    <mem type="tenure" free="963530848" total="1207959552" percent="79">
      <mem type="soa" free="903132256" total="1147560960" percent="78" />
      <mem type="loa" free="60398592" total="60398592" percent="100" />
    </mem>
    <remembered-set count="1539" />
  </mem-info>
</gc-start>
<allocation-stats totalBytes="277603824" >
  <allocated-bytes non-tlh="64" tlh="277603760" />
  <largest-consumer threadName="BenchmarkThread xml.validation 8" threadId="000000000033BE00" bytes="43895944" />
</allocation-stats>
<gc-op id="4711" type="scavenge" timems="117.452" contextid="4708" timestamp="2021-04-05T23:19:11.355">
  <scavenger-info tenureage="3" tenuremask="7ff8" tiltratio="83" />
  <memory-copied type="nursery" objects="1538724" bytes="61836560" bytesdiscarded="11224" />
</gc-op>
<gc-end id="4712" type="scavenge" contextid="4708" durationms="117.440" usertimems="456.174" systemtimems="0.000" timestamp="2021-04-05T23:19:11.355" activeThreads="4">
  <mem-info id="4713" free="1232705400" total="1610612736" percent="76">
    <mem type="nursery" free="269174552" total="402653184" percent="66">
      <mem type="allocate" free="269174552" total="331022336" percent="81" />
      <mem type="survivor" free="0" total="71630848" percent="0" />
    </mem>
    <mem type="tenure" free="963530848" total="1207959552" percent="79" macro-fragmented="0">
      <mem type="soa" free="903132256" total="1147560960" percent="78" />
      <mem type="loa" free="60398592" total="60398592" percent="100" />
    </mem>
    <remembered-set count="1337" />
  </mem-info>
</gc-end>
<cycle-end id="4714" type="scavenge" contextid="4708" timestamp="2021-04-05T23:19:11.355" />
<allocation-satisfied id="4715" threadId="0000000000334700" bytesRequested="88" />
<af-end id="4716" timestamp="2021-04-05T23:19:11.355" threadId="0000000000335080" success="true" from="nursery"/>
<exclusive-end id="4717" timestamp="2021-04-05T23:19:11.355" durationms="118.168" />

<exclusive-start id="4718" timestamp="2021-04-05T23:19:12.134" intervalms="896.878">
  <response-info timems="0.061" idlems="0.039" threads="1" lastid="0000000000334700" lastname="BenchmarkThread xml.validation 6" />
</exclusive-start>
<af-start id="4719" threadId="000000000011D480" totalBytesRequested="1040" timestamp="2021-04-05T23:19:12.134" intervalms="896.875" type="nursery" />
<cycle-start id="4720" type="scavenge" contextid="0" timestamp="2021-04-05T23:19:12.134" intervalms="896.870" />
<gc-start id="4721" type="scavenge" contextid="4720" timestamp="2021-04-05T23:19:12.134">
  <mem-info id="4722" free="963530848" total="1610612736" percent="59">
    <mem type="nursery" free="0" total="402653184" percent="0">
      <mem type="allocate" free="0" total="331022336" percent="0" />
      <mem type="survivor" free="0" total="71630848" percent="0" />
    </mem>
    <mem type="tenure" free="963530848" total="1207959552" percent="79">
      <mem type="soa" free="903132256" total="1147560960" percent="78" />
      <mem type="loa" free="60398592" total="60398592" percent="100" />
    </mem>
    <remembered-set count="1523" />
  </mem-info>
</gc-start>
<allocation-stats totalBytes="269090648" >
  <allocated-bytes non-tlh="88" tlh="269090560" />
  <largest-consumer threadName="BenchmarkThread xml.validation 3" threadId="0000000000329300" bytes="40105160" />
</allocation-stats>
<gc-op id="4723" type="scavenge" timems="109.576" contextid="4720" timestamp="2021-04-05T23:19:12.244">
  <scavenger-info tenureage="3" tenuremask="7ff8" tiltratio="82" />
  <memory-copied type="nursery" objects="1553310" bytes="62543368" bytesdiscarded="14536" />
  <memory-copied type="tenure" objects="6" bytes="192" bytesdiscarded="0" />
</gc-op>
<gc-end id="4724" type="scavenge" contextid="4720" durationms="109.566" usertimems="422.007" systemtimems="0.000" timestamp="2021-04-05T23:19:12.244" activeThreads="4">
  <mem-info id="4725" free="1234616720" total="1610612736" percent="76">
    <mem type="nursery" free="271085872" total="402653184" percent="67">
      <mem type="allocate" free="271085872" total="333643776" percent="81" />
      <mem type="survivor" free="0" total="69009408" percent="0" />
    </mem>
    <mem type="tenure" free="963530848" total="1207959552" percent="79" macro-fragmented="0">
      <mem type="soa" free="903132256" total="1147560960" percent="78" />
      <mem type="loa" free="60398592" total="60398592" percent="100" />
    </mem>
    <remembered-set count="1334" />
  </mem-info>
</gc-end>
<cycle-end id="4726" type="scavenge" contextid="4720" timestamp="2021-04-05T23:19:12.244" />
<allocation-satisfied id="4727" threadId="000000000011CB00" bytesRequested="1040" />
<af-end id="4728" timestamp="2021-04-05T23:19:12.244" threadId="000000000011D480" success="true" from="nursery"/>
<exclusive-end id="4729" timestamp="2021-04-05T23:19:12.244" durationms="110.253" />

<exclusive-start id="4730" timestamp="2021-04-05T23:19:13.116" intervalms="981.711">
  <response-info timems="0.054" idlems="0.054" threads="0" lastid="000000000011CB00" lastname="BenchmarkThread xml.validation 1" />
</exclusive-start>
<af-start id="4731" threadId="000000000011D480" totalBytesRequested="16" timestamp="2021-04-05T23:19:13.116" intervalms="981.713" type="nursery" />
<cycle-start id="4732" type="scavenge" contextid="0" timestamp="2021-04-05T23:19:13.116" intervalms="981.719" />
<gc-start id="4733" type="scavenge" contextid="4732" timestamp="2021-04-05T23:19:13.116">
  <mem-info id="4734" free="963530848" total="1610612736" percent="59">
    <mem type="nursery" free="0" total="402653184" percent="0">
      <mem type="allocate" free="0" total="333643776" percent="0" />
      <mem type="survivor" free="0" total="69009408" percent="0" />
    </mem>
    <mem type="tenure" free="963530848" total="1207959552" percent="79">
      <mem type="soa" free="903132256" total="1147560960" percent="78" />
      <mem type="loa" free="60398592" total="60398592" percent="100" />
    </mem>
    <remembered-set count="1589" />
  </mem-info>
</gc-start>
<allocation-stats totalBytes="270988208" >
  <allocated-bytes non-tlh="1040" tlh="270987168" />
  <largest-consumer threadName="BenchmarkThread xml.validation 1" threadId="000000000011CB00" bytes="45496928" />
</allocation-stats>
<gc-op id="4735" type="scavenge" timems="118.935" contextid="4732" timestamp="2021-04-05T23:19:13.235">
  <scavenger-info tenureage="3" tenuremask="7ff8" tiltratio="82" />
  <memory-copied type="nursery" objects="1542105" bytes="61958792" bytesdiscarded="12160" />
  <memory-copied type="tenure" objects="8" bytes="256" bytesdiscarded="0" />
</gc-op>
<gc-end id="4736" type="scavenge" contextid="4732" durationms="118.924" usertimems="460.652" systemtimems="0.000" timestamp="2021-04-05T23:19:13.235" activeThreads="4">
  <mem-info id="4737" free="1235531352" total="1610612736" percent="76">
    <mem type="nursery" free="272000504" total="402653184" percent="67">
      <mem type="allocate" free="272000504" total="333971456" percent="81" />
      <mem type="survivor" free="0" total="68681728" percent="0" />
    </mem>
    <mem type="tenure" free="963530848" total="1207959552" percent="79" macro-fragmented="0">
      <mem type="soa" free="903132256" total="1147560960" percent="78" />
      <mem type="loa" free="60398592" total="60398592" percent="100" />
    </mem>
    <remembered-set count="1339" />
  </mem-info>
</gc-end>
<cycle-end id="4738" type="scavenge" contextid="4732" timestamp="2021-04-05T23:19:13.236" />
<allocation-satisfied id="4739" threadId="000000000011CB00" bytesRequested="16" />
<af-end id="4740" timestamp="2021-04-05T23:19:13.236" threadId="000000000011D480" success="true" from="nursery"/>
<exclusive-end id="4741" timestamp="2021-04-05T23:19:13.236" durationms="119.683" />

<exclusive-start id="4742" timestamp="2021-04-05T23:19:14.002" intervalms="885.897">
  <response-info timems="0.071" idlems="0.042" threads="1" lastid="000000000011CB00" lastname="BenchmarkThread xml.validation 1" />
</exclusive-start>
<af-start id="4743" threadId="000000000033C780" totalBytesRequested="24" timestamp="2021-04-05T23:19:14.002" intervalms="885.899" type="nursery" />
<cycle-start id="4744" type="scavenge" contextid="0" timestamp="2021-04-05T23:19:14.002" intervalms="885.898" />
<gc-start id="4745" type="scavenge" contextid="4744" timestamp="2021-04-05T23:19:14.002">
  <mem-info id="4746" free="963530848" total="1610612736" percent="59">
    <mem type="nursery" free="0" total="402653184" percent="0">
      <mem type="allocate" free="0" total="333971456" percent="0" />
      <mem type="survivor" free="0" total="68681728" percent="0" />
    </mem>
    <mem type="tenure" free="963530848" total="1207959552" percent="79">
      <mem type="soa" free="903132256" total="1147560960" percent="78" />
      <mem type="loa" free="60398592" total="60398592" percent="100" />
    </mem>
    <remembered-set count="1513" />
  </mem-info>
</gc-start>
<allocation-stats totalBytes="271922384" >
  <allocated-bytes non-tlh="16" tlh="271922368" />
  <largest-consumer threadName="BenchmarkThread xml.validation 6" threadId="0000000000334700" bytes="41394440" />
</allocation-stats>
<gc-op id="4747" type="scavenge" timems="113.703" contextid="4744" timestamp="2021-04-05T23:19:14.116">
  <scavenger-info tenureage="3" tenuremask="7ff8" tiltratio="82" />
  <memory-copied type="nursery" objects="1540692" bytes="62082040" bytesdiscarded="11160" />
  <memory-copied type="tenure" objects="4" bytes="128" bytesdiscarded="0" />
</gc-op>
<gc-end id="4748" type="scavenge" contextid="4744" durationms="113.691" usertimems="450.133" systemtimems="0.000" timestamp="2021-04-05T23:19:14.116" activeThreads="4">
  <mem-info id="4749" free="1235671248" total="1610612736" percent="76">
    <mem type="nursery" free="272140400" total="402653184" percent="67">
      <mem type="allocate" free="272140400" total="334233600" percent="81" />
      <mem type="survivor" free="0" total="68419584" percent="0" />
    </mem>
    <mem type="tenure" free="963530848" total="1207959552" percent="79" macro-fragmented="0">
      <mem type="soa" free="903132256" total="1147560960" percent="78" />
      <mem type="loa" free="60398592" total="60398592" percent="100" />
    </mem>
    <remembered-set count="1337" />
  </mem-info>
</gc-end>
<cycle-end id="4750" type="scavenge" contextid="4744" timestamp="2021-04-05T23:19:14.116" />
<allocation-satisfied id="4751" threadId="000000000033BE00" bytesRequested="24" />
<af-end id="4752" timestamp="2021-04-05T23:19:14.116" threadId="000000000033C780" success="true" from="nursery"/>
<exclusive-end id="4753" timestamp="2021-04-05T23:19:14.116" durationms="114.356" />

<exclusive-start id="4754" timestamp="2021-04-05T23:19:14.935" intervalms="933.121">
  <response-info timems="0.064" idlems="0.040" threads="1" lastid="0000000000338300" lastname="BenchmarkThread xml.validation 7" />
</exclusive-start>
<af-start id="4755" threadId="000000000032D880" totalBytesRequested="24" timestamp="2021-04-05T23:19:14.935" intervalms="933.123" type="nursery" />
<cycle-start id="4756" type="scavenge" contextid="0" timestamp="2021-04-05T23:19:14.935" intervalms="933.381" />
<gc-start id="4757" type="scavenge" contextid="4756" timestamp="2021-04-05T23:19:14.935">
  <mem-info id="4758" free="963530848" total="1610612736" percent="59">
    <mem type="nursery" free="0" total="402653184" percent="0">
      <mem type="allocate" free="0" total="334233600" percent="0" />
      <mem type="survivor" free="0" total="68419584" percent="0" />
    </mem>
    <mem type="tenure" free="963530848" total="1207959552" percent="79">
      <mem type="soa" free="903132256" total="1147560960" percent="78" />
      <mem type="loa" free="60398592" total="60398592" percent="100" />
    </mem>
    <remembered-set count="1570" />
  </mem-info>
</gc-start>
<allocation-stats totalBytes="272036456" >
  <allocated-bytes non-tlh="24" tlh="272036432" />
  <largest-consumer threadName="BenchmarkThread xml.validation 5" threadId="0000000000330B00" bytes="43618056" />
</allocation-stats>
<gc-op id="4759" type="scavenge" timems="103.991" contextid="4756" timestamp="2021-04-05T23:19:15.039">
  <scavenger-info tenureage="3" tenuremask="7ff8" tiltratio="83" />
  <memory-copied type="nursery" objects="1485782" bytes="60177504" bytesdiscarded="12952" />
  <memory-copied type="tenure" objects="12" bytes="384" bytesdiscarded="0" />
</gc-op>
<gc-end id="4760" type="scavenge" contextid="4756" durationms="103.980" usertimems="402.420" systemtimems="0.007" timestamp="2021-04-05T23:19:15.040" activeThreads="4">
  <mem-info id="4761" free="1237836136" total="1610612736" percent="76">
    <mem type="nursery" free="274305288" total="402653184" percent="68">
      <mem type="allocate" free="274305288" total="334495744" percent="82" />
      <mem type="survivor" free="0" total="68157440" percent="0" />
    </mem>
    <mem type="tenure" free="963530848" total="1207959552" percent="79" macro-fragmented="0">
      <mem type="soa" free="903132256" total="1147560960" percent="78" />
      <mem type="loa" free="60398592" total="60398592" percent="100" />
    </mem>
    <remembered-set count="1335" />
  </mem-info>
</gc-end>
<cycle-end id="4762" type="scavenge" contextid="4756" timestamp="2021-04-05T23:19:15.040" />
<allocation-satisfied id="4763" threadId="000000000032CF00" bytesRequested="24" />
<af-end id="4764" timestamp="2021-04-05T23:19:15.040" threadId="000000000032D880" success="true" from="nursery"/>
<exclusive-end id="4765" timestamp="2021-04-05T23:19:15.040" durationms="104.936" />

<exclusive-start id="4766" timestamp="2021-04-05T23:19:15.911" intervalms="976.470">
  <response-info timems="0.058" idlems="0.032" threads="1" lastid="000000000032CF00" lastname="BenchmarkThread xml.validation 4" />
</exclusive-start>
<af-start id="4767" threadId="000000000033C780" totalBytesRequested="40" timestamp="2021-04-05T23:19:15.911" intervalms="976.470" type="nursery" />
<cycle-start id="4768" type="scavenge" contextid="0" timestamp="2021-04-05T23:19:15.912" intervalms="976.211" />
<gc-start id="4769" type="scavenge" contextid="4768" timestamp="2021-04-05T23:19:15.912">
  <mem-info id="4770" free="963530848" total="1610612736" percent="59">
    <mem type="nursery" free="0" total="402653184" percent="0">
      <mem type="allocate" free="0" total="334495744" percent="0" />
      <mem type="survivor" free="0" total="68157440" percent="0" />
    </mem>
    <mem type="tenure" free="963530848" total="1207959552" percent="79">
      <mem type="soa" free="903132256" total="1147560960" percent="78" />
      <mem type="loa" free="60398592" total="60398592" percent="100" />
    </mem>
    <remembered-set count="1552" />
  </mem-info>
</gc-start>
<allocation-stats totalBytes="274217296" >
  <allocated-bytes non-tlh="24" tlh="274217272" />
  <largest-consumer threadName="BenchmarkThread xml.validation 1" threadId="000000000011CB00" bytes="47816456" />
</allocation-stats>
<gc-op id="4771" type="scavenge" timems="117.493" contextid="4768" timestamp="2021-04-05T23:19:16.029">
  <scavenger-info tenureage="3" tenuremask="7ff8" tiltratio="83" />
  <memory-copied type="nursery" objects="1520997" bytes="61291648" bytesdiscarded="11072" />
  <memory-copied type="tenure" objects="2" bytes="64" bytesdiscarded="0" />
</gc-op>
<gc-end id="4772" type="scavenge" contextid="4768" durationms="117.480" usertimems="458.027" systemtimems="0.007" timestamp="2021-04-05T23:19:16.030" activeThreads="4">
  <mem-info id="4773" free="1236854944" total="1610612736" percent="76">
    <mem type="nursery" free="273324096" total="402653184" percent="67">
      <mem type="allocate" free="273324096" total="334626816" percent="81" />
      <mem type="survivor" free="0" total="68026368" percent="0" />
    </mem>
    <mem type="tenure" free="963530848" total="1207959552" percent="79" macro-fragmented="0">
      <mem type="soa" free="903132256" total="1147560960" percent="78" />
      <mem type="loa" free="60398592" total="60398592" percent="100" />
    </mem>
    <remembered-set count="1338" />
  </mem-info>
</gc-end>
<cycle-end id="4774" type="scavenge" contextid="4768" timestamp="2021-04-05T23:19:16.030" />
<allocation-satisfied id="4775" threadId="000000000033BE00" bytesRequested="40" />
<af-end id="4776" timestamp="2021-04-05T23:19:16.030" threadId="000000000033C780" success="true" from="nursery"/>
<exclusive-end id="4777" timestamp="2021-04-05T23:19:16.030" durationms="118.217" />

<exclusive-start id="4778" timestamp="2021-04-05T23:19:16.752" intervalms="840.337">
  <response-info timems="0.056" idlems="0.056" threads="0" lastid="000000000033BE00" lastname="BenchmarkThread xml.validation 8" />
</exclusive-start>
<af-start id="4779" threadId="000000000033C780" totalBytesRequested="40" timestamp="2021-04-05T23:19:16.752" intervalms="840.330" type="nursery" />
<cycle-start id="4780" type="scavenge" contextid="0" timestamp="2021-04-05T23:19:16.752" intervalms="840.328" />
<gc-start id="4781" type="scavenge" contextid="4780" timestamp="2021-04-05T23:19:16.752">
  <mem-info id="4782" free="963530848" total="1610612736" percent="59">
    <mem type="nursery" free="0" total="402653184" percent="0">
      <mem type="allocate" free="0" total="334626816" percent="0" />
      <mem type="survivor" free="0" total="68026368" percent="0" />
    </mem>
    <mem type="tenure" free="963530848" total="1207959552" percent="79">
      <mem type="soa" free="903132256" total="1147560960" percent="78" />
      <mem type="loa" free="60398592" total="60398592" percent="100" />
    </mem>
    <remembered-set count="1531" />
  </mem-info>
</gc-start>
<allocation-stats totalBytes="273245936" >
  <allocated-bytes non-tlh="4200" tlh="273241736" />
  <largest-consumer threadName="BenchmarkThread xml.validation 4" threadId="000000000032CF00" bytes="47582144" />
</allocation-stats>
<gc-op id="4783" type="scavenge" timems="106.410" contextid="4780" timestamp="2021-04-05T23:19:16.858">
  <scavenger-info tenureage="3" tenuremask="7ff8" tiltratio="83" />
  <memory-copied type="nursery" objects="1552986" bytes="62398064" bytesdiscarded="12000" />
  <memory-copied type="tenure" objects="6" bytes="192" bytesdiscarded="0" />
</gc-op>
<gc-end id="4784" type="scavenge" contextid="4780" durationms="106.400" usertimems="408.190" systemtimems="0.001" timestamp="2021-04-05T23:19:16.859" activeThreads="4">
  <mem-info id="4785" free="1235288848" total="1610612736" percent="76">
    <mem type="nursery" free="271758000" total="402653184" percent="67">
      <mem type="allocate" free="271758000" total="334168064" percent="81" />
      <mem type="survivor" free="0" total="68485120" percent="0" />
    </mem>
    <mem type="tenure" free="963530848" total="1207959552" percent="79" macro-fragmented="0">
      <mem type="soa" free="903132256" total="1147560960" percent="78" />
      <mem type="loa" free="60398592" total="60398592" percent="100" />
    </mem>
    <remembered-set count="1338" />
  </mem-info>
</gc-end>
<cycle-end id="4786" type="scavenge" contextid="4780" timestamp="2021-04-05T23:19:16.859" />
<allocation-satisfied id="4787" threadId="000000000033BE00" bytesRequested="40" />
<af-end id="4788" timestamp="2021-04-05T23:19:16.859" threadId="000000000033C780" success="true" from="nursery"/>
<exclusive-end id="4789" timestamp="2021-04-05T23:19:16.859" durationms="107.059" />

<exclusive-start id="4790" timestamp="2021-04-05T23:19:17.702" intervalms="950.345">
  <response-info timems="0.067" idlems="0.040" threads="1" lastid="0000000000329300" lastname="BenchmarkThread xml.validation 3" />
</exclusive-start>
<af-start id="4791" threadId="0000000000338C80" totalBytesRequested="40" timestamp="2021-04-05T23:19:17.702" intervalms="950.367" type="nursery" />
<cycle-start id="4792" type="scavenge" contextid="0" timestamp="2021-04-05T23:19:17.702" intervalms="950.370" />
<gc-start id="4793" type="scavenge" contextid="4792" timestamp="2021-04-05T23:19:17.702">
  <mem-info id="4794" free="963530848" total="1610612736" percent="59">
    <mem type="nursery" free="0" total="402653184" percent="0">
      <mem type="allocate" free="0" total="334168064" percent="0" />
      <mem type="survivor" free="0" total="68485120" percent="0" />
    </mem>
    <mem type="tenure" free="963530848" total="1207959552" percent="79">
      <mem type="soa" free="903132256" total="1147560960" percent="78" />
      <mem type="loa" free="60398592" total="60398592" percent="100" />
    </mem>
    <remembered-set count="1560" />
  </mem-info>
</gc-start>
<allocation-stats totalBytes="271667296" >
  <allocated-bytes non-tlh="40" tlh="271667256" />
  <largest-consumer threadName="BenchmarkThread xml.validation 8" threadId="000000000033BE00" bytes="53896984" />
</allocation-stats>
<gc-op id="4795" type="scavenge" timems="121.195" contextid="4792" timestamp="2021-04-05T23:19:17.823">
  <scavenger-info tenureage="3" tenuremask="7ff8" tiltratio="82" />
  <memory-copied type="nursery" objects="1555990" bytes="63154288" bytesdiscarded="12304" />
  <memory-copied type="tenure" objects="10" bytes="320" bytesdiscarded="0" />
</gc-op>
<gc-end id="4796" type="scavenge" contextid="4792" durationms="121.182" usertimems="474.119" systemtimems="0.000" timestamp="2021-04-05T23:19:17.824" activeThreads="4">
  <mem-info id="4797" free="1234073568" total="1610612736" percent="76">
    <mem type="nursery" free="270542720" total="402653184" percent="67">
      <mem type="allocate" free="270542720" total="333709312" percent="81" />
      <mem type="survivor" free="0" total="68943872" percent="0" />
    </mem>
    <mem type="tenure" free="963530848" total="1207959552" percent="79" macro-fragmented="0">
      <mem type="soa" free="903132256" total="1147560960" percent="78" />
      <mem type="loa" free="60398592" total="60398592" percent="100" />
    </mem>
    <remembered-set count="1332" />
  </mem-info>
</gc-end>
<cycle-end id="4798" type="scavenge" contextid="4792" timestamp="2021-04-05T23:19:17.824" />
<allocation-satisfied id="4799" threadId="0000000000338300" bytesRequested="40" />
<af-end id="4800" timestamp="2021-04-05T23:19:17.824" threadId="0000000000338C80" success="true" from="nursery"/>
<exclusive-end id="4801" timestamp="2021-04-05T23:19:17.824" durationms="121.969" />

<exclusive-start id="4802" timestamp="2021-04-05T23:19:18.660" intervalms="957.548">
  <response-info timems="0.046" idlems="0.046" threads="0" lastid="000000000011CB00" lastname="BenchmarkThread xml.validation 1" />
</exclusive-start>
<af-start id="4803" threadId="000000000011D480" totalBytesRequested="24" timestamp="2021-04-05T23:19:18.660" intervalms="957.526" type="nursery" />
<cycle-start id="4804" type="scavenge" contextid="0" timestamp="2021-04-05T23:19:18.660" intervalms="957.523" />
<gc-start id="4805" type="scavenge" contextid="4804" timestamp="2021-04-05T23:19:18.660">
  <mem-info id="4806" free="963530848" total="1610612736" percent="59">
    <mem type="nursery" free="0" total="402653184" percent="0">
      <mem type="allocate" free="0" total="333709312" percent="0" />
      <mem type="survivor" free="0" total="68943872" percent="0" />
    </mem>
    <mem type="tenure" free="963530848" total="1207959552" percent="79">
      <mem type="soa" free="903132256" total="1147560960" percent="78" />
      <mem type="loa" free="60398592" total="60398592" percent="100" />
    </mem>
    <remembered-set count="1572" />
  </mem-info>
</gc-start>
<allocation-stats totalBytes="270444128" >
  <allocated-bytes non-tlh="4200" tlh="270439928" />
  <largest-consumer threadName="BenchmarkThread xml.validation 1" threadId="000000000011CB00" bytes="43025824" />
</allocation-stats>
<gc-op id="4807" type="scavenge" timems="109.868" contextid="4804" timestamp="2021-04-05T23:19:18.770">
  <scavenger-info tenureage="3" tenuremask="7ff8" tiltratio="82" />
  <memory-copied type="nursery" objects="1545601" bytes="62067408" bytesdiscarded="11024" />
  <memory-copied type="tenure" objects="2" bytes="64" bytesdiscarded="0" />
</gc-op>
<gc-end id="4808" type="scavenge" contextid="4804" durationms="109.857" usertimems="414.229" systemtimems="0.000" timestamp="2021-04-05T23:19:18.770" activeThreads="4">
  <mem-info id="4809" free="1235292800" total="1610612736" percent="76">
    <mem type="nursery" free="271761952" total="402653184" percent="67">
      <mem type="allocate" free="271761952" total="333840384" percent="81" />
      <mem type="survivor" free="0" total="68812800" percent="0" />
    </mem>
    <mem type="tenure" free="963530848" total="1207959552" percent="79" macro-fragmented="0">
      <mem type="soa" free="903132256" total="1147560960" percent="78" />
      <mem type="loa" free="60398592" total="60398592" percent="100" />
    </mem>
    <remembered-set count="1341" />
  </mem-info>
</gc-end>
<cycle-end id="4810" type="scavenge" contextid="4804" timestamp="2021-04-05T23:19:18.770" />
<allocation-satisfied id="4811" threadId="000000000011CB00" bytesRequested="24" />
<af-end id="4812" timestamp="2021-04-05T23:19:18.770" threadId="000000000011D480" success="true" from="nursery"/>
<exclusive-end id="4813" timestamp="2021-04-05T23:19:18.770" durationms="110.533" />

<exclusive-start id="4814" timestamp="2021-04-05T23:19:19.514" intervalms="854.476">
  <response-info timems="0.058" idlems="0.036" threads="1" lastid="000000000033BE00" lastname="BenchmarkThread xml.validation 8" />
</exclusive-start>
<af-start id="4815" threadId="0000000000329C80" totalBytesRequested="24" timestamp="2021-04-05T23:19:19.514" intervalms="854.482" type="nursery" />
<cycle-start id="4816" type="scavenge" contextid="0" timestamp="2021-04-05T23:19:19.514" intervalms="854.483" />
<gc-start id="4817" type="scavenge" contextid="4816" timestamp="2021-04-05T23:19:19.514">
  <mem-info id="4818" free="963530848" total="1610612736" percent="59">
    <mem type="nursery" free="0" total="402653184" percent="0">
      <mem type="allocate" free="0" total="333840384" percent="0" />
      <mem type="survivor" free="0" total="68812800" percent="0" />
    </mem>
    <mem type="tenure" free="963530848" total="1207959552" percent="79">
      <mem type="soa" free="903132256" total="1147560960" percent="78" />
      <mem type="loa" free="60398592" total="60398592" percent="100" />
    </mem>
    <remembered-set count="1520" />
  </mem-info>
</gc-start>
<allocation-stats totalBytes="271683648" >
  <allocated-bytes non-tlh="24" tlh="271683624" />
  <largest-consumer threadName="BenchmarkThread xml.validation 4" threadId="000000000032CF00" bytes="38862064" />
</allocation-stats>
<gc-op id="4819" type="scavenge" timems="123.482" contextid="4816" timestamp="2021-04-05T23:19:19.638">
  <scavenger-info tenureage="3" tenuremask="7ff8" tiltratio="82" />
  <memory-copied type="nursery" objects="1586217" bytes="64201880" bytesdiscarded="10864" />
  <memory-copied type="tenure" objects="4" bytes="128" bytesdiscarded="0" />
</gc-op>
<gc-end id="4820" type="scavenge" contextid="4816" durationms="123.469" usertimems="476.894" systemtimems="0.000" timestamp="2021-04-05T23:19:19.638" activeThreads="4">
  <mem-info id="4821" free="1230864728" total="1610612736" percent="76">
    <mem type="nursery" free="267333880" total="402653184" percent="66">
      <mem type="allocate" free="267333880" total="331546624" percent="80" />
      <mem type="survivor" free="0" total="71106560" percent="0" />
    </mem>
    <mem type="tenure" free="963530848" total="1207959552" percent="79" macro-fragmented="0">
      <mem type="soa" free="903132256" total="1147560960" percent="78" />
      <mem type="loa" free="60398592" total="60398592" percent="100" />
    </mem>
    <remembered-set count="1333" />
  </mem-info>
</gc-end>
<cycle-end id="4822" type="scavenge" contextid="4816" timestamp="2021-04-05T23:19:19.638" />
<allocation-satisfied id="4823" threadId="0000000000329300" bytesRequested="24" />
<af-end id="4824" timestamp="2021-04-05T23:19:19.638" threadId="0000000000329C80" success="true" from="nursery"/>
<exclusive-end id="4825" timestamp="2021-04-05T23:19:19.638" durationms="124.203" />

<exclusive-start id="4826" timestamp="2021-04-05T23:19:20.497" intervalms="983.236">
  <response-info timems="0.058" idlems="0.037" threads="1" lastid="000000000013CF00" lastname="BenchmarkThread xml.validation 2" />
</exclusive-start>
<af-start id="4827" threadId="000000000011D480" totalBytesRequested="16" timestamp="2021-04-05T23:19:20.497" intervalms="983.234" type="nursery" />
<cycle-start id="4828" type="scavenge" contextid="0" timestamp="2021-04-05T23:19:20.497" intervalms="983.237" />
<gc-start id="4829" type="scavenge" contextid="4828" timestamp="2021-04-05T23:19:20.497">
  <mem-info id="4830" free="963530848" total="1610612736" percent="59">
    <mem type="nursery" free="0" total="402653184" percent="0">
      <mem type="allocate" free="0" total="331546624" percent="0" />
      <mem type="survivor" free="0" total="71106560" percent="0" />
    </mem>
    <mem type="tenure" free="963530848" total="1207959552" percent="79">
      <mem type="soa" free="903132256" total="1147560960" percent="78" />
      <mem type="loa" free="60398592" total="60398592" percent="100" />
    </mem>
    <remembered-set count="1568" />
  </mem-info>
</gc-start>
<allocation-stats totalBytes="267232248" >
  <allocated-bytes non-tlh="3144" tlh="267229104" />
  <largest-consumer threadName="BenchmarkThread xml.validation 8" threadId="000000000033BE00" bytes="46333104" />
</allocation-stats>
<gc-op id="4831" type="scavenge" timems="104.723" contextid="4828" timestamp="2021-04-05T23:19:20.602">
  <scavenger-info tenureage="3" tenuremask="7ff8" tiltratio="82" />
  <memory-copied type="nursery" objects="1496962" bytes="60583824" bytesdiscarded="12440" />
  <memory-copied type="tenure" objects="12" bytes="384" bytesdiscarded="0" />
</gc-op>
<gc-end id="4832" type="scavenge" contextid="4828" durationms="104.452" usertimems="405.444" systemtimems="0.000" timestamp="2021-04-05T23:19:20.603" activeThreads="4">
  <mem-info id="4833" free="1234808888" total="1610612736" percent="76">
    <mem type="nursery" free="271278040" total="402653184" percent="67">
      <mem type="allocate" free="271278040" total="331874304" percent="81" />
      <mem type="survivor" free="0" total="70778880" percent="0" />
    </mem>
    <mem type="tenure" free="963530848" total="1207959552" percent="79" macro-fragmented="0">
      <mem type="soa" free="903132256" total="1147560960" percent="78" />
      <mem type="loa" free="60398592" total="60398592" percent="100" />
    </mem>
    <remembered-set count="1340" />
  </mem-info>
</gc-end>
<cycle-end id="4834" type="scavenge" contextid="4828" timestamp="2021-04-05T23:19:20.603" />
<allocation-satisfied id="4835" threadId="000000000011CB00" bytesRequested="16" />
<af-end id="4836" timestamp="2021-04-05T23:19:20.603" threadId="000000000011D480" success="true" from="nursery"/>
<exclusive-end id="4837" timestamp="2021-04-05T23:19:20.603" durationms="105.395" />

<exclusive-start id="4838" timestamp="2021-04-05T23:19:21.417" intervalms="920.130">
  <response-info timems="0.054" idlems="0.054" threads="0" lastid="000000000033BE00" lastname="BenchmarkThread xml.validation 8" />
</exclusive-start>
<af-start id="4839" threadId="000000000033C780" totalBytesRequested="1040" timestamp="2021-04-05T23:19:21.418" intervalms="920.133" type="nursery" />
<cycle-start id="4840" type="scavenge" contextid="0" timestamp="2021-04-05T23:19:21.418" intervalms="920.131" />
<gc-start id="4841" type="scavenge" contextid="4840" timestamp="2021-04-05T23:19:21.418">
  <mem-info id="4842" free="963530848" total="1610612736" percent="59">
    <mem type="nursery" free="0" total="402653184" percent="0">
      <mem type="allocate" free="0" total="331874304" percent="0" />
      <mem type="survivor" free="0" total="70778880" percent="0" />
    </mem>
    <mem type="tenure" free="963530848" total="1207959552" percent="79">
      <mem type="soa" free="903132256" total="1147560960" percent="78" />
      <mem type="loa" free="60398592" total="60398592" percent="100" />
    </mem>
    <remembered-set count="1553" />
  </mem-info>
</gc-start>
<allocation-stats totalBytes="271184152" >
  <allocated-bytes non-tlh="2096" tlh="271182056" />
  <largest-consumer threadName="BenchmarkThread xml.validation 1" threadId="000000000011CB00" bytes="51272160" />
</allocation-stats>
<gc-op id="4843" type="scavenge" timems="117.806" contextid="4840" timestamp="2021-04-05T23:19:21.535">
  <scavenger-info tenureage="3" tenuremask="7ff8" tiltratio="82" />
  <memory-copied type="nursery" objects="1545199" bytes="62040336" bytesdiscarded="12464" />
  <memory-copied type="tenure" objects="2" bytes="64" bytesdiscarded="0" />
</gc-op>
<gc-end id="4844" type="scavenge" contextid="4840" durationms="117.794" usertimems="461.767" systemtimems="0.000" timestamp="2021-04-05T23:19:21.536" activeThreads="4">
  <mem-info id="4845" free="1233811104" total="1610612736" percent="76">
    <mem type="nursery" free="270280256" total="402653184" percent="67">
      <mem type="allocate" free="270280256" total="332333056" percent="81" />
      <mem type="survivor" free="0" total="70320128" percent="0" />
    </mem>
    <mem type="tenure" free="963530848" total="1207959552" percent="79" macro-fragmented="0">
      <mem type="soa" free="903132256" total="1147560960" percent="78" />
      <mem type="loa" free="60398592" total="60398592" percent="100" />
    </mem>
    <remembered-set count="1338" />
  </mem-info>
</gc-end>
<cycle-end id="4846" type="scavenge" contextid="4840" timestamp="2021-04-05T23:19:21.536" />
<allocation-satisfied id="4847" threadId="000000000033BE00" bytesRequested="1040" />
<af-end id="4848" timestamp="2021-04-05T23:19:21.536" threadId="000000000033C780" success="true" from="nursery"/>
<exclusive-end id="4849" timestamp="2021-04-05T23:19:21.536" durationms="118.523" />

<exclusive-start id="4850" timestamp="2021-04-05T23:19:22.275" intervalms="857.622">
  <response-info timems="0.066" idlems="0.066" threads="0" lastid="000000000033BE00" lastname="BenchmarkThread xml.validation 8" />
</exclusive-start>
<af-start id="4851" threadId="000000000033C780" totalBytesRequested="16" timestamp="2021-04-05T23:19:22.275" intervalms="857.615" type="nursery" />
<cycle-start id="4852" type="scavenge" contextid="0" timestamp="2021-04-05T23:19:22.275" intervalms="857.613" />
<gc-start id="4853" type="scavenge" contextid="4852" timestamp="2021-04-05T23:19:22.275">
  <mem-info id="4854" free="963530848" total="1610612736" percent="59">
    <mem type="nursery" free="0" total="402653184" percent="0">
      <mem type="allocate" free="0" total="332333056" percent="0" />
      <mem type="survivor" free="0" total="70320128" percent="0" />
    </mem>
    <mem type="tenure" free="963530848" total="1207959552" percent="79">
      <mem type="soa" free="903132256" total="1147560960" percent="78" />
      <mem type="loa" free="60398592" total="60398592" percent="100" />
    </mem>
    <remembered-set count="1522" />
  </mem-info>
</gc-start>
<allocation-stats totalBytes="270194952" >
  <allocated-bytes non-tlh="1040" tlh="270193912" />
  <largest-consumer threadName="BenchmarkThread xml.validation 8" threadId="000000000033BE00" bytes="39177832" />
</allocation-stats>
<gc-op id="4855" type="scavenge" timems="106.441" contextid="4852" timestamp="2021-04-05T23:19:22.382">
  <scavenger-info tenureage="3" tenuremask="7ff8" tiltratio="82" />
  <memory-copied type="nursery" objects="1530799" bytes="61722896" bytesdiscarded="9264" />
  <memory-copied type="tenure" objects="8" bytes="256" bytesdiscarded="0" />
</gc-op>
<gc-end id="4856" type="scavenge" contextid="4852" durationms="106.430" usertimems="410.875" systemtimems="0.008" timestamp="2021-04-05T23:19:22.382" activeThreads="4">
  <mem-info id="4857" free="1234787104" total="1610612736" percent="76">
    <mem type="nursery" free="271256256" total="402653184" percent="67">
      <mem type="allocate" free="271256256" total="332988416" percent="81" />
      <mem type="survivor" free="0" total="69664768" percent="0" />
    </mem>
    <mem type="tenure" free="963530848" total="1207959552" percent="79" macro-fragmented="0">
      <mem type="soa" free="903132256" total="1147560960" percent="78" />
      <mem type="loa" free="60398592" total="60398592" percent="100" />
    </mem>
    <remembered-set count="1335" />
  </mem-info>
</gc-end>
<cycle-end id="4858" type="scavenge" contextid="4852" timestamp="2021-04-05T23:19:22.382" />
<allocation-satisfied id="4859" threadId="000000000033BE00" bytesRequested="16" />
<af-end id="4860" timestamp="2021-04-05T23:19:22.382" threadId="000000000033C780" success="true" from="nursery"/>
<exclusive-end id="4861" timestamp="2021-04-05T23:19:22.382" durationms="107.102" />

<exclusive-start id="4862" timestamp="2021-04-05T23:19:23.262" intervalms="987.171">
  <response-info timems="0.081" idlems="0.052" threads="1" lastid="000000000033BE00" lastname="BenchmarkThread xml.validation 8" />
</exclusive-start>
<af-start id="4863" threadId="0000000000338C80" totalBytesRequested="40" timestamp="2021-04-05T23:19:23.262" intervalms="987.180" type="nursery" />
<cycle-start id="4864" type="scavenge" contextid="0" timestamp="2021-04-05T23:19:23.262" intervalms="987.184" />
<gc-start id="4865" type="scavenge" contextid="4864" timestamp="2021-04-05T23:19:23.262">
  <mem-info id="4866" free="963530848" total="1610612736" percent="59">
    <mem type="nursery" free="0" total="402653184" percent="0">
      <mem type="allocate" free="0" total="332988416" percent="0" />
      <mem type="survivor" free="0" total="69664768" percent="0" />
    </mem>
    <mem type="tenure" free="963530848" total="1207959552" percent="79">
      <mem type="soa" free="903132256" total="1147560960" percent="78" />
      <mem type="loa" free="60398592" total="60398592" percent="100" />
    </mem>
    <remembered-set count="1565" />
  </mem-info>
</gc-start>
<allocation-stats totalBytes="271169792" >
  <allocated-bytes non-tlh="16" tlh="271169776" />
  <largest-consumer threadName="BenchmarkThread xml.validation 1" threadId="000000000011CB00" bytes="47609160" />
</allocation-stats>
<gc-op id="4867" type="scavenge" timems="122.904" contextid="4864" timestamp="2021-04-05T23:19:23.385">
  <scavenger-info tenureage="3" tenuremask="7ff8" tiltratio="82" />
  <memory-copied type="nursery" objects="1544936" bytes="62021856" bytesdiscarded="13280" />
  <memory-copied type="tenure" objects="8" bytes="256" bytesdiscarded="0" />
</gc-op>
<gc-end id="4868" type="scavenge" contextid="4864" durationms="122.892" usertimems="459.584" systemtimems="0.000" timestamp="2021-04-05T23:19:23.386" activeThreads="4">
  <mem-info id="4869" free="1234942880" total="1610612736" percent="76">
    <mem type="nursery" free="271412032" total="402653184" percent="67">
      <mem type="allocate" free="271412032" total="333447168" percent="81" />
      <mem type="survivor" free="0" total="69206016" percent="0" />
    </mem>
    <mem type="tenure" free="963530848" total="1207959552" percent="79" macro-fragmented="0">
      <mem type="soa" free="903132256" total="1147560960" percent="78" />
      <mem type="loa" free="60398592" total="60398592" percent="100" />
    </mem>
    <remembered-set count="1335" />
  </mem-info>
</gc-end>
<cycle-end id="4870" type="scavenge" contextid="4864" timestamp="2021-04-05T23:19:23.386" />
<allocation-satisfied id="4871" threadId="0000000000338300" bytesRequested="40" />
<af-end id="4872" timestamp="2021-04-05T23:19:23.386" threadId="0000000000338C80" success="true" from="nursery"/>
<exclusive-end id="4873" timestamp="2021-04-05T23:19:23.386" durationms="123.637" />

<exclusive-start id="4874" timestamp="2021-04-05T23:19:24.192" intervalms="929.335">
  <response-info timems="0.050" idlems="0.050" threads="0" lastid="000000000032CF00" lastname="BenchmarkThread xml.validation 4" />
</exclusive-start>
<af-start id="4875" threadId="000000000032D880" totalBytesRequested="16" timestamp="2021-04-05T23:19:24.192" intervalms="929.330" type="nursery" />
<cycle-start id="4876" type="scavenge" contextid="0" timestamp="2021-04-05T23:19:24.192" intervalms="929.340" />
<gc-start id="4877" type="scavenge" contextid="4876" timestamp="2021-04-05T23:19:24.192">
  <mem-info id="4878" free="963530848" total="1610612736" percent="59">
    <mem type="nursery" free="0" total="402653184" percent="0">
      <mem type="allocate" free="0" total="333447168" percent="0" />
      <mem type="survivor" free="0" total="69206016" percent="0" />
    </mem>
    <mem type="tenure" free="963530848" total="1207959552" percent="79">
      <mem type="soa" free="903132256" total="1147560960" percent="78" />
      <mem type="loa" free="60398592" total="60398592" percent="100" />
    </mem>
    <remembered-set count="1556" />
  </mem-info>
</gc-start>
<allocation-stats totalBytes="271309080" >
  <allocated-bytes non-tlh="4200" tlh="271304880" />
  <largest-consumer threadName="BenchmarkThread xml.validation 7" threadId="0000000000338300" bytes="40405792" />
</allocation-stats>
<gc-op id="4879" type="scavenge" timems="107.549" contextid="4876" timestamp="2021-04-05T23:19:24.299">
  <scavenger-info tenureage="3" tenuremask="7ff8" tiltratio="82" />
  <memory-copied type="nursery" objects="1581176" bytes="63850976" bytesdiscarded="12376" />
  <memory-copied type="tenure" objects="2" bytes="64" bytesdiscarded="0" />
</gc-op>
<gc-end id="4880" type="scavenge" contextid="4876" durationms="107.538" usertimems="420.430" systemtimems="0.000" timestamp="2021-04-05T23:19:24.300" activeThreads="4">
  <mem-info id="4881" free="1231738408" total="1610612736" percent="76">
    <mem type="nursery" free="268207560" total="402653184" percent="66">
      <mem type="allocate" free="268207560" total="332070912" percent="80" />
      <mem type="survivor" free="0" total="70582272" percent="0" />
    </mem>
    <mem type="tenure" free="963530848" total="1207959552" percent="79" macro-fragmented="0">
      <mem type="soa" free="903132256" total="1147560960" percent="78" />
      <mem type="loa" free="60398592" total="60398592" percent="100" />
    </mem>
    <remembered-set count="1342" />
  </mem-info>
</gc-end>
<cycle-end id="4882" type="scavenge" contextid="4876" timestamp="2021-04-05T23:19:24.300" />
<allocation-satisfied id="4883" threadId="000000000032CF00" bytesRequested="16" />
<af-end id="4884" timestamp="2021-04-05T23:19:24.300" threadId="000000000032D880" success="true" from="nursery"/>
<exclusive-end id="4885" timestamp="2021-04-05T23:19:24.300" durationms="108.218" />

<exclusive-start id="4886" timestamp="2021-04-05T23:19:25.002" intervalms="810.195">
  <response-info timems="0.050" idlems="0.050" threads="0" lastid="0000000000330B00" lastname="BenchmarkThread xml.validation 5" />
</exclusive-start>
<af-start id="4887" threadId="0000000000331480" totalBytesRequested="24" timestamp="2021-04-05T23:19:25.002" intervalms="810.193" type="nursery" />
<cycle-start id="4888" type="scavenge" contextid="0" timestamp="2021-04-05T23:19:25.002" intervalms="810.179" />
<gc-start id="4889" type="scavenge" contextid="4888" timestamp="2021-04-05T23:19:25.002">
  <mem-info id="4890" free="963530848" total="1610612736" percent="59">
    <mem type="nursery" free="0" total="402653184" percent="0">
      <mem type="allocate" free="0" total="332070912" percent="0" />
      <mem type="survivor" free="0" total="70582272" percent="0" />
    </mem>
    <mem type="tenure" free="963530848" total="1207959552" percent="79">
      <mem type="soa" free="903132256" total="1147560960" percent="78" />
      <mem type="loa" free="60398592" total="60398592" percent="100" />
    </mem>
    <remembered-set count="1528" />
  </mem-info>
</gc-start>
<allocation-stats totalBytes="268131760" >
  <allocated-bytes non-tlh="16" tlh="268131744" />
  <largest-consumer threadName="BenchmarkThread xml.validation 8" threadId="000000000033BE00" bytes="39672624" />
</allocation-stats>
<gc-op id="4891" type="scavenge" timems="109.768" contextid="4888" timestamp="2021-04-05T23:19:25.112">
  <scavenger-info tenureage="3" tenuremask="7ff8" tiltratio="82" />
  <memory-copied type="nursery" objects="1550519" bytes="62541120" bytesdiscarded="13648" />
  <memory-copied type="tenure" objects="8" bytes="256" bytesdiscarded="0" />
</gc-op>
<gc-end id="4892" type="scavenge" contextid="4888" durationms="109.757" usertimems="421.557" systemtimems="0.000" timestamp="2021-04-05T23:19:25.112" activeThreads="4">
  <mem-info id="4893" free="1233309136" total="1610612736" percent="76">
    <mem type="nursery" free="269778288" total="402653184" percent="67">
      <mem type="allocate" free="269778288" total="332333056" percent="81" />
      <mem type="survivor" free="0" total="70320128" percent="0" />
    </mem>
    <mem type="tenure" free="963530848" total="1207959552" percent="79" macro-fragmented="0">
      <mem type="soa" free="903132256" total="1147560960" percent="78" />
      <mem type="loa" free="60398592" total="60398592" percent="100" />
    </mem>
    <remembered-set count="1335" />
  </mem-info>
</gc-end>
<cycle-end id="4894" type="scavenge" contextid="4888" timestamp="2021-04-05T23:19:25.112" />
<allocation-satisfied id="4895" threadId="0000000000330B00" bytesRequested="24" />
<af-end id="4896" timestamp="2021-04-05T23:19:25.112" threadId="0000000000331480" success="true" from="nursery"/>
<exclusive-end id="4897" timestamp="2021-04-05T23:19:25.112" durationms="110.482" />

<exclusive-start id="4898" timestamp="2021-04-05T23:19:26.063" intervalms="1060.762">
  <response-info timems="0.067" idlems="0.040" threads="1" lastid="0000000000338300" lastname="BenchmarkThread xml.validation 7" />
</exclusive-start>
<af-start id="4899" threadId="0000000000329C80" totalBytesRequested="16" timestamp="2021-04-05T23:19:26.063" intervalms="1060.775" type="nursery" />
<cycle-start id="4900" type="scavenge" contextid="0" timestamp="2021-04-05T23:19:26.063" intervalms="1061.123" />
<gc-start id="4901" type="scavenge" contextid="4900" timestamp="2021-04-05T23:19:26.063">
  <mem-info id="4902" free="963530848" total="1610612736" percent="59">
    <mem type="nursery" free="0" total="402653184" percent="0">
      <mem type="allocate" free="0" total="332333056" percent="0" />
      <mem type="survivor" free="0" total="70320128" percent="0" />
    </mem>
    <mem type="tenure" free="963530848" total="1207959552" percent="79">
      <mem type="soa" free="903132256" total="1147560960" percent="78" />
      <mem type="loa" free="60398592" total="60398592" percent="100" />
    </mem>
    <remembered-set count="1582" />
  </mem-info>
</gc-start>
<allocation-stats totalBytes="269674464" >
  <allocated-bytes non-tlh="2104" tlh="269672360" />
  <largest-consumer threadName="BenchmarkThread xml.validation 1" threadId="000000000011CB00" bytes="45207464" />
</allocation-stats>
<gc-op id="4903" type="scavenge" timems="107.551" contextid="4900" timestamp="2021-04-05T23:19:26.171">
  <scavenger-info tenureage="3" tenuremask="7ff8" tiltratio="82" />
  <memory-copied type="nursery" objects="1510168" bytes="60964944" bytesdiscarded="12048" />
  <memory-copied type="tenure" objects="6" bytes="192" bytesdiscarded="0" />
</gc-op>
<gc-end id="4904" type="scavenge" contextid="4900" durationms="107.539" usertimems="416.246" systemtimems="0.008" timestamp="2021-04-05T23:19:26.171" activeThreads="4">
  <mem-info id="4905" free="1235476736" total="1610612736" percent="76">
    <mem type="nursery" free="271945888" total="402653184" percent="67">
      <mem type="allocate" free="271945888" total="332922880" percent="81" />
      <mem type="survivor" free="0" total="69730304" percent="0" />
    </mem>
    <mem type="tenure" free="963530848" total="1207959552" percent="79" macro-fragmented="0">
      <mem type="soa" free="903132256" total="1147560960" percent="78" />
      <mem type="loa" free="60398592" total="60398592" percent="100" />
    </mem>
    <remembered-set count="1333" />
  </mem-info>
</gc-end>
<cycle-end id="4906" type="scavenge" contextid="4900" timestamp="2021-04-05T23:19:26.171" />
<allocation-satisfied id="4907" threadId="0000000000329300" bytesRequested="16" />
<af-end id="4908" timestamp="2021-04-05T23:19:26.171" threadId="0000000000329C80" success="true" from="nursery"/>
<exclusive-end id="4909" timestamp="2021-04-05T23:19:26.171" durationms="108.618" />

<exclusive-start id="4910" timestamp="2021-04-05T23:19:26.862" intervalms="799.719">
  <response-info timems="0.078" idlems="0.043" threads="2" lastid="000000000032CF00" lastname="BenchmarkThread xml.validation 4" />
</exclusive-start>
<af-start id="4911" threadId="000000000033C780" totalBytesRequested="16" timestamp="2021-04-05T23:19:26.862" intervalms="799.706" type="nursery" />
<cycle-start id="4912" type="scavenge" contextid="0" timestamp="2021-04-05T23:19:26.862" intervalms="799.361" />
<gc-start id="4913" type="scavenge" contextid="4912" timestamp="2021-04-05T23:19:26.862">
  <mem-info id="4914" free="963530848" total="1610612736" percent="59">
    <mem type="nursery" free="0" total="402653184" percent="0">
      <mem type="allocate" free="0" total="332922880" percent="0" />
      <mem type="survivor" free="0" total="69730304" percent="0" />
    </mem>
    <mem type="tenure" free="963530848" total="1207959552" percent="79">
      <mem type="soa" free="903132256" total="1147560960" percent="78" />
      <mem type="loa" free="60398592" total="60398592" percent="100" />
    </mem>
    <remembered-set count="1514" />
  </mem-info>
</gc-start>
<allocation-stats totalBytes="271853192" >
  <allocated-bytes non-tlh="16" tlh="271853176" />
  <largest-consumer threadName="BenchmarkThread xml.validation 4" threadId="000000000032CF00" bytes="44293496" />
</allocation-stats>
<gc-op id="4915" type="scavenge" timems="103.864" contextid="4912" timestamp="2021-04-05T23:19:26.966">
  <scavenger-info tenureage="3" tenuremask="7ff8" tiltratio="82" />
  <memory-copied type="nursery" objects="1533830" bytes="61897632" bytesdiscarded="12568" />
  <memory-copied type="tenure" objects="4" bytes="128" bytesdiscarded="0" />
</gc-op>
<gc-end id="4916" type="scavenge" contextid="4912" durationms="103.838" usertimems="408.996" systemtimems="0.000" timestamp="2021-04-05T23:19:26.967" activeThreads="4">
  <mem-info id="4917" free="1234871208" total="1610612736" percent="76">
    <mem type="nursery" free="271340360" total="402653184" percent="67">
      <mem type="allocate" free="271340360" total="333250560" percent="81" />
      <mem type="survivor" free="0" total="69402624" percent="0" />
    </mem>
    <mem type="tenure" free="963530848" total="1207959552" percent="79" macro-fragmented="0">
      <mem type="soa" free="903132256" total="1147560960" percent="78" />
      <mem type="loa" free="60398592" total="60398592" percent="100" />
    </mem>
    <remembered-set count="1339" />
  </mem-info>
</gc-end>
<cycle-end id="4918" type="scavenge" contextid="4912" timestamp="2021-04-05T23:19:26.967" />
<allocation-satisfied id="4919" threadId="000000000033BE00" bytesRequested="16" />
<af-end id="4920" timestamp="2021-04-05T23:19:26.967" threadId="000000000033C780" success="true" from="nursery"/>
<exclusive-end id="4921" timestamp="2021-04-05T23:19:26.967" durationms="104.511" />

<exclusive-start id="4922" timestamp="2021-04-05T23:19:27.809" intervalms="946.254">
  <response-info timems="0.057" idlems="0.057" threads="0" lastid="0000000000330B00" lastname="BenchmarkThread xml.validation 5" />
</exclusive-start>
<af-start id="4923" threadId="0000000000331480" totalBytesRequested="16" timestamp="2021-04-05T23:19:27.809" intervalms="946.255" type="nursery" />
<cycle-start id="4924" type="scavenge" contextid="0" timestamp="2021-04-05T23:19:27.809" intervalms="946.255" />
<gc-start id="4925" type="scavenge" contextid="4924" timestamp="2021-04-05T23:19:27.809">
  <mem-info id="4926" free="963530848" total="1610612736" percent="59">
    <mem type="nursery" free="0" total="402653184" percent="0">
      <mem type="allocate" free="0" total="333250560" percent="0" />
      <mem type="survivor" free="0" total="69402624" percent="0" />
    </mem>
    <mem type="tenure" free="963530848" total="1207959552" percent="79">
      <mem type="soa" free="903132256" total="1147560960" percent="78" />
      <mem type="loa" free="60398592" total="60398592" percent="100" />
    </mem>
    <remembered-set count="1552" />
  </mem-info>
</gc-start>
<allocation-stats totalBytes="271242200" >
  <allocated-bytes non-tlh="3136" tlh="271239064" />
  <largest-consumer threadName="BenchmarkThread xml.validation 1" threadId="000000000011CB00" bytes="50666304" />
</allocation-stats>
<gc-op id="4927" type="scavenge" timems="123.425" contextid="4924" timestamp="2021-04-05T23:19:27.932">
  <scavenger-info tenureage="3" tenuremask="7ff8" tiltratio="82" />
  <memory-copied type="nursery" objects="1539910" bytes="62030432" bytesdiscarded="13040" />
  <memory-copied type="tenure" objects="10" bytes="320" bytesdiscarded="0" />
</gc-op>
<gc-end id="4928" type="scavenge" contextid="4924" durationms="123.410" usertimems="468.556" systemtimems="0.000" timestamp="2021-04-05T23:19:27.933" activeThreads="4">
  <mem-info id="4929" free="1235196688" total="1610612736" percent="76">
    <mem type="nursery" free="271665840" total="402653184" percent="67">
      <mem type="allocate" free="271665840" total="333709312" percent="81" />
      <mem type="survivor" free="0" total="68943872" percent="0" />
    </mem>
    <mem type="tenure" free="963530848" total="1207959552" percent="79" macro-fragmented="0">
      <mem type="soa" free="903132256" total="1147560960" percent="78" />
      <mem type="loa" free="60398592" total="60398592" percent="100" />
    </mem>
    <remembered-set count="1332" />
  </mem-info>
</gc-end>
<cycle-end id="4930" type="scavenge" contextid="4924" timestamp="2021-04-05T23:19:27.933" />
<allocation-satisfied id="4931" threadId="0000000000330B00" bytesRequested="16" />
<af-end id="4932" timestamp="2021-04-05T23:19:27.933" threadId="0000000000331480" success="true" from="nursery"/>
<exclusive-end id="4933" timestamp="2021-04-05T23:19:27.933" durationms="124.168" />

<exclusive-start id="4934" timestamp="2021-04-05T23:19:28.771" intervalms="962.169">
  <response-info timems="0.044" idlems="0.023" threads="1" lastid="000000000033BE00" lastname="BenchmarkThread xml.validation 8" />
</exclusive-start>
<af-start id="4935" threadId="000000000011D480" totalBytesRequested="16" timestamp="2021-04-05T23:19:28.771" intervalms="962.167" type="nursery" />
<cycle-start id="4936" type="scavenge" contextid="0" timestamp="2021-04-05T23:19:28.771" intervalms="962.163" />
<gc-start id="4937" type="scavenge" contextid="4936" timestamp="2021-04-05T23:19:28.771">
  <mem-info id="4938" free="963530848" total="1610612736" percent="59">
    <mem type="nursery" free="0" total="402653184" percent="0">
      <mem type="allocate" free="0" total="333709312" percent="0" />
      <mem type="survivor" free="0" total="68943872" percent="0" />
    </mem>
    <mem type="tenure" free="963530848" total="1207959552" percent="79">
      <mem type="soa" free="903132256" total="1147560960" percent="78" />
      <mem type="loa" free="60398592" total="60398592" percent="100" />
    </mem>
    <remembered-set count="1568" />
  </mem-info>
</gc-start>
<allocation-stats totalBytes="271554008" >
  <allocated-bytes non-tlh="16" tlh="271553992" />
  <largest-consumer threadName="BenchmarkThread xml.validation 7" threadId="0000000000338300" bytes="52999328" />
</allocation-stats>
<gc-op id="4939" type="scavenge" timems="110.771" contextid="4936" timestamp="2021-04-05T23:19:28.882">
  <scavenger-info tenureage="3" tenuremask="7ff8" tiltratio="82" />
  <memory-copied type="nursery" objects="1557499" bytes="62682200" bytesdiscarded="9688" />
  <memory-copied type="tenure" objects="4" bytes="128" bytesdiscarded="0" />
</gc-op>
<gc-end id="4940" type="scavenge" contextid="4936" durationms="110.760" usertimems="424.320" systemtimems="0.000" timestamp="2021-04-05T23:19:28.882" activeThreads="4">
  <mem-info id="4941" free="1234941488" total="1610612736" percent="76">
    <mem type="nursery" free="271410640" total="402653184" percent="67">
      <mem type="allocate" free="271410640" total="334102528" percent="81" />
      <mem type="survivor" free="0" total="68550656" percent="0" />
    </mem>
    <mem type="tenure" free="963530848" total="1207959552" percent="79" macro-fragmented="0">
      <mem type="soa" free="903132256" total="1147560960" percent="78" />
      <mem type="loa" free="60398592" total="60398592" percent="100" />
    </mem>
    <remembered-set count="1336" />
  </mem-info>
</gc-end>
<cycle-end id="4942" type="scavenge" contextid="4936" timestamp="2021-04-05T23:19:28.882" />
<allocation-satisfied id="4943" threadId="000000000011CB00" bytesRequested="16" />
<af-end id="4944" timestamp="2021-04-05T23:19:28.882" threadId="000000000011D480" success="true" from="nursery"/>
<exclusive-end id="4945" timestamp="2021-04-05T23:19:28.882" durationms="111.448" />

<exclusive-start id="4946" timestamp="2021-04-05T23:19:29.634" intervalms="863.151">
  <response-info timems="0.057" idlems="0.057" threads="0" lastid="0000000000329300" lastname="BenchmarkThread xml.validation 3" />
</exclusive-start>
<af-start id="4947" threadId="0000000000329C80" totalBytesRequested="24" timestamp="2021-04-05T23:19:29.634" intervalms="863.154" type="nursery" />
<cycle-start id="4948" type="scavenge" contextid="0" timestamp="2021-04-05T23:19:29.634" intervalms="863.157" />
<gc-start id="4949" type="scavenge" contextid="4948" timestamp="2021-04-05T23:19:29.634">
  <mem-info id="4950" free="963530848" total="1610612736" percent="59">
    <mem type="nursery" free="0" total="402653184" percent="0">
      <mem type="allocate" free="0" total="334102528" percent="0" />
      <mem type="survivor" free="0" total="68550656" percent="0" />
    </mem>
    <mem type="tenure" free="963530848" total="1207959552" percent="79">
      <mem type="soa" free="903132256" total="1147560960" percent="78" />
      <mem type="loa" free="60398592" total="60398592" percent="100" />
    </mem>
    <remembered-set count="1516" />
  </mem-info>
</gc-start>
<allocation-stats totalBytes="271304080" >
  <allocated-bytes non-tlh="7296" tlh="271296784" />
  <largest-consumer threadName="BenchmarkThread xml.validation 3" threadId="0000000000329300" bytes="53476856" />
</allocation-stats>
<gc-op id="4951" type="scavenge" timems="118.719" contextid="4948" timestamp="2021-04-05T23:19:29.753">
  <scavenger-info tenureage="3" tenuremask="7ff8" tiltratio="82" />
  <memory-copied type="nursery" objects="1553678" bytes="63135216" bytesdiscarded="11800" />
  <memory-copied type="tenure" objects="9645" bytes="343560" bytesdiscarded="0" />
</gc-op>
<gc-end id="4952" type="scavenge" contextid="4948" durationms="118.692" usertimems="472.446" systemtimems="0.000" timestamp="2021-04-05T23:19:29.753" activeThreads="4">
  <mem-info id="4953" free="1234224216" total="1610612736" percent="76">
    <mem type="nursery" free="270824440" total="402653184" percent="67">
      <mem type="allocate" free="270824440" total="333971456" percent="81" />
      <mem type="survivor" free="0" total="68681728" percent="0" />
    </mem>
    <mem type="tenure" free="963399776" total="1207959552" percent="79" macro-fragmented="0">
      <mem type="soa" free="903001184" total="1147560960" percent="78" />
      <mem type="loa" free="60398592" total="60398592" percent="100" />
    </mem>
    <remembered-set count="1337" />
  </mem-info>
</gc-end>
<cycle-end id="4954" type="scavenge" contextid="4948" timestamp="2021-04-05T23:19:29.753" />
<allocation-satisfied id="4955" threadId="0000000000329300" bytesRequested="24" />
<af-end id="4956" timestamp="2021-04-05T23:19:29.753" threadId="0000000000329C80" success="true" from="nursery"/>
<exclusive-end id="4957" timestamp="2021-04-05T23:19:29.753" durationms="119.429" />

<exclusive-start id="4958" timestamp="2021-04-05T23:19:30.583" intervalms="949.058">
  <response-info timems="0.061" idlems="0.037" threads="1" lastid="000000000013CF00" lastname="BenchmarkThread xml.validation 2" />
</exclusive-start>
<af-start id="4959" threadId="0000000000329C80" totalBytesRequested="1040" timestamp="2021-04-05T23:19:30.583" intervalms="949.053" type="nursery" />
<cycle-start id="4960" type="scavenge" contextid="0" timestamp="2021-04-05T23:19:30.583" intervalms="949.050" />
<gc-start id="4961" type="scavenge" contextid="4960" timestamp="2021-04-05T23:19:30.583">
  <mem-info id="4962" free="963399776" total="1610612736" percent="59">
    <mem type="nursery" free="0" total="402653184" percent="0">
      <mem type="allocate" free="0" total="333971456" percent="0" />
      <mem type="survivor" free="0" total="68681728" percent="0" />
    </mem>
    <mem type="tenure" free="963399776" total="1207959552" percent="79">
      <mem type="soa" free="903001184" total="1147560960" percent="78" />
      <mem type="loa" free="60398592" total="60398592" percent="100" />
    </mem>
    <remembered-set count="1578" />
  </mem-info>
</gc-start>
<allocation-stats totalBytes="270736776" >
  <allocated-bytes non-tlh="2104" tlh="270734672" />
  <largest-consumer threadName="BenchmarkThread xml.validation 2" threadId="000000000013CF00" bytes="44914184" />
</allocation-stats>
<gc-op id="4963" type="scavenge" timems="114.911" contextid="4960" timestamp="2021-04-05T23:19:30.698">
  <scavenger-info tenureage="3" tenuremask="7ff8" tiltratio="82" />
  <memory-copied type="nursery" objects="1516979" bytes="61171792" bytesdiscarded="12456" />
  <memory-copied type="tenure" objects="120339" bytes="4873728" bytesdiscarded="0" />
</gc-op>
<gc-end id="4964" type="scavenge" contextid="4960" durationms="114.900" usertimems="447.654" systemtimems="0.014" timestamp="2021-04-05T23:19:30.698" activeThreads="4">
  <mem-info id="4965" free="1231337320" total="1610612736" percent="76">
    <mem type="nursery" free="272918280" total="402653184" percent="67">
      <mem type="allocate" free="272918280" total="334102528" percent="81" />
      <mem type="survivor" free="0" total="68550656" percent="0" />
    </mem>
    <mem type="tenure" free="958419040" total="1207959552" percent="79" macro-fragmented="0">
      <mem type="soa" free="898020448" total="1147560960" percent="78" />
      <mem type="loa" free="60398592" total="60398592" percent="100" />
    </mem>
    <remembered-set count="1330" />
  </mem-info>
</gc-end>
<cycle-end id="4966" type="scavenge" contextid="4960" timestamp="2021-04-05T23:19:30.698" />
<allocation-satisfied id="4967" threadId="0000000000329300" bytesRequested="1040" />
<af-end id="4968" timestamp="2021-04-05T23:19:30.698" threadId="0000000000329C80" success="true" from="nursery"/>
<exclusive-end id="4969" timestamp="2021-04-05T23:19:30.698" durationms="115.582" />

<exclusive-start id="4970" timestamp="2021-04-05T23:19:31.542" intervalms="959.167">
  <response-info timems="0.081" idlems="0.049" threads="1" lastid="0000000000330B00" lastname="BenchmarkThread xml.validation 5" />
</exclusive-start>
<af-start id="4971" threadId="0000000000335080" totalBytesRequested="136" timestamp="2021-04-05T23:19:31.542" intervalms="959.181" type="nursery" />
<cycle-start id="4972" type="scavenge" contextid="0" timestamp="2021-04-05T23:19:31.543" intervalms="959.561" />
<gc-start id="4973" type="scavenge" contextid="4972" timestamp="2021-04-05T23:19:31.543">
  <mem-info id="4974" free="958419040" total="1610612736" percent="59">
    <mem type="nursery" free="0" total="402653184" percent="0">
      <mem type="allocate" free="0" total="334102528" percent="0" />
      <mem type="survivor" free="0" total="68550656" percent="0" />
    </mem>
    <mem type="tenure" free="958419040" total="1207959552" percent="79">
      <mem type="soa" free="898020448" total="1147560960" percent="78" />
      <mem type="loa" free="60398592" total="60398592" percent="100" />
    </mem>
    <remembered-set count="1553" />
  </mem-info>
</gc-start>
<allocation-stats totalBytes="272816216" >
  <allocated-bytes non-tlh="1040" tlh="272815176" />
  <largest-consumer threadName="BenchmarkThread xml.validation 3" threadId="0000000000329300" bytes="45937400" />
</allocation-stats>
<gc-op id="4975" type="scavenge" timems="122.241" contextid="4972" timestamp="2021-04-05T23:19:31.665">
  <scavenger-info tenureage="3" tenuremask="7ff8" tiltratio="82" />
  <memory-copied type="nursery" objects="1608860" bytes="65137256" bytesdiscarded="13376" />
  <memory-copied type="tenure" objects="4" bytes="128" bytesdiscarded="0" />
</gc-op>
<gc-end id="4976" type="scavenge" contextid="4972" durationms="122.227" usertimems="479.823" systemtimems="0.000" timestamp="2021-04-05T23:19:31.665" activeThreads="4">
  <mem-info id="4977" free="1222455736" total="1610612736" percent="75">
    <mem type="nursery" free="264036696" total="402653184" percent="65">
      <mem type="allocate" free="264036696" total="329187328" percent="80" />
      <mem type="survivor" free="0" total="73465856" percent="0" />
    </mem>
    <mem type="tenure" free="958419040" total="1207959552" percent="79" macro-fragmented="0">
      <mem type="soa" free="898020448" total="1147560960" percent="78" />
      <mem type="loa" free="60398592" total="60398592" percent="100" />
    </mem>
    <remembered-set count="1341" />
  </mem-info>
</gc-end>
<cycle-end id="4978" type="scavenge" contextid="4972" timestamp="2021-04-05T23:19:31.665" />
<allocation-satisfied id="4979" threadId="0000000000334700" bytesRequested="136" />
<af-end id="4980" timestamp="2021-04-05T23:19:31.665" threadId="0000000000335080" success="true" from="nursery"/>
<exclusive-end id="4981" timestamp="2021-04-05T23:19:31.665" durationms="123.368" />

<exclusive-start id="4982" timestamp="2021-04-05T23:19:32.385" intervalms="842.903">
  <response-info timems="0.046" idlems="0.046" threads="0" lastid="000000000032CF00" lastname="BenchmarkThread xml.validation 4" />
</exclusive-start>
<af-start id="4983" threadId="000000000032D880" totalBytesRequested="32" timestamp="2021-04-05T23:19:32.385" intervalms="842.890" type="nursery" />
<cycle-start id="4984" type="scavenge" contextid="0" timestamp="2021-04-05T23:19:32.385" intervalms="842.510" />
<gc-start id="4985" type="scavenge" contextid="4984" timestamp="2021-04-05T23:19:32.385">
  <mem-info id="4986" free="958419040" total="1610612736" percent="59">
    <mem type="nursery" free="0" total="402653184" percent="0">
      <mem type="allocate" free="0" total="329187328" percent="0" />
      <mem type="survivor" free="0" total="73465856" percent="0" />
    </mem>
    <mem type="tenure" free="958419040" total="1207959552" percent="79">
      <mem type="soa" free="898020448" total="1147560960" percent="78" />
      <mem type="loa" free="60398592" total="60398592" percent="100" />
    </mem>
    <remembered-set count="1515" />
  </mem-info>
</gc-start>
<allocation-stats totalBytes="263953328" >
  <allocated-bytes non-tlh="6376" tlh="263946952" />
  <largest-consumer threadName="BenchmarkThread xml.validation 1" threadId="000000000011CB00" bytes="38098480" />
</allocation-stats>
<gc-op id="4987" type="scavenge" timems="108.197" contextid="4984" timestamp="2021-04-05T23:19:32.493">
  <scavenger-info tenureage="3" tenuremask="7ff8" tiltratio="81" />
  <memory-copied type="nursery" objects="1547917" bytes="62427496" bytesdiscarded="8920" />
  <memory-copied type="tenure" objects="8" bytes="256" bytesdiscarded="0" />
</gc-op>
<gc-end id="4988" type="scavenge" contextid="4984" durationms="108.173" usertimems="416.787" systemtimems="0.000" timestamp="2021-04-05T23:19:32.494" activeThreads="4">
  <mem-info id="4989" free="1225825312" total="1610612736" percent="76">
    <mem type="nursery" free="267406272" total="402653184" percent="66">
      <mem type="allocate" free="267406272" total="329842688" percent="81" />
      <mem type="survivor" free="0" total="72810496" percent="0" />
    </mem>
    <mem type="tenure" free="958419040" total="1207959552" percent="79" macro-fragmented="0">
      <mem type="soa" free="898020448" total="1147560960" percent="78" />
      <mem type="loa" free="60398592" total="60398592" percent="100" />
    </mem>
    <remembered-set count="1334" />
  </mem-info>
</gc-end>
<cycle-end id="4990" type="scavenge" contextid="4984" timestamp="2021-04-05T23:19:32.494" />
<allocation-satisfied id="4991" threadId="000000000032CF00" bytesRequested="32" />
<af-end id="4992" timestamp="2021-04-05T23:19:32.494" threadId="000000000032D880" success="true" from="nursery"/>
<exclusive-end id="4993" timestamp="2021-04-05T23:19:32.494" durationms="108.857" />

<exclusive-start id="4994" timestamp="2021-04-05T23:19:33.376" intervalms="990.795">
  <response-info timems="0.053" idlems="0.053" threads="0" lastid="000000000011CB00" lastname="BenchmarkThread xml.validation 1" />
</exclusive-start>
<af-start id="4995" threadId="000000000011D480" totalBytesRequested="40" timestamp="2021-04-05T23:19:33.376" intervalms="990.799" type="nursery" />
<cycle-start id="4996" type="scavenge" contextid="0" timestamp="2021-04-05T23:19:33.376" intervalms="990.802" />
<gc-start id="4997" type="scavenge" contextid="4996" timestamp="2021-04-05T23:19:33.376">
  <mem-info id="4998" free="958419040" total="1610612736" percent="59">
    <mem type="nursery" free="0" total="402653184" percent="0">
      <mem type="allocate" free="0" total="329842688" percent="0" />
      <mem type="survivor" free="0" total="72810496" percent="0" />
    </mem>
    <mem type="tenure" free="958419040" total="1207959552" percent="79">
      <mem type="soa" free="898020448" total="1147560960" percent="78" />
      <mem type="loa" free="60398592" total="60398592" percent="100" />
    </mem>
    <remembered-set count="1596" />
  </mem-info>
</gc-start>
<allocation-stats totalBytes="267297576" >
  <allocated-bytes non-tlh="32" tlh="267297544" />
  <largest-consumer threadName="BenchmarkThread xml.validation 5" threadId="0000000000330B00" bytes="42102608" />
</allocation-stats>
<gc-op id="4999" type="scavenge" timems="121.253" contextid="4996" timestamp="2021-04-05T23:19:33.497">
  <scavenger-info tenureage="3" tenuremask="7ff8" tiltratio="81" />
  <memory-copied type="nursery" objects="1533666" bytes="61694632" bytesdiscarded="11048" />
  <memory-copied type="tenure" objects="8" bytes="256" bytesdiscarded="0" />
</gc-op>
<gc-end id="5000" type="scavenge" contextid="4996" durationms="121.241" usertimems="463.171" systemtimems="0.000" timestamp="2021-04-05T23:19:33.498" activeThreads="4">
  <mem-info id="5001" free="1227604624" total="1610612736" percent="76">
    <mem type="nursery" free="269185584" total="402653184" percent="66">
      <mem type="allocate" free="269185584" total="330891264" percent="81" />
      <mem type="survivor" free="0" total="71761920" percent="0" />
    </mem>
    <mem type="tenure" free="958419040" total="1207959552" percent="79" macro-fragmented="0">
      <mem type="soa" free="898020448" total="1147560960" percent="78" />
      <mem type="loa" free="60398592" total="60398592" percent="100" />
    </mem>
    <remembered-set count="1333" />
  </mem-info>
</gc-end>
<cycle-end id="5002" type="scavenge" contextid="4996" timestamp="2021-04-05T23:19:33.498" />
<allocation-satisfied id="5003" threadId="000000000011CB00" bytesRequested="40" />
<af-end id="5004" timestamp="2021-04-05T23:19:33.498" threadId="000000000011D480" success="true" from="nursery"/>
<exclusive-end id="5005" timestamp="2021-04-05T23:19:33.498" durationms="121.950" />

<exclusive-start id="5006" timestamp="2021-04-05T23:19:34.254" intervalms="878.016">
  <response-info timems="0.050" idlems="0.050" threads="0" lastid="0000000000334700" lastname="BenchmarkThread xml.validation 6" />
</exclusive-start>
<af-start id="5007" threadId="0000000000335080" totalBytesRequested="16" timestamp="2021-04-05T23:19:34.254" intervalms="878.013" type="nursery" />
<cycle-start id="5008" type="scavenge" contextid="0" timestamp="2021-04-05T23:19:34.254" intervalms="878.011" />
<gc-start id="5009" type="scavenge" contextid="5008" timestamp="2021-04-05T23:19:34.254">
  <mem-info id="5010" free="958419040" total="1610612736" percent="59">
    <mem type="nursery" free="0" total="402653184" percent="0">
      <mem type="allocate" free="0" total="330891264" percent="0" />
      <mem type="survivor" free="0" total="71761920" percent="0" />
    </mem>
    <mem type="tenure" free="958419040" total="1207959552" percent="79">
      <mem type="soa" free="898020448" total="1147560960" percent="78" />
      <mem type="loa" free="60398592" total="60398592" percent="100" />
    </mem>
    <remembered-set count="1512" />
  </mem-info>
</gc-start>
<allocation-stats totalBytes="269095344" >
  <allocated-bytes non-tlh="40" tlh="269095304" />
  <largest-consumer threadName="BenchmarkThread xml.validation 3" threadId="0000000000329300" bytes="39192496" />
</allocation-stats>
<gc-op id="5011" type="scavenge" timems="103.788" contextid="5008" timestamp="2021-04-05T23:19:34.358">
  <scavenger-info tenureage="3" tenuremask="7ff8" tiltratio="82" />
  <memory-copied type="nursery" objects="1530460" bytes="61611048" bytesdiscarded="9472" />
  <memory-copied type="tenure" objects="4" bytes="128" bytesdiscarded="0" />
</gc-op>
<gc-end id="5012" type="scavenge" contextid="5008" durationms="103.778" usertimems="411.810" systemtimems="0.000" timestamp="2021-04-05T23:19:34.358" activeThreads="4">
  <mem-info id="5013" free="1228738360" total="1610612736" percent="76">
    <mem type="nursery" free="270319320" total="402653184" percent="67">
      <mem type="allocate" free="270319320" total="331939840" percent="81" />
      <mem type="survivor" free="0" total="70713344" percent="0" />
    </mem>
    <mem type="tenure" free="958419040" total="1207959552" percent="79" macro-fragmented="0">
      <mem type="soa" free="898020448" total="1147560960" percent="78" />
      <mem type="loa" free="60398592" total="60398592" percent="100" />
    </mem>
    <remembered-set count="1333" />
  </mem-info>
</gc-end>
<cycle-end id="5014" type="scavenge" contextid="5008" timestamp="2021-04-05T23:19:34.358" />
<allocation-satisfied id="5015" threadId="0000000000334700" bytesRequested="16" />
<af-end id="5016" timestamp="2021-04-05T23:19:34.358" threadId="0000000000335080" success="true" from="nursery"/>
<exclusive-end id="5017" timestamp="2021-04-05T23:19:34.358" durationms="104.443" />

<exclusive-start id="5018" timestamp="2021-04-05T23:19:35.108" intervalms="853.755">
  <response-info timems="0.054" idlems="0.054" threads="0" lastid="000000000033BE00" lastname="BenchmarkThread xml.validation 8" />
</exclusive-start>
<af-start id="5019" threadId="000000000033C780" totalBytesRequested="40" timestamp="2021-04-05T23:19:35.108" intervalms="853.760" type="nursery" />
<cycle-start id="5020" type="scavenge" contextid="0" timestamp="2021-04-05T23:19:35.108" intervalms="853.762" />
<gc-start id="5021" type="scavenge" contextid="5020" timestamp="2021-04-05T23:19:35.108">
  <mem-info id="5022" free="958419040" total="1610612736" percent="59">
    <mem type="nursery" free="0" total="402653184" percent="0">
      <mem type="allocate" free="0" total="331939840" percent="0" />
      <mem type="survivor" free="0" total="70713344" percent="0" />
    </mem>
    <mem type="tenure" free="958419040" total="1207959552" percent="79">
      <mem type="soa" free="898020448" total="1147560960" percent="78" />
      <mem type="loa" free="60398592" total="60398592" percent="100" />
    </mem>
    <remembered-set count="1551" />
  </mem-info>
</gc-start>
<allocation-stats totalBytes="270225624" >
  <allocated-bytes non-tlh="16" tlh="270225608" />
  <largest-consumer threadName="BenchmarkThread xml.validation 1" threadId="000000000011CB00" bytes="40981600" />
</allocation-stats>
<gc-op id="5023" type="scavenge" timems="119.208" contextid="5020" timestamp="2021-04-05T23:19:35.227">
  <scavenger-info tenureage="3" tenuremask="7ff8" tiltratio="82" />
  <memory-copied type="nursery" objects="1501675" bytes="60617816" bytesdiscarded="12344" />
  <memory-copied type="tenure" objects="6" bytes="192" bytesdiscarded="0" />
</gc-op>
<gc-end id="5024" type="scavenge" contextid="5020" durationms="119.195" usertimems="446.790" systemtimems="0.000" timestamp="2021-04-05T23:19:35.227" activeThreads="4">
  <mem-info id="5025" free="1230515152" total="1610612736" percent="76">
    <mem type="nursery" free="272096112" total="402653184" percent="67">
      <mem type="allocate" free="272096112" total="332726272" percent="81" />
      <mem type="survivor" free="0" total="69926912" percent="0" />
    </mem>
    <mem type="tenure" free="958419040" total="1207959552" percent="79" macro-fragmented="0">
      <mem type="soa" free="898020448" total="1147560960" percent="78" />
      <mem type="loa" free="60398592" total="60398592" percent="100" />
    </mem>
    <remembered-set count="1338" />
  </mem-info>
</gc-end>
<cycle-end id="5026" type="scavenge" contextid="5020" timestamp="2021-04-05T23:19:35.227" />
<allocation-satisfied id="5027" threadId="000000000033BE00" bytesRequested="40" />
<af-end id="5028" timestamp="2021-04-05T23:19:35.227" threadId="000000000033C780" success="true" from="nursery"/>
<exclusive-end id="5029" timestamp="2021-04-05T23:19:35.228" durationms="119.954" />

<exclusive-start id="5030" timestamp="2021-04-05T23:19:36.164" intervalms="1056.915">
  <response-info timems="0.050" idlems="0.050" threads="0" lastid="000000000032CF00" lastname="BenchmarkThread xml.validation 4" />
</exclusive-start>
<af-start id="5031" threadId="000000000032D880" totalBytesRequested="1040" timestamp="2021-04-05T23:19:36.165" intervalms="1056.910" type="nursery" />
<cycle-start id="5032" type="scavenge" contextid="0" timestamp="2021-04-05T23:19:36.165" intervalms="1056.907" />
<gc-start id="5033" type="scavenge" contextid="5032" timestamp="2021-04-05T23:19:36.165">
  <mem-info id="5034" free="958419040" total="1610612736" percent="59">
    <mem type="nursery" free="0" total="402653184" percent="0">
      <mem type="allocate" free="0" total="332726272" percent="0" />
      <mem type="survivor" free="0" total="69926912" percent="0" />
    </mem>
    <mem type="tenure" free="958419040" total="1207959552" percent="79">
      <mem type="soa" free="898020448" total="1147560960" percent="78" />
      <mem type="loa" free="60398592" total="60398592" percent="100" />
    </mem>
    <remembered-set count="1578" />
  </mem-info>
</gc-start>
<allocation-stats totalBytes="272007152" >
  <allocated-bytes non-tlh="8704" tlh="271998448" />
  <largest-consumer threadName="BenchmarkThread xml.validation 7" threadId="0000000000338300" bytes="41683008" />
</allocation-stats>
<gc-op id="5035" type="scavenge" timems="111.199" contextid="5032" timestamp="2021-04-05T23:19:36.276">
  <scavenger-info tenureage="3" tenuremask="7ff8" tiltratio="82" />
  <memory-copied type="nursery" objects="1544488" bytes="62001400" bytesdiscarded="12984" />
  <memory-copied type="tenure" objects="6" bytes="192" bytesdiscarded="0" />
</gc-op>
<gc-end id="5036" type="scavenge" contextid="5032" durationms="111.187" usertimems="420.070" systemtimems="0.000" timestamp="2021-04-05T23:19:36.276" activeThreads="4">
  <mem-info id="5037" free="1229458608" total="1610612736" percent="76">
    <mem type="nursery" free="271039568" total="402653184" percent="67">
      <mem type="allocate" free="271039568" total="333053952" percent="81" />
      <mem type="survivor" free="0" total="69599232" percent="0" />
    </mem>
    <mem type="tenure" free="958419040" total="1207959552" percent="79" macro-fragmented="0">
      <mem type="soa" free="898020448" total="1147560960" percent="78" />
      <mem type="loa" free="60398592" total="60398592" percent="100" />
    </mem>
    <remembered-set count="1339" />
  </mem-info>
</gc-end>
<cycle-end id="5038" type="scavenge" contextid="5032" timestamp="2021-04-05T23:19:36.276" />
<allocation-satisfied id="5039" threadId="000000000032CF00" bytesRequested="1040" />
<af-end id="5040" timestamp="2021-04-05T23:19:36.276" threadId="000000000032D880" success="true" from="nursery"/>
<exclusive-end id="5041" timestamp="2021-04-05T23:19:36.276" durationms="111.847" />

<exclusive-start id="5042" timestamp="2021-04-05T23:19:36.922" intervalms="757.152">
  <response-info timems="0.055" idlems="0.055" threads="0" lastid="0000000000330B00" lastname="BenchmarkThread xml.validation 5" />
</exclusive-start>
<af-start id="5043" threadId="0000000000331480" totalBytesRequested="64" timestamp="2021-04-05T23:19:36.922" intervalms="757.157" type="nursery" />
<cycle-start id="5044" type="scavenge" contextid="0" timestamp="2021-04-05T23:19:36.922" intervalms="757.164" />
<gc-start id="5045" type="scavenge" contextid="5044" timestamp="2021-04-05T23:19:36.922">
  <mem-info id="5046" free="958419040" total="1610612736" percent="59">
    <mem type="nursery" free="0" total="402653184" percent="0">
      <mem type="allocate" free="0" total="333053952" percent="0" />
      <mem type="survivor" free="0" total="69599232" percent="0" />
    </mem>
    <mem type="tenure" free="958419040" total="1207959552" percent="79">
      <mem type="soa" free="898020448" total="1147560960" percent="78" />
      <mem type="loa" free="60398592" total="60398592" percent="100" />
    </mem>
    <remembered-set count="1508" />
  </mem-info>
</gc-start>
<allocation-stats totalBytes="270938896" >
  <allocated-bytes non-tlh="1040" tlh="270937856" />
  <largest-consumer threadName="BenchmarkThread xml.validation 4" threadId="000000000032CF00" bytes="45208080" />
</allocation-stats>
<gc-op id="5047" type="scavenge" timems="109.070" contextid="5044" timestamp="2021-04-05T23:19:37.031">
  <scavenger-info tenureage="3" tenuremask="7ff8" tiltratio="82" />
  <memory-copied type="nursery" objects="1555281" bytes="62994080" bytesdiscarded="10912" />
  <memory-copied type="tenure" objects="4" bytes="128" bytesdiscarded="0" />
</gc-op>
<gc-end id="5048" type="scavenge" contextid="5044" durationms="108.913" usertimems="419.128" systemtimems="0.000" timestamp="2021-04-05T23:19:37.031" activeThreads="4">
  <mem-info id="5049" free="1228861216" total="1610612736" percent="76">
    <mem type="nursery" free="270442176" total="402653184" percent="67">
      <mem type="allocate" free="270442176" total="333447168" percent="81" />
      <mem type="survivor" free="0" total="69206016" percent="0" />
    </mem>
    <mem type="tenure" free="958419040" total="1207959552" percent="79" macro-fragmented="0">
      <mem type="soa" free="898020448" total="1147560960" percent="78" />
      <mem type="loa" free="60398592" total="60398592" percent="100" />
    </mem>
    <remembered-set count="1334" />
  </mem-info>
</gc-end>
<cycle-end id="5050" type="scavenge" contextid="5044" timestamp="2021-04-05T23:19:37.031" />
<allocation-satisfied id="5051" threadId="0000000000330B00" bytesRequested="64" />
<af-end id="5052" timestamp="2021-04-05T23:19:37.031" threadId="0000000000331480" success="true" from="nursery"/>
<exclusive-end id="5053" timestamp="2021-04-05T23:19:37.031" durationms="109.770" />

<exclusive-start id="5054" timestamp="2021-04-05T23:19:37.988" intervalms="1066.059">
  <response-info timems="0.054" idlems="0.054" threads="0" lastid="0000000000338300" lastname="BenchmarkThread xml.validation 7" />
</exclusive-start>
<af-start id="5055" threadId="0000000000338C80" totalBytesRequested="16" timestamp="2021-04-05T23:19:37.988" intervalms="1066.058" type="nursery" />
<cycle-start id="5056" type="scavenge" contextid="0" timestamp="2021-04-05T23:19:37.988" intervalms="1066.055" />
<gc-start id="5057" type="scavenge" contextid="5056" timestamp="2021-04-05T23:19:37.988">
  <mem-info id="5058" free="958419040" total="1610612736" percent="59">
    <mem type="nursery" free="0" total="402653184" percent="0">
      <mem type="allocate" free="0" total="333447168" percent="0" />
      <mem type="survivor" free="0" total="69206016" percent="0" />
    </mem>
    <mem type="tenure" free="958419040" total="1207959552" percent="79">
      <mem type="soa" free="898020448" total="1147560960" percent="78" />
      <mem type="loa" free="60398592" total="60398592" percent="100" />
    </mem>
    <remembered-set count="1590" />
  </mem-info>
</gc-start>
<allocation-stats totalBytes="270339624" >
  <allocated-bytes non-tlh="64" tlh="270339560" />
  <largest-consumer threadName="BenchmarkThread xml.validation 6" threadId="0000000000334700" bytes="41232112" />
</allocation-stats>
<gc-op id="5059" type="scavenge" timems="118.849" contextid="5056" timestamp="2021-04-05T23:19:38.107">
  <scavenger-info tenureage="3" tenuremask="7ff8" tiltratio="82" />
  <memory-copied type="nursery" objects="1527271" bytes="61473240" bytesdiscarded="10024" />
  <memory-copied type="tenure" objects="8" bytes="256" bytesdiscarded="0" />
</gc-op>
<gc-end id="5060" type="scavenge" contextid="5056" durationms="118.836" usertimems="462.642" systemtimems="0.008" timestamp="2021-04-05T23:19:38.107" activeThreads="4">
  <mem-info id="5061" free="1230579552" total="1610612736" percent="76">
    <mem type="nursery" free="272160512" total="402653184" percent="67">
      <mem type="allocate" free="272160512" total="333643776" percent="81" />
      <mem type="survivor" free="0" total="69009408" percent="0" />
    </mem>
    <mem type="tenure" free="958419040" total="1207959552" percent="79" macro-fragmented="0">
      <mem type="soa" free="898020448" total="1147560960" percent="78" />
      <mem type="loa" free="60398592" total="60398592" percent="100" />
    </mem>
    <remembered-set count="1336" />
  </mem-info>
</gc-end>
<cycle-end id="5062" type="scavenge" contextid="5056" timestamp="2021-04-05T23:19:38.107" />
<allocation-satisfied id="5063" threadId="0000000000338300" bytesRequested="16" />
<af-end id="5064" timestamp="2021-04-05T23:19:38.107" threadId="0000000000338C80" success="true" from="nursery"/>
<exclusive-end id="5065" timestamp="2021-04-05T23:19:38.107" durationms="119.686" />

<exclusive-start id="5066" timestamp="2021-04-05T23:19:38.850" intervalms="862.692">
  <response-info timems="0.051" idlems="0.026" threads="1" lastid="000000000011CB00" lastname="BenchmarkThread xml.validation 1" />
</exclusive-start>
<af-start id="5067" threadId="0000000000335080" totalBytesRequested="88" timestamp="2021-04-05T23:19:38.850" intervalms="862.689" type="nursery" />
<cycle-start id="5068" type="scavenge" contextid="0" timestamp="2021-04-05T23:19:38.850" intervalms="862.685" />
<gc-start id="5069" type="scavenge" contextid="5068" timestamp="2021-04-05T23:19:38.851">
  <mem-info id="5070" free="958419040" total="1610612736" percent="59">
    <mem type="nursery" free="0" total="402653184" percent="0">
      <mem type="allocate" free="0" total="333643776" percent="0" />
      <mem type="survivor" free="0" total="69009408" percent="0" />
    </mem>
    <mem type="tenure" free="958419040" total="1207959552" percent="79">
      <mem type="soa" free="898020448" total="1147560960" percent="78" />
      <mem type="loa" free="60398592" total="60398592" percent="100" />
    </mem>
    <remembered-set count="1548" />
  </mem-info>
</gc-start>
<allocation-stats totalBytes="272045608" >
  <allocated-bytes non-tlh="1056" tlh="272044552" />
  <largest-consumer threadName="BenchmarkThread xml.validation 7" threadId="0000000000338300" bytes="52842824" />
</allocation-stats>
<gc-op id="5071" type="scavenge" timems="109.842" contextid="5068" timestamp="2021-04-05T23:19:38.960">
  <scavenger-info tenureage="3" tenuremask="7ff8" tiltratio="82" />
  <memory-copied type="nursery" objects="1533913" bytes="61679664" bytesdiscarded="11928" />
  <memory-copied type="tenure" objects="4" bytes="128" bytesdiscarded="0" />
</gc-op>
<gc-end id="5072" type="scavenge" contextid="5068" durationms="109.832" usertimems="416.598" systemtimems="0.000" timestamp="2021-04-05T23:19:38.961" activeThreads="4">
  <mem-info id="5073" free="1230829976" total="1610612736" percent="76">
    <mem type="nursery" free="272410936" total="402653184" percent="67">
      <mem type="allocate" free="272410936" total="334102528" percent="81" />
      <mem type="survivor" free="0" total="68550656" percent="0" />
    </mem>
    <mem type="tenure" free="958419040" total="1207959552" percent="79" macro-fragmented="0">
      <mem type="soa" free="898020448" total="1147560960" percent="78" />
      <mem type="loa" free="60398592" total="60398592" percent="100" />
    </mem>
    <remembered-set count="1342" />
  </mem-info>
</gc-end>
<cycle-end id="5074" type="scavenge" contextid="5068" timestamp="2021-04-05T23:19:38.961" />
<allocation-satisfied id="5075" threadId="0000000000334700" bytesRequested="88" />
<af-end id="5076" timestamp="2021-04-05T23:19:38.961" threadId="0000000000335080" success="true" from="nursery"/>
<exclusive-end id="5077" timestamp="2021-04-05T23:19:38.961" durationms="110.514" />

<exclusive-start id="5078" timestamp="2021-04-05T23:19:39.751" intervalms="900.913">
  <response-info timems="0.075" idlems="0.039" threads="2" lastid="000000000013CF00" lastname="BenchmarkThread xml.validation 2" />
</exclusive-start>
<af-start id="5079" threadId="000000000033C780" totalBytesRequested="32" timestamp="2021-04-05T23:19:39.751" intervalms="900.930" type="nursery" />
<cycle-start id="5080" type="scavenge" contextid="0" timestamp="2021-04-05T23:19:39.751" intervalms="900.934" />
<gc-start id="5081" type="scavenge" contextid="5080" timestamp="2021-04-05T23:19:39.751">
  <mem-info id="5082" free="958419040" total="1610612736" percent="59">
    <mem type="nursery" free="0" total="402653184" percent="0">
      <mem type="allocate" free="0" total="334102528" percent="0" />
      <mem type="survivor" free="0" total="68550656" percent="0" />
    </mem>
    <mem type="tenure" free="958419040" total="1207959552" percent="79">
      <mem type="soa" free="898020448" total="1147560960" percent="78" />
      <mem type="loa" free="60398592" total="60398592" percent="100" />
    </mem>
    <remembered-set count="1519" />
  </mem-info>
</gc-start>
<allocation-stats totalBytes="272322840" >
  <allocated-bytes non-tlh="2168" tlh="272320672" />
  <largest-consumer threadName="BenchmarkThread xml.validation 6" threadId="0000000000334700" bytes="48277928" />
</allocation-stats>
<gc-op id="5083" type="scavenge" timems="128.151" contextid="5080" timestamp="2021-04-05T23:19:39.880">
  <scavenger-info tenureage="3" tenuremask="7ff8" tiltratio="82" />
  <memory-copied type="nursery" objects="1562284" bytes="63468712" bytesdiscarded="9608" />
  <memory-copied type="tenure" objects="6" bytes="192" bytesdiscarded="0" />
</gc-op>
<gc-end id="5084" type="scavenge" contextid="5080" durationms="128.138" usertimems="475.671" systemtimems="0.000" timestamp="2021-04-05T23:19:39.880" activeThreads="4">
  <mem-info id="5085" free="1227470384" total="1610612736" percent="76">
    <mem type="nursery" free="269051344" total="402653184" percent="66">
      <mem type="allocate" free="269051344" total="332529664" percent="80" />
      <mem type="survivor" free="0" total="70123520" percent="0" />
    </mem>
    <mem type="tenure" free="958419040" total="1207959552" percent="79" macro-fragmented="0">
      <mem type="soa" free="898020448" total="1147560960" percent="78" />
      <mem type="loa" free="60398592" total="60398592" percent="100" />
    </mem>
    <remembered-set count="1338" />
  </mem-info>
</gc-end>
<cycle-end id="5086" type="scavenge" contextid="5080" timestamp="2021-04-05T23:19:39.880" />
<allocation-satisfied id="5087" threadId="000000000033BE00" bytesRequested="32" />
<af-end id="5088" timestamp="2021-04-05T23:19:39.880" threadId="000000000033C780" success="true" from="nursery"/>
<exclusive-end id="5089" timestamp="2021-04-05T23:19:39.880" durationms="128.905" />

<exclusive-start id="5090" timestamp="2021-04-05T23:19:40.728" intervalms="976.696">
  <response-info timems="0.928" idlems="0.470" threads="1" lastid="000000000013CF00" lastname="BenchmarkThread xml.validation 2" />
</exclusive-start>
<af-start id="5091" threadId="000000000033C780" totalBytesRequested="56" timestamp="2021-04-05T23:19:40.728" intervalms="976.679" type="nursery" />
<cycle-start id="5092" type="scavenge" contextid="0" timestamp="2021-04-05T23:19:40.728" intervalms="976.674" />
<gc-start id="5093" type="scavenge" contextid="5092" timestamp="2021-04-05T23:19:40.728">
  <mem-info id="5094" free="958419040" total="1610612736" percent="59">
    <mem type="nursery" free="0" total="402653184" percent="0">
      <mem type="allocate" free="0" total="332529664" percent="0" />
      <mem type="survivor" free="0" total="70123520" percent="0" />
    </mem>
    <mem type="tenure" free="958419040" total="1207959552" percent="79">
      <mem type="soa" free="898020448" total="1147560960" percent="78" />
      <mem type="loa" free="60398592" total="60398592" percent="100" />
    </mem>
    <remembered-set count="1572" />
  </mem-info>
</gc-start>
<allocation-stats totalBytes="268947072" >
  <allocated-bytes non-tlh="32" tlh="268947040" />
  <largest-consumer threadName="BenchmarkThread xml.validation 7" threadId="0000000000338300" bytes="42705016" />
</allocation-stats>
<gc-op id="5095" type="scavenge" timems="115.301" contextid="5092" timestamp="2021-04-05T23:19:40.843">
  <scavenger-info tenureage="3" tenuremask="7ff8" tiltratio="82" />
  <memory-copied type="nursery" objects="1581444" bytes="64057896" bytesdiscarded="11648" />
  <memory-copied type="tenure" objects="8" bytes="256" bytesdiscarded="0" />
</gc-op>
<gc-end id="5096" type="scavenge" contextid="5092" durationms="115.290" usertimems="425.138" systemtimems="0.006" timestamp="2021-04-05T23:19:40.844" activeThreads="4">
  <mem-info id="5097" free="1227075768" total="1610612736" percent="76">
    <mem type="nursery" free="268656728" total="402653184" percent="66">
      <mem type="allocate" free="268656728" total="332726272" percent="80" />
      <mem type="survivor" free="0" total="69926912" percent="0" />
    </mem>
    <mem type="tenure" free="958419040" total="1207959552" percent="79" macro-fragmented="0">
      <mem type="soa" free="898020448" total="1147560960" percent="78" />
      <mem type="loa" free="60398592" total="60398592" percent="100" />
    </mem>
    <remembered-set count="1329" />
  </mem-info>
</gc-end>
<cycle-end id="5098" type="scavenge" contextid="5092" timestamp="2021-04-05T23:19:40.844" />
<allocation-satisfied id="5099" threadId="000000000033BE00" bytesRequested="56" />
<af-end id="5100" timestamp="2021-04-05T23:19:40.844" threadId="000000000033C780" success="true" from="nursery"/>
<exclusive-end id="5101" timestamp="2021-04-05T23:19:40.844" durationms="116.016" />

<exclusive-start id="5102" timestamp="2021-04-05T23:19:41.620" intervalms="891.835">
  <response-info timems="0.052" idlems="0.029" threads="1" lastid="000000000032CF00" lastname="BenchmarkThread xml.validation 4" />
</exclusive-start>
<af-start id="5103" threadId="0000000000329C80" totalBytesRequested="24" timestamp="2021-04-05T23:19:41.620" intervalms="891.838" type="nursery" />
<cycle-start id="5104" type="scavenge" contextid="0" timestamp="2021-04-05T23:19:41.620" intervalms="891.842" />
<gc-start id="5105" type="scavenge" contextid="5104" timestamp="2021-04-05T23:19:41.620">
  <mem-info id="5106" free="958419040" total="1610612736" percent="59">
    <mem type="nursery" free="0" total="402653184" percent="0">
      <mem type="allocate" free="0" total="332726272" percent="0" />
      <mem type="survivor" free="0" total="69926912" percent="0" />
    </mem>
    <mem type="tenure" free="958419040" total="1207959552" percent="79">
      <mem type="soa" free="898020448" total="1147560960" percent="78" />
      <mem type="loa" free="60398592" total="60398592" percent="100" />
    </mem>
    <remembered-set count="1539" />
  </mem-info>
</gc-start>
<allocation-stats totalBytes="268576920" >
  <allocated-bytes non-tlh="56" tlh="268576864" />
  <largest-consumer threadName="BenchmarkThread xml.validation 6" threadId="0000000000334700" bytes="39967272" />
</allocation-stats>
<gc-op id="5107" type="scavenge" timems="123.691" contextid="5104" timestamp="2021-04-05T23:19:41.744">
  <scavenger-info tenureage="3" tenuremask="7ff8" tiltratio="82" />
  <memory-copied type="nursery" objects="1550978" bytes="62289384" bytesdiscarded="11424" />
  <memory-copied type="tenure" objects="4" bytes="128" bytesdiscarded="0" />
</gc-op>
<gc-end id="5108" type="scavenge" contextid="5104" durationms="123.679" usertimems="464.281" systemtimems="0.000" timestamp="2021-04-05T23:19:41.744" activeThreads="4">
  <mem-info id="5109" free="1228975576" total="1610612736" percent="76">
    <mem type="nursery" free="270556536" total="402653184" percent="67">
      <mem type="allocate" free="270556536" total="332857344" percent="81" />
      <mem type="survivor" free="0" total="69795840" percent="0" />
    </mem>
    <mem type="tenure" free="958419040" total="1207959552" percent="79" macro-fragmented="0">
      <mem type="soa" free="898020448" total="1147560960" percent="78" />
      <mem type="loa" free="60398592" total="60398592" percent="100" />
    </mem>
    <remembered-set count="1333" />
  </mem-info>
</gc-end>
<cycle-end id="5110" type="scavenge" contextid="5104" timestamp="2021-04-05T23:19:41.744" />
<allocation-satisfied id="5111" threadId="0000000000329300" bytesRequested="24" />
<af-end id="5112" timestamp="2021-04-05T23:19:41.744" threadId="0000000000329C80" success="true" from="nursery"/>
<exclusive-end id="5113" timestamp="2021-04-05T23:19:41.744" durationms="124.419" />

<exclusive-start id="5114" timestamp="2021-04-05T23:19:42.545" intervalms="925.356">
  <response-info timems="0.073" idlems="0.046" threads="1" lastid="0000000000330B00" lastname="BenchmarkThread xml.validation 5" />
</exclusive-start>
<af-start id="5115" threadId="000000000033C780" totalBytesRequested="1040" timestamp="2021-04-05T23:19:42.545" intervalms="925.357" type="nursery" />
<cycle-start id="5116" type="scavenge" contextid="0" timestamp="2021-04-05T23:19:42.546" intervalms="925.738" />
<gc-start id="5117" type="scavenge" contextid="5116" timestamp="2021-04-05T23:19:42.546">
  <mem-info id="5118" free="958419040" total="1610612736" percent="59">
    <mem type="nursery" free="0" total="402653184" percent="0">
      <mem type="allocate" free="0" total="332857344" percent="0" />
      <mem type="survivor" free="0" total="69795840" percent="0" />
    </mem>
    <mem type="tenure" free="958419040" total="1207959552" percent="79">
      <mem type="soa" free="898020448" total="1147560960" percent="78" />
      <mem type="loa" free="60398592" total="60398592" percent="100" />
    </mem>
    <remembered-set count="1547" />
  </mem-info>
</gc-start>
<allocation-stats totalBytes="270452680" >
  <allocated-bytes non-tlh="24" tlh="270452656" />
  <largest-consumer threadName="BenchmarkThread xml.validation 1" threadId="000000000011CB00" bytes="41808128" />
</allocation-stats>
<gc-op id="5119" type="scavenge" timems="113.394" contextid="5116" timestamp="2021-04-05T23:19:42.659">
  <scavenger-info tenureage="3" tenuremask="7ff8" tiltratio="82" />
  <memory-copied type="nursery" objects="1597553" bytes="64641696" bytesdiscarded="11392" />
  <memory-copied type="tenure" objects="8" bytes="256" bytesdiscarded="0" />
</gc-op>
<gc-end id="5120" type="scavenge" contextid="5116" durationms="113.382" usertimems="421.031" systemtimems="0.000" timestamp="2021-04-05T23:19:42.660" activeThreads="4">
  <mem-info id="5121" free="1224526144" total="1610612736" percent="76">
    <mem type="nursery" free="266107104" total="402653184" percent="66">
      <mem type="allocate" free="266107104" total="330760192" percent="80" />
      <mem type="survivor" free="0" total="71892992" percent="0" />
    </mem>
    <mem type="tenure" free="958419040" total="1207959552" percent="79" macro-fragmented="0">
      <mem type="soa" free="898020448" total="1147560960" percent="78" />
      <mem type="loa" free="60398592" total="60398592" percent="100" />
    </mem>
    <remembered-set count="1337" />
  </mem-info>
</gc-end>
<cycle-end id="5122" type="scavenge" contextid="5116" timestamp="2021-04-05T23:19:42.660" />
<allocation-satisfied id="5123" threadId="000000000033BE00" bytesRequested="1040" />
<af-end id="5124" timestamp="2021-04-05T23:19:42.660" threadId="000000000033C780" success="true" from="nursery"/>
<exclusive-end id="5125" timestamp="2021-04-05T23:19:42.660" durationms="114.461" />

<exclusive-start id="5126" timestamp="2021-04-05T23:19:43.490" intervalms="944.685">
  <response-info timems="0.055" idlems="0.055" threads="0" lastid="000000000013CF00" lastname="BenchmarkThread xml.validation 2" />
</exclusive-start>
<af-start id="5127" threadId="000000000013D880" totalBytesRequested="136" timestamp="2021-04-05T23:19:43.490" intervalms="944.686" type="nursery" />
<cycle-start id="5128" type="scavenge" contextid="0" timestamp="2021-04-05T23:19:43.490" intervalms="944.306" />
<gc-start id="5129" type="scavenge" contextid="5128" timestamp="2021-04-05T23:19:43.490">
  <mem-info id="5130" free="958419040" total="1610612736" percent="59">
    <mem type="nursery" free="0" total="402653184" percent="0">
      <mem type="allocate" free="0" total="330760192" percent="0" />
      <mem type="survivor" free="0" total="71892992" percent="0" />
    </mem>
    <mem type="tenure" free="958419040" total="1207959552" percent="79">
      <mem type="soa" free="898020448" total="1147560960" percent="78" />
      <mem type="loa" free="60398592" total="60398592" percent="100" />
    </mem>
    <remembered-set count="1558" />
  </mem-info>
</gc-start>
<allocation-stats totalBytes="266019392" >
  <allocated-bytes non-tlh="2080" tlh="266017312" />
  <largest-consumer threadName="BenchmarkThread xml.validation 2" threadId="000000000013CF00" bytes="48057344" />
</allocation-stats>
<gc-op id="5131" type="scavenge" timems="124.045" contextid="5128" timestamp="2021-04-05T23:19:43.614">
  <scavenger-info tenureage="3" tenuremask="7ff8" tiltratio="82" />
  <memory-copied type="nursery" objects="1537873" bytes="61840544" bytesdiscarded="13496" />
  <memory-copied type="tenure" objects="6" bytes="192" bytesdiscarded="0" />
</gc-op>
<gc-end id="5132" type="scavenge" contextid="5128" durationms="124.031" usertimems="465.575" systemtimems="0.000" timestamp="2021-04-05T23:19:43.615" activeThreads="4">
  <mem-info id="5133" free="1227783944" total="1610612736" percent="76">
    <mem type="nursery" free="269364904" total="402653184" percent="66">
      <mem type="allocate" free="269364904" total="331218944" percent="81" />
      <mem type="survivor" free="0" total="71434240" percent="0" />
    </mem>
    <mem type="tenure" free="958419040" total="1207959552" percent="79" macro-fragmented="0">
      <mem type="soa" free="898020448" total="1147560960" percent="78" />
      <mem type="loa" free="60398592" total="60398592" percent="100" />
    </mem>
    <remembered-set count="1341" />
  </mem-info>
</gc-end>
<cycle-end id="5134" type="scavenge" contextid="5128" timestamp="2021-04-05T23:19:43.615" />
<allocation-satisfied id="5135" threadId="000000000013CF00" bytesRequested="136" />
<af-end id="5136" timestamp="2021-04-05T23:19:43.615" threadId="000000000013D880" success="true" from="nursery"/>
<exclusive-end id="5137" timestamp="2021-04-05T23:19:43.615" durationms="124.787" />

<exclusive-start id="5138" timestamp="2021-04-05T23:19:44.388" intervalms="897.694">
  <response-info timems="0.125" idlems="0.097" threads="1" lastid="0000000000330B00" lastname="BenchmarkThread xml.validation 5" />
</exclusive-start>
<af-start id="5139" threadId="0000000000338C80" totalBytesRequested="16" timestamp="2021-04-05T23:19:44.388" intervalms="897.692" type="nursery" />
<cycle-start id="5140" type="scavenge" contextid="0" timestamp="2021-04-05T23:19:44.388" intervalms="897.689" />
<gc-start id="5141" type="scavenge" contextid="5140" timestamp="2021-04-05T23:19:44.388">
  <mem-info id="5142" free="958419040" total="1610612736" percent="59">
    <mem type="nursery" free="0" total="402653184" percent="0">
      <mem type="allocate" free="0" total="331218944" percent="0" />
      <mem type="survivor" free="0" total="71434240" percent="0" />
    </mem>
    <mem type="tenure" free="958419040" total="1207959552" percent="79">
      <mem type="soa" free="898020448" total="1147560960" percent="78" />
      <mem type="loa" free="60398592" total="60398592" percent="100" />
    </mem>
    <remembered-set count="1542" />
  </mem-info>
</gc-start>
<allocation-stats totalBytes="269280024" >
  <allocated-bytes non-tlh="136" tlh="269279888" />
  <largest-consumer threadName="BenchmarkThread xml.validation 3" threadId="0000000000329300" bytes="48101544" />
</allocation-stats>
<gc-op id="5143" type="scavenge" timems="108.449" contextid="5140" timestamp="2021-04-05T23:19:44.496">
  <scavenger-info tenureage="3" tenuremask="7ff8" tiltratio="82" />
  <memory-copied type="nursery" objects="1524731" bytes="61439176" bytesdiscarded="11648" />
  <memory-copied type="tenure" objects="4" bytes="128" bytesdiscarded="0" />
</gc-op>
<gc-end id="5144" type="scavenge" contextid="5140" durationms="108.437" usertimems="414.186" systemtimems="0.003" timestamp="2021-04-05T23:19:44.497" activeThreads="4">
  <mem-info id="5145" free="1229104664" total="1610612736" percent="76">
    <mem type="nursery" free="270685624" total="402653184" percent="67">
      <mem type="allocate" free="270685624" total="332136448" percent="81" />
      <mem type="survivor" free="0" total="70516736" percent="0" />
    </mem>
    <mem type="tenure" free="958419040" total="1207959552" percent="79" macro-fragmented="0">
      <mem type="soa" free="898020448" total="1147560960" percent="78" />
      <mem type="loa" free="60398592" total="60398592" percent="100" />
    </mem>
    <remembered-set count="1338" />
  </mem-info>
</gc-end>
<cycle-end id="5146" type="scavenge" contextid="5140" timestamp="2021-04-05T23:19:44.497" />
<allocation-satisfied id="5147" threadId="0000000000338300" bytesRequested="16" />
<af-end id="5148" timestamp="2021-04-05T23:19:44.497" threadId="0000000000338C80" success="true" from="nursery"/>
<exclusive-end id="5149" timestamp="2021-04-05T23:19:44.497" durationms="109.143" />

<exclusive-start id="5150" timestamp="2021-04-05T23:19:45.320" intervalms="932.861">
  <response-info timems="0.056" idlems="0.056" threads="0" lastid="000000000013CF00" lastname="BenchmarkThread xml.validation 2" />
</exclusive-start>
<af-start id="5151" threadId="000000000013D880" totalBytesRequested="80" timestamp="2021-04-05T23:19:45.320" intervalms="932.861" type="nursery" />
<cycle-start id="5152" type="scavenge" contextid="0" timestamp="2021-04-05T23:19:45.321" intervalms="932.864" />
<gc-start id="5153" type="scavenge" contextid="5152" timestamp="2021-04-05T23:19:45.321">
  <mem-info id="5154" free="958419040" total="1610612736" percent="59">
    <mem type="nursery" free="0" total="402653184" percent="0">
      <mem type="allocate" free="0" total="332136448" percent="0" />
      <mem type="survivor" free="0" total="70516736" percent="0" />
    </mem>
    <mem type="tenure" free="958419040" total="1207959552" percent="79">
      <mem type="soa" free="898020448" total="1147560960" percent="78" />
      <mem type="loa" free="60398592" total="60398592" percent="100" />
    </mem>
    <remembered-set count="1565" />
  </mem-info>
</gc-start>
<allocation-stats totalBytes="270594400" >
  <allocated-bytes non-tlh="16" tlh="270594384" />
  <largest-consumer threadName="BenchmarkThread xml.validation 5" threadId="0000000000330B00" bytes="44667584" />
</allocation-stats>
<gc-op id="5155" type="scavenge" timems="119.078" contextid="5152" timestamp="2021-04-05T23:19:45.440">
  <scavenger-info tenureage="3" tenuremask="7ff8" tiltratio="82" />
  <memory-copied type="nursery" objects="1540283" bytes="62049824" bytesdiscarded="12208" />
  <memory-copied type="tenure" objects="10" bytes="320" bytesdiscarded="0" />
</gc-op>
<gc-end id="5156" type="scavenge" contextid="5152" durationms="119.066" usertimems="462.904" systemtimems="0.003" timestamp="2021-04-05T23:19:45.440" activeThreads="4">
  <mem-info id="5157" free="1229017744" total="1610612736" percent="76">
    <mem type="nursery" free="270598704" total="402653184" percent="67">
      <mem type="allocate" free="270598704" total="332660736" percent="81" />
      <mem type="survivor" free="0" total="69992448" percent="0" />
    </mem>
    <mem type="tenure" free="958419040" total="1207959552" percent="79" macro-fragmented="0">
      <mem type="soa" free="898020448" total="1147560960" percent="78" />
      <mem type="loa" free="60398592" total="60398592" percent="100" />
    </mem>
    <remembered-set count="1338" />
  </mem-info>
</gc-end>
<cycle-end id="5158" type="scavenge" contextid="5152" timestamp="2021-04-05T23:19:45.440" />
<allocation-satisfied id="5159" threadId="000000000013CF00" bytesRequested="80" />
<af-end id="5160" timestamp="2021-04-05T23:19:45.440" threadId="000000000013D880" success="true" from="nursery"/>
<exclusive-end id="5161" timestamp="2021-04-05T23:19:45.440" durationms="119.789" />

<exclusive-start id="5162" timestamp="2021-04-05T23:19:46.280" intervalms="959.746">
  <response-info timems="0.053" idlems="0.027" threads="1" lastid="0000000000329300" lastname="BenchmarkThread xml.validation 3" />
</exclusive-start>
<af-start id="5163" threadId="000000000033C780" totalBytesRequested="1040" timestamp="2021-04-05T23:19:46.280" intervalms="959.756" type="nursery" />
<cycle-start id="5164" type="scavenge" contextid="0" timestamp="2021-04-05T23:19:46.280" intervalms="959.752" />
<gc-start id="5165" type="scavenge" contextid="5164" timestamp="2021-04-05T23:19:46.280">
  <mem-info id="5166" free="958419040" total="1610612736" percent="59">
    <mem type="nursery" free="0" total="402653184" percent="0">
      <mem type="allocate" free="0" total="332660736" percent="0" />
      <mem type="survivor" free="0" total="69992448" percent="0" />
    </mem>
    <mem type="tenure" free="958419040" total="1207959552" percent="79">
      <mem type="soa" free="898020448" total="1147560960" percent="78" />
      <mem type="loa" free="60398592" total="60398592" percent="100" />
    </mem>
    <remembered-set count="1542" />
  </mem-info>
</gc-start>
<allocation-stats totalBytes="270511072" >
  <allocated-bytes non-tlh="3200" tlh="270507872" />
  <largest-consumer threadName="BenchmarkThread xml.validation 2" threadId="000000000013CF00" bytes="43469648" />
</allocation-stats>
<gc-op id="5167" type="scavenge" timems="108.560" contextid="5164" timestamp="2021-04-05T23:19:46.389">
  <scavenger-info tenureage="3" tenuremask="7ff8" tiltratio="82" />
  <memory-copied type="nursery" objects="1545815" bytes="62068136" bytesdiscarded="13760" />
  <memory-copied type="tenure" objects="2" bytes="64" bytesdiscarded="0" />
</gc-op>
<gc-end id="5168" type="scavenge" contextid="5164" durationms="108.550" usertimems="415.530" systemtimems="0.003" timestamp="2021-04-05T23:19:46.389" activeThreads="4">
  <mem-info id="5169" free="1229587704" total="1610612736" percent="76">
    <mem type="nursery" free="271168664" total="402653184" percent="67">
      <mem type="allocate" free="271168664" total="333250560" percent="81" />
      <mem type="survivor" free="0" total="69402624" percent="0" />
    </mem>
    <mem type="tenure" free="958419040" total="1207959552" percent="79" macro-fragmented="0">
      <mem type="soa" free="898020448" total="1147560960" percent="78" />
      <mem type="loa" free="60398592" total="60398592" percent="100" />
    </mem>
    <remembered-set count="1341" />
  </mem-info>
</gc-end>
<cycle-end id="5170" type="scavenge" contextid="5164" timestamp="2021-04-05T23:19:46.389" />
<allocation-satisfied id="5171" threadId="000000000033BE00" bytesRequested="1040" />
<af-end id="5172" timestamp="2021-04-05T23:19:46.389" threadId="000000000033C780" success="true" from="nursery"/>
<exclusive-end id="5173" timestamp="2021-04-05T23:19:46.389" durationms="109.243" />

<exclusive-start id="5174" timestamp="2021-04-05T23:19:47.148" intervalms="867.343">
  <response-info timems="0.047" idlems="0.024" threads="1" lastid="000000000033BE00" lastname="BenchmarkThread xml.validation 8" />
</exclusive-start>
<af-start id="5175" threadId="000000000013D880" totalBytesRequested="64" timestamp="2021-04-05T23:19:47.148" intervalms="867.334" type="nursery" />
<cycle-start id="5176" type="scavenge" contextid="0" timestamp="2021-04-05T23:19:47.148" intervalms="867.338" />
<gc-start id="5177" type="scavenge" contextid="5176" timestamp="2021-04-05T23:19:47.148">
  <mem-info id="5178" free="958419040" total="1610612736" percent="59">
    <mem type="nursery" free="0" total="402653184" percent="0">
      <mem type="allocate" free="0" total="333250560" percent="0" />
      <mem type="survivor" free="0" total="69402624" percent="0" />
    </mem>
    <mem type="tenure" free="958419040" total="1207959552" percent="79">
      <mem type="soa" free="898020448" total="1147560960" percent="78" />
      <mem type="loa" free="60398592" total="60398592" percent="100" />
    </mem>
    <remembered-set count="1542" />
  </mem-info>
</gc-start>
<allocation-stats totalBytes="271080864" >
  <allocated-bytes non-tlh="1040" tlh="271079824" />
  <largest-consumer threadName="BenchmarkThread xml.validation 8" threadId="000000000033BE00" bytes="41803024" />
</allocation-stats>
<gc-op id="5179" type="scavenge" timems="126.807" contextid="5176" timestamp="2021-04-05T23:19:47.275">
  <scavenger-info tenureage="3" tenuremask="7ff8" tiltratio="82" />
  <memory-copied type="nursery" objects="1551013" bytes="62449688" bytesdiscarded="10200" />
  <memory-copied type="tenure" objects="6" bytes="192" bytesdiscarded="0" />
</gc-op>
<gc-end id="5180" type="scavenge" contextid="5176" durationms="126.795" usertimems="461.641" systemtimems="0.003" timestamp="2021-04-05T23:19:47.275" activeThreads="4">
  <mem-info id="5181" free="1229537392" total="1610612736" percent="76">
    <mem type="nursery" free="271118352" total="402653184" percent="67">
      <mem type="allocate" free="271118352" total="333578240" percent="81" />
      <mem type="survivor" free="0" total="69074944" percent="0" />
    </mem>
    <mem type="tenure" free="958419040" total="1207959552" percent="79" macro-fragmented="0">
      <mem type="soa" free="898020448" total="1147560960" percent="78" />
      <mem type="loa" free="60398592" total="60398592" percent="100" />
    </mem>
    <remembered-set count="1340" />
  </mem-info>
</gc-end>
<cycle-end id="5182" type="scavenge" contextid="5176" timestamp="2021-04-05T23:19:47.275" />
<allocation-satisfied id="5183" threadId="000000000013CF00" bytesRequested="64" />
<af-end id="5184" timestamp="2021-04-05T23:19:47.275" threadId="000000000013D880" success="true" from="nursery"/>
<exclusive-end id="5185" timestamp="2021-04-05T23:19:47.275" durationms="127.593" />

<exclusive-start id="5186" timestamp="2021-04-05T23:19:48.134" intervalms="986.970">
  <response-info timems="0.055" idlems="0.055" threads="0" lastid="0000000000334700" lastname="BenchmarkThread xml.validation 6" />
</exclusive-start>
<af-start id="5187" threadId="0000000000335080" totalBytesRequested="16" timestamp="2021-04-05T23:19:48.135" intervalms="986.967" type="nursery" />
<cycle-start id="5188" type="scavenge" contextid="0" timestamp="2021-04-05T23:19:48.135" intervalms="986.970" />
<gc-start id="5189" type="scavenge" contextid="5188" timestamp="2021-04-05T23:19:48.135">
  <mem-info id="5190" free="958419040" total="1610612736" percent="59">
    <mem type="nursery" free="0" total="402653184" percent="0">
      <mem type="allocate" free="0" total="333578240" percent="0" />
      <mem type="survivor" free="0" total="69074944" percent="0" />
    </mem>
    <mem type="tenure" free="958419040" total="1207959552" percent="79">
      <mem type="soa" free="898020448" total="1147560960" percent="78" />
      <mem type="loa" free="60398592" total="60398592" percent="100" />
    </mem>
    <remembered-set count="1551" />
  </mem-info>
</gc-start>
<allocation-stats totalBytes="271025184" >
  <allocated-bytes non-tlh="64" tlh="271025120" />
  <largest-consumer threadName="BenchmarkThread xml.validation 5" threadId="0000000000330B00" bytes="42160464" />
</allocation-stats>
<gc-op id="5191" type="scavenge" timems="107.938" contextid="5188" timestamp="2021-04-05T23:19:48.243">
  <scavenger-info tenureage="3" tenuremask="7ff8" tiltratio="82" />
  <memory-copied type="nursery" objects="1536819" bytes="61918800" bytesdiscarded="12384" />
  <memory-copied type="tenure" objects="8" bytes="256" bytesdiscarded="0" />
</gc-op>
<gc-end id="5192" type="scavenge" contextid="5188" durationms="107.619" usertimems="410.168" systemtimems="0.000" timestamp="2021-04-05T23:19:48.243" activeThreads="4">
  <mem-info id="5193" free="1230393776" total="1610612736" percent="76">
    <mem type="nursery" free="271974736" total="402653184" percent="67">
      <mem type="allocate" free="271974736" total="333905920" percent="81" />
      <mem type="survivor" free="0" total="68747264" percent="0" />
    </mem>
    <mem type="tenure" free="958419040" total="1207959552" percent="79" macro-fragmented="0">
      <mem type="soa" free="898020448" total="1147560960" percent="78" />
      <mem type="loa" free="60398592" total="60398592" percent="100" />
    </mem>
    <remembered-set count="1340" />
  </mem-info>
</gc-end>
<cycle-end id="5194" type="scavenge" contextid="5188" timestamp="2021-04-05T23:19:48.243" />
<allocation-satisfied id="5195" threadId="0000000000334700" bytesRequested="16" />
<af-end id="5196" timestamp="2021-04-05T23:19:48.243" threadId="0000000000335080" success="true" from="nursery"/>
<exclusive-end id="5197" timestamp="2021-04-05T23:19:48.243" durationms="108.622" />

<exclusive-start id="5198" timestamp="2021-04-05T23:19:48.990" intervalms="855.147">
  <response-info timems="0.054" idlems="0.054" threads="0" lastid="000000000013CF00" lastname="BenchmarkThread xml.validation 2" />
</exclusive-start>
<af-start id="5199" threadId="000000000013D880" totalBytesRequested="16" timestamp="2021-04-05T23:19:48.990" intervalms="855.145" type="nursery" />
<cycle-start id="5200" type="scavenge" contextid="0" timestamp="2021-04-05T23:19:48.990" intervalms="855.138" />
<gc-start id="5201" type="scavenge" contextid="5200" timestamp="2021-04-05T23:19:48.990">
  <mem-info id="5202" free="958419040" total="1610612736" percent="59">
    <mem type="nursery" free="0" total="402653184" percent="0">
      <mem type="allocate" free="0" total="333905920" percent="0" />
      <mem type="survivor" free="0" total="68747264" percent="0" />
    </mem>
    <mem type="tenure" free="958419040" total="1207959552" percent="79">
      <mem type="soa" free="898020448" total="1147560960" percent="78" />
      <mem type="loa" free="60398592" total="60398592" percent="100" />
    </mem>
    <remembered-set count="1540" />
  </mem-info>
</gc-start>
<allocation-stats totalBytes="271886560" >
  <allocated-bytes non-tlh="16" tlh="271886544" />
  <largest-consumer threadName="BenchmarkThread xml.validation 8" threadId="000000000033BE00" bytes="52739400" />
</allocation-stats>
<gc-op id="5203" type="scavenge" timems="109.787" contextid="5200" timestamp="2021-04-05T23:19:49.100">
  <scavenger-info tenureage="3" tenuremask="7ff8" tiltratio="82" />
  <memory-copied type="nursery" objects="1519803" bytes="61455832" bytesdiscarded="10704" />
  <memory-copied type="tenure" objects="4" bytes="128" bytesdiscarded="0" />
</gc-op>
<gc-end id="5204" type="scavenge" contextid="5200" durationms="109.777" usertimems="413.843" systemtimems="0.000" timestamp="2021-04-05T23:19:49.100" activeThreads="4">
  <mem-info id="5205" free="1231186104" total="1610612736" percent="76">
    <mem type="nursery" free="272767064" total="402653184" percent="67">
      <mem type="allocate" free="272767064" total="334233600" percent="81" />
      <mem type="survivor" free="0" total="68419584" percent="0" />
    </mem>
    <mem type="tenure" free="958419040" total="1207959552" percent="79" macro-fragmented="0">
      <mem type="soa" free="898020448" total="1147560960" percent="78" />
      <mem type="loa" free="60398592" total="60398592" percent="100" />
    </mem>
    <remembered-set count="1334" />
  </mem-info>
</gc-end>
<cycle-end id="5206" type="scavenge" contextid="5200" timestamp="2021-04-05T23:19:49.100" />
<allocation-satisfied id="5207" threadId="000000000013CF00" bytesRequested="16" />
<af-end id="5208" timestamp="2021-04-05T23:19:49.100" threadId="000000000013D880" success="true" from="nursery"/>
<exclusive-end id="5209" timestamp="2021-04-05T23:19:49.100" durationms="110.443" />

<exclusive-start id="5210" timestamp="2021-04-05T23:19:49.984" intervalms="994.445">
  <response-info timems="0.052" idlems="0.052" threads="0" lastid="0000000000338300" lastname="BenchmarkThread xml.validation 7" />
</exclusive-start>
<af-start id="5211" threadId="0000000000338C80" totalBytesRequested="1040" timestamp="2021-04-05T23:19:49.984" intervalms="994.448" type="nursery" />
<cycle-start id="5212" type="scavenge" contextid="0" timestamp="2021-04-05T23:19:49.984" intervalms="994.451" />
<gc-start id="5213" type="scavenge" contextid="5212" timestamp="2021-04-05T23:19:49.984">
  <mem-info id="5214" free="958419040" total="1610612736" percent="59">
    <mem type="nursery" free="0" total="402653184" percent="0">
      <mem type="allocate" free="0" total="334233600" percent="0" />
      <mem type="survivor" free="0" total="68419584" percent="0" />
    </mem>
    <mem type="tenure" free="958419040" total="1207959552" percent="79">
      <mem type="soa" free="898020448" total="1147560960" percent="78" />
      <mem type="loa" free="60398592" total="60398592" percent="100" />
    </mem>
    <remembered-set count="1557" />
  </mem-info>
</gc-start>
<allocation-stats totalBytes="272667688" >
  <allocated-bytes non-tlh="1056" tlh="272666632" />
  <largest-consumer threadName="BenchmarkThread xml.validation 4" threadId="000000000032CF00" bytes="43995200" />
</allocation-stats>
<gc-op id="5215" type="scavenge" timems="113.940" contextid="5212" timestamp="2021-04-05T23:19:50.098">
  <scavenger-info tenureage="3" tenuremask="7ff8" tiltratio="83" />
  <memory-copied type="nursery" objects="1468551" bytes="59445408" bytesdiscarded="13368" />
  <memory-copied type="tenure" objects="6" bytes="192" bytesdiscarded="0" />
</gc-op>
<gc-end id="5216" type="scavenge" contextid="5212" durationms="113.928" usertimems="435.680" systemtimems="0.004" timestamp="2021-04-05T23:19:50.099" activeThreads="4">
  <mem-info id="5217" free="1233587080" total="1610612736" percent="76">
    <mem type="nursery" free="275168040" total="402653184" percent="68">
      <mem type="allocate" free="275168040" total="334626816" percent="82" />
      <mem type="survivor" free="0" total="68026368" percent="0" />
    </mem>
    <mem type="tenure" free="958419040" total="1207959552" percent="79" macro-fragmented="0">
      <mem type="soa" free="898020448" total="1147560960" percent="78" />
      <mem type="loa" free="60398592" total="60398592" percent="100" />
    </mem>
    <remembered-set count="1332" />
  </mem-info>
</gc-end>
<cycle-end id="5218" type="scavenge" contextid="5212" timestamp="2021-04-05T23:19:50.099" />
<allocation-satisfied id="5219" threadId="0000000000338300" bytesRequested="1040" />
<af-end id="5220" timestamp="2021-04-05T23:19:50.099" threadId="0000000000338C80" success="true" from="nursery"/>
<exclusive-end id="5221" timestamp="2021-04-05T23:19:50.099" durationms="114.663" />

<exclusive-start id="5222" timestamp="2021-04-05T23:19:50.842" intervalms="858.120">
  <response-info timems="0.049" idlems="0.027" threads="1" lastid="000000000032CF00" lastname="BenchmarkThread xml.validation 4" />
</exclusive-start>
<af-start id="5223" threadId="000000000011D480" totalBytesRequested="56" timestamp="2021-04-05T23:19:50.842" intervalms="858.118" type="nursery" />
<cycle-start id="5224" type="scavenge" contextid="0" timestamp="2021-04-05T23:19:50.842" intervalms="858.115" />
<gc-start id="5225" type="scavenge" contextid="5224" timestamp="2021-04-05T23:19:50.842">
  <mem-info id="5226" free="958419040" total="1610612736" percent="59">
    <mem type="nursery" free="0" total="402653184" percent="0">
      <mem type="allocate" free="0" total="334626816" percent="0" />
      <mem type="survivor" free="0" total="68026368" percent="0" />
    </mem>
    <mem type="tenure" free="958419040" total="1207959552" percent="79">
      <mem type="soa" free="898020448" total="1147560960" percent="78" />
      <mem type="loa" free="60398592" total="60398592" percent="100" />
    </mem>
    <remembered-set count="1543" />
  </mem-info>
</gc-start>
<allocation-stats totalBytes="275078864" >
  <allocated-bytes non-tlh="4160" tlh="275074704" />
  <largest-consumer threadName="BenchmarkThread xml.validation 8" threadId="000000000033BE00" bytes="64109440" />
</allocation-stats>
<gc-op id="5227" type="scavenge" timems="117.989" contextid="5224" timestamp="2021-04-05T23:19:50.960">
  <scavenger-info tenureage="3" tenuremask="7ff8" tiltratio="83" />
  <memory-copied type="nursery" objects="1587169" bytes="64278536" bytesdiscarded="9376" />
  <memory-copied type="tenure" objects="6" bytes="192" bytesdiscarded="0" />
</gc-op>
<gc-end id="5228" type="scavenge" contextid="5224" durationms="117.978" usertimems="447.917" systemtimems="0.000" timestamp="2021-04-05T23:19:50.961" activeThreads="4">
  <mem-info id="5229" free="1223449528" total="1610612736" percent="75">
    <mem type="nursery" free="265030488" total="402653184" percent="65">
      <mem type="allocate" free="265030488" total="329318400" percent="80" />
      <mem type="survivor" free="0" total="73334784" percent="0" />
    </mem>
    <mem type="tenure" free="958419040" total="1207959552" percent="79" macro-fragmented="0">
      <mem type="soa" free="898020448" total="1147560960" percent="78" />
      <mem type="loa" free="60398592" total="60398592" percent="100" />
    </mem>
    <remembered-set count="1337" />
  </mem-info>
</gc-end>
<cycle-end id="5230" type="scavenge" contextid="5224" timestamp="2021-04-05T23:19:50.961" />
<allocation-satisfied id="5231" threadId="000000000011CB00" bytesRequested="56" />
<af-end id="5232" timestamp="2021-04-05T23:19:50.961" threadId="000000000011D480" success="true" from="nursery"/>
<exclusive-end id="5233" timestamp="2021-04-05T23:19:50.961" durationms="118.669" />

<exclusive-start id="5234" timestamp="2021-04-05T23:19:51.839" intervalms="997.315">
  <response-info timems="0.083" idlems="0.057" threads="1" lastid="0000000000338300" lastname="BenchmarkThread xml.validation 7" />
</exclusive-start>
<af-start id="5235" threadId="000000000032D880" totalBytesRequested="24" timestamp="2021-04-05T23:19:51.840" intervalms="997.319" type="nursery" />
<cycle-start id="5236" type="scavenge" contextid="0" timestamp="2021-04-05T23:19:51.840" intervalms="997.323" />
<gc-start id="5237" type="scavenge" contextid="5236" timestamp="2021-04-05T23:19:51.840">
  <mem-info id="5238" free="958419040" total="1610612736" percent="59">
    <mem type="nursery" free="0" total="402653184" percent="0">
      <mem type="allocate" free="0" total="329318400" percent="0" />
      <mem type="survivor" free="0" total="73334784" percent="0" />
    </mem>
    <mem type="tenure" free="958419040" total="1207959552" percent="79">
      <mem type="soa" free="898020448" total="1147560960" percent="78" />
      <mem type="loa" free="60398592" total="60398592" percent="100" />
    </mem>
    <remembered-set count="1570" />
  </mem-info>
</gc-start>
<allocation-stats totalBytes="264921088" >
  <allocated-bytes non-tlh="3176" tlh="264917912" />
  <largest-consumer threadName="BenchmarkThread xml.validation 3" threadId="0000000000329300" bytes="46923048" />
</allocation-stats>
<gc-op id="5239" type="scavenge" timems="117.687" contextid="5236" timestamp="2021-04-05T23:19:51.957">
  <scavenger-info tenureage="3" tenuremask="7ff8" tiltratio="81" />
  <memory-copied type="nursery" objects="1490938" bytes="60179688" bytesdiscarded="11664" />
  <memory-copied type="tenure" objects="8" bytes="256" bytesdiscarded="0" />
</gc-op>
<gc-end id="5240" type="scavenge" contextid="5236" durationms="117.674" usertimems="441.248" systemtimems="0.000" timestamp="2021-04-05T23:19:51.958" activeThreads="4">
  <mem-info id="5241" free="1228332520" total="1610612736" percent="76">
    <mem type="nursery" free="269913480" total="402653184" percent="67">
      <mem type="allocate" free="269913480" total="330104832" percent="81" />
      <mem type="survivor" free="0" total="72548352" percent="0" />
    </mem>
    <mem type="tenure" free="958419040" total="1207959552" percent="79" macro-fragmented="0">
      <mem type="soa" free="898020448" total="1147560960" percent="78" />
      <mem type="loa" free="60398592" total="60398592" percent="100" />
    </mem>
    <remembered-set count="1337" />
  </mem-info>
</gc-end>
<cycle-end id="5242" type="scavenge" contextid="5236" timestamp="2021-04-05T23:19:51.958" />
<allocation-satisfied id="5243" threadId="000000000032CF00" bytesRequested="24" />
<af-end id="5244" timestamp="2021-04-05T23:19:51.958" threadId="000000000032D880" success="true" from="nursery"/>
<exclusive-end id="5245" timestamp="2021-04-05T23:19:51.958" durationms="118.415" />

<exclusive-start id="5246" timestamp="2021-04-05T23:19:52.665" intervalms="825.063">
  <response-info timems="0.051" idlems="0.051" threads="0" lastid="0000000000330B00" lastname="BenchmarkThread xml.validation 5" />
</exclusive-start>
<af-start id="5247" threadId="0000000000331480" totalBytesRequested="64" timestamp="2021-04-05T23:19:52.665" intervalms="825.058" type="nursery" />
<cycle-start id="5248" type="scavenge" contextid="0" timestamp="2021-04-05T23:19:52.665" intervalms="825.068" />
<gc-start id="5249" type="scavenge" contextid="5248" timestamp="2021-04-05T23:19:52.665">
  <mem-info id="5250" free="958419040" total="1610612736" percent="59">
    <mem type="nursery" free="0" total="402653184" percent="0">
      <mem type="allocate" free="0" total="330104832" percent="0" />
      <mem type="survivor" free="0" total="72548352" percent="0" />
    </mem>
    <mem type="tenure" free="958419040" total="1207959552" percent="79">
      <mem type="soa" free="898020448" total="1147560960" percent="78" />
      <mem type="loa" free="60398592" total="60398592" percent="100" />
    </mem>
    <remembered-set count="1523" />
  </mem-info>
</gc-start>
<allocation-stats totalBytes="269816880" >
  <allocated-bytes non-tlh="24" tlh="269816856" />
  <largest-consumer threadName="BenchmarkThread xml.validation 1" threadId="000000000011CB00" bytes="46792744" />
</allocation-stats>
<gc-op id="5251" type="scavenge" timems="107.577" contextid="5248" timestamp="2021-04-05T23:19:52.772">
  <scavenger-info tenureage="3" tenuremask="7ff8" tiltratio="81" />
  <memory-copied type="nursery" objects="1449430" bytes="58842992" bytesdiscarded="10504" />
  <memory-copied type="tenure" objects="61007" bytes="2193416" bytesdiscarded="0" />
</gc-op>
<gc-end id="5252" type="scavenge" contextid="5248" durationms="107.566" usertimems="411.887" systemtimems="0.000" timestamp="2021-04-05T23:19:52.773" activeThreads="4">
  <mem-info id="5253" free="1228818408" total="1610612736" percent="76">
    <mem type="nursery" free="272758664" total="402653184" percent="67">
      <mem type="allocate" free="272758664" total="331612160" percent="82" />
      <mem type="survivor" free="0" total="71041024" percent="0" />
    </mem>
    <mem type="tenure" free="956059744" total="1207959552" percent="79" macro-fragmented="0">
      <mem type="soa" free="895661152" total="1147560960" percent="78" />
      <mem type="loa" free="60398592" total="60398592" percent="100" />
    </mem>
    <remembered-set count="1502" />
  </mem-info>
</gc-end>
<cycle-end id="5254" type="scavenge" contextid="5248" timestamp="2021-04-05T23:19:52.773" />
<allocation-satisfied id="5255" threadId="0000000000330B00" bytesRequested="64" />
<af-end id="5256" timestamp="2021-04-05T23:19:52.773" threadId="0000000000331480" success="true" from="nursery"/>
<exclusive-end id="5257" timestamp="2021-04-05T23:19:52.773" durationms="108.240" />

<exclusive-start id="5258" timestamp="2021-04-05T23:19:53.635" intervalms="970.596">
  <response-info timems="0.054" idlems="0.054" threads="0" lastid="0000000000329300" lastname="BenchmarkThread xml.validation 3" />
</exclusive-start>
<af-start id="5259" threadId="0000000000329C80" totalBytesRequested="48" timestamp="2021-04-05T23:19:53.635" intervalms="970.607" type="nursery" />
<cycle-start id="5260" type="scavenge" contextid="0" timestamp="2021-04-05T23:19:53.635" intervalms="970.596" />
<gc-start id="5261" type="scavenge" contextid="5260" timestamp="2021-04-05T23:19:53.635">
  <mem-info id="5262" free="956059744" total="1610612736" percent="59">
    <mem type="nursery" free="0" total="402653184" percent="0">
      <mem type="allocate" free="0" total="331612160" percent="0" />
      <mem type="survivor" free="0" total="71041024" percent="0" />
    </mem>
    <mem type="tenure" free="956059744" total="1207959552" percent="79">
      <mem type="soa" free="895661152" total="1147560960" percent="78" />
      <mem type="loa" free="60398592" total="60398592" percent="100" />
    </mem>
    <remembered-set count="1743" />
  </mem-info>
</gc-start>
<allocation-stats totalBytes="272663808" >
  <allocated-bytes non-tlh="64" tlh="272663744" />
  <largest-consumer threadName="BenchmarkThread xml.validation 2" threadId="000000000013CF00" bytes="43203656" />
</allocation-stats>
<gc-op id="5263" type="scavenge" timems="127.662" contextid="5260" timestamp="2021-04-05T23:19:53.763">
  <scavenger-info tenureage="3" tenuremask="7ff8" tiltratio="82" />
  <memory-copied type="nursery" objects="1539756" bytes="61877136" bytesdiscarded="11376" />
  <memory-copied type="tenure" objects="68991" bytes="3052952" bytesdiscarded="0" />
</gc-op>
<gc-end id="5264" type="scavenge" contextid="5260" durationms="127.647" usertimems="492.279" systemtimems="0.000" timestamp="2021-04-05T23:19:53.763" activeThreads="4">
  <mem-info id="5265" free="1222965344" total="1610612736" percent="75">
    <mem type="nursery" free="269920256" total="402653184" percent="67">
      <mem type="allocate" free="269920256" total="331808768" percent="81" />
      <mem type="survivor" free="0" total="70844416" percent="0" />
    </mem>
    <mem type="tenure" free="953045088" total="1207959552" percent="78" macro-fragmented="0">
      <mem type="soa" free="892646496" total="1147560960" percent="77" />
      <mem type="loa" free="60398592" total="60398592" percent="100" />
    </mem>
    <remembered-set count="1332" />
  </mem-info>
</gc-end>
<cycle-end id="5266" type="scavenge" contextid="5260" timestamp="2021-04-05T23:19:53.764" />
<allocation-satisfied id="5267" threadId="0000000000329300" bytesRequested="48" />
<af-end id="5268" timestamp="2021-04-05T23:19:53.764" threadId="0000000000329C80" success="true" from="nursery"/>
<exclusive-end id="5269" timestamp="2021-04-05T23:19:53.764" durationms="128.442" />

<exclusive-start id="5270" timestamp="2021-04-05T23:19:54.587" intervalms="951.765">
  <response-info timems="0.056" idlems="0.056" threads="0" lastid="000000000033BE00" lastname="BenchmarkThread xml.validation 8" />
</exclusive-start>
<af-start id="5271" threadId="000000000033C780" totalBytesRequested="1040" timestamp="2021-04-05T23:19:54.587" intervalms="951.755" type="nursery" />
<cycle-start id="5272" type="scavenge" contextid="0" timestamp="2021-04-05T23:19:54.587" intervalms="951.753" />
<gc-start id="5273" type="scavenge" contextid="5272" timestamp="2021-04-05T23:19:54.587">
  <mem-info id="5274" free="953045088" total="1610612736" percent="59">
    <mem type="nursery" free="0" total="402653184" percent="0">
      <mem type="allocate" free="0" total="331808768" percent="0" />
      <mem type="survivor" free="0" total="70844416" percent="0" />
    </mem>
    <mem type="tenure" free="953045088" total="1207959552" percent="78">
      <mem type="soa" free="892646496" total="1147560960" percent="77" />
      <mem type="loa" free="60398592" total="60398592" percent="100" />
    </mem>
    <remembered-set count="1553" />
  </mem-info>
</gc-start>
<allocation-stats totalBytes="269824408" >
  <allocated-bytes non-tlh="48" tlh="269824360" />
  <largest-consumer threadName="BenchmarkThread xml.validation 3" threadId="0000000000329300" bytes="40610360" />
</allocation-stats>
<gc-op id="5275" type="scavenge" timems="113.727" contextid="5272" timestamp="2021-04-05T23:19:54.701">
  <scavenger-info tenureage="3" tenuremask="7ff8" tiltratio="82" />
  <memory-copied type="nursery" objects="1564188" bytes="63011008" bytesdiscarded="12096" />
  <memory-copied type="tenure" objects="4" bytes="128" bytesdiscarded="0" />
</gc-op>
<gc-end id="5276" type="scavenge" contextid="5272" durationms="113.715" usertimems="428.751" systemtimems="0.010" timestamp="2021-04-05T23:19:54.701" activeThreads="4">
  <mem-info id="5277" free="1223075936" total="1610612736" percent="75">
    <mem type="nursery" free="270030848" total="402653184" percent="67">
      <mem type="allocate" free="270030848" total="333053952" percent="81" />
      <mem type="survivor" free="0" total="69599232" percent="0" />
    </mem>
    <mem type="tenure" free="953045088" total="1207959552" percent="78" macro-fragmented="0">
      <mem type="soa" free="892646496" total="1147560960" percent="77" />
      <mem type="loa" free="60398592" total="60398592" percent="100" />
    </mem>
    <remembered-set count="1339" />
  </mem-info>
</gc-end>
<cycle-end id="5278" type="scavenge" contextid="5272" timestamp="2021-04-05T23:19:54.701" />
<allocation-satisfied id="5279" threadId="000000000033BE00" bytesRequested="1040" />
<af-end id="5280" timestamp="2021-04-05T23:19:54.701" threadId="000000000033C780" success="true" from="nursery"/>
<exclusive-end id="5281" timestamp="2021-04-05T23:19:54.701" durationms="114.438" />

<exclusive-start id="5282" timestamp="2021-04-05T23:19:55.442" intervalms="855.073">
  <response-info timems="0.059" idlems="0.059" threads="0" lastid="0000000000338300" lastname="BenchmarkThread xml.validation 7" />
</exclusive-start>
<af-start id="5283" threadId="0000000000338C80" totalBytesRequested="136" timestamp="2021-04-05T23:19:55.442" intervalms="855.076" type="nursery" />
<cycle-start id="5284" type="scavenge" contextid="0" timestamp="2021-04-05T23:19:55.442" intervalms="855.078" />
<gc-start id="5285" type="scavenge" contextid="5284" timestamp="2021-04-05T23:19:55.442">
  <mem-info id="5286" free="953045088" total="1610612736" percent="59">
    <mem type="nursery" free="0" total="402653184" percent="0">
      <mem type="allocate" free="0" total="333053952" percent="0" />
      <mem type="survivor" free="0" total="69599232" percent="0" />
    </mem>
    <mem type="tenure" free="953045088" total="1207959552" percent="78">
      <mem type="soa" free="892646496" total="1147560960" percent="77" />
      <mem type="loa" free="60398592" total="60398592" percent="100" />
    </mem>
    <remembered-set count="1526" />
  </mem-info>
</gc-start>
<allocation-stats totalBytes="269938048" >
  <allocated-bytes non-tlh="2080" tlh="269935968" />
  <largest-consumer threadName="BenchmarkThread xml.validation 8" threadId="000000000033BE00" bytes="40680752" />
</allocation-stats>
<gc-op id="5287" type="scavenge" timems="120.716" contextid="5284" timestamp="2021-04-05T23:19:55.563">
  <scavenger-info tenureage="3" tenuremask="7ff8" tiltratio="82" />
  <memory-copied type="nursery" objects="1535547" bytes="62373416" bytesdiscarded="12328" />
  <memory-copied type="tenure" objects="4" bytes="128" bytesdiscarded="0" />
</gc-op>
<gc-end id="5288" type="scavenge" contextid="5284" durationms="120.703" usertimems="452.452" systemtimems="0.000" timestamp="2021-04-05T23:19:55.563" activeThreads="4">
  <mem-info id="5289" free="1223975440" total="1610612736" percent="75">
    <mem type="nursery" free="270930352" total="402653184" percent="67">
      <mem type="allocate" free="270930352" total="333316096" percent="81" />
      <mem type="survivor" free="0" total="69337088" percent="0" />
    </mem>
    <mem type="tenure" free="953045088" total="1207959552" percent="78" macro-fragmented="0">
      <mem type="soa" free="892646496" total="1147560960" percent="77" />
      <mem type="loa" free="60398592" total="60398592" percent="100" />
    </mem>
    <remembered-set count="1331" />
  </mem-info>
</gc-end>
<cycle-end id="5290" type="scavenge" contextid="5284" timestamp="2021-04-05T23:19:55.563" />
<allocation-satisfied id="5291" threadId="0000000000338300" bytesRequested="136" />
<af-end id="5292" timestamp="2021-04-05T23:19:55.563" threadId="0000000000338C80" success="true" from="nursery"/>
<exclusive-end id="5293" timestamp="2021-04-05T23:19:55.563" durationms="121.442" />

<exclusive-start id="5294" timestamp="2021-04-05T23:19:56.435" intervalms="993.248">
  <response-info timems="0.060" idlems="0.036" threads="1" lastid="000000000033BE00" lastname="BenchmarkThread xml.validation 8" />
</exclusive-start>
<af-start id="5295" threadId="000000000011D480" totalBytesRequested="16" timestamp="2021-04-05T23:19:56.435" intervalms="993.243" type="nursery" />
<cycle-start id="5296" type="scavenge" contextid="0" timestamp="2021-04-05T23:19:56.435" intervalms="993.240" />
<gc-start id="5297" type="scavenge" contextid="5296" timestamp="2021-04-05T23:19:56.435">
  <mem-info id="5298" free="953045088" total="1610612736" percent="59">
    <mem type="nursery" free="0" total="402653184" percent="0">
      <mem type="allocate" free="0" total="333316096" percent="0" />
      <mem type="survivor" free="0" total="69337088" percent="0" />
    </mem>
    <mem type="tenure" free="953045088" total="1207959552" percent="78">
      <mem type="soa" free="892646496" total="1147560960" percent="77" />
      <mem type="loa" free="60398592" total="60398592" percent="100" />
    </mem>
    <remembered-set count="1566" />
  </mem-info>
</gc-start>
<allocation-stats totalBytes="270843104" >
  <allocated-bytes non-tlh="136" tlh="270842968" />
  <largest-consumer threadName="BenchmarkThread xml.validation 3" threadId="0000000000329300" bytes="41283904" />
</allocation-stats>
<gc-op id="5299" type="scavenge" timems="106.863" contextid="5296" timestamp="2021-04-05T23:19:56.542">
  <scavenger-info tenureage="3" tenuremask="7ff8" tiltratio="82" />
  <memory-copied type="nursery" objects="1482355" bytes="59855320" bytesdiscarded="11680" />
  <memory-copied type="tenure" objects="10" bytes="320" bytesdiscarded="0" />
</gc-op>
<gc-end id="5300" type="scavenge" contextid="5296" durationms="106.852" usertimems="409.969" systemtimems="0.011" timestamp="2021-04-05T23:19:56.543" activeThreads="4">
  <mem-info id="5301" free="1226887400" total="1610612736" percent="76">
    <mem type="nursery" free="273842312" total="402653184" percent="68">
      <mem type="allocate" free="273842312" total="333709312" percent="82" />
      <mem type="survivor" free="0" total="68943872" percent="0" />
    </mem>
    <mem type="tenure" free="953045088" total="1207959552" percent="78" macro-fragmented="0">
      <mem type="soa" free="892646496" total="1147560960" percent="77" />
      <mem type="loa" free="60398592" total="60398592" percent="100" />
    </mem>
    <remembered-set count="1334" />
  </mem-info>
</gc-end>
<cycle-end id="5302" type="scavenge" contextid="5296" timestamp="2021-04-05T23:19:56.543" />
<allocation-satisfied id="5303" threadId="000000000011CB00" bytesRequested="16" />
<af-end id="5304" timestamp="2021-04-05T23:19:56.543" threadId="000000000011D480" success="true" from="nursery"/>
<exclusive-end id="5305" timestamp="2021-04-05T23:19:56.543" durationms="107.523" />

<exclusive-start id="5306" timestamp="2021-04-05T23:19:57.309" intervalms="873.731">
  <response-info timems="0.056" idlems="0.056" threads="0" lastid="0000000000329300" lastname="BenchmarkThread xml.validation 3" />
</exclusive-start>
<af-start id="5307" threadId="0000000000329C80" totalBytesRequested="40" timestamp="2021-04-05T23:19:57.309" intervalms="873.736" type="nursery" />
<cycle-start id="5308" type="scavenge" contextid="0" timestamp="2021-04-05T23:19:57.309" intervalms="873.740" />
<gc-start id="5309" type="scavenge" contextid="5308" timestamp="2021-04-05T23:19:57.309">
  <mem-info id="5310" free="953045088" total="1610612736" percent="59">
    <mem type="nursery" free="0" total="402653184" percent="0">
      <mem type="allocate" free="0" total="333709312" percent="0" />
      <mem type="survivor" free="0" total="68943872" percent="0" />
    </mem>
    <mem type="tenure" free="953045088" total="1207959552" percent="78">
      <mem type="soa" free="892646496" total="1147560960" percent="77" />
      <mem type="loa" free="60398592" total="60398592" percent="100" />
    </mem>
    <remembered-set count="1554" />
  </mem-info>
</gc-start>
<allocation-stats totalBytes="273733504" >
  <allocated-bytes non-tlh="2096" tlh="273731408" />
  <largest-consumer threadName="BenchmarkThread xml.validation 1" threadId="000000000011CB00" bytes="41897840" />
</allocation-stats>
<gc-op id="5311" type="scavenge" timems="116.687" contextid="5308" timestamp="2021-04-05T23:19:57.426">
  <scavenger-info tenureage="3" tenuremask="7ff8" tiltratio="82" />
  <memory-copied type="nursery" objects="1529962" bytes="61582048" bytesdiscarded="12488" />
  <memory-copied type="tenure" objects="4" bytes="128" bytesdiscarded="0" />
</gc-op>
<gc-end id="5312" type="scavenge" contextid="5308" durationms="116.675" usertimems="449.232" systemtimems="0.002" timestamp="2021-04-05T23:19:57.426" activeThreads="4">
  <mem-info id="5313" free="1225290936" total="1610612736" percent="76">
    <mem type="nursery" free="272245848" total="402653184" percent="67">
      <mem type="allocate" free="272245848" total="333840384" percent="81" />
      <mem type="survivor" free="0" total="68812800" percent="0" />
    </mem>
    <mem type="tenure" free="953045088" total="1207959552" percent="78" macro-fragmented="0">
      <mem type="soa" free="892646496" total="1147560960" percent="77" />
      <mem type="loa" free="60398592" total="60398592" percent="100" />
    </mem>
    <remembered-set count="1334" />
  </mem-info>
</gc-end>
<cycle-end id="5314" type="scavenge" contextid="5308" timestamp="2021-04-05T23:19:57.426" />
<allocation-satisfied id="5315" threadId="0000000000329300" bytesRequested="40" />
<af-end id="5316" timestamp="2021-04-05T23:19:57.426" threadId="0000000000329C80" success="true" from="nursery"/>
<exclusive-end id="5317" timestamp="2021-04-05T23:19:57.426" durationms="117.412" />

<exclusive-start id="5318" timestamp="2021-04-05T23:19:58.247" intervalms="938.469">
  <response-info timems="0.046" idlems="0.046" threads="0" lastid="000000000013CF00" lastname="BenchmarkThread xml.validation 2" />
</exclusive-start>
<af-start id="5319" threadId="000000000013D880" totalBytesRequested="16" timestamp="2021-04-05T23:19:58.248" intervalms="938.465" type="nursery" />
<cycle-start id="5320" type="scavenge" contextid="0" timestamp="2021-04-05T23:19:58.248" intervalms="938.462" />
<gc-start id="5321" type="scavenge" contextid="5320" timestamp="2021-04-05T23:19:58.248">
  <mem-info id="5322" free="953045088" total="1610612736" percent="59">
    <mem type="nursery" free="0" total="402653184" percent="0">
      <mem type="allocate" free="0" total="333840384" percent="0" />
      <mem type="survivor" free="0" total="68812800" percent="0" />
    </mem>
    <mem type="tenure" free="953045088" total="1207959552" percent="78">
      <mem type="soa" free="892646496" total="1147560960" percent="77" />
      <mem type="loa" free="60398592" total="60398592" percent="100" />
    </mem>
    <remembered-set count="1544" />
  </mem-info>
</gc-start>
<allocation-stats totalBytes="272154448" >
  <allocated-bytes non-tlh="40" tlh="272154408" />
  <largest-consumer threadName="BenchmarkThread xml.validation 5" threadId="0000000000330B00" bytes="40255504" />
</allocation-stats>
<gc-op id="5323" type="scavenge" timems="110.478" contextid="5320" timestamp="2021-04-05T23:19:58.358">
  <scavenger-info tenureage="3" tenuremask="7ff8" tiltratio="82" />
  <memory-copied type="nursery" objects="1557741" bytes="62780376" bytesdiscarded="12752" />
  <memory-copied type="tenure" objects="8" bytes="256" bytesdiscarded="0" />
</gc-op>
<gc-end id="5324" type="scavenge" contextid="5320" durationms="110.468" usertimems="414.848" systemtimems="0.008" timestamp="2021-04-05T23:19:58.358" activeThreads="4">
  <mem-info id="5325" free="1223830200" total="1610612736" percent="75">
    <mem type="nursery" free="270785112" total="402653184" percent="67">
      <mem type="allocate" free="270785112" total="333578240" percent="81" />
      <mem type="survivor" free="0" total="69074944" percent="0" />
    </mem>
    <mem type="tenure" free="953045088" total="1207959552" percent="78" macro-fragmented="0">
      <mem type="soa" free="892646496" total="1147560960" percent="77" />
      <mem type="loa" free="60398592" total="60398592" percent="100" />
    </mem>
    <remembered-set count="1339" />
  </mem-info>
</gc-end>
<cycle-end id="5326" type="scavenge" contextid="5320" timestamp="2021-04-05T23:19:58.359" />
<allocation-satisfied id="5327" threadId="000000000013CF00" bytesRequested="16" />
<af-end id="5328" timestamp="2021-04-05T23:19:58.359" threadId="000000000013D880" success="true" from="nursery"/>
<exclusive-end id="5329" timestamp="2021-04-05T23:19:58.359" durationms="111.129" />

<exclusive-start id="5330" timestamp="2021-04-05T23:19:59.188" intervalms="940.424">
  <response-info timems="0.060" idlems="0.037" threads="1" lastid="000000000013CF00" lastname="BenchmarkThread xml.validation 2" />
</exclusive-start>
<af-start id="5331" threadId="0000000000338C80" totalBytesRequested="48" timestamp="2021-04-05T23:19:59.188" intervalms="940.430" type="nursery" />
<cycle-start id="5332" type="scavenge" contextid="0" timestamp="2021-04-05T23:19:59.188" intervalms="940.439" />
<gc-start id="5333" type="scavenge" contextid="5332" timestamp="2021-04-05T23:19:59.188">
  <mem-info id="5334" free="953045088" total="1610612736" percent="59">
    <mem type="nursery" free="0" total="402653184" percent="0">
      <mem type="allocate" free="0" total="333578240" percent="0" />
      <mem type="survivor" free="0" total="69074944" percent="0" />
    </mem>
    <mem type="tenure" free="953045088" total="1207959552" percent="78">
      <mem type="soa" free="892646496" total="1147560960" percent="77" />
      <mem type="loa" free="60398592" total="60398592" percent="100" />
    </mem>
    <remembered-set count="1561" />
  </mem-info>
</gc-start>
<allocation-stats totalBytes="270682264" >
  <allocated-bytes non-tlh="1056" tlh="270681208" />
  <largest-consumer threadName="BenchmarkThread xml.validation 3" threadId="0000000000329300" bytes="46916184" />
</allocation-stats>
<gc-op id="5335" type="scavenge" timems="121.673" contextid="5332" timestamp="2021-04-05T23:19:59.310">
  <scavenger-info tenureage="3" tenuremask="7ff8" tiltratio="82" />
  <memory-copied type="nursery" objects="1544812" bytes="62020104" bytesdiscarded="10512" />
  <memory-copied type="tenure" objects="6" bytes="192" bytesdiscarded="0" />
</gc-op>
<gc-end id="5336" type="scavenge" contextid="5332" durationms="121.430" usertimems="467.102" systemtimems="0.004" timestamp="2021-04-05T23:19:59.310" activeThreads="4">
  <mem-info id="5337" free="1224854856" total="1610612736" percent="76">
    <mem type="nursery" free="271809768" total="402653184" percent="67">
      <mem type="allocate" free="271809768" total="333840384" percent="81" />
      <mem type="survivor" free="0" total="68812800" percent="0" />
    </mem>
    <mem type="tenure" free="953045088" total="1207959552" percent="78" macro-fragmented="0">
      <mem type="soa" free="892646496" total="1147560960" percent="77" />
      <mem type="loa" free="60398592" total="60398592" percent="100" />
    </mem>
    <remembered-set count="1333" />
  </mem-info>
</gc-end>
<cycle-end id="5338" type="scavenge" contextid="5332" timestamp="2021-04-05T23:19:59.310" />
<allocation-satisfied id="5339" threadId="0000000000338300" bytesRequested="48" />
<af-end id="5340" timestamp="2021-04-05T23:19:59.310" threadId="0000000000338C80" success="true" from="nursery"/>
<exclusive-end id="5341" timestamp="2021-04-05T23:19:59.310" durationms="122.401" />

<exclusive-start id="5342" timestamp="2021-04-05T23:20:00.119" intervalms="931.266">
  <response-info timems="0.082" idlems="0.082" threads="0" lastid="000000000032CF00" lastname="BenchmarkThread xml.validation 4" />
</exclusive-start>
<af-start id="5343" threadId="000000000032D880" totalBytesRequested="24" timestamp="2021-04-05T23:20:00.119" intervalms="931.263" type="nursery" />
<cycle-start id="5344" type="scavenge" contextid="0" timestamp="2021-04-05T23:20:00.119" intervalms="931.257" />
<gc-start id="5345" type="scavenge" contextid="5344" timestamp="2021-04-05T23:20:00.119">
  <mem-info id="5346" free="953045088" total="1610612736" percent="59">
    <mem type="nursery" free="0" total="402653184" percent="0">
      <mem type="allocate" free="0" total="333840384" percent="0" />
      <mem type="survivor" free="0" total="68812800" percent="0" />
    </mem>
    <mem type="tenure" free="953045088" total="1207959552" percent="78">
      <mem type="soa" free="892646496" total="1147560960" percent="77" />
      <mem type="loa" free="60398592" total="60398592" percent="100" />
    </mem>
    <remembered-set count="1551" />
  </mem-info>
</gc-start>
<allocation-stats totalBytes="271715760" >
  <allocated-bytes non-tlh="48" tlh="271715712" />
  <largest-consumer threadName="BenchmarkThread xml.validation 8" threadId="000000000033BE00" bytes="43623744" />
</allocation-stats>
<gc-op id="5347" type="scavenge" timems="103.316" contextid="5344" timestamp="2021-04-05T23:20:00.223">
  <scavenger-info tenureage="3" tenuremask="7ff8" tiltratio="82" />
  <memory-copied type="nursery" objects="1518799" bytes="61582584" bytesdiscarded="12576" />
  <memory-copied type="tenure" objects="2" bytes="64" bytesdiscarded="0" />
</gc-op>
<gc-end id="5348" type="scavenge" contextid="5344" durationms="103.303" usertimems="410.258" systemtimems="0.000" timestamp="2021-04-05T23:20:00.223" activeThreads="4">
  <mem-info id="5349" free="1225617992" total="1610612736" percent="76">
    <mem type="nursery" free="272572904" total="402653184" percent="67">
      <mem type="allocate" free="272572904" total="334168064" percent="81" />
      <mem type="survivor" free="0" total="68485120" percent="0" />
    </mem>
    <mem type="tenure" free="953045088" total="1207959552" percent="78" macro-fragmented="0">
      <mem type="soa" free="892646496" total="1147560960" percent="77" />
      <mem type="loa" free="60398592" total="60398592" percent="100" />
    </mem>
    <remembered-set count="1342" />
  </mem-info>
</gc-end>
<cycle-end id="5350" type="scavenge" contextid="5344" timestamp="2021-04-05T23:20:00.223" />
<allocation-satisfied id="5351" threadId="000000000032CF00" bytesRequested="24" />
<af-end id="5352" timestamp="2021-04-05T23:20:00.223" threadId="000000000032D880" success="true" from="nursery"/>
<exclusive-end id="5353" timestamp="2021-04-05T23:20:00.223" durationms="104.012" />

<exclusive-start id="5354" timestamp="2021-04-05T23:20:00.960" intervalms="840.491">
  <response-info timems="0.061" idlems="0.038" threads="1" lastid="000000000032CF00" lastname="BenchmarkThread xml.validation 4" />
</exclusive-start>
<af-start id="5355" threadId="000000000033C780" totalBytesRequested="1040" timestamp="2021-04-05T23:20:00.960" intervalms="840.488" type="nursery" />
<cycle-start id="5356" type="scavenge" contextid="0" timestamp="2021-04-05T23:20:00.960" intervalms="840.483" />
<gc-start id="5357" type="scavenge" contextid="5356" timestamp="2021-04-05T23:20:00.960">
  <mem-info id="5358" free="953045088" total="1610612736" percent="59">
    <mem type="nursery" free="0" total="402653184" percent="0">
      <mem type="allocate" free="0" total="334168064" percent="0" />
      <mem type="survivor" free="0" total="68485120" percent="0" />
    </mem>
    <mem type="tenure" free="953045088" total="1207959552" percent="78">
      <mem type="soa" free="892646496" total="1147560960" percent="77" />
      <mem type="loa" free="60398592" total="60398592" percent="100" />
    </mem>
    <remembered-set count="1528" />
  </mem-info>
</gc-start>
<allocation-stats totalBytes="272481048" >
  <allocated-bytes non-tlh="24" tlh="272481024" />
  <largest-consumer threadName="BenchmarkThread xml.validation 6" threadId="0000000000334700" bytes="42347664" />
</allocation-stats>
<gc-op id="5359" type="scavenge" timems="112.144" contextid="5356" timestamp="2021-04-05T23:20:01.072">
  <scavenger-info tenureage="3" tenuremask="7ff8" tiltratio="82" />
  <memory-copied type="nursery" objects="1549397" bytes="62374344" bytesdiscarded="11944" />
  <memory-copied type="tenure" objects="10" bytes="320" bytesdiscarded="0" />
</gc-op>
<gc-end id="5360" type="scavenge" contextid="5356" durationms="112.133" usertimems="444.511" systemtimems="0.000" timestamp="2021-04-05T23:20:01.072" activeThreads="4">
  <mem-info id="5361" free="1225023472" total="1610612736" percent="76">
    <mem type="nursery" free="271978384" total="402653184" percent="67">
      <mem type="allocate" free="271978384" total="334364672" percent="81" />
      <mem type="survivor" free="0" total="68288512" percent="0" />
    </mem>
    <mem type="tenure" free="953045088" total="1207959552" percent="78" macro-fragmented="0">
      <mem type="soa" free="892646496" total="1147560960" percent="77" />
      <mem type="loa" free="60398592" total="60398592" percent="100" />
    </mem>
    <remembered-set count="1333" />
  </mem-info>
</gc-end>
<cycle-end id="5362" type="scavenge" contextid="5356" timestamp="2021-04-05T23:20:01.072" />
<allocation-satisfied id="5363" threadId="000000000033BE00" bytesRequested="1040" />
<af-end id="5364" timestamp="2021-04-05T23:20:01.072" threadId="000000000033C780" success="true" from="nursery"/>
<exclusive-end id="5365" timestamp="2021-04-05T23:20:01.072" durationms="112.825" />

<exclusive-start id="5366" timestamp="2021-04-05T23:20:02.033" intervalms="1073.769">
  <response-info timems="0.069" idlems="0.044" threads="1" lastid="000000000032CF00" lastname="BenchmarkThread xml.validation 4" />
</exclusive-start>
<af-start id="5367" threadId="0000000000338C80" totalBytesRequested="16" timestamp="2021-04-05T23:20:02.033" intervalms="1073.784" type="nursery" />
<cycle-start id="5368" type="scavenge" contextid="0" timestamp="2021-04-05T23:20:02.034" intervalms="1073.790" />
<gc-start id="5369" type="scavenge" contextid="5368" timestamp="2021-04-05T23:20:02.034">
  <mem-info id="5370" free="953045088" total="1610612736" percent="59">
    <mem type="nursery" free="0" total="402653184" percent="0">
      <mem type="allocate" free="0" total="334364672" percent="0" />
      <mem type="survivor" free="0" total="68288512" percent="0" />
    </mem>
    <mem type="tenure" free="953045088" total="1207959552" percent="78">
      <mem type="soa" free="892646496" total="1147560960" percent="77" />
      <mem type="loa" free="60398592" total="60398592" percent="100" />
    </mem>
    <remembered-set count="1596" />
  </mem-info>
</gc-start>
<allocation-stats totalBytes="271873248" >
  <allocated-bytes non-tlh="1040" tlh="271872208" />
  <largest-consumer threadName="BenchmarkThread xml.validation 8" threadId="000000000033BE00" bytes="44580680" />
</allocation-stats>
<gc-op id="5371" type="scavenge" timems="119.773" contextid="5368" timestamp="2021-04-05T23:20:02.153">
  <scavenger-info tenureage="3" tenuremask="7ff8" tiltratio="83" />
  <memory-copied type="nursery" objects="1545862" bytes="62056736" bytesdiscarded="10280" />
  <memory-copied type="tenure" objects="6" bytes="192" bytesdiscarded="0" />
</gc-op>
<gc-end id="5372" type="scavenge" contextid="5368" durationms="119.762" usertimems="465.298" systemtimems="0.000" timestamp="2021-04-05T23:20:02.154" activeThreads="4">
  <mem-info id="5373" free="1225539352" total="1610612736" percent="76">
    <mem type="nursery" free="272494264" total="402653184" percent="67">
      <mem type="allocate" free="272494264" total="334561280" percent="81" />
      <mem type="survivor" free="0" total="68091904" percent="0" />
    </mem>
    <mem type="tenure" free="953045088" total="1207959552" percent="78" macro-fragmented="0">
      <mem type="soa" free="892646496" total="1147560960" percent="77" />
      <mem type="loa" free="60398592" total="60398592" percent="100" />
    </mem>
    <remembered-set count="1333" />
  </mem-info>
</gc-end>
<cycle-end id="5374" type="scavenge" contextid="5368" timestamp="2021-04-05T23:20:02.154" />
<allocation-satisfied id="5375" threadId="0000000000338300" bytesRequested="16" />
<af-end id="5376" timestamp="2021-04-05T23:20:02.154" threadId="0000000000338C80" success="true" from="nursery"/>
<exclusive-end id="5377" timestamp="2021-04-05T23:20:02.154" durationms="120.497" />

<exclusive-start id="5378" timestamp="2021-04-05T23:20:02.943" intervalms="909.645">
  <response-info timems="0.067" idlems="0.040" threads="1" lastid="000000000013CF00" lastname="BenchmarkThread xml.validation 2" />
</exclusive-start>
<af-start id="5379" threadId="0000000000335080" totalBytesRequested="16" timestamp="2021-04-05T23:20:02.943" intervalms="909.643" type="nursery" />
<cycle-start id="5380" type="scavenge" contextid="0" timestamp="2021-04-05T23:20:02.943" intervalms="909.641" />
<gc-start id="5381" type="scavenge" contextid="5380" timestamp="2021-04-05T23:20:02.943">
  <mem-info id="5382" free="953045088" total="1610612736" percent="59">
    <mem type="nursery" free="0" total="402653184" percent="0">
      <mem type="allocate" free="0" total="334561280" percent="0" />
      <mem type="survivor" free="0" total="68091904" percent="0" />
    </mem>
    <mem type="tenure" free="953045088" total="1207959552" percent="78">
      <mem type="soa" free="892646496" total="1147560960" percent="77" />
      <mem type="loa" free="60398592" total="60398592" percent="100" />
    </mem>
    <remembered-set count="1523" />
  </mem-info>
</gc-start>
<allocation-stats totalBytes="272407616" >
  <allocated-bytes non-tlh="16" tlh="272407600" />
  <largest-consumer threadName="BenchmarkThread xml.validation 7" threadId="0000000000338300" bytes="38993360" />
</allocation-stats>
<gc-op id="5383" type="scavenge" timems="123.522" contextid="5380" timestamp="2021-04-05T23:20:03.067">
  <scavenger-info tenureage="3" tenuremask="7ff8" tiltratio="83" />
  <memory-copied type="nursery" objects="1537472" bytes="61791880" bytesdiscarded="11728" />
  <memory-copied type="tenure" objects="4" bytes="128" bytesdiscarded="0" />
</gc-op>
<gc-end id="5384" type="scavenge" contextid="5380" durationms="123.509" usertimems="462.999" systemtimems="0.006" timestamp="2021-04-05T23:20:03.067" activeThreads="4">
  <mem-info id="5385" free="1225999368" total="1610612736" percent="76">
    <mem type="nursery" free="272954280" total="402653184" percent="67">
      <mem type="allocate" free="272954280" total="334757888" percent="81" />
      <mem type="survivor" free="0" total="67895296" percent="0" />
    </mem>
    <mem type="tenure" free="953045088" total="1207959552" percent="78" macro-fragmented="0">
      <mem type="soa" free="892646496" total="1147560960" percent="77" />
      <mem type="loa" free="60398592" total="60398592" percent="100" />
    </mem>
    <remembered-set count="1343" />
  </mem-info>
</gc-end>
<cycle-end id="5386" type="scavenge" contextid="5380" timestamp="2021-04-05T23:20:03.067" />
<allocation-satisfied id="5387" threadId="0000000000334700" bytesRequested="16" />
<af-end id="5388" timestamp="2021-04-05T23:20:03.067" threadId="0000000000335080" success="true" from="nursery"/>
<exclusive-end id="5389" timestamp="2021-04-05T23:20:03.067" durationms="124.296" />

<exclusive-start id="5390" timestamp="2021-04-05T23:20:03.860" intervalms="917.421">
  <response-info timems="0.046" idlems="0.046" threads="0" lastid="000000000013CF00" lastname="BenchmarkThread xml.validation 2" />
</exclusive-start>
<af-start id="5391" threadId="000000000013D880" totalBytesRequested="1040" timestamp="2021-04-05T23:20:03.861" intervalms="917.408" type="nursery" />
<cycle-start id="5392" type="scavenge" contextid="0" timestamp="2021-04-05T23:20:03.861" intervalms="917.406" />
<gc-start id="5393" type="scavenge" contextid="5392" timestamp="2021-04-05T23:20:03.861">
  <mem-info id="5394" free="953045088" total="1610612736" percent="59">
    <mem type="nursery" free="0" total="402653184" percent="0">
      <mem type="allocate" free="0" total="334757888" percent="0" />
      <mem type="survivor" free="0" total="67895296" percent="0" />
    </mem>
    <mem type="tenure" free="953045088" total="1207959552" percent="78">
      <mem type="soa" free="892646496" total="1147560960" percent="77" />
      <mem type="loa" free="60398592" total="60398592" percent="100" />
    </mem>
    <remembered-set count="1542" />
  </mem-info>
</gc-start>
<allocation-stats totalBytes="272865800" >
  <allocated-bytes non-tlh="16" tlh="272865784" />
  <largest-consumer threadName="BenchmarkThread xml.validation 6" threadId="0000000000334700" bytes="42774032" />
</allocation-stats>
<gc-op id="5395" type="scavenge" timems="121.439" contextid="5392" timestamp="2021-04-05T23:20:03.982">
  <scavenger-info tenureage="3" tenuremask="7ff8" tiltratio="83" />
  <memory-copied type="nursery" objects="1593560" bytes="64423008" bytesdiscarded="12632" />
  <memory-copied type="tenure" objects="6" bytes="192" bytesdiscarded="0" />
</gc-op>
<gc-end id="5396" type="scavenge" contextid="5392" durationms="121.428" usertimems="436.902" systemtimems="0.001" timestamp="2021-04-05T23:20:03.982" activeThreads="4">
  <mem-info id="5397" free="1219697320" total="1610612736" percent="75">
    <mem type="nursery" free="266652232" total="402653184" percent="66">
      <mem type="allocate" free="266652232" total="331087872" percent="80" />
      <mem type="survivor" free="0" total="71565312" percent="0" />
    </mem>
    <mem type="tenure" free="953045088" total="1207959552" percent="78" macro-fragmented="0">
      <mem type="soa" free="892646496" total="1147560960" percent="77" />
      <mem type="loa" free="60398592" total="60398592" percent="100" />
    </mem>
    <remembered-set count="1336" />
  </mem-info>
</gc-end>
<cycle-end id="5398" type="scavenge" contextid="5392" timestamp="2021-04-05T23:20:03.983" />
<allocation-satisfied id="5399" threadId="000000000013CF00" bytesRequested="1040" />
<af-end id="5400" timestamp="2021-04-05T23:20:03.983" threadId="000000000013D880" success="true" from="nursery"/>
<exclusive-end id="5401" timestamp="2021-04-05T23:20:03.983" durationms="122.148" />

<exclusive-start id="5402" timestamp="2021-04-05T23:20:04.835" intervalms="974.113">
  <response-info timems="0.070" idlems="0.043" threads="1" lastid="0000000000329300" lastname="BenchmarkThread xml.validation 3" />
</exclusive-start>
<af-start id="5403" threadId="000000000033C780" totalBytesRequested="16" timestamp="2021-04-05T23:20:04.835" intervalms="974.119" type="nursery" />
<cycle-start id="5404" type="scavenge" contextid="0" timestamp="2021-04-05T23:20:04.835" intervalms="974.121" />
<gc-start id="5405" type="scavenge" contextid="5404" timestamp="2021-04-05T23:20:04.835">
  <mem-info id="5406" free="953045088" total="1610612736" percent="59">
    <mem type="nursery" free="0" total="402653184" percent="0">
      <mem type="allocate" free="0" total="331087872" percent="0" />
      <mem type="survivor" free="0" total="71565312" percent="0" />
    </mem>
    <mem type="tenure" free="953045088" total="1207959552" percent="78">
      <mem type="soa" free="892646496" total="1147560960" percent="77" />
      <mem type="loa" free="60398592" total="60398592" percent="100" />
    </mem>
    <remembered-set count="1558" />
  </mem-info>
</gc-start>
<allocation-stats totalBytes="266552744" >
  <allocated-bytes non-tlh="1040" tlh="266551704" />
  <largest-consumer threadName="BenchmarkThread xml.validation 8" threadId="000000000033BE00" bytes="44272992" />
</allocation-stats>
<gc-op id="5407" type="scavenge" timems="118.743" contextid="5404" timestamp="2021-04-05T23:20:04.954">
  <scavenger-info tenureage="3" tenuremask="7ff8" tiltratio="82" />
  <memory-copied type="nursery" objects="1550660" bytes="62286576" bytesdiscarded="11304" />
  <memory-copied type="tenure" objects="6" bytes="192" bytesdiscarded="0" />
</gc-op>
<gc-end id="5408" type="scavenge" contextid="5404" durationms="118.730" usertimems="461.780" systemtimems="0.000" timestamp="2021-04-05T23:20:04.954" activeThreads="4">
  <mem-info id="5409" free="1222228296" total="1610612736" percent="75">
    <mem type="nursery" free="269183208" total="402653184" percent="66">
      <mem type="allocate" free="269183208" total="331481088" percent="81" />
      <mem type="survivor" free="0" total="71172096" percent="0" />
    </mem>
    <mem type="tenure" free="953045088" total="1207959552" percent="78" macro-fragmented="0">
      <mem type="soa" free="892646496" total="1147560960" percent="77" />
      <mem type="loa" free="60398592" total="60398592" percent="100" />
    </mem>
    <remembered-set count="1335" />
  </mem-info>
</gc-end>
<cycle-end id="5410" type="scavenge" contextid="5404" timestamp="2021-04-05T23:20:04.954" />
<allocation-satisfied id="5411" threadId="000000000033BE00" bytesRequested="16" />
<af-end id="5412" timestamp="2021-04-05T23:20:04.954" threadId="000000000033C780" success="true" from="nursery"/>
<exclusive-end id="5413" timestamp="2021-04-05T23:20:04.954" durationms="119.451" />

<exclusive-start id="5414" timestamp="2021-04-05T23:20:05.677" intervalms="842.099">
  <response-info timems="0.050" idlems="0.050" threads="0" lastid="0000000000334700" lastname="BenchmarkThread xml.validation 6" />
</exclusive-start>
<af-start id="5415" threadId="0000000000335080" totalBytesRequested="64" timestamp="2021-04-05T23:20:05.677" intervalms="842.093" type="nursery" />
<cycle-start id="5416" type="scavenge" contextid="0" timestamp="2021-04-05T23:20:05.677" intervalms="842.091" />
<gc-start id="5417" type="scavenge" contextid="5416" timestamp="2021-04-05T23:20:05.677">
  <mem-info id="5418" free="953045088" total="1610612736" percent="59">
    <mem type="nursery" free="0" total="402653184" percent="0">
      <mem type="allocate" free="0" total="331481088" percent="0" />
      <mem type="survivor" free="0" total="71172096" percent="0" />
    </mem>
    <mem type="tenure" free="953045088" total="1207959552" percent="78">
      <mem type="soa" free="892646496" total="1147560960" percent="77" />
      <mem type="loa" free="60398592" total="60398592" percent="100" />
    </mem>
    <remembered-set count="1541" />
  </mem-info>
</gc-start>
<allocation-stats totalBytes="269078864" >
  <allocated-bytes non-tlh="1056" tlh="269077808" />
  <largest-consumer threadName="BenchmarkThread xml.validation 4" threadId="000000000032CF00" bytes="38544272" />
</allocation-stats>
<gc-op id="5419" type="scavenge" timems="112.216" contextid="5416" timestamp="2021-04-05T23:20:05.789">
  <scavenger-info tenureage="3" tenuremask="7ff8" tiltratio="82" />
  <memory-copied type="nursery" objects="1533660" bytes="61710328" bytesdiscarded="12608" />
  <memory-copied type="tenure" objects="6" bytes="192" bytesdiscarded="0" />
</gc-op>
<gc-end id="5420" type="scavenge" contextid="5416" durationms="112.205" usertimems="428.891" systemtimems="0.000" timestamp="2021-04-05T23:20:05.789" activeThreads="4">
  <mem-info id="5421" free="1223589672" total="1610612736" percent="75">
    <mem type="nursery" free="270544584" total="402653184" percent="67">
      <mem type="allocate" free="270544584" total="332267520" percent="81" />
      <mem type="survivor" free="0" total="70385664" percent="0" />
    </mem>
    <mem type="tenure" free="953045088" total="1207959552" percent="78" macro-fragmented="0">
      <mem type="soa" free="892646496" total="1147560960" percent="77" />
      <mem type="loa" free="60398592" total="60398592" percent="100" />
    </mem>
    <remembered-set count="1334" />
  </mem-info>
</gc-end>
<cycle-end id="5422" type="scavenge" contextid="5416" timestamp="2021-04-05T23:20:05.790" />
<allocation-satisfied id="5423" threadId="0000000000334700" bytesRequested="64" />
<af-end id="5424" timestamp="2021-04-05T23:20:05.790" threadId="0000000000335080" success="true" from="nursery"/>
<exclusive-end id="5425" timestamp="2021-04-05T23:20:05.790" durationms="112.913" />

<exclusive-start id="5426" timestamp="2021-04-05T23:20:06.631" intervalms="953.844">
  <response-info timems="0.059" idlems="0.059" threads="0" lastid="0000000000338300" lastname="BenchmarkThread xml.validation 7" />
</exclusive-start>
<af-start id="5427" threadId="0000000000338C80" totalBytesRequested="24" timestamp="2021-04-05T23:20:06.631" intervalms="953.850" type="nursery" />
<cycle-start id="5428" type="scavenge" contextid="0" timestamp="2021-04-05T23:20:06.631" intervalms="953.852" />
<gc-start id="5429" type="scavenge" contextid="5428" timestamp="2021-04-05T23:20:06.631">
  <mem-info id="5430" free="953045088" total="1610612736" percent="59">
    <mem type="nursery" free="0" total="402653184" percent="0">
      <mem type="allocate" free="0" total="332267520" percent="0" />
      <mem type="survivor" free="0" total="70385664" percent="0" />
    </mem>
    <mem type="tenure" free="953045088" total="1207959552" percent="78">
      <mem type="soa" free="892646496" total="1147560960" percent="77" />
      <mem type="loa" free="60398592" total="60398592" percent="100" />
    </mem>
    <remembered-set count="1569" />
  </mem-info>
</gc-start>
<allocation-stats totalBytes="270455320" >
  <allocated-bytes non-tlh="64" tlh="270455256" />
  <largest-consumer threadName="BenchmarkThread xml.validation 8" threadId="000000000033BE00" bytes="40560512" />
</allocation-stats>
<gc-op id="5431" type="scavenge" timems="121.485" contextid="5428" timestamp="2021-04-05T23:20:06.752">
  <scavenger-info tenureage="3" tenuremask="7ff8" tiltratio="82" />
  <memory-copied type="nursery" objects="1534216" bytes="61693504" bytesdiscarded="11664" />
  <memory-copied type="tenure" objects="10" bytes="320" bytesdiscarded="0" />
</gc-op>
<gc-end id="5432" type="scavenge" contextid="5428" durationms="121.472" usertimems="473.139" systemtimems="0.000" timestamp="2021-04-05T23:20:06.753" activeThreads="4">
  <mem-info id="5433" free="1224328336" total="1610612736" percent="76">
    <mem type="nursery" free="271283248" total="402653184" percent="67">
      <mem type="allocate" free="271283248" total="332988416" percent="81" />
      <mem type="survivor" free="0" total="69664768" percent="0" />
    </mem>
    <mem type="tenure" free="953045088" total="1207959552" percent="78" macro-fragmented="0">
      <mem type="soa" free="892646496" total="1147560960" percent="77" />
      <mem type="loa" free="60398592" total="60398592" percent="100" />
    </mem>
    <remembered-set count="1338" />
  </mem-info>
</gc-end>
<cycle-end id="5434" type="scavenge" contextid="5428" timestamp="2021-04-05T23:20:06.753" />
<allocation-satisfied id="5435" threadId="0000000000338300" bytesRequested="24" />
<af-end id="5436" timestamp="2021-04-05T23:20:06.753" threadId="0000000000338C80" success="true" from="nursery"/>
<exclusive-end id="5437" timestamp="2021-04-05T23:20:06.753" durationms="122.210" />

<exclusive-start id="5438" timestamp="2021-04-05T23:20:07.577" intervalms="946.233">
  <response-info timems="0.051" idlems="0.051" threads="0" lastid="0000000000334700" lastname="BenchmarkThread xml.validation 6" />
</exclusive-start>
<af-start id="5439" threadId="0000000000335080" totalBytesRequested="48" timestamp="2021-04-05T23:20:07.577" intervalms="946.228" type="nursery" />
<cycle-start id="5440" type="scavenge" contextid="0" timestamp="2021-04-05T23:20:07.577" intervalms="946.226" />
<gc-start id="5441" type="scavenge" contextid="5440" timestamp="2021-04-05T23:20:07.577">
  <mem-info id="5442" free="953045088" total="1610612736" percent="59">
    <mem type="nursery" free="0" total="402653184" percent="0">
      <mem type="allocate" free="0" total="332988416" percent="0" />
      <mem type="survivor" free="0" total="69664768" percent="0" />
    </mem>
    <mem type="tenure" free="953045088" total="1207959552" percent="78">
      <mem type="soa" free="892646496" total="1147560960" percent="77" />
      <mem type="loa" free="60398592" total="60398592" percent="100" />
    </mem>
    <remembered-set count="1556" />
  </mem-info>
</gc-start>
<allocation-stats totalBytes="271175656" >
  <allocated-bytes non-tlh="24" tlh="271175632" />
  <largest-consumer threadName="BenchmarkThread xml.validation 7" threadId="0000000000338300" bytes="44553608" />
</allocation-stats>
<gc-op id="5443" type="scavenge" timems="113.198" contextid="5440" timestamp="2021-04-05T23:20:07.690">
  <scavenger-info tenureage="3" tenuremask="7ff8" tiltratio="82" />
  <memory-copied type="nursery" objects="1544393" bytes="61997688" bytesdiscarded="10408" />
  <memory-copied type="tenure" objects="2" bytes="64" bytesdiscarded="0" />
</gc-op>
<gc-end id="5444" type="scavenge" contextid="5440" durationms="113.187" usertimems="433.785" systemtimems="0.000" timestamp="2021-04-05T23:20:07.691" activeThreads="4">
  <mem-info id="5445" free="1224484160" total="1610612736" percent="76">
    <mem type="nursery" free="271439072" total="402653184" percent="67">
      <mem type="allocate" free="271439072" total="333447168" percent="81" />
      <mem type="survivor" free="0" total="69206016" percent="0" />
    </mem>
    <mem type="tenure" free="953045088" total="1207959552" percent="78" macro-fragmented="0">
      <mem type="soa" free="892646496" total="1147560960" percent="77" />
      <mem type="loa" free="60398592" total="60398592" percent="100" />
    </mem>
    <remembered-set count="1338" />
  </mem-info>
</gc-end>
<cycle-end id="5446" type="scavenge" contextid="5440" timestamp="2021-04-05T23:20:07.691" />
<allocation-satisfied id="5447" threadId="0000000000334700" bytesRequested="48" />
<af-end id="5448" timestamp="2021-04-05T23:20:07.691" threadId="0000000000335080" success="true" from="nursery"/>
<exclusive-end id="5449" timestamp="2021-04-05T23:20:07.691" durationms="113.844" />

<exclusive-start id="5450" timestamp="2021-04-05T23:20:08.406" intervalms="829.554">
  <response-info timems="0.067" idlems="0.042" threads="1" lastid="0000000000329300" lastname="BenchmarkThread xml.validation 3" />
</exclusive-start>
<af-start id="5451" threadId="0000000000335080" totalBytesRequested="16" timestamp="2021-04-05T23:20:08.406" intervalms="829.571" type="nursery" />
<cycle-start id="5452" type="scavenge" contextid="0" timestamp="2021-04-05T23:20:08.406" intervalms="829.574" />
<gc-start id="5453" type="scavenge" contextid="5452" timestamp="2021-04-05T23:20:08.406">
  <mem-info id="5454" free="953045088" total="1610612736" percent="59">
    <mem type="nursery" free="0" total="402653184" percent="0">
      <mem type="allocate" free="0" total="333447168" percent="0" />
      <mem type="survivor" free="0" total="69206016" percent="0" />
    </mem>
    <mem type="tenure" free="953045088" total="1207959552" percent="78">
      <mem type="soa" free="892646496" total="1147560960" percent="77" />
      <mem type="loa" free="60398592" total="60398592" percent="100" />
    </mem>
    <remembered-set count="1523" />
  </mem-info>
</gc-start>
<allocation-stats totalBytes="271346216" >
  <allocated-bytes non-tlh="48" tlh="271346168" />
  <largest-consumer threadName="BenchmarkThread xml.validation 5" threadId="0000000000330B00" bytes="44716120" />
</allocation-stats>
<gc-op id="5455" type="scavenge" timems="119.573" contextid="5452" timestamp="2021-04-05T23:20:08.526">
  <scavenger-info tenureage="3" tenuremask="7ff8" tiltratio="82" />
  <memory-copied type="nursery" objects="1527466" bytes="61521728" bytesdiscarded="12600" />
  <memory-copied type="tenure" objects="4" bytes="128" bytesdiscarded="0" />
</gc-op>
<gc-end id="5456" type="scavenge" contextid="5452" durationms="119.561" usertimems="457.483" systemtimems="0.000" timestamp="2021-04-05T23:20:08.527" activeThreads="4">
  <mem-info id="5457" free="1225416680" total="1610612736" percent="76">
    <mem type="nursery" free="272371592" total="402653184" percent="67">
      <mem type="allocate" free="272371592" total="333905920" percent="81" />
      <mem type="survivor" free="0" total="68747264" percent="0" />
    </mem>
    <mem type="tenure" free="953045088" total="1207959552" percent="78" macro-fragmented="0">
      <mem type="soa" free="892646496" total="1147560960" percent="77" />
      <mem type="loa" free="60398592" total="60398592" percent="100" />
    </mem>
    <remembered-set count="1339" />
  </mem-info>
</gc-end>
<cycle-end id="5458" type="scavenge" contextid="5452" timestamp="2021-04-05T23:20:08.527" />
<allocation-satisfied id="5459" threadId="0000000000334700" bytesRequested="16" />
<af-end id="5460" timestamp="2021-04-05T23:20:08.527" threadId="0000000000335080" success="true" from="nursery"/>
<exclusive-end id="5461" timestamp="2021-04-05T23:20:08.527" durationms="120.312" />

<exclusive-start id="5462" timestamp="2021-04-05T23:20:09.402" intervalms="995.585">
  <response-info timems="0.051" idlems="0.051" threads="0" lastid="000000000011CB00" lastname="BenchmarkThread xml.validation 1" />
</exclusive-start>
<af-start id="5463" threadId="000000000011D480" totalBytesRequested="1040" timestamp="2021-04-05T23:20:09.402" intervalms="995.568" type="nursery" />
<cycle-start id="5464" type="scavenge" contextid="0" timestamp="2021-04-05T23:20:09.402" intervalms="995.564" />
<gc-start id="5465" type="scavenge" contextid="5464" timestamp="2021-04-05T23:20:09.402">
  <mem-info id="5466" free="953045088" total="1610612736" percent="59">
    <mem type="nursery" free="0" total="402653184" percent="0">
      <mem type="allocate" free="0" total="333905920" percent="0" />
      <mem type="survivor" free="0" total="68747264" percent="0" />
    </mem>
    <mem type="tenure" free="953045088" total="1207959552" percent="78">
      <mem type="soa" free="892646496" total="1147560960" percent="77" />
      <mem type="loa" free="60398592" total="60398592" percent="100" />
    </mem>
    <remembered-set count="1571" />
  </mem-info>
</gc-start>
<allocation-stats totalBytes="272270856" >
  <allocated-bytes non-tlh="16" tlh="272270840" />
  <largest-consumer threadName="BenchmarkThread xml.validation 7" threadId="0000000000338300" bytes="51029352" />
</allocation-stats>
<gc-op id="5467" type="scavenge" timems="118.005" contextid="5464" timestamp="2021-04-05T23:20:09.520">
  <scavenger-info tenureage="3" tenuremask="7ff8" tiltratio="82" />
  <memory-copied type="nursery" objects="1608212" bytes="65097448" bytesdiscarded="12848" />
  <memory-copied type="tenure" objects="10" bytes="320" bytesdiscarded="0" />
</gc-op>
<gc-end id="5468" type="scavenge" contextid="5464" durationms="117.994" usertimems="451.298" systemtimems="0.000" timestamp="2021-04-05T23:20:09.520" activeThreads="4">
  <mem-info id="5469" free="1217449800" total="1610612736" percent="75">
    <mem type="nursery" free="264404712" total="402653184" percent="65">
      <mem type="allocate" free="264404712" total="329515008" percent="80" />
      <mem type="survivor" free="0" total="73138176" percent="0" />
    </mem>
    <mem type="tenure" free="953045088" total="1207959552" percent="78" macro-fragmented="0">
      <mem type="soa" free="892646496" total="1147560960" percent="77" />
      <mem type="loa" free="60398592" total="60398592" percent="100" />
    </mem>
    <remembered-set count="1336" />
  </mem-info>
</gc-end>
<cycle-end id="5470" type="scavenge" contextid="5464" timestamp="2021-04-05T23:20:09.521" />
<allocation-satisfied id="5471" threadId="000000000011CB00" bytesRequested="1040" />
<af-end id="5472" timestamp="2021-04-05T23:20:09.521" threadId="000000000011D480" success="true" from="nursery"/>
<exclusive-end id="5473" timestamp="2021-04-05T23:20:09.521" durationms="118.676" />

<exclusive-start id="5474" timestamp="2021-04-05T23:20:10.296" intervalms="893.702">
  <response-info timems="0.057" idlems="0.057" threads="0" lastid="0000000000330B00" lastname="BenchmarkThread xml.validation 5" />
</exclusive-start>
<af-start id="5475" threadId="0000000000331480" totalBytesRequested="40" timestamp="2021-04-05T23:20:10.296" intervalms="893.712" type="nursery" />
<cycle-start id="5476" type="scavenge" contextid="0" timestamp="2021-04-05T23:20:10.296" intervalms="893.723" />
<gc-start id="5477" type="scavenge" contextid="5476" timestamp="2021-04-05T23:20:10.296">
  <mem-info id="5478" free="953045088" total="1610612736" percent="59">
    <mem type="nursery" free="0" total="402653184" percent="0">
      <mem type="allocate" free="0" total="329515008" percent="0" />
      <mem type="survivor" free="0" total="73138176" percent="0" />
    </mem>
    <mem type="tenure" free="953045088" total="1207959552" percent="78">
      <mem type="soa" free="892646496" total="1147560960" percent="77" />
      <mem type="loa" free="60398592" total="60398592" percent="100" />
    </mem>
    <remembered-set count="1556" />
  </mem-info>
</gc-start>
<allocation-stats totalBytes="264285344" >
  <allocated-bytes non-tlh="1040" tlh="264284304" />
  <largest-consumer threadName="BenchmarkThread xml.validation 1" threadId="000000000011CB00" bytes="43753736" />
</allocation-stats>
<gc-op id="5479" type="scavenge" timems="124.822" contextid="5476" timestamp="2021-04-05T23:20:10.421">
  <scavenger-info tenureage="3" tenuremask="7ff8" tiltratio="81" />
  <memory-copied type="nursery" objects="1624322" bytes="65754152" bytesdiscarded="10536" />
  <memory-copied type="tenure" objects="4" bytes="128" bytesdiscarded="0" />
</gc-op>
<gc-end id="5480" type="scavenge" contextid="5476" durationms="124.656" usertimems="489.220" systemtimems="0.000" timestamp="2021-04-05T23:20:10.421" activeThreads="4">
  <mem-info id="5481" free="1217909520" total="1610612736" percent="75">
    <mem type="nursery" free="264864432" total="402653184" percent="65">
      <mem type="allocate" free="264864432" total="330629120" percent="80" />
      <mem type="survivor" free="0" total="72024064" percent="0" />
    </mem>
    <mem type="tenure" free="953045088" total="1207959552" percent="78" macro-fragmented="0">
      <mem type="soa" free="892646496" total="1147560960" percent="77" />
      <mem type="loa" free="60398592" total="60398592" percent="100" />
    </mem>
    <remembered-set count="1337" />
  </mem-info>
</gc-end>
<cycle-end id="5482" type="scavenge" contextid="5476" timestamp="2021-04-05T23:20:10.421" />
<allocation-satisfied id="5483" threadId="0000000000330B00" bytesRequested="40" />
<af-end id="5484" timestamp="2021-04-05T23:20:10.421" threadId="0000000000331480" success="true" from="nursery"/>
<exclusive-end id="5485" timestamp="2021-04-05T23:20:10.421" durationms="125.554" />

<exclusive-start id="5486" timestamp="2021-04-05T23:20:11.171" intervalms="875.138">
  <response-info timems="0.051" idlems="0.051" threads="0" lastid="000000000033BE00" lastname="BenchmarkThread xml.validation 8" />
</exclusive-start>
<af-start id="5487" threadId="000000000033C780" totalBytesRequested="56" timestamp="2021-04-05T23:20:11.171" intervalms="875.128" type="nursery" />
<cycle-start id="5488" type="scavenge" contextid="0" timestamp="2021-04-05T23:20:11.171" intervalms="875.118" />
<gc-start id="5489" type="scavenge" contextid="5488" timestamp="2021-04-05T23:20:11.171">
  <mem-info id="5490" free="953045088" total="1610612736" percent="59">
    <mem type="nursery" free="0" total="402653184" percent="0">
      <mem type="allocate" free="0" total="330629120" percent="0" />
      <mem type="survivor" free="0" total="72024064" percent="0" />
    </mem>
    <mem type="tenure" free="953045088" total="1207959552" percent="78">
      <mem type="soa" free="892646496" total="1147560960" percent="77" />
      <mem type="loa" free="60398592" total="60398592" percent="100" />
    </mem>
    <remembered-set count="1508" />
  </mem-info>
</gc-start>
<allocation-stats totalBytes="264790496" >
  <allocated-bytes non-tlh="40" tlh="264790456" />
  <largest-consumer threadName="BenchmarkThread xml.validation 3" threadId="0000000000329300" bytes="37705944" />
</allocation-stats>
<gc-op id="5491" type="scavenge" timems="107.597" contextid="5488" timestamp="2021-04-05T23:20:11.278">
  <scavenger-info tenureage="3" tenuremask="7ff8" tiltratio="82" />
  <memory-copied type="nursery" objects="1581917" bytes="64067088" bytesdiscarded="14728" />
  <memory-copied type="tenure" objects="4" bytes="128" bytesdiscarded="0" />
</gc-op>
<gc-end id="5492" type="scavenge" contextid="5488" durationms="107.585" usertimems="421.971" systemtimems="0.000" timestamp="2021-04-05T23:20:11.279" activeThreads="4">
  <mem-info id="5493" free="1219789000" total="1610612736" percent="75">
    <mem type="nursery" free="266743912" total="402653184" percent="66">
      <mem type="allocate" free="266743912" total="330825728" percent="80" />
      <mem type="survivor" free="0" total="71827456" percent="0" />
    </mem>
    <mem type="tenure" free="953045088" total="1207959552" percent="78" macro-fragmented="0">
      <mem type="soa" free="892646496" total="1147560960" percent="77" />
      <mem type="loa" free="60398592" total="60398592" percent="100" />
    </mem>
    <remembered-set count="1329" />
  </mem-info>
</gc-end>
<cycle-end id="5494" type="scavenge" contextid="5488" timestamp="2021-04-05T23:20:11.279" />
<allocation-satisfied id="5495" threadId="000000000033BE00" bytesRequested="56" />
<af-end id="5496" timestamp="2021-04-05T23:20:11.279" threadId="000000000033C780" success="true" from="nursery"/>
<exclusive-end id="5497" timestamp="2021-04-05T23:20:11.279" durationms="108.263" />

<exclusive-start id="5498" timestamp="2021-04-05T23:20:12.127" intervalms="956.734">
  <response-info timems="0.046" idlems="0.046" threads="0" lastid="0000000000334700" lastname="BenchmarkThread xml.validation 6" />
</exclusive-start>
<af-start id="5499" threadId="0000000000335080" totalBytesRequested="1040" timestamp="2021-04-05T23:20:12.128" intervalms="956.733" type="nursery" />
<cycle-start id="5500" type="scavenge" contextid="0" timestamp="2021-04-05T23:20:12.128" intervalms="956.733" />
<gc-start id="5501" type="scavenge" contextid="5500" timestamp="2021-04-05T23:20:12.128">
  <mem-info id="5502" free="953045088" total="1610612736" percent="59">
    <mem type="nursery" free="0" total="402653184" percent="0">
      <mem type="allocate" free="0" total="330825728" percent="0" />
      <mem type="survivor" free="0" total="71827456" percent="0" />
    </mem>
    <mem type="tenure" free="953045088" total="1207959552" percent="78">
      <mem type="soa" free="892646496" total="1147560960" percent="77" />
      <mem type="loa" free="60398592" total="60398592" percent="100" />
    </mem>
    <remembered-set count="1589" />
  </mem-info>
</gc-start>
<allocation-stats totalBytes="266651664" >
  <allocated-bytes non-tlh="56" tlh="266651608" />
  <largest-consumer threadName="BenchmarkThread xml.validation 7" threadId="0000000000338300" bytes="47944816" />
</allocation-stats>
<gc-op id="5503" type="scavenge" timems="120.063" contextid="5500" timestamp="2021-04-05T23:20:12.248">
  <scavenger-info tenureage="3" tenuremask="7ff8" tiltratio="82" />
  <memory-copied type="nursery" objects="1547372" bytes="62128984" bytesdiscarded="10088" />
  <memory-copied type="tenure" objects="10" bytes="320" bytesdiscarded="0" />
</gc-op>
<gc-end id="5504" type="scavenge" contextid="5500" durationms="120.052" usertimems="465.996" systemtimems="0.000" timestamp="2021-04-05T23:20:12.248" activeThreads="4">
  <mem-info id="5505" free="1222256032" total="1610612736" percent="75">
    <mem type="nursery" free="269210944" total="402653184" percent="66">
      <mem type="allocate" free="269210944" total="331350016" percent="81" />
      <mem type="survivor" free="0" total="71303168" percent="0" />
    </mem>
    <mem type="tenure" free="953045088" total="1207959552" percent="78" macro-fragmented="0">
      <mem type="soa" free="892646496" total="1147560960" percent="77" />
      <mem type="loa" free="60398592" total="60398592" percent="100" />
    </mem>
    <remembered-set count="1334" />
  </mem-info>
</gc-end>
<cycle-end id="5506" type="scavenge" contextid="5500" timestamp="2021-04-05T23:20:12.248" />
<allocation-satisfied id="5507" threadId="0000000000334700" bytesRequested="1040" />
<af-end id="5508" timestamp="2021-04-05T23:20:12.248" threadId="0000000000335080" success="true" from="nursery"/>
<exclusive-end id="5509" timestamp="2021-04-05T23:20:12.248" durationms="120.775" />

<exclusive-start id="5510" timestamp="2021-04-05T23:20:13.053" intervalms="925.224">
  <response-info timems="0.050" idlems="0.050" threads="0" lastid="000000000033BE00" lastname="BenchmarkThread xml.validation 8" />
</exclusive-start>
<af-start id="5511" threadId="000000000033C780" totalBytesRequested="24" timestamp="2021-04-05T23:20:13.053" intervalms="925.227" type="nursery" />
<cycle-start id="5512" type="scavenge" contextid="0" timestamp="2021-04-05T23:20:13.053" intervalms="925.230" />
<gc-start id="5513" type="scavenge" contextid="5512" timestamp="2021-04-05T23:20:13.053">
  <mem-info id="5514" free="953045088" total="1610612736" percent="59">
    <mem type="nursery" free="0" total="402653184" percent="0">
      <mem type="allocate" free="0" total="331350016" percent="0" />
      <mem type="survivor" free="0" total="71303168" percent="0" />
    </mem>
    <mem type="tenure" free="953045088" total="1207959552" percent="78">
      <mem type="soa" free="892646496" total="1147560960" percent="77" />
      <mem type="loa" free="60398592" total="60398592" percent="100" />
    </mem>
    <remembered-set count="1532" />
  </mem-info>
</gc-start>
<allocation-stats totalBytes="269117136" >
  <allocated-bytes non-tlh="2080" tlh="269115056" />
  <largest-consumer threadName="BenchmarkThread xml.validation 6" threadId="0000000000334700" bytes="46133080" />
</allocation-stats>
<gc-op id="5515" type="scavenge" timems="113.813" contextid="5512" timestamp="2021-04-05T23:20:13.167">
  <scavenger-info tenureage="3" tenuremask="7ff8" tiltratio="82" />
  <memory-copied type="nursery" objects="1535262" bytes="61738584" bytesdiscarded="11840" />
  <memory-copied type="tenure" objects="4" bytes="128" bytesdiscarded="0" />
</gc-op>
<gc-end id="5516" type="scavenge" contextid="5512" durationms="113.800" usertimems="441.920" systemtimems="0.002" timestamp="2021-04-05T23:20:13.167" activeThreads="4">
  <mem-info id="5517" free="1223496648" total="1610612736" percent="75">
    <mem type="nursery" free="270451560" total="402653184" percent="67">
      <mem type="allocate" free="270451560" total="332201984" percent="81" />
      <mem type="survivor" free="0" total="70451200" percent="0" />
    </mem>
    <mem type="tenure" free="953045088" total="1207959552" percent="78" macro-fragmented="0">
      <mem type="soa" free="892646496" total="1147560960" percent="77" />
      <mem type="loa" free="60398592" total="60398592" percent="100" />
    </mem>
    <remembered-set count="1330" />
  </mem-info>
</gc-end>
<cycle-end id="5518" type="scavenge" contextid="5512" timestamp="2021-04-05T23:20:13.167" />
<allocation-satisfied id="5519" threadId="000000000033BE00" bytesRequested="24" />
<af-end id="5520" timestamp="2021-04-05T23:20:13.167" threadId="000000000033C780" success="true" from="nursery"/>
<exclusive-end id="5521" timestamp="2021-04-05T23:20:13.167" durationms="114.502" />

<exclusive-start id="5522" timestamp="2021-04-05T23:20:13.873" intervalms="819.942">
  <response-info timems="0.051" idlems="0.051" threads="0" lastid="000000000011CB00" lastname="BenchmarkThread xml.validation 1" />
</exclusive-start>
<af-start id="5523" threadId="000000000011D480" totalBytesRequested="16" timestamp="2021-04-05T23:20:13.873" intervalms="819.939" type="nursery" />
<cycle-start id="5524" type="scavenge" contextid="0" timestamp="2021-04-05T23:20:13.873" intervalms="819.935" />
<gc-start id="5525" type="scavenge" contextid="5524" timestamp="2021-04-05T23:20:13.873">
  <mem-info id="5526" free="953045088" total="1610612736" percent="59">
    <mem type="nursery" free="0" total="402653184" percent="0">
      <mem type="allocate" free="0" total="332201984" percent="0" />
      <mem type="survivor" free="0" total="70451200" percent="0" />
    </mem>
    <mem type="tenure" free="953045088" total="1207959552" percent="78">
      <mem type="soa" free="892646496" total="1147560960" percent="77" />
      <mem type="loa" free="60398592" total="60398592" percent="100" />
    </mem>
    <remembered-set count="1524" />
  </mem-info>
</gc-start>
<allocation-stats totalBytes="270356904" >
  <allocated-bytes non-tlh="1064" tlh="270355840" />
  <largest-consumer threadName="BenchmarkThread xml.validation 8" threadId="000000000033BE00" bytes="45747696" />
</allocation-stats>
<gc-op id="5527" type="scavenge" timems="107.913" contextid="5524" timestamp="2021-04-05T23:20:13.981">
  <scavenger-info tenureage="3" tenuremask="7ff8" tiltratio="82" />
  <memory-copied type="nursery" objects="1482841" bytes="60085464" bytesdiscarded="13368" />
  <memory-copied type="tenure" objects="8" bytes="256" bytesdiscarded="0" />
</gc-op>
<gc-end id="5528" type="scavenge" contextid="5524" durationms="107.902" usertimems="420.196" systemtimems="0.001" timestamp="2021-04-05T23:20:13.981" activeThreads="4">
  <mem-info id="5529" free="1225869136" total="1610612736" percent="76">
    <mem type="nursery" free="272824048" total="402653184" percent="67">
      <mem type="allocate" free="272824048" total="332922880" percent="81" />
      <mem type="survivor" free="0" total="69730304" percent="0" />
    </mem>
    <mem type="tenure" free="953045088" total="1207959552" percent="78" macro-fragmented="0">
      <mem type="soa" free="892646496" total="1147560960" percent="77" />
      <mem type="loa" free="60398592" total="60398592" percent="100" />
    </mem>
    <remembered-set count="1330" />
  </mem-info>
</gc-end>
<cycle-end id="5530" type="scavenge" contextid="5524" timestamp="2021-04-05T23:20:13.981" />
<allocation-satisfied id="5531" threadId="000000000011CB00" bytesRequested="16" />
<af-end id="5532" timestamp="2021-04-05T23:20:13.981" threadId="000000000011D480" success="true" from="nursery"/>
<exclusive-end id="5533" timestamp="2021-04-05T23:20:13.981" durationms="108.570" />

<exclusive-start id="5534" timestamp="2021-04-05T23:20:14.922" intervalms="1049.349">
  <response-info timems="0.064" idlems="0.040" threads="1" lastid="0000000000329300" lastname="BenchmarkThread xml.validation 3" />
</exclusive-start>
<af-start id="5535" threadId="0000000000335080" totalBytesRequested="16" timestamp="2021-04-05T23:20:14.922" intervalms="1049.354" type="nursery" />
<cycle-start id="5536" type="scavenge" contextid="0" timestamp="2021-04-05T23:20:14.922" intervalms="1049.371" />
<gc-start id="5537" type="scavenge" contextid="5536" timestamp="2021-04-05T23:20:14.922">
  <mem-info id="5538" free="953045088" total="1610612736" percent="59">
    <mem type="nursery" free="0" total="402653184" percent="0">
      <mem type="allocate" free="0" total="332922880" percent="0" />
      <mem type="survivor" free="0" total="69730304" percent="0" />
    </mem>
    <mem type="tenure" free="953045088" total="1207959552" percent="78">
      <mem type="soa" free="892646496" total="1147560960" percent="77" />
      <mem type="loa" free="60398592" total="60398592" percent="100" />
    </mem>
    <remembered-set count="1579" />
  </mem-info>
</gc-start>
<allocation-stats totalBytes="272734744" >
  <allocated-bytes non-tlh="16" tlh="272734728" />
  <largest-consumer threadName="BenchmarkThread xml.validation 1" threadId="000000000011CB00" bytes="58462264" />
</allocation-stats>
<gc-op id="5539" type="scavenge" timems="126.771" contextid="5536" timestamp="2021-04-05T23:20:15.049">
  <scavenger-info tenureage="3" tenuremask="7ff8" tiltratio="82" />
  <memory-copied type="nursery" objects="1544463" bytes="62000448" bytesdiscarded="9472" />
  <memory-copied type="tenure" objects="6" bytes="192" bytesdiscarded="0" />
</gc-op>
<gc-end id="5540" type="scavenge" contextid="5536" durationms="126.759" usertimems="459.832" systemtimems="0.000" timestamp="2021-04-05T23:20:15.049" activeThreads="4">
  <mem-info id="5541" free="1224089120" total="1610612736" percent="76">
    <mem type="nursery" free="271044032" total="402653184" percent="67">
      <mem type="allocate" free="271044032" total="333053952" percent="81" />
      <mem type="survivor" free="0" total="69599232" percent="0" />
    </mem>
    <mem type="tenure" free="953045088" total="1207959552" percent="78" macro-fragmented="0">
      <mem type="soa" free="892646496" total="1147560960" percent="77" />
      <mem type="loa" free="60398592" total="60398592" percent="100" />
    </mem>
    <remembered-set count="1336" />
  </mem-info>
</gc-end>
<cycle-end id="5542" type="scavenge" contextid="5536" timestamp="2021-04-05T23:20:15.049" />
<allocation-satisfied id="5543" threadId="0000000000334700" bytesRequested="16" />
<af-end id="5544" timestamp="2021-04-05T23:20:15.049" threadId="0000000000335080" success="true" from="nursery"/>
<exclusive-end id="5545" timestamp="2021-04-05T23:20:15.049" durationms="127.509" />

<exclusive-start id="5546" timestamp="2021-04-05T23:20:15.780" intervalms="858.286">
  <response-info timems="0.047" idlems="0.047" threads="0" lastid="0000000000330B00" lastname="BenchmarkThread xml.validation 5" />
</exclusive-start>
<af-start id="5547" threadId="0000000000331480" totalBytesRequested="16" timestamp="2021-04-05T23:20:15.780" intervalms="858.284" type="nursery" />
<cycle-start id="5548" type="scavenge" contextid="0" timestamp="2021-04-05T23:20:15.780" intervalms="858.267" />
<gc-start id="5549" type="scavenge" contextid="5548" timestamp="2021-04-05T23:20:15.780">
  <mem-info id="5550" free="953045088" total="1610612736" percent="59">
    <mem type="nursery" free="0" total="402653184" percent="0">
      <mem type="allocate" free="0" total="333053952" percent="0" />
      <mem type="survivor" free="0" total="69599232" percent="0" />
    </mem>
    <mem type="tenure" free="953045088" total="1207959552" percent="78">
      <mem type="soa" free="892646496" total="1147560960" percent="77" />
      <mem type="loa" free="60398592" total="60398592" percent="100" />
    </mem>
    <remembered-set count="1541" />
  </mem-info>
</gc-start>
<allocation-stats totalBytes="270945288" >
  <allocated-bytes non-tlh="16" tlh="270945272" />
  <largest-consumer threadName="BenchmarkThread xml.validation 3" threadId="0000000000329300" bytes="52260376" />
</allocation-stats>
<gc-op id="5551" type="scavenge" timems="116.739" contextid="5548" timestamp="2021-04-05T23:20:15.897">
  <scavenger-info tenureage="3" tenuremask="7ff8" tiltratio="82" />
  <memory-copied type="nursery" objects="1545404" bytes="62096248" bytesdiscarded="12616" />
  <memory-copied type="tenure" objects="2" bytes="64" bytesdiscarded="0" />
</gc-op>
<gc-end id="5552" type="scavenge" contextid="5548" durationms="116.728" usertimems="434.184" systemtimems="0.000" timestamp="2021-04-05T23:20:15.898" activeThreads="4">
  <mem-info id="5553" free="1224448928" total="1610612736" percent="76">
    <mem type="nursery" free="271403840" total="402653184" percent="67">
      <mem type="allocate" free="271403840" total="333512704" percent="81" />
      <mem type="survivor" free="0" total="69140480" percent="0" />
    </mem>
    <mem type="tenure" free="953045088" total="1207959552" percent="78" macro-fragmented="0">
      <mem type="soa" free="892646496" total="1147560960" percent="77" />
      <mem type="loa" free="60398592" total="60398592" percent="100" />
    </mem>
    <remembered-set count="1343" />
  </mem-info>
</gc-end>
<cycle-end id="5554" type="scavenge" contextid="5548" timestamp="2021-04-05T23:20:15.898" />
<allocation-satisfied id="5555" threadId="0000000000330B00" bytesRequested="16" />
<af-end id="5556" timestamp="2021-04-05T23:20:15.898" threadId="0000000000331480" success="true" from="nursery"/>
<exclusive-end id="5557" timestamp="2021-04-05T23:20:15.898" durationms="117.415" />

<exclusive-start id="5558" timestamp="2021-04-05T23:20:16.707" intervalms="927.162">
  <response-info timems="0.056" idlems="0.031" threads="1" lastid="000000000033BE00" lastname="BenchmarkThread xml.validation 8" />
</exclusive-start>
<af-start id="5559" threadId="0000000000329C80" totalBytesRequested="16" timestamp="2021-04-05T23:20:16.707" intervalms="927.165" type="nursery" />
<cycle-start id="5560" type="scavenge" contextid="0" timestamp="2021-04-05T23:20:16.708" intervalms="927.168" />
<gc-start id="5561" type="scavenge" contextid="5560" timestamp="2021-04-05T23:20:16.708">
  <mem-info id="5562" free="953045088" total="1610612736" percent="59">
    <mem type="nursery" free="0" total="402653184" percent="0">
      <mem type="allocate" free="0" total="333512704" percent="0" />
      <mem type="survivor" free="0" total="69140480" percent="0" />
    </mem>
    <mem type="tenure" free="953045088" total="1207959552" percent="78">
      <mem type="soa" free="892646496" total="1147560960" percent="77" />
      <mem type="loa" free="60398592" total="60398592" percent="100" />
    </mem>
    <remembered-set count="1547" />
  </mem-info>
</gc-start>
<allocation-stats totalBytes="271325312" >
  <allocated-bytes non-tlh="16" tlh="271325296" />
  <largest-consumer threadName="BenchmarkThread xml.validation 8" threadId="000000000033BE00" bytes="46260328" />
</allocation-stats>
<gc-op id="5563" type="scavenge" timems="118.545" contextid="5560" timestamp="2021-04-05T23:20:16.826">
  <scavenger-info tenureage="3" tenuremask="7ff8" tiltratio="82" />
  <memory-copied type="nursery" objects="1525200" bytes="61455888" bytesdiscarded="9696" />
  <memory-copied type="tenure" objects="10" bytes="320" bytesdiscarded="0" />
</gc-op>
<gc-end id="5564" type="scavenge" contextid="5560" durationms="118.533" usertimems="458.566" systemtimems="0.000" timestamp="2021-04-05T23:20:16.827" activeThreads="4">
  <mem-info id="5565" free="1225550960" total="1610612736" percent="76">
    <mem type="nursery" free="272505872" total="402653184" percent="67">
      <mem type="allocate" free="272505872" total="333971456" percent="81" />
      <mem type="survivor" free="0" total="68681728" percent="0" />
    </mem>
    <mem type="tenure" free="953045088" total="1207959552" percent="78" macro-fragmented="0">
      <mem type="soa" free="892646496" total="1147560960" percent="77" />
      <mem type="loa" free="60398592" total="60398592" percent="100" />
    </mem>
    <remembered-set count="1330" />
  </mem-info>
</gc-end>
<cycle-end id="5566" type="scavenge" contextid="5560" timestamp="2021-04-05T23:20:16.827" />
<allocation-satisfied id="5567" threadId="0000000000329300" bytesRequested="16" />
<af-end id="5568" timestamp="2021-04-05T23:20:16.827" threadId="0000000000329C80" success="true" from="nursery"/>
<exclusive-end id="5569" timestamp="2021-04-05T23:20:16.827" durationms="119.277" />

<exclusive-start id="5570" timestamp="2021-04-05T23:20:17.664" intervalms="956.256">
  <response-info timems="0.047" idlems="0.047" threads="0" lastid="0000000000330B00" lastname="BenchmarkThread xml.validation 5" />
</exclusive-start>
<af-start id="5571" threadId="0000000000331480" totalBytesRequested="88" timestamp="2021-04-05T23:20:17.664" intervalms="956.249" type="nursery" />
<cycle-start id="5572" type="scavenge" contextid="0" timestamp="2021-04-05T23:20:17.664" intervalms="956.246" />
<gc-start id="5573" type="scavenge" contextid="5572" timestamp="2021-04-05T23:20:17.664">
  <mem-info id="5574" free="953045088" total="1610612736" percent="59">
    <mem type="nursery" free="0" total="402653184" percent="0">
      <mem type="allocate" free="0" total="333971456" percent="0" />
      <mem type="survivor" free="0" total="68681728" percent="0" />
    </mem>
    <mem type="tenure" free="953045088" total="1207959552" percent="78">
      <mem type="soa" free="892646496" total="1147560960" percent="77" />
      <mem type="loa" free="60398592" total="60398592" percent="100" />
    </mem>
    <remembered-set count="1564" />
  </mem-info>
</gc-start>
<allocation-stats totalBytes="272403688" >
  <allocated-bytes non-tlh="2096" tlh="272401592" />
  <largest-consumer threadName="BenchmarkThread xml.validation 1" threadId="000000000011CB00" bytes="44882088" />
</allocation-stats>
<gc-op id="5575" type="scavenge" timems="110.820" contextid="5572" timestamp="2021-04-05T23:20:17.775">
  <scavenger-info tenureage="3" tenuremask="7ff8" tiltratio="82" />
  <memory-copied type="nursery" objects="1543974" bytes="62008336" bytesdiscarded="13328" />
  <memory-copied type="tenure" objects="4" bytes="128" bytesdiscarded="0" />
</gc-op>
<gc-end id="5576" type="scavenge" contextid="5572" durationms="110.809" usertimems="437.993" systemtimems="0.000" timestamp="2021-04-05T23:20:17.775" activeThreads="4">
  <mem-info id="5577" free="1225191488" total="1610612736" percent="76">
    <mem type="nursery" free="272146400" total="402653184" percent="67">
      <mem type="allocate" free="272146400" total="334168064" percent="81" />
      <mem type="survivor" free="0" total="68485120" percent="0" />
    </mem>
    <mem type="tenure" free="953045088" total="1207959552" percent="78" macro-fragmented="0">
      <mem type="soa" free="892646496" total="1147560960" percent="77" />
      <mem type="loa" free="60398592" total="60398592" percent="100" />
    </mem>
    <remembered-set count="1333" />
  </mem-info>
</gc-end>
<cycle-end id="5578" type="scavenge" contextid="5572" timestamp="2021-04-05T23:20:17.775" />
<allocation-satisfied id="5579" threadId="0000000000330B00" bytesRequested="88" />
<af-end id="5580" timestamp="2021-04-05T23:20:17.775" threadId="0000000000331480" success="true" from="nursery"/>
<exclusive-end id="5581" timestamp="2021-04-05T23:20:17.775" durationms="111.496" />

<exclusive-start id="5582" timestamp="2021-04-05T23:20:18.561" intervalms="897.064">
  <response-info timems="0.081" idlems="0.047" threads="1" lastid="0000000000334700" lastname="BenchmarkThread xml.validation 6" />
</exclusive-start>
<af-start id="5583" threadId="000000000033C780" totalBytesRequested="64" timestamp="2021-04-05T23:20:18.561" intervalms="897.070" type="nursery" />
<cycle-start id="5584" type="scavenge" contextid="0" timestamp="2021-04-05T23:20:18.561" intervalms="897.073" />
<gc-start id="5585" type="scavenge" contextid="5584" timestamp="2021-04-05T23:20:18.561">
  <mem-info id="5586" free="953045088" total="1610612736" percent="59">
    <mem type="nursery" free="0" total="402653184" percent="0">
      <mem type="allocate" free="0" total="334168064" percent="0" />
      <mem type="survivor" free="0" total="68485120" percent="0" />
    </mem>
    <mem type="tenure" free="953045088" total="1207959552" percent="78">
      <mem type="soa" free="892646496" total="1147560960" percent="77" />
      <mem type="loa" free="60398592" total="60398592" percent="100" />
    </mem>
    <remembered-set count="1552" />
  </mem-info>
</gc-start>
<allocation-stats totalBytes="272051720" >
  <allocated-bytes non-tlh="88" tlh="272051632" />
  <largest-consumer threadName="BenchmarkThread xml.validation 8" threadId="000000000033BE00" bytes="41569176" />
</allocation-stats>
<gc-op id="5587" type="scavenge" timems="119.792" contextid="5584" timestamp="2021-04-05T23:20:18.681">
  <scavenger-info tenureage="3" tenuremask="7ff8" tiltratio="82" />
  <memory-copied type="nursery" objects="1545516" bytes="62186672" bytesdiscarded="11736" />
  <memory-copied type="tenure" objects="6" bytes="192" bytesdiscarded="0" />
</gc-op>
<gc-end id="5588" type="scavenge" contextid="5584" durationms="119.779" usertimems="463.406" systemtimems="0.004" timestamp="2021-04-05T23:20:18.681" activeThreads="4">
  <mem-info id="5589" free="1225211352" total="1610612736" percent="76">
    <mem type="nursery" free="272166264" total="402653184" percent="67">
      <mem type="allocate" free="272166264" total="334364672" percent="81" />
      <mem type="survivor" free="0" total="68288512" percent="0" />
    </mem>
    <mem type="tenure" free="953045088" total="1207959552" percent="78" macro-fragmented="0">
      <mem type="soa" free="892646496" total="1147560960" percent="77" />
      <mem type="loa" free="60398592" total="60398592" percent="100" />
    </mem>
    <remembered-set count="1337" />
  </mem-info>
</gc-end>
<cycle-end id="5590" type="scavenge" contextid="5584" timestamp="2021-04-05T23:20:18.681" />
<allocation-satisfied id="5591" threadId="000000000033BE00" bytesRequested="64" />
<af-end id="5592" timestamp="2021-04-05T23:20:18.681" threadId="000000000033C780" success="true" from="nursery"/>
<exclusive-end id="5593" timestamp="2021-04-05T23:20:18.681" durationms="120.520" />

<exclusive-start id="5594" timestamp="2021-04-05T23:20:19.504" intervalms="943.302">
  <response-info timems="0.050" idlems="0.050" threads="0" lastid="000000000033BE00" lastname="BenchmarkThread xml.validation 8" />
</exclusive-start>
<af-start id="5595" threadId="000000000033C780" totalBytesRequested="64" timestamp="2021-04-05T23:20:19.504" intervalms="943.296" type="nursery" />
<cycle-start id="5596" type="scavenge" contextid="0" timestamp="2021-04-05T23:20:19.504" intervalms="943.294" />
<gc-start id="5597" type="scavenge" contextid="5596" timestamp="2021-04-05T23:20:19.504">
  <mem-info id="5598" free="953045088" total="1610612736" percent="59">
    <mem type="nursery" free="0" total="402653184" percent="0">
      <mem type="allocate" free="0" total="334364672" percent="0" />
      <mem type="survivor" free="0" total="68288512" percent="0" />
    </mem>
    <mem type="tenure" free="953045088" total="1207959552" percent="78">
      <mem type="soa" free="892646496" total="1147560960" percent="77" />
      <mem type="loa" free="60398592" total="60398592" percent="100" />
    </mem>
    <remembered-set count="1549" />
  </mem-info>
</gc-start>
<allocation-stats totalBytes="272061736" >
  <allocated-bytes non-tlh="64" tlh="272061672" />
  <largest-consumer threadName="BenchmarkThread xml.validation 4" threadId="000000000032CF00" bytes="40338360" />
</allocation-stats>
<gc-op id="5599" type="scavenge" timems="113.427" contextid="5596" timestamp="2021-04-05T23:20:19.618">
  <scavenger-info tenureage="3" tenuremask="7ff8" tiltratio="83" />
  <memory-copied type="nursery" objects="1537841" bytes="61823560" bytesdiscarded="10856" />
  <memory-copied type="tenure" objects="8" bytes="256" bytesdiscarded="0" />
</gc-op>
<gc-end id="5600" type="scavenge" contextid="5596" durationms="113.416" usertimems="432.780" systemtimems="0.005" timestamp="2021-04-05T23:20:19.618" activeThreads="4">
  <mem-info id="5601" free="1225837488" total="1610612736" percent="76">
    <mem type="nursery" free="272792400" total="402653184" percent="67">
      <mem type="allocate" free="272792400" total="334626816" percent="81" />
      <mem type="survivor" free="0" total="68026368" percent="0" />
    </mem>
    <mem type="tenure" free="953045088" total="1207959552" percent="78" macro-fragmented="0">
      <mem type="soa" free="892646496" total="1147560960" percent="77" />
      <mem type="loa" free="60398592" total="60398592" percent="100" />
    </mem>
    <remembered-set count="1337" />
  </mem-info>
</gc-end>
<cycle-end id="5602" type="scavenge" contextid="5596" timestamp="2021-04-05T23:20:19.618" />
<allocation-satisfied id="5603" threadId="000000000033BE00" bytesRequested="64" />
<af-end id="5604" timestamp="2021-04-05T23:20:19.618" threadId="000000000033C780" success="true" from="nursery"/>
<exclusive-end id="5605" timestamp="2021-04-05T23:20:19.618" durationms="114.108" />

<exclusive-start id="5606" timestamp="2021-04-05T23:20:20.387" intervalms="882.772">
  <response-info timems="0.061" idlems="0.033" threads="1" lastid="000000000032CF00" lastname="BenchmarkThread xml.validation 4" />
</exclusive-start>
<af-start id="5607" threadId="0000000000338C80" totalBytesRequested="16" timestamp="2021-04-05T23:20:20.387" intervalms="882.777" type="nursery" />
<cycle-start id="5608" type="scavenge" contextid="0" timestamp="2021-04-05T23:20:20.387" intervalms="882.779" />
<gc-start id="5609" type="scavenge" contextid="5608" timestamp="2021-04-05T23:20:20.387">
  <mem-info id="5610" free="953045088" total="1610612736" percent="59">
    <mem type="nursery" free="0" total="402653184" percent="0">
      <mem type="allocate" free="0" total="334626816" percent="0" />
      <mem type="survivor" free="0" total="68026368" percent="0" />
    </mem>
    <mem type="tenure" free="953045088" total="1207959552" percent="78">
      <mem type="soa" free="892646496" total="1147560960" percent="77" />
      <mem type="loa" free="60398592" total="60398592" percent="100" />
    </mem>
    <remembered-set count="1537" />
  </mem-info>
</gc-start>
<allocation-stats totalBytes="272709960" >
  <allocated-bytes non-tlh="64" tlh="272709896" />
  <largest-consumer threadName="BenchmarkThread xml.validation 5" threadId="0000000000330B00" bytes="43601496" />
</allocation-stats>
<gc-op id="5611" type="scavenge" timems="122.603" contextid="5608" timestamp="2021-04-05T23:20:20.510">
  <scavenger-info tenureage="3" tenuremask="7ff8" tiltratio="83" />
  <memory-copied type="nursery" objects="1609253" bytes="65072744" bytesdiscarded="11832" />
  <memory-copied type="tenure" objects="2" bytes="64" bytesdiscarded="0" />
</gc-op>
<gc-end id="5612" type="scavenge" contextid="5608" durationms="122.591" usertimems="476.199" systemtimems="4.000" timestamp="2021-04-05T23:20:20.510" activeThreads="4">
  <mem-info id="5613" free="1217934272" total="1610612736" percent="75">
    <mem type="nursery" free="264889184" total="402653184" percent="65">
      <mem type="allocate" free="264889184" total="329973760" percent="80" />
      <mem type="survivor" free="0" total="72679424" percent="0" />
    </mem>
    <mem type="tenure" free="953045088" total="1207959552" percent="78" macro-fragmented="0">
      <mem type="soa" free="892646496" total="1147560960" percent="77" />
      <mem type="loa" free="60398592" total="60398592" percent="100" />
    </mem>
    <remembered-set count="1341" />
  </mem-info>
</gc-end>
<cycle-end id="5614" type="scavenge" contextid="5608" timestamp="2021-04-05T23:20:20.510" />
<allocation-satisfied id="5615" threadId="0000000000338300" bytesRequested="16" />
<af-end id="5616" timestamp="2021-04-05T23:20:20.510" threadId="0000000000338C80" success="true" from="nursery"/>
<exclusive-end id="5617" timestamp="2021-04-05T23:20:20.510" durationms="123.309" />

<exclusive-start id="5618" timestamp="2021-04-05T23:20:21.336" intervalms="949.340">
  <response-info timems="0.051" idlems="0.051" threads="0" lastid="000000000032CF00" lastname="BenchmarkThread xml.validation 4" />
</exclusive-start>
<af-start id="5619" threadId="000000000032D880" totalBytesRequested="80" timestamp="2021-04-05T23:20:21.336" intervalms="949.345" type="nursery" />
<cycle-start id="5620" type="scavenge" contextid="0" timestamp="2021-04-05T23:20:21.337" intervalms="949.600" />
<gc-start id="5621" type="scavenge" contextid="5620" timestamp="2021-04-05T23:20:21.337">
  <mem-info id="5622" free="953045088" total="1610612736" percent="59">
    <mem type="nursery" free="0" total="402653184" percent="0">
      <mem type="allocate" free="0" total="329973760" percent="0" />
      <mem type="survivor" free="0" total="72679424" percent="0" />
    </mem>
    <mem type="tenure" free="953045088" total="1207959552" percent="78">
      <mem type="soa" free="892646496" total="1147560960" percent="77" />
      <mem type="loa" free="60398592" total="60398592" percent="100" />
    </mem>
    <remembered-set count="1549" />
  </mem-info>
</gc-start>
<allocation-stats totalBytes="264795928" >
  <allocated-bytes non-tlh="16" tlh="264795912" />
  <largest-consumer threadName="BenchmarkThread xml.validation 2" threadId="000000000013CF00" bytes="49600872" />
</allocation-stats>
<gc-op id="5623" type="scavenge" timems="112.250" contextid="5620" timestamp="2021-04-05T23:20:21.449">
  <scavenger-info tenureage="3" tenuremask="7ff8" tiltratio="81" />
  <memory-copied type="nursery" objects="1550136" bytes="62258880" bytesdiscarded="10136" />
  <memory-copied type="tenure" objects="8" bytes="256" bytesdiscarded="0" />
</gc-op>
<gc-end id="5624" type="scavenge" contextid="5620" durationms="112.239" usertimems="429.901" systemtimems="0.000" timestamp="2021-04-05T23:20:21.449" activeThreads="4">
  <mem-info id="5625" free="1221208584" total="1610612736" percent="75">
    <mem type="nursery" free="268163496" total="402653184" percent="66">
      <mem type="allocate" free="268163496" total="330432512" percent="81" />
      <mem type="survivor" free="0" total="72220672" percent="0" />
    </mem>
    <mem type="tenure" free="953045088" total="1207959552" percent="78" macro-fragmented="0">
      <mem type="soa" free="892646496" total="1147560960" percent="77" />
      <mem type="loa" free="60398592" total="60398592" percent="100" />
    </mem>
    <remembered-set count="1338" />
  </mem-info>
</gc-end>
<cycle-end id="5626" type="scavenge" contextid="5620" timestamp="2021-04-05T23:20:21.449" />
<allocation-satisfied id="5627" threadId="000000000032CF00" bytesRequested="80" />
<af-end id="5628" timestamp="2021-04-05T23:20:21.449" threadId="000000000032D880" success="true" from="nursery"/>
<exclusive-end id="5629" timestamp="2021-04-05T23:20:21.449" durationms="113.173" />

<exclusive-start id="5630" timestamp="2021-04-05T23:20:22.234" intervalms="898.196">
  <response-info timems="0.054" idlems="0.054" threads="0" lastid="0000000000329300" lastname="BenchmarkThread xml.validation 3" />
</exclusive-start>
<af-start id="5631" threadId="0000000000329C80" totalBytesRequested="16" timestamp="2021-04-05T23:20:22.234" intervalms="898.192" type="nursery" />
<cycle-start id="5632" type="scavenge" contextid="0" timestamp="2021-04-05T23:20:22.234" intervalms="897.937" />
<gc-start id="5633" type="scavenge" contextid="5632" timestamp="2021-04-05T23:20:22.235">
  <mem-info id="5634" free="953045088" total="1610612736" percent="59">
    <mem type="nursery" free="0" total="402653184" percent="0">
      <mem type="allocate" free="0" total="330432512" percent="0" />
      <mem type="survivor" free="0" total="72220672" percent="0" />
    </mem>
    <mem type="tenure" free="953045088" total="1207959552" percent="78">
      <mem type="soa" free="892646496" total="1147560960" percent="77" />
      <mem type="loa" free="60398592" total="60398592" percent="100" />
    </mem>
    <remembered-set count="1563" />
  </mem-info>
</gc-start>
<allocation-stats totalBytes="268057184" >
  <allocated-bytes non-tlh="1120" tlh="268056064" />
  <largest-consumer threadName="BenchmarkThread xml.validation 4" threadId="000000000032CF00" bytes="42549488" />
</allocation-stats>
<gc-op id="5635" type="scavenge" timems="119.348" contextid="5632" timestamp="2021-04-05T23:20:22.354">
  <scavenger-info tenureage="3" tenuremask="7ff8" tiltratio="82" />
  <memory-copied type="nursery" objects="1544429" bytes="61999432" bytesdiscarded="11768" />
  <memory-copied type="tenure" objects="10" bytes="304" bytesdiscarded="0" />
</gc-op>
<gc-end id="5636" type="scavenge" contextid="5632" durationms="119.337" usertimems="468.092" systemtimems="0.000" timestamp="2021-04-05T23:20:22.354" activeThreads="4">
  <mem-info id="5637" free="1222449440" total="1610612736" percent="75">
    <mem type="nursery" free="269404352" total="402653184" percent="66">
      <mem type="allocate" free="269404352" total="331415552" percent="81" />
      <mem type="survivor" free="0" total="71237632" percent="0" />
    </mem>
    <mem type="tenure" free="953045088" total="1207959552" percent="78" macro-fragmented="0">
      <mem type="soa" free="892646496" total="1147560960" percent="77" />
      <mem type="loa" free="60398592" total="60398592" percent="100" />
    </mem>
    <remembered-set count="1336" />
  </mem-info>
</gc-end>
<cycle-end id="5638" type="scavenge" contextid="5632" timestamp="2021-04-05T23:20:22.354" />
<allocation-satisfied id="5639" threadId="0000000000329300" bytesRequested="16" />
<af-end id="5640" timestamp="2021-04-05T23:20:22.354" threadId="0000000000329C80" success="true" from="nursery"/>
<exclusive-end id="5641" timestamp="2021-04-05T23:20:22.354" durationms="120.079" />

<exclusive-start id="5642" timestamp="2021-04-05T23:20:23.157" intervalms="922.412">
  <response-info timems="0.050" idlems="0.050" threads="0" lastid="000000000033BE00" lastname="BenchmarkThread xml.validation 8" />
</exclusive-start>
<af-start id="5643" threadId="000000000033C780" totalBytesRequested="96" timestamp="2021-04-05T23:20:23.157" intervalms="922.418" type="nursery" />
<cycle-start id="5644" type="scavenge" contextid="0" timestamp="2021-04-05T23:20:23.157" intervalms="922.419" />
<gc-start id="5645" type="scavenge" contextid="5644" timestamp="2021-04-05T23:20:23.157">
  <mem-info id="5646" free="953045088" total="1610612736" percent="59">
    <mem type="nursery" free="0" total="402653184" percent="0">
      <mem type="allocate" free="0" total="331415552" percent="0" />
      <mem type="survivor" free="0" total="71237632" percent="0" />
    </mem>
    <mem type="tenure" free="953045088" total="1207959552" percent="78">
      <mem type="soa" free="892646496" total="1147560960" percent="77" />
      <mem type="loa" free="60398592" total="60398592" percent="100" />
    </mem>
    <remembered-set count="1530" />
  </mem-info>
</gc-start>
<allocation-stats totalBytes="269323416" >
  <allocated-bytes non-tlh="16" tlh="269323400" />
  <largest-consumer threadName="BenchmarkThread xml.validation 8" threadId="000000000033BE00" bytes="53298160" />
</allocation-stats>
<gc-op id="5647" type="scavenge" timems="97.176" contextid="5644" timestamp="2021-04-05T23:20:23.254">
  <scavenger-info tenureage="3" tenuremask="7ff8" tiltratio="82" />
  <memory-copied type="nursery" objects="1422007" bytes="57705256" bytesdiscarded="8824" />
  <memory-copied type="tenure" objects="8895" bytes="346528" bytesdiscarded="0" />
</gc-op>
<gc-end id="5648" type="scavenge" contextid="5644" durationms="97.163" usertimems="380.933" systemtimems="0.000" timestamp="2021-04-05T23:20:23.255" activeThreads="4">
  <mem-info id="5649" free="1227336384" total="1610612736" percent="76">
    <mem type="nursery" free="274553440" total="402653184" percent="68">
      <mem type="allocate" free="274553440" total="332267520" percent="82" />
      <mem type="survivor" free="0" total="70385664" percent="0" />
    </mem>
    <mem type="tenure" free="952782944" total="1207959552" percent="78" macro-fragmented="0">
      <mem type="soa" free="892384352" total="1147560960" percent="77" />
      <mem type="loa" free="60398592" total="60398592" percent="100" />
    </mem>
    <remembered-set count="1330" />
  </mem-info>
</gc-end>
<cycle-end id="5650" type="scavenge" contextid="5644" timestamp="2021-04-05T23:20:23.255" />
<allocation-satisfied id="5651" threadId="000000000033BE00" bytesRequested="96" />
<af-end id="5652" timestamp="2021-04-05T23:20:23.255" threadId="000000000033C780" success="true" from="nursery"/>
<exclusive-end id="5653" timestamp="2021-04-05T23:20:23.255" durationms="97.832" />

<exclusive-start id="5654" timestamp="2021-04-05T23:20:24.074" intervalms="916.970">
  <response-info timems="0.072" idlems="0.044" threads="1" lastid="000000000033BE00" lastname="BenchmarkThread xml.validation 8" />
</exclusive-start>
<af-start id="5655" threadId="0000000000335080" totalBytesRequested="24" timestamp="2021-04-05T23:20:24.074" intervalms="916.958" type="nursery" />
<cycle-start id="5656" type="scavenge" contextid="0" timestamp="2021-04-05T23:20:24.074" intervalms="916.956" />
<gc-start id="5657" type="scavenge" contextid="5656" timestamp="2021-04-05T23:20:24.074">
  <mem-info id="5658" free="952782944" total="1610612736" percent="59">
    <mem type="nursery" free="0" total="402653184" percent="0">
      <mem type="allocate" free="0" total="332267520" percent="0" />
      <mem type="survivor" free="0" total="70385664" percent="0" />
    </mem>
    <mem type="tenure" free="952782944" total="1207959552" percent="78">
      <mem type="soa" free="892384352" total="1147560960" percent="77" />
      <mem type="loa" free="60398592" total="60398592" percent="100" />
    </mem>
    <remembered-set count="1576" />
  </mem-info>
</gc-start>
<allocation-stats totalBytes="274457992" >
  <allocated-bytes non-tlh="96" tlh="274457896" />
  <largest-consumer threadName="BenchmarkThread xml.validation 7" threadId="0000000000338300" bytes="44013248" />
</allocation-stats>
<gc-op id="5659" type="scavenge" timems="125.653" contextid="5656" timestamp="2021-04-05T23:20:24.200">
  <scavenger-info tenureage="3" tenuremask="7ff8" tiltratio="82" />
  <memory-copied type="nursery" objects="1539507" bytes="61877880" bytesdiscarded="10552" />
  <memory-copied type="tenure" objects="121107" bytes="4899952" bytesdiscarded="0" />
</gc-op>
<gc-end id="5660" type="scavenge" contextid="5656" durationms="125.642" usertimems="485.575" systemtimems="0.000" timestamp="2021-04-05T23:20:24.200" activeThreads="4">
  <mem-info id="5661" free="1217984688" total="1610612736" percent="75">
    <mem type="nursery" free="270182480" total="402653184" percent="67">
      <mem type="allocate" free="270182480" total="332070912" percent="81" />
      <mem type="survivor" free="0" total="70582272" percent="0" />
    </mem>
    <mem type="tenure" free="947802208" total="1207959552" percent="78" macro-fragmented="0">
      <mem type="soa" free="887403616" total="1147560960" percent="77" />
      <mem type="loa" free="60398592" total="60398592" percent="100" />
    </mem>
    <remembered-set count="1336" />
  </mem-info>
</gc-end>
<cycle-end id="5662" type="scavenge" contextid="5656" timestamp="2021-04-05T23:20:24.200" />
<allocation-satisfied id="5663" threadId="0000000000334700" bytesRequested="24" />
<af-end id="5664" timestamp="2021-04-05T23:20:24.200" threadId="0000000000335080" success="true" from="nursery"/>
<exclusive-end id="5665" timestamp="2021-04-05T23:20:24.200" durationms="126.351" />

<exclusive-start id="5666" timestamp="2021-04-05T23:20:24.979" intervalms="904.976">
  <response-info timems="0.068" idlems="0.041" threads="1" lastid="0000000000330B00" lastname="BenchmarkThread xml.validation 5" />
</exclusive-start>
<af-start id="5667" threadId="0000000000335080" totalBytesRequested="1040" timestamp="2021-04-05T23:20:24.979" intervalms="904.980" type="nursery" />
<cycle-start id="5668" type="scavenge" contextid="0" timestamp="2021-04-05T23:20:24.979" intervalms="904.981" />
<gc-start id="5669" type="scavenge" contextid="5668" timestamp="2021-04-05T23:20:24.979">
  <mem-info id="5670" free="947802208" total="1610612736" percent="58">
    <mem type="nursery" free="0" total="402653184" percent="0">
      <mem type="allocate" free="0" total="332070912" percent="0" />
      <mem type="survivor" free="0" total="70582272" percent="0" />
    </mem>
    <mem type="tenure" free="947802208" total="1207959552" percent="78">
      <mem type="soa" free="887403616" total="1147560960" percent="77" />
      <mem type="loa" free="60398592" total="60398592" percent="100" />
    </mem>
    <remembered-set count="1536" />
  </mem-info>
</gc-start>
<allocation-stats totalBytes="270085816" >
  <allocated-bytes non-tlh="3144" tlh="270082672" />
  <largest-consumer threadName="BenchmarkThread xml.validation 8" threadId="000000000033BE00" bytes="39453584" />
</allocation-stats>
<gc-op id="5671" type="scavenge" timems="122.519" contextid="5668" timestamp="2021-04-05T23:20:25.101">
  <scavenger-info tenureage="3" tenuremask="7ff8" tiltratio="82" />
  <memory-copied type="nursery" objects="1591077" bytes="64297616" bytesdiscarded="12168" />
  <memory-copied type="tenure" objects="6" bytes="192" bytesdiscarded="0" />
</gc-op>
<gc-end id="5672" type="scavenge" contextid="5668" durationms="122.507" usertimems="479.093" systemtimems="0.000" timestamp="2021-04-05T23:20:25.102" activeThreads="4">
  <mem-info id="5673" free="1214383688" total="1610612736" percent="75">
    <mem type="nursery" free="266581480" total="402653184" percent="66">
      <mem type="allocate" free="266581480" total="330891264" percent="80" />
      <mem type="survivor" free="0" total="71761920" percent="0" />
    </mem>
    <mem type="tenure" free="947802208" total="1207959552" percent="78" macro-fragmented="0">
      <mem type="soa" free="887403616" total="1147560960" percent="77" />
      <mem type="loa" free="60398592" total="60398592" percent="100" />
    </mem>
    <remembered-set count="1335" />
  </mem-info>
</gc-end>
<cycle-end id="5674" type="scavenge" contextid="5668" timestamp="2021-04-05T23:20:25.102" />
<allocation-satisfied id="5675" threadId="0000000000334700" bytesRequested="1040" />
<af-end id="5676" timestamp="2021-04-05T23:20:25.102" threadId="0000000000335080" success="true" from="nursery"/>
<exclusive-end id="5677" timestamp="2021-04-05T23:20:25.102" durationms="123.246" />

<exclusive-start id="5678" timestamp="2021-04-05T23:20:25.928" intervalms="949.473">
  <response-info timems="0.051" idlems="0.051" threads="0" lastid="0000000000330B00" lastname="BenchmarkThread xml.validation 5" />
</exclusive-start>
<af-start id="5679" threadId="0000000000331480" totalBytesRequested="16" timestamp="2021-04-05T23:20:25.928" intervalms="949.471" type="nursery" />
<cycle-start id="5680" type="scavenge" contextid="0" timestamp="2021-04-05T23:20:25.928" intervalms="949.467" />
<gc-start id="5681" type="scavenge" contextid="5680" timestamp="2021-04-05T23:20:25.928">
  <mem-info id="5682" free="947802208" total="1610612736" percent="58">
    <mem type="nursery" free="0" total="402653184" percent="0">
      <mem type="allocate" free="0" total="330891264" percent="0" />
      <mem type="survivor" free="0" total="71761920" percent="0" />
    </mem>
    <mem type="tenure" free="947802208" total="1207959552" percent="78">
      <mem type="soa" free="887403616" total="1147560960" percent="77" />
      <mem type="loa" free="60398592" total="60398592" percent="100" />
    </mem>
    <remembered-set count="1556" />
  </mem-info>
</gc-start>
<allocation-stats totalBytes="266488688" >
  <allocated-bytes non-tlh="5200" tlh="266483488" />
  <largest-consumer threadName="BenchmarkThread xml.validation 6" threadId="0000000000334700" bytes="43741664" />
</allocation-stats>
<gc-op id="5683" type="scavenge" timems="115.087" contextid="5680" timestamp="2021-04-05T23:20:26.043">
  <scavenger-info tenureage="3" tenuremask="7ff8" tiltratio="82" />
  <memory-copied type="nursery" objects="1552434" bytes="62416272" bytesdiscarded="9976" />
  <memory-copied type="tenure" objects="8" bytes="256" bytesdiscarded="0" />
</gc-op>
<gc-end id="5684" type="scavenge" contextid="5680" durationms="115.075" usertimems="447.538" systemtimems="0.004" timestamp="2021-04-05T23:20:26.044" activeThreads="4">
  <mem-info id="5685" free="1216725976" total="1610612736" percent="75">
    <mem type="nursery" free="268923768" total="402653184" percent="66">
      <mem type="allocate" free="268923768" total="331350016" percent="81" />
      <mem type="survivor" free="0" total="71303168" percent="0" />
    </mem>
    <mem type="tenure" free="947802208" total="1207959552" percent="78" macro-fragmented="0">
      <mem type="soa" free="887403616" total="1147560960" percent="77" />
      <mem type="loa" free="60398592" total="60398592" percent="100" />
    </mem>
    <remembered-set count="1337" />
  </mem-info>
</gc-end>
<cycle-end id="5686" type="scavenge" contextid="5680" timestamp="2021-04-05T23:20:26.044" />
<allocation-satisfied id="5687" threadId="0000000000330B00" bytesRequested="16" />
<af-end id="5688" timestamp="2021-04-05T23:20:26.044" threadId="0000000000331480" success="true" from="nursery"/>
<exclusive-end id="5689" timestamp="2021-04-05T23:20:26.044" durationms="115.782" />

<exclusive-start id="5690" timestamp="2021-04-05T23:20:26.868" intervalms="939.638">
  <response-info timems="0.054" idlems="0.054" threads="0" lastid="0000000000329300" lastname="BenchmarkThread xml.validation 3" />
</exclusive-start>
<af-start id="5691" threadId="0000000000329C80" totalBytesRequested="1040" timestamp="2021-04-05T23:20:26.868" intervalms="939.644" type="nursery" />
<cycle-start id="5692" type="scavenge" contextid="0" timestamp="2021-04-05T23:20:26.868" intervalms="939.657" />
<gc-start id="5693" type="scavenge" contextid="5692" timestamp="2021-04-05T23:20:26.868">
  <mem-info id="5694" free="947802208" total="1610612736" percent="58">
    <mem type="nursery" free="0" total="402653184" percent="0">
      <mem type="allocate" free="0" total="331350016" percent="0" />
      <mem type="survivor" free="0" total="71303168" percent="0" />
    </mem>
    <mem type="tenure" free="947802208" total="1207959552" percent="78">
      <mem type="soa" free="887403616" total="1147560960" percent="77" />
      <mem type="loa" free="60398592" total="60398592" percent="100" />
    </mem>
    <remembered-set count="1555" />
  </mem-info>
</gc-start>
<allocation-stats totalBytes="268815176" >
  <allocated-bytes non-tlh="16" tlh="268815160" />
  <largest-consumer threadName="BenchmarkThread xml.validation 7" threadId="0000000000338300" bytes="43451336" />
</allocation-stats>
<gc-op id="5695" type="scavenge" timems="122.272" contextid="5692" timestamp="2021-04-05T23:20:26.990">
  <scavenger-info tenureage="3" tenuremask="7ff8" tiltratio="82" />
  <memory-copied type="nursery" objects="1544538" bytes="62020688" bytesdiscarded="10512" />
  <memory-copied type="tenure" objects="4" bytes="128" bytesdiscarded="0" />
</gc-op>
<gc-end id="5696" type="scavenge" contextid="5692" durationms="122.025" usertimems="464.158" systemtimems="0.005" timestamp="2021-04-05T23:20:26.991" activeThreads="4">
  <mem-info id="5697" free="1217907456" total="1610612736" percent="75">
    <mem type="nursery" free="270105248" total="402653184" percent="67">
      <mem type="allocate" free="270105248" total="332136448" percent="81" />
      <mem type="survivor" free="0" total="70516736" percent="0" />
    </mem>
    <mem type="tenure" free="947802208" total="1207959552" percent="78" macro-fragmented="0">
      <mem type="soa" free="887403616" total="1147560960" percent="77" />
      <mem type="loa" free="60398592" total="60398592" percent="100" />
    </mem>
    <remembered-set count="1342" />
  </mem-info>
</gc-end>
<cycle-end id="5698" type="scavenge" contextid="5692" timestamp="2021-04-05T23:20:26.991" />
<allocation-satisfied id="5699" threadId="0000000000329300" bytesRequested="1040" />
<af-end id="5700" timestamp="2021-04-05T23:20:26.991" threadId="0000000000329C80" success="true" from="nursery"/>
<exclusive-end id="5701" timestamp="2021-04-05T23:20:26.991" durationms="122.996" />

<exclusive-start id="5702" timestamp="2021-04-05T23:20:27.684" intervalms="816.525">
  <response-info timems="0.062" idlems="0.038" threads="1" lastid="0000000000329300" lastname="BenchmarkThread xml.validation 3" />
</exclusive-start>
<af-start id="5703" threadId="000000000013D880" totalBytesRequested="64" timestamp="2021-04-05T23:20:27.684" intervalms="816.518" type="nursery" />
<cycle-start id="5704" type="scavenge" contextid="0" timestamp="2021-04-05T23:20:27.684" intervalms="816.506" />
<gc-start id="5705" type="scavenge" contextid="5704" timestamp="2021-04-05T23:20:27.684">
  <mem-info id="5706" free="947802208" total="1610612736" percent="58">
    <mem type="nursery" free="0" total="402653184" percent="0">
      <mem type="allocate" free="0" total="332136448" percent="0" />
      <mem type="survivor" free="0" total="70516736" percent="0" />
    </mem>
    <mem type="tenure" free="947802208" total="1207959552" percent="78">
      <mem type="soa" free="887403616" total="1147560960" percent="77" />
      <mem type="loa" free="60398592" total="60398592" percent="100" />
    </mem>
    <remembered-set count="1524" />
  </mem-info>
</gc-start>
<allocation-stats totalBytes="270024896" >
  <allocated-bytes non-tlh="1040" tlh="270023856" />
  <largest-consumer threadName="BenchmarkThread xml.validation 6" threadId="0000000000334700" bytes="45058400" />
</allocation-stats>
<gc-op id="5707" type="scavenge" timems="107.777" contextid="5704" timestamp="2021-04-05T23:20:27.792">
  <scavenger-info tenureage="3" tenuremask="7ff8" tiltratio="82" />
  <memory-copied type="nursery" objects="1467381" bytes="59895432" bytesdiscarded="14176" />
  <memory-copied type="tenure" objects="8" bytes="256" bytesdiscarded="0" />
</gc-op>
<gc-end id="5708" type="scavenge" contextid="5704" durationms="107.766" usertimems="413.846" systemtimems="0.000" timestamp="2021-04-05T23:20:27.793" activeThreads="4">
  <mem-info id="5709" free="1220684408" total="1610612736" percent="75">
    <mem type="nursery" free="272882200" total="402653184" percent="67">
      <mem type="allocate" free="272882200" total="332791808" percent="81" />
      <mem type="survivor" free="0" total="69861376" percent="0" />
    </mem>
    <mem type="tenure" free="947802208" total="1207959552" percent="78" macro-fragmented="0">
      <mem type="soa" free="887403616" total="1147560960" percent="77" />
      <mem type="loa" free="60398592" total="60398592" percent="100" />
    </mem>
    <remembered-set count="1330" />
  </mem-info>
</gc-end>
<cycle-end id="5710" type="scavenge" contextid="5704" timestamp="2021-04-05T23:20:27.793" />
<allocation-satisfied id="5711" threadId="000000000013CF00" bytesRequested="64" />
<af-end id="5712" timestamp="2021-04-05T23:20:27.793" threadId="000000000013D880" success="true" from="nursery"/>
<exclusive-end id="5713" timestamp="2021-04-05T23:20:27.793" durationms="108.475" />

<exclusive-start id="5714" timestamp="2021-04-05T23:20:28.746" intervalms="1061.471">
  <response-info timems="0.072" idlems="0.044" threads="1" lastid="0000000000334700" lastname="BenchmarkThread xml.validation 6" />
</exclusive-start>
<af-start id="5715" threadId="0000000000338C80" totalBytesRequested="16" timestamp="2021-04-05T23:20:28.746" intervalms="1061.477" type="nursery" />
<cycle-start id="5716" type="scavenge" contextid="0" timestamp="2021-04-05T23:20:28.746" intervalms="1061.481" />
<gc-start id="5717" type="scavenge" contextid="5716" timestamp="2021-04-05T23:20:28.746">
  <mem-info id="5718" free="947802208" total="1610612736" percent="58">
    <mem type="nursery" free="0" total="402653184" percent="0">
      <mem type="allocate" free="0" total="332791808" percent="0" />
      <mem type="survivor" free="0" total="69861376" percent="0" />
    </mem>
    <mem type="tenure" free="947802208" total="1207959552" percent="78">
      <mem type="soa" free="887403616" total="1147560960" percent="77" />
      <mem type="loa" free="60398592" total="60398592" percent="100" />
    </mem>
    <remembered-set count="1576" />
  </mem-info>
</gc-start>
<allocation-stats totalBytes="272791464" >
  <allocated-bytes non-tlh="64" tlh="272791400" />
  <largest-consumer threadName="BenchmarkThread xml.validation 7" threadId="0000000000338300" bytes="48161536" />
</allocation-stats>
<gc-op id="5719" type="scavenge" timems="119.481" contextid="5716" timestamp="2021-04-05T23:20:28.865">
  <scavenger-info tenureage="3" tenuremask="7ff8" tiltratio="82" />
  <memory-copied type="nursery" objects="1550097" bytes="62286208" bytesdiscarded="10152" />
  <memory-copied type="tenure" objects="8" bytes="256" bytesdiscarded="0" />
</gc-op>
<gc-end id="5720" type="scavenge" contextid="5716" durationms="119.469" usertimems="466.947" systemtimems="0.000" timestamp="2021-04-05T23:20:28.866" activeThreads="4">
  <mem-info id="5721" free="1218297656" total="1610612736" percent="75">
    <mem type="nursery" free="270495448" total="402653184" percent="67">
      <mem type="allocate" free="270495448" total="332791808" percent="81" />
      <mem type="survivor" free="0" total="69861376" percent="0" />
    </mem>
    <mem type="tenure" free="947802208" total="1207959552" percent="78" macro-fragmented="0">
      <mem type="soa" free="887403616" total="1147560960" percent="77" />
      <mem type="loa" free="60398592" total="60398592" percent="100" />
    </mem>
    <remembered-set count="1330" />
  </mem-info>
</gc-end>
<cycle-end id="5722" type="scavenge" contextid="5716" timestamp="2021-04-05T23:20:28.866" />
<allocation-satisfied id="5723" threadId="0000000000338300" bytesRequested="16" />
<af-end id="5724" timestamp="2021-04-05T23:20:28.866" threadId="0000000000338C80" success="true" from="nursery"/>
<exclusive-end id="5725" timestamp="2021-04-05T23:20:28.866" durationms="120.244" />

<exclusive-start id="5726" timestamp="2021-04-05T23:20:29.585" intervalms="839.249">
  <response-info timems="0.062" idlems="0.038" threads="1" lastid="0000000000329300" lastname="BenchmarkThread xml.validation 3" />
</exclusive-start>
<af-start id="5727" threadId="000000000033C780" totalBytesRequested="16" timestamp="2021-04-05T23:20:29.585" intervalms="839.243" type="nursery" />
<cycle-start id="5728" type="scavenge" contextid="0" timestamp="2021-04-05T23:20:29.585" intervalms="839.240" />
<gc-start id="5729" type="scavenge" contextid="5728" timestamp="2021-04-05T23:20:29.585">
  <mem-info id="5730" free="947802208" total="1610612736" percent="58">
    <mem type="nursery" free="0" total="402653184" percent="0">
      <mem type="allocate" free="0" total="332791808" percent="0" />
      <mem type="survivor" free="0" total="69861376" percent="0" />
    </mem>
    <mem type="tenure" free="947802208" total="1207959552" percent="78">
      <mem type="soa" free="887403616" total="1147560960" percent="77" />
      <mem type="loa" free="60398592" total="60398592" percent="100" />
    </mem>
    <remembered-set count="1531" />
  </mem-info>
</gc-start>
<allocation-stats totalBytes="270405808" >
  <allocated-bytes non-tlh="16" tlh="270405792" />
  <largest-consumer threadName="BenchmarkThread xml.validation 8" threadId="000000000033BE00" bytes="48799984" />
</allocation-stats>
<gc-op id="5731" type="scavenge" timems="112.205" contextid="5728" timestamp="2021-04-05T23:20:29.697">
  <scavenger-info tenureage="3" tenuremask="7ff8" tiltratio="82" />
  <memory-copied type="nursery" objects="1586098" bytes="64134128" bytesdiscarded="10472" />
  <memory-copied type="tenure" objects="2" bytes="64" bytesdiscarded="0" />
</gc-op>
<gc-end id="5732" type="scavenge" contextid="5728" durationms="112.194" usertimems="434.144" systemtimems="0.003" timestamp="2021-04-05T23:20:29.698" activeThreads="4">
  <mem-info id="5733" free="1215335304" total="1610612736" percent="75">
    <mem type="nursery" free="267533096" total="402653184" percent="66">
      <mem type="allocate" free="267533096" total="331677696" percent="80" />
      <mem type="survivor" free="0" total="70975488" percent="0" />
    </mem>
    <mem type="tenure" free="947802208" total="1207959552" percent="78" macro-fragmented="0">
      <mem type="soa" free="887403616" total="1147560960" percent="77" />
      <mem type="loa" free="60398592" total="60398592" percent="100" />
    </mem>
    <remembered-set count="1339" />
  </mem-info>
</gc-end>
<cycle-end id="5734" type="scavenge" contextid="5728" timestamp="2021-04-05T23:20:29.698" />
<allocation-satisfied id="5735" threadId="000000000033BE00" bytesRequested="16" />
<af-end id="5736" timestamp="2021-04-05T23:20:29.698" threadId="000000000033C780" success="true" from="nursery"/>
<exclusive-end id="5737" timestamp="2021-04-05T23:20:29.698" durationms="112.898" />

<exclusive-start id="5738" timestamp="2021-04-05T23:20:30.437" intervalms="852.237">
  <response-info timems="0.076" idlems="0.045" threads="1" lastid="000000000033BE00" lastname="BenchmarkThread xml.validation 8" />
</exclusive-start>
<af-start id="5739" threadId="000000000032D880" totalBytesRequested="40" timestamp="2021-04-05T23:20:30.437" intervalms="852.257" type="nursery" />
<cycle-start id="5740" type="scavenge" contextid="0" timestamp="2021-04-05T23:20:30.437" intervalms="852.259" />
<gc-start id="5741" type="scavenge" contextid="5740" timestamp="2021-04-05T23:20:30.437">
  <mem-info id="5742" free="947802208" total="1610612736" percent="58">
    <mem type="nursery" free="0" total="402653184" percent="0">
      <mem type="allocate" free="0" total="331677696" percent="0" />
      <mem type="survivor" free="0" total="70975488" percent="0" />
    </mem>
    <mem type="tenure" free="947802208" total="1207959552" percent="78">
      <mem type="soa" free="887403616" total="1147560960" percent="77" />
      <mem type="loa" free="60398592" total="60398592" percent="100" />
    </mem>
    <remembered-set count="1533" />
  </mem-info>
</gc-start>
<allocation-stats totalBytes="267438008" >
  <allocated-bytes non-tlh="16" tlh="267437992" />
  <largest-consumer threadName="BenchmarkThread xml.validation 1" threadId="000000000011CB00" bytes="64916688" />
</allocation-stats>
<gc-op id="5743" type="scavenge" timems="122.710" contextid="5740" timestamp="2021-04-05T23:20:30.560">
  <scavenger-info tenureage="3" tenuremask="7ff8" tiltratio="82" />
  <memory-copied type="nursery" objects="1561403" bytes="63047896" bytesdiscarded="13688" />
  <memory-copied type="tenure" objects="19973" bytes="933592" bytesdiscarded="0" />
</gc-op>
<gc-end id="5744" type="scavenge" contextid="5740" durationms="122.697" usertimems="477.499" systemtimems="0.000" timestamp="2021-04-05T23:20:30.561" activeThreads="4">
  <mem-info id="5745" free="1215697424" total="1610612736" percent="75">
    <mem type="nursery" free="268943792" total="402653184" percent="66">
      <mem type="allocate" free="268943792" total="332005376" percent="81" />
      <mem type="survivor" free="0" total="70647808" percent="0" />
    </mem>
    <mem type="tenure" free="946753632" total="1207959552" percent="78" macro-fragmented="0">
      <mem type="soa" free="886355040" total="1147560960" percent="77" />
      <mem type="loa" free="60398592" total="60398592" percent="100" />
    </mem>
    <remembered-set count="1330" />
  </mem-info>
</gc-end>
<cycle-end id="5746" type="scavenge" contextid="5740" timestamp="2021-04-05T23:20:30.561" />
<allocation-satisfied id="5747" threadId="000000000032CF00" bytesRequested="40" />
<af-end id="5748" timestamp="2021-04-05T23:20:30.561" threadId="000000000032D880" success="true" from="nursery"/>
<exclusive-end id="5749" timestamp="2021-04-05T23:20:30.561" durationms="123.481" />

<exclusive-start id="5750" timestamp="2021-04-05T23:20:31.476" intervalms="1038.465">
  <response-info timems="0.074" idlems="0.038" threads="3" lastid="000000000013CF00" lastname="BenchmarkThread xml.validation 2" />
</exclusive-start>
<af-start id="5751" threadId="000000000033C780" totalBytesRequested="136" timestamp="2021-04-05T23:20:31.476" intervalms="1038.448" type="nursery" />
<cycle-start id="5752" type="scavenge" contextid="0" timestamp="2021-04-05T23:20:31.476" intervalms="1038.447" />
<gc-start id="5753" type="scavenge" contextid="5752" timestamp="2021-04-05T23:20:31.476">
  <mem-info id="5754" free="946753632" total="1610612736" percent="58">
    <mem type="nursery" free="0" total="402653184" percent="0">
      <mem type="allocate" free="0" total="332005376" percent="0" />
      <mem type="survivor" free="0" total="70647808" percent="0" />
    </mem>
    <mem type="tenure" free="946753632" total="1207959552" percent="78">
      <mem type="soa" free="886355040" total="1147560960" percent="77" />
      <mem type="loa" free="60398592" total="60398592" percent="100" />
    </mem>
    <remembered-set count="1579" />
  </mem-info>
</gc-start>
<allocation-stats totalBytes="268839592" >
  <allocated-bytes non-tlh="40" tlh="268839552" />
  <largest-consumer threadName="BenchmarkThread xml.validation 8" threadId="000000000033BE00" bytes="45475720" />
</allocation-stats>
<gc-op id="5755" type="scavenge" timems="121.810" contextid="5752" timestamp="2021-04-05T23:20:31.598">
  <scavenger-info tenureage="3" tenuremask="7ff8" tiltratio="82" />
  <memory-copied type="nursery" objects="1544152" bytes="62021000" bytesdiscarded="12736" />
  <memory-copied type="tenure" objects="110013" bytes="4283760" bytesdiscarded="0" />
</gc-op>
<gc-end id="5756" type="scavenge" contextid="5752" durationms="121.799" usertimems="459.208" systemtimems="0.000" timestamp="2021-04-05T23:20:31.598" activeThreads="4">
  <mem-info id="5757" free="1213055256" total="1610612736" percent="75">
    <mem type="nursery" free="270495928" total="402653184" percent="67">
      <mem type="allocate" free="270495928" total="332529664" percent="81" />
      <mem type="survivor" free="0" total="70123520" percent="0" />
    </mem>
    <mem type="tenure" free="942559328" total="1207959552" percent="78" macro-fragmented="0">
      <mem type="soa" free="882160736" total="1147560960" percent="76" />
      <mem type="loa" free="60398592" total="60398592" percent="100" />
    </mem>
    <remembered-set count="1340" />
  </mem-info>
</gc-end>
<cycle-end id="5758" type="scavenge" contextid="5752" timestamp="2021-04-05T23:20:31.598" />
<allocation-satisfied id="5759" threadId="000000000033BE00" bytesRequested="136" />
<af-end id="5760" timestamp="2021-04-05T23:20:31.598" threadId="000000000033C780" success="true" from="nursery"/>
<exclusive-end id="5761" timestamp="2021-04-05T23:20:31.598" durationms="122.494" />

<exclusive-start id="5762" timestamp="2021-04-05T23:20:32.281" intervalms="805.529">
  <response-info timems="0.053" idlems="0.027" threads="1" lastid="000000000013CF00" lastname="BenchmarkThread xml.validation 2" />
</exclusive-start>
<af-start id="5763" threadId="000000000032D880" totalBytesRequested="1040" timestamp="2021-04-05T23:20:32.281" intervalms="805.546" type="nursery" />
<cycle-start id="5764" type="scavenge" contextid="0" timestamp="2021-04-05T23:20:32.282" intervalms="805.982" />
<gc-start id="5765" type="scavenge" contextid="5764" timestamp="2021-04-05T23:20:32.282">
  <mem-info id="5766" free="942559328" total="1610612736" percent="58">
    <mem type="nursery" free="0" total="402653184" percent="0">
      <mem type="allocate" free="0" total="332529664" percent="0" />
      <mem type="survivor" free="0" total="70123520" percent="0" />
    </mem>
    <mem type="tenure" free="942559328" total="1207959552" percent="78">
      <mem type="soa" free="882160736" total="1147560960" percent="76" />
      <mem type="loa" free="60398592" total="60398592" percent="100" />
    </mem>
    <remembered-set count="1522" />
  </mem-info>
</gc-start>
<allocation-stats totalBytes="270391968" >
  <allocated-bytes non-tlh="136" tlh="270391832" />
  <largest-consumer threadName="BenchmarkThread xml.validation 2" threadId="000000000013CF00" bytes="43535784" />
</allocation-stats>
<gc-op id="5767" type="scavenge" timems="124.665" contextid="5764" timestamp="2021-04-05T23:20:32.407">
  <scavenger-info tenureage="3" tenuremask="7ff8" tiltratio="82" />
  <memory-copied type="nursery" objects="1583977" bytes="64374912" bytesdiscarded="9848" />
  <memory-copied type="tenure" objects="4" bytes="128" bytesdiscarded="0" />
</gc-op>
<gc-end id="5768" type="scavenge" contextid="5764" durationms="124.652" usertimems="476.395" systemtimems="0.000" timestamp="2021-04-05T23:20:32.407" activeThreads="4">
  <mem-info id="5769" free="1209131368" total="1610612736" percent="75">
    <mem type="nursery" free="266572040" total="402653184" percent="66">
      <mem type="allocate" free="266572040" total="330956800" percent="80" />
      <mem type="survivor" free="0" total="71696384" percent="0" />
    </mem>
    <mem type="tenure" free="942559328" total="1207959552" percent="78" macro-fragmented="0">
      <mem type="soa" free="882160736" total="1147560960" percent="76" />
      <mem type="loa" free="60398592" total="60398592" percent="100" />
    </mem>
    <remembered-set count="1340" />
  </mem-info>
</gc-end>
<cycle-end id="5770" type="scavenge" contextid="5764" timestamp="2021-04-05T23:20:32.407" />
<allocation-satisfied id="5771" threadId="000000000032CF00" bytesRequested="1040" />
<af-end id="5772" timestamp="2021-04-05T23:20:32.407" threadId="000000000032D880" success="true" from="nursery"/>
<exclusive-end id="5773" timestamp="2021-04-05T23:20:32.407" durationms="125.883" />

<exclusive-start id="5774" timestamp="2021-04-05T23:20:33.315" intervalms="1033.451">
  <response-info timems="0.056" idlems="0.056" threads="0" lastid="000000000032CF00" lastname="BenchmarkThread xml.validation 4" />
</exclusive-start>
<af-start id="5775" threadId="000000000032D880" totalBytesRequested="16" timestamp="2021-04-05T23:20:33.315" intervalms="1033.430" type="nursery" />
<cycle-start id="5776" type="scavenge" contextid="0" timestamp="2021-04-05T23:20:33.315" intervalms="1032.992" />
<gc-start id="5777" type="scavenge" contextid="5776" timestamp="2021-04-05T23:20:33.315">
  <mem-info id="5778" free="942559328" total="1610612736" percent="58">
    <mem type="nursery" free="0" total="402653184" percent="0">
      <mem type="allocate" free="0" total="330956800" percent="0" />
      <mem type="survivor" free="0" total="71696384" percent="0" />
    </mem>
    <mem type="tenure" free="942559328" total="1207959552" percent="78">
      <mem type="soa" free="882160736" total="1147560960" percent="76" />
      <mem type="loa" free="60398592" total="60398592" percent="100" />
    </mem>
    <remembered-set count="1567" />
  </mem-info>
</gc-start>
<allocation-stats totalBytes="266489496" >
  <allocated-bytes non-tlh="1040" tlh="266488456" />
  <largest-consumer threadName="BenchmarkThread xml.validation 6" threadId="0000000000334700" bytes="41122456" />
</allocation-stats>
<gc-op id="5779" type="scavenge" timems="113.809" contextid="5776" timestamp="2021-04-05T23:20:33.429">
  <scavenger-info tenureage="3" tenuremask="7ff8" tiltratio="82" />
  <memory-copied type="nursery" objects="1530309" bytes="61586072" bytesdiscarded="12088" />
  <memory-copied type="tenure" objects="12" bytes="384" bytesdiscarded="0" />
</gc-op>
<gc-end id="5780" type="scavenge" contextid="5776" durationms="113.798" usertimems="425.297" systemtimems="0.000" timestamp="2021-04-05T23:20:33.429" activeThreads="4">
  <mem-info id="5781" free="1212311184" total="1610612736" percent="75">
    <mem type="nursery" free="269751856" total="402653184" percent="66">
      <mem type="allocate" free="269751856" total="331350016" percent="81" />
      <mem type="survivor" free="0" total="71303168" percent="0" />
    </mem>
    <mem type="tenure" free="942559328" total="1207959552" percent="78" macro-fragmented="0">
      <mem type="soa" free="882160736" total="1147560960" percent="76" />
      <mem type="loa" free="60398592" total="60398592" percent="100" />
    </mem>
    <remembered-set count="1335" />
  </mem-info>
</gc-end>
<cycle-end id="5782" type="scavenge" contextid="5776" timestamp="2021-04-05T23:20:33.429" />
<allocation-satisfied id="5783" threadId="000000000032CF00" bytesRequested="16" />
<af-end id="5784" timestamp="2021-04-05T23:20:33.429" threadId="000000000032D880" success="true" from="nursery"/>
<exclusive-end id="5785" timestamp="2021-04-05T23:20:33.429" durationms="114.521" />

<exclusive-start id="5786" timestamp="2021-04-05T23:20:34.191" intervalms="876.246">
  <response-info timems="0.053" idlems="0.027" threads="1" lastid="000000000033BE00" lastname="BenchmarkThread xml.validation 8" />
</exclusive-start>
<af-start id="5787" threadId="000000000032D880" totalBytesRequested="16" timestamp="2021-04-05T23:20:34.191" intervalms="876.259" type="nursery" />
<cycle-start id="5788" type="scavenge" contextid="0" timestamp="2021-04-05T23:20:34.191" intervalms="876.265" />
<gc-start id="5789" type="scavenge" contextid="5788" timestamp="2021-04-05T23:20:34.191">
  <mem-info id="5790" free="942559328" total="1610612736" percent="58">
    <mem type="nursery" free="0" total="402653184" percent="0">
      <mem type="allocate" free="0" total="331350016" percent="0" />
      <mem type="survivor" free="0" total="71303168" percent="0" />
    </mem>
    <mem type="tenure" free="942559328" total="1207959552" percent="78">
      <mem type="soa" free="882160736" total="1147560960" percent="76" />
      <mem type="loa" free="60398592" total="60398592" percent="100" />
    </mem>
    <remembered-set count="1558" />
  </mem-info>
</gc-start>
<allocation-stats totalBytes="269656104" >
  <allocated-bytes non-tlh="16" tlh="269656088" />
  <largest-consumer threadName="BenchmarkThread xml.validation 8" threadId="000000000033BE00" bytes="50470216" />
</allocation-stats>
<gc-op id="5791" type="scavenge" timems="112.310" contextid="5788" timestamp="2021-04-05T23:20:34.304">
  <scavenger-info tenureage="3" tenuremask="7ff8" tiltratio="82" />
  <memory-copied type="nursery" objects="1479212" bytes="60033816" bytesdiscarded="10128" />
</gc-op>
<gc-end id="5792" type="scavenge" contextid="5788" durationms="112.298" usertimems="439.799" systemtimems="0.004" timestamp="2021-04-05T23:20:34.304" activeThreads="4">
  <mem-info id="5793" free="1214848440" total="1610612736" percent="75">
    <mem type="nursery" free="272289112" total="402653184" percent="67">
      <mem type="allocate" free="272289112" total="332333056" percent="81" />
      <mem type="survivor" free="0" total="70320128" percent="0" />
    </mem>
    <mem type="tenure" free="942559328" total="1207959552" percent="78" macro-fragmented="0">
      <mem type="soa" free="882160736" total="1147560960" percent="76" />
      <mem type="loa" free="60398592" total="60398592" percent="100" />
    </mem>
    <remembered-set count="1339" />
  </mem-info>
</gc-end>
<cycle-end id="5794" type="scavenge" contextid="5788" timestamp="2021-04-05T23:20:34.304" />
<allocation-satisfied id="5795" threadId="000000000032CF00" bytesRequested="16" />
<af-end id="5796" timestamp="2021-04-05T23:20:34.304" threadId="000000000032D880" success="true" from="nursery"/>
<exclusive-end id="5797" timestamp="2021-04-05T23:20:34.304" durationms="113.037" />

<exclusive-start id="5798" timestamp="2021-04-05T23:20:35.073" intervalms="882.201">
  <response-info timems="0.053" idlems="0.029" threads="1" lastid="000000000033BE00" lastname="BenchmarkThread xml.validation 8" />
</exclusive-start>
<af-start id="5799" threadId="0000000000329C80" totalBytesRequested="136" timestamp="2021-04-05T23:20:35.073" intervalms="882.192" type="nursery" />
<cycle-start id="5800" type="scavenge" contextid="0" timestamp="2021-04-05T23:20:35.073" intervalms="882.189" />
<gc-start id="5801" type="scavenge" contextid="5800" timestamp="2021-04-05T23:20:35.073">
  <mem-info id="5802" free="942559328" total="1610612736" percent="58">
    <mem type="nursery" free="0" total="402653184" percent="0">
      <mem type="allocate" free="0" total="332333056" percent="0" />
      <mem type="survivor" free="0" total="70320128" percent="0" />
    </mem>
    <mem type="tenure" free="942559328" total="1207959552" percent="78">
      <mem type="soa" free="882160736" total="1147560960" percent="76" />
      <mem type="loa" free="60398592" total="60398592" percent="100" />
    </mem>
    <remembered-set count="1505" />
  </mem-info>
</gc-start>
<allocation-stats totalBytes="272210624" >
  <allocated-bytes non-tlh="16" tlh="272210608" />
  <largest-consumer threadName="BenchmarkThread xml.validation 5" threadId="0000000000330B00" bytes="39775752" />
</allocation-stats>
<gc-op id="5803" type="scavenge" timems="123.480" contextid="5800" timestamp="2021-04-05T23:20:35.197">
  <scavenger-info tenureage="3" tenuremask="7ff8" tiltratio="82" />
  <memory-copied type="nursery" objects="1544012" bytes="62008032" bytesdiscarded="11760" />
  <memory-copied type="tenure" objects="8" bytes="256" bytesdiscarded="0" />
</gc-op>
<gc-end id="5804" type="scavenge" contextid="5800" durationms="123.468" usertimems="469.009" systemtimems="0.000" timestamp="2021-04-05T23:20:35.197" activeThreads="4">
  <mem-info id="5805" free="1213069200" total="1610612736" percent="75">
    <mem type="nursery" free="270509872" total="402653184" percent="67">
      <mem type="allocate" free="270509872" total="332529664" percent="81" />
      <mem type="survivor" free="0" total="70123520" percent="0" />
    </mem>
    <mem type="tenure" free="942559328" total="1207959552" percent="78" macro-fragmented="0">
      <mem type="soa" free="882160736" total="1147560960" percent="76" />
      <mem type="loa" free="60398592" total="60398592" percent="100" />
    </mem>
    <remembered-set count="1333" />
  </mem-info>
</gc-end>
<cycle-end id="5806" type="scavenge" contextid="5800" timestamp="2021-04-05T23:20:35.197" />
<allocation-satisfied id="5807" threadId="0000000000329300" bytesRequested="136" />
<af-end id="5808" timestamp="2021-04-05T23:20:35.197" threadId="0000000000329C80" success="true" from="nursery"/>
<exclusive-end id="5809" timestamp="2021-04-05T23:20:35.197" durationms="124.217" />

<exclusive-start id="5810" timestamp="2021-04-05T23:20:36.171" intervalms="1098.237">
  <response-info timems="0.092" idlems="0.067" threads="1" lastid="0000000000329300" lastname="BenchmarkThread xml.validation 3" />
</exclusive-start>
<af-start id="5811" threadId="0000000000331480" totalBytesRequested="16" timestamp="2021-04-05T23:20:36.171" intervalms="1098.237" type="nursery" />
<cycle-start id="5812" type="scavenge" contextid="0" timestamp="2021-04-05T23:20:36.172" intervalms="1098.236" />
<gc-start id="5813" type="scavenge" contextid="5812" timestamp="2021-04-05T23:20:36.172">
  <mem-info id="5814" free="942559328" total="1610612736" percent="58">
    <mem type="nursery" free="0" total="402653184" percent="0">
      <mem type="allocate" free="0" total="332529664" percent="0" />
      <mem type="survivor" free="0" total="70123520" percent="0" />
    </mem>
    <mem type="tenure" free="942559328" total="1207959552" percent="78">
      <mem type="soa" free="882160736" total="1147560960" percent="76" />
      <mem type="loa" free="60398592" total="60398592" percent="100" />
    </mem>
    <remembered-set count="1601" />
  </mem-info>
</gc-start>
<allocation-stats totalBytes="270395952" >
  <allocated-bytes non-tlh="136" tlh="270395816" />
  <largest-consumer threadName="BenchmarkThread xml.validation 8" threadId="000000000033BE00" bytes="43054888" />
</allocation-stats>
<gc-op id="5815" type="scavenge" timems="110.056" contextid="5812" timestamp="2021-04-05T23:20:36.282">
  <scavenger-info tenureage="3" tenuremask="7ff8" tiltratio="82" />
  <memory-copied type="nursery" objects="1529856" bytes="61612000" bytesdiscarded="11240" />
  <memory-copied type="tenure" objects="8" bytes="256" bytesdiscarded="0" />
</gc-op>
<gc-end id="5816" type="scavenge" contextid="5812" durationms="110.044" usertimems="400.351" systemtimems="0.000" timestamp="2021-04-05T23:20:36.282" activeThreads="4">
  <mem-info id="5817" free="1214121112" total="1610612736" percent="75">
    <mem type="nursery" free="271561784" total="402653184" percent="67">
      <mem type="allocate" free="271561784" total="333185024" percent="81" />
      <mem type="survivor" free="0" total="69468160" percent="0" />
    </mem>
    <mem type="tenure" free="942559328" total="1207959552" percent="78" macro-fragmented="0">
      <mem type="soa" free="882160736" total="1147560960" percent="76" />
      <mem type="loa" free="60398592" total="60398592" percent="100" />
    </mem>
    <remembered-set count="1337" />
  </mem-info>
</gc-end>
<cycle-end id="5818" type="scavenge" contextid="5812" timestamp="2021-04-05T23:20:36.282" />
<allocation-satisfied id="5819" threadId="0000000000330B00" bytesRequested="16" />
<af-end id="5820" timestamp="2021-04-05T23:20:36.282" threadId="0000000000331480" success="true" from="nursery"/>
<exclusive-end id="5821" timestamp="2021-04-05T23:20:36.282" durationms="110.725" />

<exclusive-start id="5822" timestamp="2021-04-05T23:20:36.989" intervalms="817.339">
  <response-info timems="0.051" idlems="0.051" threads="0" lastid="0000000000329300" lastname="BenchmarkThread xml.validation 3" />
</exclusive-start>
<af-start id="5823" threadId="0000000000329C80" totalBytesRequested="16" timestamp="2021-04-05T23:20:36.989" intervalms="817.337" type="nursery" />
<cycle-start id="5824" type="scavenge" contextid="0" timestamp="2021-04-05T23:20:36.989" intervalms="817.350" />
<gc-start id="5825" type="scavenge" contextid="5824" timestamp="2021-04-05T23:20:36.989">
  <mem-info id="5826" free="942559328" total="1610612736" percent="58">
    <mem type="nursery" free="0" total="402653184" percent="0">
      <mem type="allocate" free="0" total="333185024" percent="0" />
      <mem type="survivor" free="0" total="69468160" percent="0" />
    </mem>
    <mem type="tenure" free="942559328" total="1207959552" percent="78">
      <mem type="soa" free="882160736" total="1147560960" percent="76" />
      <mem type="loa" free="60398592" total="60398592" percent="100" />
    </mem>
    <remembered-set count="1531" />
  </mem-info>
</gc-start>
<allocation-stats totalBytes="271475408" >
  <allocated-bytes non-tlh="16" tlh="271475392" />
  <largest-consumer threadName="BenchmarkThread xml.validation 5" threadId="0000000000330B00" bytes="45562928" />
</allocation-stats>
<gc-op id="5827" type="scavenge" timems="118.867" contextid="5824" timestamp="2021-04-05T23:20:37.108">
  <scavenger-info tenureage="3" tenuremask="7ff8" tiltratio="82" />
  <memory-copied type="nursery" objects="1544309" bytes="62007344" bytesdiscarded="12640" />
  <memory-copied type="tenure" objects="4" bytes="128" bytesdiscarded="0" />
</gc-op>
<gc-end id="5828" type="scavenge" contextid="5824" durationms="118.856" usertimems="452.172" systemtimems="0.000" timestamp="2021-04-05T23:20:37.108" activeThreads="4">
  <mem-info id="5829" free="1214117584" total="1610612736" percent="75">
    <mem type="nursery" free="271558256" total="402653184" percent="67">
      <mem type="allocate" free="271558256" total="333578240" percent="81" />
      <mem type="survivor" free="0" total="69074944" percent="0" />
    </mem>
    <mem type="tenure" free="942559328" total="1207959552" percent="78" macro-fragmented="0">
      <mem type="soa" free="882160736" total="1147560960" percent="76" />
      <mem type="loa" free="60398592" total="60398592" percent="100" />
    </mem>
    <remembered-set count="1338" />
  </mem-info>
</gc-end>
<cycle-end id="5830" type="scavenge" contextid="5824" timestamp="2021-04-05T23:20:37.108" />
<allocation-satisfied id="5831" threadId="0000000000329300" bytesRequested="16" />
<af-end id="5832" timestamp="2021-04-05T23:20:37.108" threadId="0000000000329C80" success="true" from="nursery"/>
<exclusive-end id="5833" timestamp="2021-04-05T23:20:37.108" durationms="119.583" />

<exclusive-start id="5834" timestamp="2021-04-05T23:20:37.948" intervalms="958.885">
  <response-info timems="0.048" idlems="0.048" threads="0" lastid="0000000000334700" lastname="BenchmarkThread xml.validation 6" />
</exclusive-start>
<af-start id="5835" threadId="0000000000335080" totalBytesRequested="64" timestamp="2021-04-05T23:20:37.948" intervalms="958.891" type="nursery" />
<cycle-start id="5836" type="scavenge" contextid="0" timestamp="2021-04-05T23:20:37.948" intervalms="958.880" />
<gc-start id="5837" type="scavenge" contextid="5836" timestamp="2021-04-05T23:20:37.948">
  <mem-info id="5838" free="942559328" total="1610612736" percent="58">
    <mem type="nursery" free="0" total="402653184" percent="0">
      <mem type="allocate" free="0" total="333578240" percent="0" />
      <mem type="survivor" free="0" total="69074944" percent="0" />
    </mem>
    <mem type="tenure" free="942559328" total="1207959552" percent="78">
      <mem type="soa" free="882160736" total="1147560960" percent="76" />
      <mem type="loa" free="60398592" total="60398592" percent="100" />
    </mem>
    <remembered-set count="1537" />
  </mem-info>
</gc-start>
<allocation-stats totalBytes="271459128" >
  <allocated-bytes non-tlh="16" tlh="271459112" />
  <largest-consumer threadName="BenchmarkThread xml.validation 3" threadId="0000000000329300" bytes="43996432" />
</allocation-stats>
<gc-op id="5839" type="scavenge" timems="117.618" contextid="5836" timestamp="2021-04-05T23:20:38.065">
  <scavenger-info tenureage="3" tenuremask="7ff8" tiltratio="82" />
  <memory-copied type="nursery" objects="1486713" bytes="60132032" bytesdiscarded="10088" />
  <memory-copied type="tenure" objects="4" bytes="128" bytesdiscarded="0" />
</gc-op>
<gc-end id="5840" type="scavenge" contextid="5836" durationms="117.604" usertimems="450.157" systemtimems="0.002" timestamp="2021-04-05T23:20:38.066" activeThreads="4">
  <mem-info id="5841" free="1216388664" total="1610612736" percent="75">
    <mem type="nursery" free="273829336" total="402653184" percent="68">
      <mem type="allocate" free="273829336" total="333971456" percent="81" />
      <mem type="survivor" free="0" total="68681728" percent="0" />
    </mem>
    <mem type="tenure" free="942559328" total="1207959552" percent="78" macro-fragmented="0">
      <mem type="soa" free="882160736" total="1147560960" percent="76" />
      <mem type="loa" free="60398592" total="60398592" percent="100" />
    </mem>
    <remembered-set count="1330" />
  </mem-info>
</gc-end>
<cycle-end id="5842" type="scavenge" contextid="5836" timestamp="2021-04-05T23:20:38.066" />
<allocation-satisfied id="5843" threadId="0000000000334700" bytesRequested="64" />
<af-end id="5844" timestamp="2021-04-05T23:20:38.066" threadId="0000000000335080" success="true" from="nursery"/>
<exclusive-end id="5845" timestamp="2021-04-05T23:20:38.066" durationms="118.345" />

<exclusive-start id="5846" timestamp="2021-04-05T23:20:38.913" intervalms="965.522">
  <response-info timems="0.041" idlems="0.041" threads="0" lastid="0000000000330B00" lastname="BenchmarkThread xml.validation 5" />
</exclusive-start>
<af-start id="5847" threadId="0000000000331480" totalBytesRequested="1040" timestamp="2021-04-05T23:20:38.913" intervalms="965.515" type="nursery" />
<cycle-start id="5848" type="scavenge" contextid="0" timestamp="2021-04-05T23:20:38.913" intervalms="965.511" />
<gc-start id="5849" type="scavenge" contextid="5848" timestamp="2021-04-05T23:20:38.913">
  <mem-info id="5850" free="942559328" total="1610612736" percent="58">
    <mem type="nursery" free="0" total="402653184" percent="0">
      <mem type="allocate" free="0" total="333971456" percent="0" />
      <mem type="survivor" free="0" total="68681728" percent="0" />
    </mem>
    <mem type="tenure" free="942559328" total="1207959552" percent="78">
      <mem type="soa" free="882160736" total="1147560960" percent="76" />
      <mem type="loa" free="60398592" total="60398592" percent="100" />
    </mem>
    <remembered-set count="1571" />
  </mem-info>
</gc-start>
<allocation-stats totalBytes="273706416" >
  <allocated-bytes non-tlh="64" tlh="273706352" />
  <largest-consumer threadName="BenchmarkThread xml.validation 7" threadId="0000000000338300" bytes="41132568" />
</allocation-stats>
<gc-op id="5851" type="scavenge" timems="119.062" contextid="5848" timestamp="2021-04-05T23:20:39.032">
  <scavenger-info tenureage="3" tenuremask="7ff8" tiltratio="82" />
  <memory-copied type="nursery" objects="1539860" bytes="61849936" bytesdiscarded="14592" />
  <memory-copied type="tenure" objects="8" bytes="256" bytesdiscarded="0" />
</gc-op>
<gc-end id="5852" type="scavenge" contextid="5848" durationms="119.051" usertimems="444.815" systemtimems="0.000" timestamp="2021-04-05T23:20:39.033" activeThreads="4">
  <mem-info id="5853" free="1214666256" total="1610612736" percent="75">
    <mem type="nursery" free="272106928" total="402653184" percent="67">
      <mem type="allocate" free="272106928" total="333971456" percent="81" />
      <mem type="survivor" free="0" total="68681728" percent="0" />
    </mem>
    <mem type="tenure" free="942559328" total="1207959552" percent="78" macro-fragmented="0">
      <mem type="soa" free="882160736" total="1147560960" percent="76" />
      <mem type="loa" free="60398592" total="60398592" percent="100" />
    </mem>
    <remembered-set count="1336" />
  </mem-info>
</gc-end>
<cycle-end id="5854" type="scavenge" contextid="5848" timestamp="2021-04-05T23:20:39.033" />
<allocation-satisfied id="5855" threadId="0000000000330B00" bytesRequested="1040" />
<af-end id="5856" timestamp="2021-04-05T23:20:39.033" threadId="0000000000331480" success="true" from="nursery"/>
<exclusive-end id="5857" timestamp="2021-04-05T23:20:39.033" durationms="119.746" />

<exclusive-start id="5858" timestamp="2021-04-05T23:20:39.779" intervalms="865.848">
  <response-info timems="0.058" idlems="0.058" threads="0" lastid="0000000000334700" lastname="BenchmarkThread xml.validation 6" />
</exclusive-start>
<af-start id="5859" threadId="0000000000335080" totalBytesRequested="16" timestamp="2021-04-05T23:20:39.779" intervalms="865.861" type="nursery" />
<cycle-start id="5860" type="scavenge" contextid="0" timestamp="2021-04-05T23:20:39.779" intervalms="865.864" />
<gc-start id="5861" type="scavenge" contextid="5860" timestamp="2021-04-05T23:20:39.779">
  <mem-info id="5862" free="942559328" total="1610612736" percent="58">
    <mem type="nursery" free="0" total="402653184" percent="0">
      <mem type="allocate" free="0" total="333971456" percent="0" />
      <mem type="survivor" free="0" total="68681728" percent="0" />
    </mem>
    <mem type="tenure" free="942559328" total="1207959552" percent="78">
      <mem type="soa" free="882160736" total="1147560960" percent="76" />
      <mem type="loa" free="60398592" total="60398592" percent="100" />
    </mem>
    <remembered-set count="1512" />
  </mem-info>
</gc-start>
<allocation-stats totalBytes="272013280" >
  <allocated-bytes non-tlh="3120" tlh="272010160" />
  <largest-consumer threadName="BenchmarkThread xml.validation 5" threadId="0000000000330B00" bytes="48080472" />
</allocation-stats>
<gc-op id="5863" type="scavenge" timems="117.561" contextid="5860" timestamp="2021-04-05T23:20:39.897">
  <scavenger-info tenureage="3" tenuremask="7ff8" tiltratio="82" />
  <memory-copied type="nursery" objects="1393199" bytes="56124264" bytesdiscarded="8296" />
  <memory-copied type="tenure" objects="130016" bytes="5226552" bytesdiscarded="0" />
</gc-op>
<gc-end id="5864" type="scavenge" contextid="5860" durationms="117.550" usertimems="447.713" systemtimems="4.007" timestamp="2021-04-05T23:20:39.897" activeThreads="4">
  <mem-info id="5865" free="1215548560" total="1610612736" percent="75">
    <mem type="nursery" free="278232112" total="402653184" percent="69">
      <mem type="allocate" free="278232112" total="334364672" percent="83" />
      <mem type="survivor" free="0" total="68288512" percent="0" />
    </mem>
    <mem type="tenure" free="937316448" total="1207959552" percent="77" macro-fragmented="0">
      <mem type="soa" free="876917856" total="1147560960" percent="76" />
      <mem type="loa" free="60398592" total="60398592" percent="100" />
    </mem>
    <remembered-set count="1306" />
  </mem-info>
</gc-end>
<cycle-end id="5866" type="scavenge" contextid="5860" timestamp="2021-04-05T23:20:39.897" />
<allocation-satisfied id="5867" threadId="0000000000334700" bytesRequested="16" />
<af-end id="5868" timestamp="2021-04-05T23:20:39.897" threadId="0000000000335080" success="true" from="nursery"/>
<exclusive-end id="5869" timestamp="2021-04-05T23:20:39.897" durationms="118.280" />

<exclusive-start id="5870" timestamp="2021-04-05T23:20:40.813" intervalms="1033.853">
  <response-info timems="0.071" idlems="0.045" threads="1" lastid="000000000032CF00" lastname="BenchmarkThread xml.validation 4" />
</exclusive-start>
<af-start id="5871" threadId="0000000000338C80" totalBytesRequested="16" timestamp="2021-04-05T23:20:40.813" intervalms="1033.841" type="nursery" />
<cycle-start id="5872" type="scavenge" contextid="0" timestamp="2021-04-05T23:20:40.813" intervalms="1033.841" />
<gc-start id="5873" type="scavenge" contextid="5872" timestamp="2021-04-05T23:20:40.813">
  <mem-info id="5874" free="937316448" total="1610612736" percent="58">
    <mem type="nursery" free="0" total="402653184" percent="0">
      <mem type="allocate" free="0" total="334364672" percent="0" />
      <mem type="survivor" free="0" total="68288512" percent="0" />
    </mem>
    <mem type="tenure" free="937316448" total="1207959552" percent="77">
      <mem type="soa" free="876917856" total="1147560960" percent="76" />
      <mem type="loa" free="60398592" total="60398592" percent="100" />
    </mem>
    <remembered-set count="1540" />
  </mem-info>
</gc-start>
<allocation-stats totalBytes="278140728" >
  <allocated-bytes non-tlh="16" tlh="278140712" />
  <largest-consumer threadName="BenchmarkThread xml.validation 1" threadId="000000000011CB00" bytes="60675976" />
</allocation-stats>
<gc-op id="5875" type="scavenge" timems="107.348" contextid="5872" timestamp="2021-04-05T23:20:40.920">
  <scavenger-info tenureage="3" tenuremask="7ff8" tiltratio="83" />
  <memory-copied type="nursery" objects="1368676" bytes="55137448" bytesdiscarded="8288" />
  <memory-copied type="tenure" objects="62172" bytes="2457272" bytesdiscarded="0" />
</gc-op>
<gc-end id="5876" type="scavenge" contextid="5872" durationms="107.337" usertimems="425.258" systemtimems="0.000" timestamp="2021-04-05T23:20:40.921" activeThreads="4">
  <mem-info id="5877" free="1215683416" total="1610612736" percent="75">
    <mem type="nursery" free="280726264" total="402653184" percent="69">
      <mem type="allocate" free="280726264" total="335872000" percent="83" />
      <mem type="survivor" free="0" total="66781184" percent="0" />
    </mem>
    <mem type="tenure" free="934957152" total="1207959552" percent="77" macro-fragmented="0">
      <mem type="soa" free="874558560" total="1147560960" percent="76" />
      <mem type="loa" free="60398592" total="60398592" percent="100" />
    </mem>
    <remembered-set count="1231" />
  </mem-info>
</gc-end>
<cycle-end id="5878" type="scavenge" contextid="5872" timestamp="2021-04-05T23:20:40.921" />
<allocation-satisfied id="5879" threadId="0000000000338300" bytesRequested="16" />
<af-end id="5880" timestamp="2021-04-05T23:20:40.921" threadId="0000000000338C80" success="true" from="nursery"/>
<exclusive-end id="5881" timestamp="2021-04-05T23:20:40.921" durationms="108.044" />

<exclusive-start id="5882" timestamp="2021-04-05T23:20:41.728" intervalms="915.511">
  <response-info timems="0.047" idlems="0.047" threads="0" lastid="0000000000338300" lastname="BenchmarkThread xml.validation 7" />
</exclusive-start>
<af-start id="5883" threadId="0000000000338C80" totalBytesRequested="16" timestamp="2021-04-05T23:20:41.728" intervalms="915.513" type="nursery" />
<cycle-start id="5884" type="scavenge" contextid="0" timestamp="2021-04-05T23:20:41.728" intervalms="915.513" />
<gc-start id="5885" type="scavenge" contextid="5884" timestamp="2021-04-05T23:20:41.729">
  <mem-info id="5886" free="934957152" total="1610612736" percent="58">
    <mem type="nursery" free="0" total="402653184" percent="0">
      <mem type="allocate" free="0" total="335872000" percent="0" />
      <mem type="survivor" free="0" total="66781184" percent="0" />
    </mem>
    <mem type="tenure" free="934957152" total="1207959552" percent="77">
      <mem type="soa" free="874558560" total="1147560960" percent="76" />
      <mem type="loa" free="60398592" total="60398592" percent="100" />
    </mem>
    <remembered-set count="1424" />
  </mem-info>
</gc-start>
<allocation-stats totalBytes="280626288" >
  <allocated-bytes non-tlh="16" tlh="280626272" />
  <largest-consumer threadName="BenchmarkThread xml.validation 1" threadId="000000000011CB00" bytes="55659336" />
</allocation-stats>
<gc-op id="5887" type="scavenge" timems="107.559" contextid="5884" timestamp="2021-04-05T23:20:41.836">
  <scavenger-info tenureage="3" tenuremask="7ff8" tiltratio="83" />
  <memory-copied type="nursery" objects="1359021" bytes="54663152" bytesdiscarded="10072" />
  <memory-copied type="tenure" objects="876" bytes="36784" bytesdiscarded="0" />
</gc-op>
<gc-end id="5888" type="scavenge" contextid="5884" durationms="107.547" usertimems="409.020" systemtimems="0.000" timestamp="2021-04-05T23:20:41.837" activeThreads="4">
  <mem-info id="5889" free="1217597720" total="1610612736" percent="75">
    <mem type="nursery" free="282640568" total="402653184" percent="70">
      <mem type="allocate" free="282640568" total="337313792" percent="83" />
      <mem type="survivor" free="0" total="65339392" percent="0" />
    </mem>
    <mem type="tenure" free="934957152" total="1207959552" percent="77" macro-fragmented="0">
      <mem type="soa" free="874558560" total="1147560960" percent="76" />
      <mem type="loa" free="60398592" total="60398592" percent="100" />
    </mem>
    <remembered-set count="1177" />
  </mem-info>
</gc-end>
<cycle-end id="5890" type="scavenge" contextid="5884" timestamp="2021-04-05T23:20:41.837" />
<allocation-satisfied id="5891" threadId="0000000000338300" bytesRequested="16" />
<af-end id="5892" timestamp="2021-04-05T23:20:41.837" threadId="0000000000338C80" success="true" from="nursery"/>
<exclusive-end id="5893" timestamp="2021-04-05T23:20:41.837" durationms="108.401" />

<exclusive-start id="5894" timestamp="2021-04-05T23:20:42.642" intervalms="913.954">
  <response-info timems="0.045" idlems="0.025" threads="1" lastid="000000000032CF00" lastname="BenchmarkThread xml.validation 4" />
</exclusive-start>
<af-start id="5895" threadId="000000000011D480" totalBytesRequested="24" timestamp="2021-04-05T23:20:42.642" intervalms="913.954" type="nursery" />
<cycle-start id="5896" type="scavenge" contextid="0" timestamp="2021-04-05T23:20:42.642" intervalms="913.952" />
<gc-start id="5897" type="scavenge" contextid="5896" timestamp="2021-04-05T23:20:42.642">
  <mem-info id="5898" free="934957152" total="1610612736" percent="58">
    <mem type="nursery" free="0" total="402653184" percent="0">
      <mem type="allocate" free="0" total="337313792" percent="0" />
      <mem type="survivor" free="0" total="65339392" percent="0" />
    </mem>
    <mem type="tenure" free="934957152" total="1207959552" percent="77">
      <mem type="soa" free="874558560" total="1147560960" percent="76" />
      <mem type="loa" free="60398592" total="60398592" percent="100" />
    </mem>
    <remembered-set count="1374" />
  </mem-info>
</gc-start>
<allocation-stats totalBytes="282556360" >
  <allocated-bytes non-tlh="16" tlh="282556344" />
  <largest-consumer threadName="BenchmarkThread xml.validation 4" threadId="000000000032CF00" bytes="51126568" />
</allocation-stats>
<gc-op id="5899" type="scavenge" timems="99.002" contextid="5896" timestamp="2021-04-05T23:20:42.742">
  <scavenger-info tenureage="3" tenuremask="7ff8" tiltratio="83" />
  <memory-copied type="nursery" objects="1308680" bytes="53000368" bytesdiscarded="8800" />
  <memory-copied type="tenure" objects="6" bytes="192" bytesdiscarded="0" />
</gc-op>
<gc-end id="5900" type="scavenge" contextid="5896" durationms="98.991" usertimems="369.855" systemtimems="0.000" timestamp="2021-04-05T23:20:42.742" activeThreads="4">
  <mem-info id="5901" free="1220506960" total="1610612736" percent="75">
    <mem type="nursery" free="285549808" total="402653184" percent="70">
      <mem type="allocate" free="285549808" total="338558976" percent="84" />
      <mem type="survivor" free="0" total="64094208" percent="0" />
    </mem>
    <mem type="tenure" free="934957152" total="1207959552" percent="77" macro-fragmented="0">
      <mem type="soa" free="874558560" total="1147560960" percent="76" />
      <mem type="loa" free="60398592" total="60398592" percent="100" />
    </mem>
    <remembered-set count="1174" />
  </mem-info>
</gc-end>
<cycle-end id="5902" type="scavenge" contextid="5896" timestamp="2021-04-05T23:20:42.742" />
<allocation-satisfied id="5903" threadId="000000000011CB00" bytesRequested="24" />
<af-end id="5904" timestamp="2021-04-05T23:20:42.742" threadId="000000000011D480" success="true" from="nursery"/>
<exclusive-end id="5905" timestamp="2021-04-05T23:20:42.742" durationms="99.682" />

<exclusive-start id="5906" timestamp="2021-04-05T23:20:43.681" intervalms="1039.038">
  <response-info timems="0.054" idlems="0.054" threads="0" lastid="0000000000329300" lastname="BenchmarkThread xml.validation 3" />
</exclusive-start>
<af-start id="5907" threadId="0000000000329C80" totalBytesRequested="64" timestamp="2021-04-05T23:20:43.681" intervalms="1039.042" type="nursery" />
<cycle-start id="5908" type="scavenge" contextid="0" timestamp="2021-04-05T23:20:43.681" intervalms="1039.044" />
<gc-start id="5909" type="scavenge" contextid="5908" timestamp="2021-04-05T23:20:43.682">
  <mem-info id="5910" free="934957152" total="1610612736" percent="58">
    <mem type="nursery" free="0" total="402653184" percent="0">
      <mem type="allocate" free="0" total="338558976" percent="0" />
      <mem type="survivor" free="0" total="64094208" percent="0" />
    </mem>
    <mem type="tenure" free="934957152" total="1207959552" percent="77">
      <mem type="soa" free="874558560" total="1147560960" percent="76" />
      <mem type="loa" free="60398592" total="60398592" percent="100" />
    </mem>
    <remembered-set count="1406" />
  </mem-info>
</gc-start>
<allocation-stats totalBytes="285414160" >
  <allocated-bytes non-tlh="24" tlh="285414136" />
  <largest-consumer threadName="BenchmarkThread xml.validation 1" threadId="000000000011CB00" bytes="66660736" />
</allocation-stats>
<gc-op id="5911" type="scavenge" timems="110.663" contextid="5908" timestamp="2021-04-05T23:20:43.792">
  <scavenger-info tenureage="3" tenuremask="7ff8" tiltratio="84" />
  <memory-copied type="nursery" objects="1372327" bytes="55297680" bytesdiscarded="12072" />
  <memory-copied type="tenure" objects="8" bytes="256" bytesdiscarded="0" />
</gc-op>
<gc-end id="5912" type="scavenge" contextid="5908" durationms="110.649" usertimems="412.897" systemtimems="0.000" timestamp="2021-04-05T23:20:43.793" activeThreads="4">
  <mem-info id="5913" free="1218599592" total="1610612736" percent="75">
    <mem type="nursery" free="283642440" total="402653184" percent="70">
      <mem type="allocate" free="283642440" total="338952192" percent="83" />
      <mem type="survivor" free="0" total="63700992" percent="0" />
    </mem>
    <mem type="tenure" free="934957152" total="1207959552" percent="77" macro-fragmented="0">
      <mem type="soa" free="874558560" total="1147560960" percent="76" />
      <mem type="loa" free="60398592" total="60398592" percent="100" />
    </mem>
    <remembered-set count="1179" />
  </mem-info>
</gc-end>
<cycle-end id="5914" type="scavenge" contextid="5908" timestamp="2021-04-05T23:20:43.793" />
<allocation-satisfied id="5915" threadId="0000000000329300" bytesRequested="64" />
<af-end id="5916" timestamp="2021-04-05T23:20:43.793" threadId="0000000000329C80" success="true" from="nursery"/>
<exclusive-end id="5917" timestamp="2021-04-05T23:20:43.793" durationms="111.392" />

<exclusive-start id="5918" timestamp="2021-04-05T23:20:44.580" intervalms="898.768">
  <response-info timems="0.041" idlems="0.041" threads="0" lastid="000000000011CB00" lastname="BenchmarkThread xml.validation 1" />
</exclusive-start>
<af-start id="5919" threadId="000000000011D480" totalBytesRequested="208" timestamp="2021-04-05T23:20:44.580" intervalms="898.761" type="nursery" />
<cycle-start id="5920" type="scavenge" contextid="0" timestamp="2021-04-05T23:20:44.580" intervalms="898.759" />
<gc-start id="5921" type="scavenge" contextid="5920" timestamp="2021-04-05T23:20:44.580">
  <mem-info id="5922" free="934957152" total="1610612736" percent="58">
    <mem type="nursery" free="0" total="402653184" percent="0">
      <mem type="allocate" free="0" total="338952192" percent="0" />
      <mem type="survivor" free="0" total="63700992" percent="0" />
    </mem>
    <mem type="tenure" free="934957152" total="1207959552" percent="77">
      <mem type="soa" free="874558560" total="1147560960" percent="76" />
      <mem type="loa" free="60398592" total="60398592" percent="100" />
    </mem>
    <remembered-set count="1370" />
  </mem-info>
</gc-start>
<allocation-stats totalBytes="283555424" >
  <allocated-bytes non-tlh="2144" tlh="283553280" />
  <largest-consumer threadName="BenchmarkThread xml.validation 3" threadId="0000000000329300" bytes="51324928" />
</allocation-stats>
<gc-op id="5923" type="scavenge" timems="102.190" contextid="5920" timestamp="2021-04-05T23:20:44.683">
  <scavenger-info tenureage="3" tenuremask="7ff8" tiltratio="84" />
  <memory-copied type="nursery" objects="1351329" bytes="54244592" bytesdiscarded="11224" />
  <memory-copied type="tenure" objects="2" bytes="64" bytesdiscarded="0" />
</gc-op>
<gc-end id="5924" type="scavenge" contextid="5920" durationms="102.179" usertimems="388.265" systemtimems="0.000" timestamp="2021-04-05T23:20:44.683" activeThreads="4">
  <mem-info id="5925" free="1220439960" total="1610612736" percent="75">
    <mem type="nursery" free="285482808" total="402653184" percent="70">
      <mem type="allocate" free="285482808" total="339738624" percent="84" />
      <mem type="survivor" free="0" total="62914560" percent="0" />
    </mem>
    <mem type="tenure" free="934957152" total="1207959552" percent="77" macro-fragmented="0">
      <mem type="soa" free="874558560" total="1147560960" percent="76" />
      <mem type="loa" free="60398592" total="60398592" percent="100" />
    </mem>
    <remembered-set count="1178" />
  </mem-info>
</gc-end>
<cycle-end id="5926" type="scavenge" contextid="5920" timestamp="2021-04-05T23:20:44.683" />
<allocation-satisfied id="5927" threadId="000000000011CB00" bytesRequested="208" />
<af-end id="5928" timestamp="2021-04-05T23:20:44.683" threadId="000000000011D480" success="true" from="nursery"/>
<exclusive-end id="5929" timestamp="2021-04-05T23:20:44.683" durationms="102.861" />

<exclusive-start id="5930" timestamp="2021-04-05T23:20:45.563" intervalms="983.231">
  <response-info timems="0.050" idlems="0.050" threads="0" lastid="000000000011CB00" lastname="BenchmarkThread xml.validation 1" />
</exclusive-start>
<af-start id="5931" threadId="000000000011D480" totalBytesRequested="1040" timestamp="2021-04-05T23:20:45.563" intervalms="983.232" type="nursery" />
<cycle-start id="5932" type="scavenge" contextid="0" timestamp="2021-04-05T23:20:45.563" intervalms="983.234" />
<gc-start id="5933" type="scavenge" contextid="5932" timestamp="2021-04-05T23:20:45.564">
  <mem-info id="5934" free="934957152" total="1610612736" percent="58">
    <mem type="nursery" free="0" total="402653184" percent="0">
      <mem type="allocate" free="0" total="339738624" percent="0" />
      <mem type="survivor" free="0" total="62914560" percent="0" />
    </mem>
    <mem type="tenure" free="934957152" total="1207959552" percent="77">
      <mem type="soa" free="874558560" total="1147560960" percent="76" />
      <mem type="loa" free="60398592" total="60398592" percent="100" />
    </mem>
    <remembered-set count="1394" />
  </mem-info>
</gc-start>
<allocation-stats totalBytes="285370152" >
  <allocated-bytes non-tlh="208" tlh="285369944" />
  <largest-consumer threadName="BenchmarkThread xml.validation 1" threadId="000000000011CB00" bytes="51365864" />
</allocation-stats>
<gc-op id="5935" type="scavenge" timems="108.639" contextid="5932" timestamp="2021-04-05T23:20:45.672">
  <scavenger-info tenureage="3" tenuremask="7ff8" tiltratio="84" />
  <memory-copied type="nursery" objects="1336495" bytes="53813312" bytesdiscarded="6856" />
  <memory-copied type="tenure" objects="12" bytes="384" bytesdiscarded="0" />
</gc-op>
<gc-end id="5936" type="scavenge" contextid="5932" durationms="108.627" usertimems="403.612" systemtimems="0.002" timestamp="2021-04-05T23:20:45.673" activeThreads="4">
  <mem-info id="5937" free="1221727576" total="1610612736" percent="75">
    <mem type="nursery" free="286770424" total="402653184" percent="71">
      <mem type="allocate" free="286770424" total="340590592" percent="84" />
      <mem type="survivor" free="0" total="62062592" percent="0" />
    </mem>
    <mem type="tenure" free="934957152" total="1207959552" percent="77" macro-fragmented="0">
      <mem type="soa" free="874558560" total="1147560960" percent="76" />
      <mem type="loa" free="60398592" total="60398592" percent="100" />
    </mem>
    <remembered-set count="1178" />
  </mem-info>
</gc-end>
<cycle-end id="5938" type="scavenge" contextid="5932" timestamp="2021-04-05T23:20:45.673" />
<allocation-satisfied id="5939" threadId="000000000011CB00" bytesRequested="1040" />
<af-end id="5940" timestamp="2021-04-05T23:20:45.673" threadId="000000000011D480" success="true" from="nursery"/>
<exclusive-end id="5941" timestamp="2021-04-05T23:20:45.673" durationms="109.350" />

<exclusive-start id="5942" timestamp="2021-04-05T23:20:46.562" intervalms="998.800">
  <response-info timems="0.046" idlems="0.046" threads="0" lastid="0000000000334700" lastname="BenchmarkThread xml.validation 6" />
</exclusive-start>
<af-start id="5943" threadId="0000000000335080" totalBytesRequested="1040" timestamp="2021-04-05T23:20:46.562" intervalms="998.796" type="nursery" />
<cycle-start id="5944" type="scavenge" contextid="0" timestamp="2021-04-05T23:20:46.562" intervalms="998.793" />
<gc-start id="5945" type="scavenge" contextid="5944" timestamp="2021-04-05T23:20:46.562">
  <mem-info id="5946" free="934957152" total="1610612736" percent="58">
    <mem type="nursery" free="0" total="402653184" percent="0">
      <mem type="allocate" free="0" total="340590592" percent="0" />
      <mem type="survivor" free="0" total="62062592" percent="0" />
    </mem>
    <mem type="tenure" free="934957152" total="1207959552" percent="77">
      <mem type="soa" free="874558560" total="1147560960" percent="76" />
      <mem type="loa" free="60398592" total="60398592" percent="100" />
    </mem>
    <remembered-set count="1393" />
  </mem-info>
</gc-start>
<allocation-stats totalBytes="286656400" >
  <allocated-bytes non-tlh="5200" tlh="286651200" />
  <largest-consumer threadName="BenchmarkThread xml.validation 2" threadId="000000000013CF00" bytes="56733880" />
</allocation-stats>
<gc-op id="5947" type="scavenge" timems="103.893" contextid="5944" timestamp="2021-04-05T23:20:46.666">
  <scavenger-info tenureage="3" tenuremask="7ff8" tiltratio="84" />
  <memory-copied type="nursery" objects="1371597" bytes="55296168" bytesdiscarded="11312" />
  <memory-copied type="tenure" objects="4" bytes="128" bytesdiscarded="0" />
</gc-op>
<gc-end id="5948" type="scavenge" contextid="5944" durationms="103.882" usertimems="393.383" systemtimems="0.000" timestamp="2021-04-05T23:20:46.667" activeThreads="4">
  <mem-info id="5949" free="1220371336" total="1610612736" percent="75">
    <mem type="nursery" free="285414184" total="402653184" percent="70">
      <mem type="allocate" free="285414184" total="340721664" percent="83" />
      <mem type="survivor" free="0" total="61931520" percent="0" />
    </mem>
    <mem type="tenure" free="934957152" total="1207959552" percent="77" macro-fragmented="0">
      <mem type="soa" free="874558560" total="1147560960" percent="76" />
      <mem type="loa" free="60398592" total="60398592" percent="100" />
    </mem>
    <remembered-set count="1182" />
  </mem-info>
</gc-end>
<cycle-end id="5950" type="scavenge" contextid="5944" timestamp="2021-04-05T23:20:46.667" />
<allocation-satisfied id="5951" threadId="0000000000334700" bytesRequested="1040" />
<af-end id="5952" timestamp="2021-04-05T23:20:46.667" threadId="0000000000335080" success="true" from="nursery"/>
<exclusive-end id="5953" timestamp="2021-04-05T23:20:46.667" durationms="104.579" />

<exclusive-start id="5954" timestamp="2021-04-05T23:20:47.478" intervalms="915.986">
  <response-info timems="0.054" idlems="0.054" threads="0" lastid="000000000032CF00" lastname="BenchmarkThread xml.validation 4" />
</exclusive-start>
<af-start id="5955" threadId="000000000032D880" totalBytesRequested="64" timestamp="2021-04-05T23:20:47.478" intervalms="915.991" type="nursery" />
<cycle-start id="5956" type="scavenge" contextid="0" timestamp="2021-04-05T23:20:47.478" intervalms="915.994" />
<gc-start id="5957" type="scavenge" contextid="5956" timestamp="2021-04-05T23:20:47.478">
  <mem-info id="5958" free="934957152" total="1610612736" percent="58">
    <mem type="nursery" free="0" total="402653184" percent="0">
      <mem type="allocate" free="0" total="340721664" percent="0" />
      <mem type="survivor" free="0" total="61931520" percent="0" />
    </mem>
    <mem type="tenure" free="934957152" total="1207959552" percent="77">
      <mem type="soa" free="874558560" total="1147560960" percent="76" />
      <mem type="loa" free="60398592" total="60398592" percent="100" />
    </mem>
    <remembered-set count="1361" />
  </mem-info>
</gc-start>
<allocation-stats totalBytes="285311696" >
  <allocated-bytes non-tlh="1040" tlh="285310656" />
  <largest-consumer threadName="BenchmarkThread xml.validation 6" threadId="0000000000334700" bytes="52177904" />
</allocation-stats>
<gc-op id="5959" type="scavenge" timems="101.685" contextid="5956" timestamp="2021-04-05T23:20:47.580">
  <scavenger-info tenureage="3" tenuremask="7ff8" tiltratio="84" />
  <memory-copied type="nursery" objects="1303473" bytes="52785776" bytesdiscarded="8352" />
  <memory-copied type="tenure" objects="6" bytes="192" bytesdiscarded="0" />
</gc-op>
<gc-end id="5960" type="scavenge" contextid="5956" durationms="101.673" usertimems="390.167" systemtimems="0.000" timestamp="2021-04-05T23:20:47.580" activeThreads="4">
  <mem-info id="5961" free="1223343440" total="1610612736" percent="75">
    <mem type="nursery" free="288386288" total="402653184" percent="71">
      <mem type="allocate" free="288386288" total="341180416" percent="84" />
      <mem type="survivor" free="0" total="61472768" percent="0" />
    </mem>
    <mem type="tenure" free="934957152" total="1207959552" percent="77" macro-fragmented="0">
      <mem type="soa" free="874558560" total="1147560960" percent="76" />
      <mem type="loa" free="60398592" total="60398592" percent="100" />
    </mem>
    <remembered-set count="1180" />
  </mem-info>
</gc-end>
<cycle-end id="5962" type="scavenge" contextid="5956" timestamp="2021-04-05T23:20:47.581" />
<allocation-satisfied id="5963" threadId="000000000032CF00" bytesRequested="64" />
<af-end id="5964" timestamp="2021-04-05T23:20:47.581" threadId="000000000032D880" success="true" from="nursery"/>
<exclusive-end id="5965" timestamp="2021-04-05T23:20:47.581" durationms="102.393" />

<exclusive-start id="5966" timestamp="2021-04-05T23:20:48.466" intervalms="988.255">
  <response-info timems="0.050" idlems="0.050" threads="0" lastid="000000000032CF00" lastname="BenchmarkThread xml.validation 4" />
</exclusive-start>
<af-start id="5967" threadId="000000000032D880" totalBytesRequested="16" timestamp="2021-04-05T23:20:48.466" intervalms="988.251" type="nursery" />
<cycle-start id="5968" type="scavenge" contextid="0" timestamp="2021-04-05T23:20:48.467" intervalms="988.248" />
<gc-start id="5969" type="scavenge" contextid="5968" timestamp="2021-04-05T23:20:48.467">
  <mem-info id="5970" free="934957152" total="1610612736" percent="58">
    <mem type="nursery" free="0" total="402653184" percent="0">
      <mem type="allocate" free="0" total="341180416" percent="0" />
      <mem type="survivor" free="0" total="61472768" percent="0" />
    </mem>
    <mem type="tenure" free="934957152" total="1207959552" percent="77">
      <mem type="soa" free="874558560" total="1147560960" percent="76" />
      <mem type="loa" free="60398592" total="60398592" percent="100" />
    </mem>
    <remembered-set count="1394" />
  </mem-info>
</gc-start>
<allocation-stats totalBytes="288304696" >
  <allocated-bytes non-tlh="64" tlh="288304632" />
  <largest-consumer threadName="BenchmarkThread xml.validation 2" threadId="000000000013CF00" bytes="52332176" />
</allocation-stats>
<gc-op id="5971" type="scavenge" timems="98.665" contextid="5968" timestamp="2021-04-05T23:20:48.565">
  <scavenger-info tenureage="3" tenuremask="7ff8" tiltratio="84" />
  <memory-copied type="nursery" objects="1340168" bytes="53937280" bytesdiscarded="11440" />
  <memory-copied type="tenure" objects="6" bytes="192" bytesdiscarded="0" />
</gc-op>
<gc-end id="5972" type="scavenge" contextid="5968" durationms="98.642" usertimems="384.343" systemtimems="0.000" timestamp="2021-04-05T23:20:48.566" activeThreads="4">
  <mem-info id="5973" free="1222582064" total="1610612736" percent="75">
    <mem type="nursery" free="287624912" total="402653184" percent="71">
      <mem type="allocate" free="287624912" total="341573632" percent="84" />
      <mem type="survivor" free="0" total="61079552" percent="0" />
    </mem>
    <mem type="tenure" free="934957152" total="1207959552" percent="77" macro-fragmented="0">
      <mem type="soa" free="874558560" total="1147560960" percent="76" />
      <mem type="loa" free="60398592" total="60398592" percent="100" />
    </mem>
    <remembered-set count="1178" />
  </mem-info>
</gc-end>
<cycle-end id="5974" type="scavenge" contextid="5968" timestamp="2021-04-05T23:20:48.566" />
<allocation-satisfied id="5975" threadId="000000000032CF00" bytesRequested="16" />
<af-end id="5976" timestamp="2021-04-05T23:20:48.566" threadId="000000000032D880" success="true" from="nursery"/>
<exclusive-end id="5977" timestamp="2021-04-05T23:20:48.566" durationms="99.364" />

<exclusive-start id="5978" timestamp="2021-04-05T23:20:49.424" intervalms="957.516">
  <response-info timems="0.043" idlems="0.043" threads="0" lastid="000000000011CB00" lastname="BenchmarkThread xml.validation 1" />
</exclusive-start>
<af-start id="5979" threadId="000000000011D480" totalBytesRequested="1040" timestamp="2021-04-05T23:20:49.424" intervalms="957.524" type="nursery" />
<cycle-start id="5980" type="scavenge" contextid="0" timestamp="2021-04-05T23:20:49.424" intervalms="957.526" />
<gc-start id="5981" type="scavenge" contextid="5980" timestamp="2021-04-05T23:20:49.424">
  <mem-info id="5982" free="934957152" total="1610612736" percent="58">
    <mem type="nursery" free="0" total="402653184" percent="0">
      <mem type="allocate" free="0" total="341573632" percent="0" />
      <mem type="survivor" free="0" total="61079552" percent="0" />
    </mem>
    <mem type="tenure" free="934957152" total="1207959552" percent="77">
      <mem type="soa" free="874558560" total="1147560960" percent="76" />
      <mem type="loa" free="60398592" total="60398592" percent="100" />
    </mem>
    <remembered-set count="1375" />
  </mem-info>
</gc-start>
<allocation-stats totalBytes="287516016" >
  <allocated-bytes non-tlh="16" tlh="287516000" />
  <largest-consumer threadName="BenchmarkThread xml.validation 4" threadId="000000000032CF00" bytes="59739872" />
</allocation-stats>
<gc-op id="5983" type="scavenge" timems="108.302" contextid="5980" timestamp="2021-04-05T23:20:49.532">
  <scavenger-info tenureage="3" tenuremask="7ff8" tiltratio="84" />
  <memory-copied type="nursery" objects="1410241" bytes="57218776" bytesdiscarded="12928" />
  <memory-copied type="tenure" objects="8" bytes="256" bytesdiscarded="0" />
</gc-op>
<gc-end id="5984" type="scavenge" contextid="5980" durationms="108.290" usertimems="419.621" systemtimems="0.000" timestamp="2021-04-05T23:20:49.533" activeThreads="4">
  <mem-info id="5985" free="1215891208" total="1610612736" percent="75">
    <mem type="nursery" free="280934056" total="402653184" percent="69">
      <mem type="allocate" free="280934056" total="338165760" percent="83" />
      <mem type="survivor" free="0" total="64487424" percent="0" />
    </mem>
    <mem type="tenure" free="934957152" total="1207959552" percent="77" macro-fragmented="0">
      <mem type="soa" free="874558560" total="1147560960" percent="76" />
      <mem type="loa" free="60398592" total="60398592" percent="100" />
    </mem>
    <remembered-set count="1181" />
  </mem-info>
</gc-end>
<cycle-end id="5986" type="scavenge" contextid="5980" timestamp="2021-04-05T23:20:49.533" />
<allocation-satisfied id="5987" threadId="000000000011CB00" bytesRequested="1040" />
<af-end id="5988" timestamp="2021-04-05T23:20:49.533" threadId="000000000011D480" success="true" from="nursery"/>
<exclusive-end id="5989" timestamp="2021-04-05T23:20:49.533" durationms="109.063" />

<exclusive-start id="5990" timestamp="2021-04-05T23:20:50.393" intervalms="968.592">
  <response-info timems="0.057" idlems="0.034" threads="1" lastid="0000000000330B00" lastname="BenchmarkThread xml.validation 5" />
</exclusive-start>
<af-start id="5991" threadId="0000000000338C80" totalBytesRequested="40" timestamp="2021-04-05T23:20:50.393" intervalms="968.586" type="nursery" />
<cycle-start id="5992" type="scavenge" contextid="0" timestamp="2021-04-05T23:20:50.393" intervalms="968.583" />
<gc-start id="5993" type="scavenge" contextid="5992" timestamp="2021-04-05T23:20:50.393">
  <mem-info id="5994" free="934957152" total="1610612736" percent="58">
    <mem type="nursery" free="0" total="402653184" percent="0">
      <mem type="allocate" free="0" total="338165760" percent="0" />
      <mem type="survivor" free="0" total="64487424" percent="0" />
    </mem>
    <mem type="tenure" free="934957152" total="1207959552" percent="77">
      <mem type="soa" free="874558560" total="1147560960" percent="76" />
      <mem type="loa" free="60398592" total="60398592" percent="100" />
    </mem>
    <remembered-set count="1366" />
  </mem-info>
</gc-start>
<allocation-stats totalBytes="280847440" >
  <allocated-bytes non-tlh="3120" tlh="280844320" />
  <largest-consumer threadName="BenchmarkThread xml.validation 1" threadId="000000000011CB00" bytes="56796176" />
</allocation-stats>
<gc-op id="5995" type="scavenge" timems="99.595" contextid="5992" timestamp="2021-04-05T23:20:50.492">
  <scavenger-info tenureage="3" tenuremask="7ff8" tiltratio="83" />
  <memory-copied type="nursery" objects="1343511" bytes="54015120" bytesdiscarded="10952" />
  <memory-copied type="tenure" objects="4" bytes="128" bytesdiscarded="0" />
</gc-op>
<gc-end id="5996" type="scavenge" contextid="5992" durationms="99.584" usertimems="383.410" systemtimems="0.000" timestamp="2021-04-05T23:20:50.493" activeThreads="4">
  <mem-info id="5997" free="1219621128" total="1610612736" percent="75">
    <mem type="nursery" free="284663976" total="402653184" percent="70">
      <mem type="allocate" free="284663976" total="338690048" percent="84" />
      <mem type="survivor" free="0" total="63963136" percent="0" />
    </mem>
    <mem type="tenure" free="934957152" total="1207959552" percent="77" macro-fragmented="0">
      <mem type="soa" free="874558560" total="1147560960" percent="76" />
      <mem type="loa" free="60398592" total="60398592" percent="100" />
    </mem>
    <remembered-set count="1176" />
  </mem-info>
</gc-end>
<cycle-end id="5998" type="scavenge" contextid="5992" timestamp="2021-04-05T23:20:50.493" />
<allocation-satisfied id="5999" threadId="0000000000338300" bytesRequested="40" />
<af-end id="6000" timestamp="2021-04-05T23:20:50.493" threadId="0000000000338C80" success="true" from="nursery"/>
<exclusive-end id="6001" timestamp="2021-04-05T23:20:50.493" durationms="100.324" />

<exclusive-start id="6002" timestamp="2021-04-05T23:20:51.359" intervalms="966.581">
  <response-info timems="0.118" idlems="0.082" threads="1" lastid="0000000000334700" lastname="BenchmarkThread xml.validation 6" />
</exclusive-start>
<af-start id="6003" threadId="000000000032D880" totalBytesRequested="56" timestamp="2021-04-05T23:20:51.359" intervalms="966.587" type="nursery" />
<cycle-start id="6004" type="scavenge" contextid="0" timestamp="2021-04-05T23:20:51.359" intervalms="966.593" />
<gc-start id="6005" type="scavenge" contextid="6004" timestamp="2021-04-05T23:20:51.359">
  <mem-info id="6006" free="934957152" total="1610612736" percent="58">
    <mem type="nursery" free="0" total="402653184" percent="0">
      <mem type="allocate" free="0" total="338690048" percent="0" />
      <mem type="survivor" free="0" total="63963136" percent="0" />
    </mem>
    <mem type="tenure" free="934957152" total="1207959552" percent="77">
      <mem type="soa" free="874558560" total="1147560960" percent="76" />
      <mem type="loa" free="60398592" total="60398592" percent="100" />
    </mem>
    <remembered-set count="1400" />
  </mem-info>
</gc-start>
<allocation-stats totalBytes="284566504" >
  <allocated-bytes non-tlh="2120" tlh="284564384" />
  <largest-consumer threadName="BenchmarkThread xml.validation 7" threadId="0000000000338300" bytes="67524760" />
</allocation-stats>
<gc-op id="6007" type="scavenge" timems="112.899" contextid="6004" timestamp="2021-04-05T23:20:51.472">
  <scavenger-info tenureage="3" tenuremask="7ff8" tiltratio="84" />
  <memory-copied type="nursery" objects="1349007" bytes="54334984" bytesdiscarded="9440" />
  <memory-copied type="tenure" objects="10" bytes="320" bytesdiscarded="0" />
</gc-op>
<gc-end id="6008" type="scavenge" contextid="6004" durationms="112.873" usertimems="407.315" systemtimems="0.008" timestamp="2021-04-05T23:20:51.473" activeThreads="4">
  <mem-info id="6009" free="1220285816" total="1610612736" percent="75">
    <mem type="nursery" free="285328664" total="402653184" percent="70">
      <mem type="allocate" free="285328664" total="339673088" percent="84" />
      <mem type="survivor" free="0" total="62980096" percent="0" />
    </mem>
    <mem type="tenure" free="934957152" total="1207959552" percent="77" macro-fragmented="0">
      <mem type="soa" free="874558560" total="1147560960" percent="76" />
      <mem type="loa" free="60398592" total="60398592" percent="100" />
    </mem>
    <remembered-set count="1179" />
  </mem-info>
</gc-end>
<cycle-end id="6010" type="scavenge" contextid="6004" timestamp="2021-04-05T23:20:51.473" />
<allocation-satisfied id="6011" threadId="000000000032CF00" bytesRequested="56" />
<af-end id="6012" timestamp="2021-04-05T23:20:51.473" threadId="000000000032D880" success="true" from="nursery"/>
<exclusive-end id="6013" timestamp="2021-04-05T23:20:51.473" durationms="113.907" />

<exclusive-start id="6014" timestamp="2021-04-05T23:20:52.359" intervalms="999.951">
  <response-info timems="0.061" idlems="0.061" threads="0" lastid="000000000032CF00" lastname="BenchmarkThread xml.validation 4" />
</exclusive-start>
<af-start id="6015" threadId="000000000032D880" totalBytesRequested="1040" timestamp="2021-04-05T23:20:52.359" intervalms="999.943" type="nursery" />
<cycle-start id="6016" type="scavenge" contextid="0" timestamp="2021-04-05T23:20:52.359" intervalms="999.938" />
<gc-start id="6017" type="scavenge" contextid="6016" timestamp="2021-04-05T23:20:52.359">
  <mem-info id="6018" free="934957152" total="1610612736" percent="58">
    <mem type="nursery" free="0" total="402653184" percent="0">
      <mem type="allocate" free="0" total="339673088" percent="0" />
      <mem type="survivor" free="0" total="62980096" percent="0" />
    </mem>
    <mem type="tenure" free="934957152" total="1207959552" percent="77">
      <mem type="soa" free="874558560" total="1147560960" percent="76" />
      <mem type="loa" free="60398592" total="60398592" percent="100" />
    </mem>
    <remembered-set count="1382" />
  </mem-info>
</gc-start>
<allocation-stats totalBytes="285237648" >
  <allocated-bytes non-tlh="56" tlh="285237592" />
  <largest-consumer threadName="BenchmarkThread xml.validation 4" threadId="000000000032CF00" bytes="54453152" />
</allocation-stats>
<gc-op id="6019" type="scavenge" timems="101.037" contextid="6016" timestamp="2021-04-05T23:20:52.460">
  <scavenger-info tenureage="3" tenuremask="7ff8" tiltratio="84" />
  <memory-copied type="nursery" objects="1330951" bytes="53722200" bytesdiscarded="7840" />
  <memory-copied type="tenure" objects="6" bytes="192" bytesdiscarded="0" />
</gc-op>
<gc-end id="6020" type="scavenge" contextid="6016" durationms="101.026" usertimems="372.394" systemtimems="0.009" timestamp="2021-04-05T23:20:52.461" activeThreads="4">
  <mem-info id="6021" free="1221752168" total="1610612736" percent="75">
    <mem type="nursery" free="286795016" total="402653184" percent="71">
      <mem type="allocate" free="286795016" total="340525056" percent="84" />
      <mem type="survivor" free="0" total="62128128" percent="0" />
    </mem>
    <mem type="tenure" free="934957152" total="1207959552" percent="77" macro-fragmented="0">
      <mem type="soa" free="874558560" total="1147560960" percent="76" />
      <mem type="loa" free="60398592" total="60398592" percent="100" />
    </mem>
    <remembered-set count="1179" />
  </mem-info>
</gc-end>
<cycle-end id="6022" type="scavenge" contextid="6016" timestamp="2021-04-05T23:20:52.461" />
<allocation-satisfied id="6023" threadId="000000000032CF00" bytesRequested="1040" />
<af-end id="6024" timestamp="2021-04-05T23:20:52.461" threadId="000000000032D880" success="true" from="nursery"/>
<exclusive-end id="6025" timestamp="2021-04-05T23:20:52.461" durationms="101.716" />

<exclusive-start id="6026" timestamp="2021-04-05T23:20:53.284" intervalms="924.560">
  <response-info timems="0.043" idlems="0.043" threads="0" lastid="000000000032CF00" lastname="BenchmarkThread xml.validation 4" />
</exclusive-start>
<af-start id="6027" threadId="000000000032D880" totalBytesRequested="1040" timestamp="2021-04-05T23:20:53.284" intervalms="924.577" type="nursery" />
<cycle-start id="6028" type="scavenge" contextid="0" timestamp="2021-04-05T23:20:53.284" intervalms="924.581" />
<gc-start id="6029" type="scavenge" contextid="6028" timestamp="2021-04-05T23:20:53.284">
  <mem-info id="6030" free="934957152" total="1610612736" percent="58">
    <mem type="nursery" free="0" total="402653184" percent="0">
      <mem type="allocate" free="0" total="340525056" percent="0" />
      <mem type="survivor" free="0" total="62128128" percent="0" />
    </mem>
    <mem type="tenure" free="934957152" total="1207959552" percent="77">
      <mem type="soa" free="874558560" total="1147560960" percent="76" />
      <mem type="loa" free="60398592" total="60398592" percent="100" />
    </mem>
    <remembered-set count="1387" />
  </mem-info>
</gc-start>
<allocation-stats totalBytes="286692064" >
  <allocated-bytes non-tlh="7280" tlh="286684784" />
  <largest-consumer threadName="BenchmarkThread xml.validation 7" threadId="0000000000338300" bytes="49510856" />
</allocation-stats>
<gc-op id="6031" type="scavenge" timems="108.926" contextid="6028" timestamp="2021-04-05T23:20:53.393">
  <scavenger-info tenureage="3" tenuremask="7ff8" tiltratio="84" />
  <memory-copied type="nursery" objects="1381443" bytes="55896224" bytesdiscarded="11072" />
  <memory-copied type="tenure" objects="4" bytes="128" bytesdiscarded="0" />
</gc-op>
<gc-end id="6032" type="scavenge" contextid="6028" durationms="108.915" usertimems="416.085" systemtimems="0.009" timestamp="2021-04-05T23:20:53.393" activeThreads="4">
  <mem-info id="6033" free="1219050624" total="1610612736" percent="75">
    <mem type="nursery" free="284093472" total="402653184" percent="70">
      <mem type="allocate" free="284093472" total="340000768" percent="83" />
      <mem type="survivor" free="0" total="62652416" percent="0" />
    </mem>
    <mem type="tenure" free="934957152" total="1207959552" percent="77" macro-fragmented="0">
      <mem type="soa" free="874558560" total="1147560960" percent="76" />
      <mem type="loa" free="60398592" total="60398592" percent="100" />
    </mem>
    <remembered-set count="1176" />
  </mem-info>
</gc-end>
<cycle-end id="6034" type="scavenge" contextid="6028" timestamp="2021-04-05T23:20:53.393" />
<allocation-satisfied id="6035" threadId="000000000032CF00" bytesRequested="1040" />
<af-end id="6036" timestamp="2021-04-05T23:20:53.393" threadId="000000000032D880" success="true" from="nursery"/>
<exclusive-end id="6037" timestamp="2021-04-05T23:20:53.393" durationms="109.644" />

<exclusive-start id="6038" timestamp="2021-04-05T23:20:54.308" intervalms="1024.127">
  <response-info timems="0.048" idlems="0.048" threads="0" lastid="000000000011CB00" lastname="BenchmarkThread xml.validation 1" />
</exclusive-start>
<af-start id="6039" threadId="000000000011D480" totalBytesRequested="136" timestamp="2021-04-05T23:20:54.308" intervalms="1024.111" type="nursery" />
<cycle-start id="6040" type="scavenge" contextid="0" timestamp="2021-04-05T23:20:54.308" intervalms="1024.107" />
<gc-start id="6041" type="scavenge" contextid="6040" timestamp="2021-04-05T23:20:54.308">
  <mem-info id="6042" free="934957152" total="1610612736" percent="58">
    <mem type="nursery" free="0" total="402653184" percent="0">
      <mem type="allocate" free="0" total="340000768" percent="0" />
      <mem type="survivor" free="0" total="62652416" percent="0" />
    </mem>
    <mem type="tenure" free="934957152" total="1207959552" percent="77">
      <mem type="soa" free="874558560" total="1147560960" percent="76" />
      <mem type="loa" free="60398592" total="60398592" percent="100" />
    </mem>
    <remembered-set count="1395" />
  </mem-info>
</gc-start>
<allocation-stats totalBytes="284004264" >
  <allocated-bytes non-tlh="2080" tlh="284002184" />
  <largest-consumer threadName="BenchmarkThread xml.validation 1" threadId="000000000011CB00" bytes="54383456" />
</allocation-stats>
<gc-op id="6043" type="scavenge" timems="98.406" contextid="6040" timestamp="2021-04-05T23:20:54.406">
  <scavenger-info tenureage="3" tenuremask="7ff8" tiltratio="84" />
  <memory-copied type="nursery" objects="1355025" bytes="54435552" bytesdiscarded="10072" />
  <memory-copied type="tenure" objects="6" bytes="192" bytesdiscarded="0" />
</gc-op>
<gc-end id="6044" type="scavenge" contextid="6040" durationms="98.384" usertimems="376.379" systemtimems="0.000" timestamp="2021-04-05T23:20:54.407" activeThreads="4">
  <mem-info id="6045" free="1220971048" total="1610612736" percent="75">
    <mem type="nursery" free="286013896" total="402653184" percent="71">
      <mem type="allocate" free="286013896" total="340459520" percent="84" />
      <mem type="survivor" free="0" total="62193664" percent="0" />
    </mem>
    <mem type="tenure" free="934957152" total="1207959552" percent="77" macro-fragmented="0">
      <mem type="soa" free="874558560" total="1147560960" percent="76" />
      <mem type="loa" free="60398592" total="60398592" percent="100" />
    </mem>
    <remembered-set count="1181" />
  </mem-info>
</gc-end>
<cycle-end id="6046" type="scavenge" contextid="6040" timestamp="2021-04-05T23:20:54.407" />
<allocation-satisfied id="6047" threadId="000000000011CB00" bytesRequested="136" />
<af-end id="6048" timestamp="2021-04-05T23:20:54.407" threadId="000000000011D480" success="true" from="nursery"/>
<exclusive-end id="6049" timestamp="2021-04-05T23:20:54.407" durationms="99.175" />

<exclusive-start id="6050" timestamp="2021-04-05T23:20:55.200" intervalms="891.980">
  <response-info timems="0.052" idlems="0.052" threads="0" lastid="0000000000334700" lastname="BenchmarkThread xml.validation 6" />
</exclusive-start>
<af-start id="6051" threadId="0000000000335080" totalBytesRequested="40" timestamp="2021-04-05T23:20:55.200" intervalms="891.994" type="nursery" />
<cycle-start id="6052" type="scavenge" contextid="0" timestamp="2021-04-05T23:20:55.200" intervalms="892.343" />
<gc-start id="6053" type="scavenge" contextid="6052" timestamp="2021-04-05T23:20:55.200">
  <mem-info id="6054" free="934957152" total="1610612736" percent="58">
    <mem type="nursery" free="0" total="402653184" percent="0">
      <mem type="allocate" free="0" total="340459520" percent="0" />
      <mem type="survivor" free="0" total="62193664" percent="0" />
    </mem>
    <mem type="tenure" free="934957152" total="1207959552" percent="77">
      <mem type="soa" free="874558560" total="1147560960" percent="76" />
      <mem type="loa" free="60398592" total="60398592" percent="100" />
    </mem>
    <remembered-set count="1375" />
  </mem-info>
</gc-start>
<allocation-stats totalBytes="285907448" >
  <allocated-bytes non-tlh="136" tlh="285907312" />
  <largest-consumer threadName="BenchmarkThread xml.validation 6" threadId="0000000000334700" bytes="46145984" />
</allocation-stats>
<gc-op id="6055" type="scavenge" timems="105.711" contextid="6052" timestamp="2021-04-05T23:20:55.306">
  <scavenger-info tenureage="3" tenuremask="7ff8" tiltratio="84" />
  <memory-copied type="nursery" objects="1360218" bytes="54633040" bytesdiscarded="9584" />
  <memory-copied type="tenure" objects="6" bytes="192" bytesdiscarded="0" />
</gc-op>
<gc-end id="6056" type="scavenge" contextid="6052" durationms="105.698" usertimems="412.946" systemtimems="0.000" timestamp="2021-04-05T23:20:55.306" activeThreads="4">
  <mem-info id="6057" free="1221363872" total="1610612736" percent="75">
    <mem type="nursery" free="286406720" total="402653184" percent="71">
      <mem type="allocate" free="286406720" total="341049344" percent="83" />
      <mem type="survivor" free="0" total="61603840" percent="0" />
    </mem>
    <mem type="tenure" free="934957152" total="1207959552" percent="77" macro-fragmented="0">
      <mem type="soa" free="874558560" total="1147560960" percent="76" />
      <mem type="loa" free="60398592" total="60398592" percent="100" />
    </mem>
    <remembered-set count="1182" />
  </mem-info>
</gc-end>
<cycle-end id="6058" type="scavenge" contextid="6052" timestamp="2021-04-05T23:20:55.306" />
<allocation-satisfied id="6059" threadId="0000000000334700" bytesRequested="40" />
<af-end id="6060" timestamp="2021-04-05T23:20:55.307" threadId="0000000000335080" success="true" from="nursery"/>
<exclusive-end id="6061" timestamp="2021-04-05T23:20:55.307" durationms="106.804" />

<exclusive-start id="6062" timestamp="2021-04-05T23:20:56.232" intervalms="1031.774">
  <response-info timems="0.049" idlems="0.049" threads="0" lastid="0000000000329300" lastname="BenchmarkThread xml.validation 3" />
</exclusive-start>
<af-start id="6063" threadId="0000000000329C80" totalBytesRequested="112" timestamp="2021-04-05T23:20:56.232" intervalms="1031.760" type="nursery" />
<cycle-start id="6064" type="scavenge" contextid="0" timestamp="2021-04-05T23:20:56.232" intervalms="1031.412" />
<gc-start id="6065" type="scavenge" contextid="6064" timestamp="2021-04-05T23:20:56.232">
  <mem-info id="6066" free="934957152" total="1610612736" percent="58">
    <mem type="nursery" free="0" total="402653184" percent="0">
      <mem type="allocate" free="0" total="341049344" percent="0" />
      <mem type="survivor" free="0" total="61603840" percent="0" />
    </mem>
    <mem type="tenure" free="934957152" total="1207959552" percent="77">
      <mem type="soa" free="874558560" total="1147560960" percent="76" />
      <mem type="loa" free="60398592" total="60398592" percent="100" />
    </mem>
    <remembered-set count="1387" />
  </mem-info>
</gc-start>
<allocation-stats totalBytes="286304464" >
  <allocated-bytes non-tlh="2120" tlh="286302344" />
  <largest-consumer threadName="BenchmarkThread xml.validation 1" threadId="000000000011CB00" bytes="58946168" />
</allocation-stats>
<gc-op id="6067" type="scavenge" timems="95.285" contextid="6064" timestamp="2021-04-05T23:20:56.327">
  <scavenger-info tenureage="3" tenuremask="7ff8" tiltratio="84" />
  <memory-copied type="nursery" objects="1349346" bytes="54554056" bytesdiscarded="11400" />
  <memory-copied type="tenure" objects="8" bytes="256" bytesdiscarded="0" />
</gc-op>
<gc-end id="6068" type="scavenge" contextid="6064" durationms="95.273" usertimems="360.449" systemtimems="0.008" timestamp="2021-04-05T23:20:56.327" activeThreads="4">
  <mem-info id="6069" free="1221965328" total="1610612736" percent="75">
    <mem type="nursery" free="287008176" total="402653184" percent="71">
      <mem type="allocate" free="287008176" total="341573632" percent="84" />
      <mem type="survivor" free="0" total="61079552" percent="0" />
    </mem>
    <mem type="tenure" free="934957152" total="1207959552" percent="77" macro-fragmented="0">
      <mem type="soa" free="874558560" total="1147560960" percent="76" />
      <mem type="loa" free="60398592" total="60398592" percent="100" />
    </mem>
    <remembered-set count="1177" />
  </mem-info>
</gc-end>
<cycle-end id="6070" type="scavenge" contextid="6064" timestamp="2021-04-05T23:20:56.327" />
<allocation-satisfied id="6071" threadId="0000000000329300" bytesRequested="112" />
<af-end id="6072" timestamp="2021-04-05T23:20:56.327" threadId="0000000000329C80" success="true" from="nursery"/>
<exclusive-end id="6073" timestamp="2021-04-05T23:20:56.327" durationms="95.980" />

<exclusive-start id="6074" timestamp="2021-04-05T23:20:57.172" intervalms="940.990">
  <response-info timems="0.042" idlems="0.042" threads="0" lastid="0000000000329300" lastname="BenchmarkThread xml.validation 3" />
</exclusive-start>
<af-start id="6075" threadId="0000000000329C80" totalBytesRequested="16" timestamp="2021-04-05T23:20:57.173" intervalms="940.990" type="nursery" />
<cycle-start id="6076" type="scavenge" contextid="0" timestamp="2021-04-05T23:20:57.173" intervalms="940.989" />
<gc-start id="6077" type="scavenge" contextid="6076" timestamp="2021-04-05T23:20:57.173">
  <mem-info id="6078" free="934957152" total="1610612736" percent="58">
    <mem type="nursery" free="0" total="402653184" percent="0">
      <mem type="allocate" free="0" total="341573632" percent="0" />
      <mem type="survivor" free="0" total="61079552" percent="0" />
    </mem>
    <mem type="tenure" free="934957152" total="1207959552" percent="77">
      <mem type="soa" free="874558560" total="1147560960" percent="76" />
      <mem type="loa" free="60398592" total="60398592" percent="100" />
    </mem>
    <remembered-set count="1393" />
  </mem-info>
</gc-start>
<allocation-stats totalBytes="286910256" >
  <allocated-bytes non-tlh="112" tlh="286910144" />
  <largest-consumer threadName="BenchmarkThread xml.validation 5" threadId="0000000000330B00" bytes="71004960" />
</allocation-stats>
<gc-op id="6079" type="scavenge" timems="103.622" contextid="6076" timestamp="2021-04-05T23:20:57.276">
  <scavenger-info tenureage="3" tenuremask="7ff8" tiltratio="84" />
  <memory-copied type="nursery" objects="1350809" bytes="54257784" bytesdiscarded="9080" />
  <memory-copied type="tenure" objects="4" bytes="128" bytesdiscarded="0" />
</gc-op>
<gc-end id="6080" type="scavenge" contextid="6076" durationms="103.610" usertimems="399.177" systemtimems="0.004" timestamp="2021-04-05T23:20:57.277" activeThreads="4">
  <mem-info id="6081" free="1222657136" total="1610612736" percent="75">
    <mem type="nursery" free="287699984" total="402653184" percent="71">
      <mem type="allocate" free="287699984" total="341966848" percent="84" />
      <mem type="survivor" free="0" total="60686336" percent="0" />
    </mem>
    <mem type="tenure" free="934957152" total="1207959552" percent="77" macro-fragmented="0">
      <mem type="soa" free="874558560" total="1147560960" percent="76" />
      <mem type="loa" free="60398592" total="60398592" percent="100" />
    </mem>
    <remembered-set count="1181" />
  </mem-info>
</gc-end>
<cycle-end id="6082" type="scavenge" contextid="6076" timestamp="2021-04-05T23:20:57.277" />
<allocation-satisfied id="6083" threadId="0000000000329300" bytesRequested="16" />
<af-end id="6084" timestamp="2021-04-05T23:20:57.277" threadId="0000000000329C80" success="true" from="nursery"/>
<exclusive-end id="6085" timestamp="2021-04-05T23:20:57.277" durationms="104.343" />

<exclusive-start id="6086" timestamp="2021-04-05T23:20:58.116" intervalms="943.309">
  <response-info timems="0.046" idlems="0.046" threads="0" lastid="0000000000338300" lastname="BenchmarkThread xml.validation 7" />
</exclusive-start>
<af-start id="6087" threadId="0000000000338C80" totalBytesRequested="1040" timestamp="2021-04-05T23:20:58.116" intervalms="943.312" type="nursery" />
<cycle-start id="6088" type="scavenge" contextid="0" timestamp="2021-04-05T23:20:58.116" intervalms="943.314" />
<gc-start id="6089" type="scavenge" contextid="6088" timestamp="2021-04-05T23:20:58.116">
  <mem-info id="6090" free="934957152" total="1610612736" percent="58">
    <mem type="nursery" free="0" total="402653184" percent="0">
      <mem type="allocate" free="0" total="341966848" percent="0" />
      <mem type="survivor" free="0" total="60686336" percent="0" />
    </mem>
    <mem type="tenure" free="934957152" total="1207959552" percent="77">
      <mem type="soa" free="874558560" total="1147560960" percent="76" />
      <mem type="loa" free="60398592" total="60398592" percent="100" />
    </mem>
    <remembered-set count="1359" />
  </mem-info>
</gc-start>
<allocation-stats totalBytes="287606264" >
  <allocated-bytes non-tlh="16" tlh="287606248" />
  <largest-consumer threadName="BenchmarkThread xml.validation 1" threadId="000000000011CB00" bytes="55586960" />
</allocation-stats>
<gc-op id="6091" type="scavenge" timems="101.365" contextid="6088" timestamp="2021-04-05T23:20:58.217">
  <scavenger-info tenureage="3" tenuremask="7ff8" tiltratio="84" />
  <memory-copied type="nursery" objects="1306783" bytes="52950808" bytesdiscarded="12392" />
  <memory-copied type="tenure" objects="6" bytes="192" bytesdiscarded="0" />
</gc-op>
<gc-end id="6092" type="scavenge" contextid="6088" durationms="101.353" usertimems="395.576" systemtimems="0.003" timestamp="2021-04-05T23:20:58.218" activeThreads="4">
  <mem-info id="6093" free="1224419552" total="1610612736" percent="76">
    <mem type="nursery" free="289462400" total="402653184" percent="71">
      <mem type="allocate" free="289462400" total="342425600" percent="84" />
      <mem type="survivor" free="0" total="60227584" percent="0" />
    </mem>
    <mem type="tenure" free="934957152" total="1207959552" percent="77" macro-fragmented="0">
      <mem type="soa" free="874558560" total="1147560960" percent="76" />
      <mem type="loa" free="60398592" total="60398592" percent="100" />
    </mem>
    <remembered-set count="1177" />
  </mem-info>
</gc-end>
<cycle-end id="6094" type="scavenge" contextid="6088" timestamp="2021-04-05T23:20:58.218" />
<allocation-satisfied id="6095" threadId="0000000000338300" bytesRequested="1040" />
<af-end id="6096" timestamp="2021-04-05T23:20:58.218" threadId="0000000000338C80" success="true" from="nursery"/>
<exclusive-end id="6097" timestamp="2021-04-05T23:20:58.218" durationms="102.074" />

<exclusive-start id="6098" timestamp="2021-04-05T23:20:59.224" intervalms="1108.576">
  <response-info timems="0.047" idlems="0.047" threads="0" lastid="000000000011CB00" lastname="BenchmarkThread xml.validation 1" />
</exclusive-start>
<af-start id="6099" threadId="000000000011D480" totalBytesRequested="112" timestamp="2021-04-05T23:20:59.224" intervalms="1108.574" type="nursery" />
<cycle-start id="6100" type="scavenge" contextid="0" timestamp="2021-04-05T23:20:59.224" intervalms="1108.572" />
<gc-start id="6101" type="scavenge" contextid="6100" timestamp="2021-04-05T23:20:59.225">
  <mem-info id="6102" free="934957152" total="1610612736" percent="58">
    <mem type="nursery" free="0" total="402653184" percent="0">
      <mem type="allocate" free="0" total="342425600" percent="0" />
      <mem type="survivor" free="0" total="60227584" percent="0" />
    </mem>
    <mem type="tenure" free="934957152" total="1207959552" percent="77">
      <mem type="soa" free="874558560" total="1147560960" percent="76" />
      <mem type="loa" free="60398592" total="60398592" percent="100" />
    </mem>
    <remembered-set count="1404" />
  </mem-info>
</gc-start>
<allocation-stats totalBytes="289367360" >
  <allocated-bytes non-tlh="1040" tlh="289366320" />
  <largest-consumer threadName="BenchmarkThread xml.validation 7" threadId="0000000000338300" bytes="58412616" />
</allocation-stats>
<gc-op id="6103" type="scavenge" timems="99.133" contextid="6100" timestamp="2021-04-05T23:20:59.324">
  <scavenger-info tenureage="3" tenuremask="7ff8" tiltratio="85" />
  <memory-copied type="nursery" objects="1351533" bytes="54259816" bytesdiscarded="9616" />
  <memory-copied type="tenure" objects="10" bytes="320" bytesdiscarded="0" />
</gc-op>
<gc-end id="6104" type="scavenge" contextid="6100" durationms="99.122" usertimems="373.100" systemtimems="0.000" timestamp="2021-04-05T23:20:59.324" activeThreads="4">
  <mem-info id="6105" free="1223113320" total="1610612736" percent="75">
    <mem type="nursery" free="288156168" total="402653184" percent="71">
      <mem type="allocate" free="288156168" total="342425600" percent="84" />
      <mem type="survivor" free="0" total="60227584" percent="0" />
    </mem>
    <mem type="tenure" free="934957152" total="1207959552" percent="77" macro-fragmented="0">
      <mem type="soa" free="874558560" total="1147560960" percent="76" />
      <mem type="loa" free="60398592" total="60398592" percent="100" />
    </mem>
    <remembered-set count="1175" />
  </mem-info>
</gc-end>
<cycle-end id="6106" type="scavenge" contextid="6100" timestamp="2021-04-05T23:20:59.324" />
<allocation-satisfied id="6107" threadId="000000000011CB00" bytesRequested="112" />
<af-end id="6108" timestamp="2021-04-05T23:20:59.324" threadId="000000000011D480" success="true" from="nursery"/>
<exclusive-end id="6109" timestamp="2021-04-05T23:20:59.324" durationms="99.832" />

<exclusive-start id="6110" timestamp="2021-04-05T23:21:00.110" intervalms="885.819">
  <response-info timems="0.049" idlems="0.026" threads="1" lastid="0000000000338300" lastname="BenchmarkThread xml.validation 7" />
</exclusive-start>
<af-start id="6111" threadId="000000000013D880" totalBytesRequested="48" timestamp="2021-04-05T23:21:00.110" intervalms="885.822" type="nursery" />
<cycle-start id="6112" type="scavenge" contextid="0" timestamp="2021-04-05T23:21:00.110" intervalms="885.835" />
<gc-start id="6113" type="scavenge" contextid="6112" timestamp="2021-04-05T23:21:00.110">
  <mem-info id="6114" free="934957152" total="1610612736" percent="58">
    <mem type="nursery" free="0" total="402653184" percent="0">
      <mem type="allocate" free="0" total="342425600" percent="0" />
      <mem type="survivor" free="0" total="60227584" percent="0" />
    </mem>
    <mem type="tenure" free="934957152" total="1207959552" percent="77">
      <mem type="soa" free="874558560" total="1147560960" percent="76" />
      <mem type="loa" free="60398592" total="60398592" percent="100" />
    </mem>
    <remembered-set count="1376" />
  </mem-info>
</gc-start>
<allocation-stats totalBytes="288055232" >
  <allocated-bytes non-tlh="112" tlh="288055120" />
  <largest-consumer threadName="BenchmarkThread xml.validation 1" threadId="000000000011CB00" bytes="58644568" />
</allocation-stats>
<gc-op id="6115" type="scavenge" timems="102.205" contextid="6112" timestamp="2021-04-05T23:21:00.213">
  <scavenger-info tenureage="3" tenuremask="7ff8" tiltratio="85" />
  <memory-copied type="nursery" objects="1330723" bytes="53626056" bytesdiscarded="7696" />
  <memory-copied type="tenure" objects="2" bytes="64" bytesdiscarded="0" />
</gc-op>
<gc-end id="6116" type="scavenge" contextid="6112" durationms="102.194" usertimems="390.085" systemtimems="0.000" timestamp="2021-04-05T23:21:00.213" activeThreads="4">
  <mem-info id="6117" free="1224076680" total="1610612736" percent="76">
    <mem type="nursery" free="289119528" total="402653184" percent="71">
      <mem type="allocate" free="289119528" total="342753280" percent="84" />
      <mem type="survivor" free="0" total="59899904" percent="0" />
    </mem>
    <mem type="tenure" free="934957152" total="1207959552" percent="77" macro-fragmented="0">
      <mem type="soa" free="874558560" total="1147560960" percent="76" />
      <mem type="loa" free="60398592" total="60398592" percent="100" />
    </mem>
    <remembered-set count="1177" />
  </mem-info>
</gc-end>
<cycle-end id="6118" type="scavenge" contextid="6112" timestamp="2021-04-05T23:21:00.213" />
<allocation-satisfied id="6119" threadId="000000000013CF00" bytesRequested="48" />
<af-end id="6120" timestamp="2021-04-05T23:21:00.214" threadId="000000000013D880" success="true" from="nursery"/>
<exclusive-end id="6121" timestamp="2021-04-05T23:21:00.214" durationms="103.343" />

<exclusive-start id="6122" timestamp="2021-04-05T23:21:01.209" intervalms="1099.078">
  <response-info timems="0.050" idlems="0.050" threads="0" lastid="0000000000334700" lastname="BenchmarkThread xml.validation 6" />
</exclusive-start>
<af-start id="6123" threadId="0000000000335080" totalBytesRequested="40" timestamp="2021-04-05T23:21:01.209" intervalms="1099.074" type="nursery" />
<cycle-start id="6124" type="scavenge" contextid="0" timestamp="2021-04-05T23:21:01.209" intervalms="1099.062" />
<gc-start id="6125" type="scavenge" contextid="6124" timestamp="2021-04-05T23:21:01.209">
  <mem-info id="6126" free="934957152" total="1610612736" percent="58">
    <mem type="nursery" free="0" total="402653184" percent="0">
      <mem type="allocate" free="0" total="342753280" percent="0" />
      <mem type="survivor" free="0" total="59899904" percent="0" />
    </mem>
    <mem type="tenure" free="934957152" total="1207959552" percent="77">
      <mem type="soa" free="874558560" total="1147560960" percent="76" />
      <mem type="loa" free="60398592" total="60398592" percent="100" />
    </mem>
    <remembered-set count="1423" />
  </mem-info>
</gc-start>
<allocation-stats totalBytes="289015696" >
  <allocated-bytes non-tlh="48" tlh="289015648" />
  <largest-consumer threadName="BenchmarkThread xml.validation 5" threadId="0000000000330B00" bytes="60297416" />
</allocation-stats>
<gc-op id="6127" type="scavenge" timems="99.562" contextid="6124" timestamp="2021-04-05T23:21:01.309">
  <scavenger-info tenureage="3" tenuremask="7ff8" tiltratio="85" />
  <memory-copied type="nursery" objects="1341113" bytes="53929328" bytesdiscarded="10200" />
  <memory-copied type="tenure" objects="10" bytes="320" bytesdiscarded="0" />
</gc-op>
<gc-end id="6128" type="scavenge" contextid="6124" durationms="99.550" usertimems="361.995" systemtimems="0.000" timestamp="2021-04-05T23:21:01.309" activeThreads="4">
  <mem-info id="6129" free="1224033048" total="1610612736" percent="75">
    <mem type="nursery" free="289075896" total="402653184" percent="71">
      <mem type="allocate" free="289075896" total="343015424" percent="84" />
      <mem type="survivor" free="0" total="59637760" percent="0" />
    </mem>
    <mem type="tenure" free="934957152" total="1207959552" percent="77" macro-fragmented="0">
      <mem type="soa" free="874558560" total="1147560960" percent="76" />
      <mem type="loa" free="60398592" total="60398592" percent="100" />
    </mem>
    <remembered-set count="1177" />
  </mem-info>
</gc-end>
<cycle-end id="6130" type="scavenge" contextid="6124" timestamp="2021-04-05T23:21:01.309" />
<allocation-satisfied id="6131" threadId="0000000000334700" bytesRequested="40" />
<af-end id="6132" timestamp="2021-04-05T23:21:01.309" threadId="0000000000335080" success="true" from="nursery"/>
<exclusive-end id="6133" timestamp="2021-04-05T23:21:01.310" durationms="100.230" />

<exclusive-start id="6134" timestamp="2021-04-05T23:21:02.030" intervalms="820.913">
  <response-info timems="0.062" idlems="0.062" threads="0" lastid="0000000000330B00" lastname="BenchmarkThread xml.validation 5" />
</exclusive-start>
<af-start id="6135" threadId="0000000000331480" totalBytesRequested="16" timestamp="2021-04-05T23:21:02.030" intervalms="820.913" type="nursery" />
<cycle-start id="6136" type="scavenge" contextid="0" timestamp="2021-04-05T23:21:02.030" intervalms="820.912" />
<gc-start id="6137" type="scavenge" contextid="6136" timestamp="2021-04-05T23:21:02.030">
  <mem-info id="6138" free="934957152" total="1610612736" percent="58">
    <mem type="nursery" free="0" total="402653184" percent="0">
      <mem type="allocate" free="0" total="343015424" percent="0" />
      <mem type="survivor" free="0" total="59637760" percent="0" />
    </mem>
    <mem type="tenure" free="934957152" total="1207959552" percent="77">
      <mem type="soa" free="874558560" total="1147560960" percent="76" />
      <mem type="loa" free="60398592" total="60398592" percent="100" />
    </mem>
    <remembered-set count="1337" />
  </mem-info>
</gc-start>
<allocation-stats totalBytes="288974728" >
  <allocated-bytes non-tlh="40" tlh="288974688" />
  <largest-consumer threadName="BenchmarkThread xml.validation 2" threadId="000000000013CF00" bytes="56937488" />
</allocation-stats>
<gc-op id="6139" type="scavenge" timems="104.585" contextid="6136" timestamp="2021-04-05T23:21:02.135">
  <scavenger-info tenureage="3" tenuremask="7ff8" tiltratio="85" />
  <memory-copied type="nursery" objects="1366215" bytes="54909568" bytesdiscarded="8088" />
  <memory-copied type="tenure" objects="4" bytes="128" bytesdiscarded="0" />
</gc-op>
<gc-end id="6140" type="scavenge" contextid="6136" durationms="104.574" usertimems="398.633" systemtimems="0.000" timestamp="2021-04-05T23:21:02.135" activeThreads="4">
  <mem-info id="6141" free="1222465096" total="1610612736" percent="75">
    <mem type="nursery" free="287507944" total="402653184" percent="71">
      <mem type="allocate" free="287507944" total="342425600" percent="83" />
      <mem type="survivor" free="0" total="60227584" percent="0" />
    </mem>
    <mem type="tenure" free="934957152" total="1207959552" percent="77" macro-fragmented="0">
      <mem type="soa" free="874558560" total="1147560960" percent="76" />
      <mem type="loa" free="60398592" total="60398592" percent="100" />
    </mem>
    <remembered-set count="1179" />
  </mem-info>
</gc-end>
<cycle-end id="6142" type="scavenge" contextid="6136" timestamp="2021-04-05T23:21:02.135" />
<allocation-satisfied id="6143" threadId="0000000000330B00" bytesRequested="16" />
<af-end id="6144" timestamp="2021-04-05T23:21:02.135" threadId="0000000000331480" success="true" from="nursery"/>
<exclusive-end id="6145" timestamp="2021-04-05T23:21:02.135" durationms="105.292" />

<exclusive-start id="6146" timestamp="2021-04-05T23:21:03.160" intervalms="1129.787">
  <response-info timems="0.053" idlems="0.053" threads="0" lastid="0000000000338300" lastname="BenchmarkThread xml.validation 7" />
</exclusive-start>
<af-start id="6147" threadId="0000000000338C80" totalBytesRequested="40" timestamp="2021-04-05T23:21:03.160" intervalms="1129.791" type="nursery" />
<cycle-start id="6148" type="scavenge" contextid="0" timestamp="2021-04-05T23:21:03.160" intervalms="1129.796" />
<gc-start id="6149" type="scavenge" contextid="6148" timestamp="2021-04-05T23:21:03.160">
  <mem-info id="6150" free="934957152" total="1610612736" percent="58">
    <mem type="nursery" free="0" total="402653184" percent="0">
      <mem type="allocate" free="0" total="342425600" percent="0" />
      <mem type="survivor" free="0" total="60227584" percent="0" />
    </mem>
    <mem type="tenure" free="934957152" total="1207959552" percent="77">
      <mem type="soa" free="874558560" total="1147560960" percent="76" />
      <mem type="loa" free="60398592" total="60398592" percent="100" />
    </mem>
    <remembered-set count="1417" />
  </mem-info>
</gc-start>
<allocation-stats totalBytes="287395304" >
  <allocated-bytes non-tlh="16" tlh="287395288" />
  <largest-consumer threadName="BenchmarkThread xml.validation 5" threadId="0000000000330B00" bytes="58936664" />
</allocation-stats>
<gc-op id="6151" type="scavenge" timems="104.228" contextid="6148" timestamp="2021-04-05T23:21:03.264">
  <scavenger-info tenureage="3" tenuremask="7ff8" tiltratio="85" />
  <memory-copied type="nursery" objects="1371904" bytes="55276544" bytesdiscarded="10144" />
  <memory-copied type="tenure" objects="8" bytes="256" bytesdiscarded="0" />
</gc-op>
<gc-end id="6152" type="scavenge" contextid="6148" durationms="104.216" usertimems="395.226" systemtimems="0.003" timestamp="2021-04-05T23:21:03.265" activeThreads="4">
  <mem-info id="6153" free="1222161600" total="1610612736" percent="75">
    <mem type="nursery" free="287204448" total="402653184" percent="71">
      <mem type="allocate" free="287204448" total="342491136" percent="83" />
      <mem type="survivor" free="0" total="60162048" percent="0" />
    </mem>
    <mem type="tenure" free="934957152" total="1207959552" percent="77" macro-fragmented="0">
      <mem type="soa" free="874558560" total="1147560960" percent="76" />
      <mem type="loa" free="60398592" total="60398592" percent="100" />
    </mem>
    <remembered-set count="1176" />
  </mem-info>
</gc-end>
<cycle-end id="6154" type="scavenge" contextid="6148" timestamp="2021-04-05T23:21:03.265" />
<allocation-satisfied id="6155" threadId="0000000000338300" bytesRequested="40" />
<af-end id="6156" timestamp="2021-04-05T23:21:03.265" threadId="0000000000338C80" success="true" from="nursery"/>
<exclusive-end id="6157" timestamp="2021-04-05T23:21:03.265" durationms="104.905" />

<exclusive-start id="6158" timestamp="2021-04-05T23:21:04.004" intervalms="844.499">
  <response-info timems="0.043" idlems="0.043" threads="0" lastid="0000000000329300" lastname="BenchmarkThread xml.validation 3" />
</exclusive-start>
<af-start id="6159" threadId="0000000000329C80" totalBytesRequested="24" timestamp="2021-04-05T23:21:04.005" intervalms="844.495" type="nursery" />
<cycle-start id="6160" type="scavenge" contextid="0" timestamp="2021-04-05T23:21:04.005" intervalms="844.490" />
<gc-start id="6161" type="scavenge" contextid="6160" timestamp="2021-04-05T23:21:04.005">
  <mem-info id="6162" free="934957152" total="1610612736" percent="58">
    <mem type="nursery" free="0" total="402653184" percent="0">
      <mem type="allocate" free="0" total="342491136" percent="0" />
      <mem type="survivor" free="0" total="60162048" percent="0" />
    </mem>
    <mem type="tenure" free="934957152" total="1207959552" percent="77">
      <mem type="soa" free="874558560" total="1147560960" percent="76" />
      <mem type="loa" free="60398592" total="60398592" percent="100" />
    </mem>
    <remembered-set count="1371" />
  </mem-info>
</gc-start>
<allocation-stats totalBytes="287109584" >
  <allocated-bytes non-tlh="40" tlh="287109544" />
  <largest-consumer threadName="BenchmarkThread xml.validation 1" threadId="000000000011CB00" bytes="54451104" />
</allocation-stats>
<gc-op id="6163" type="scavenge" timems="101.548" contextid="6160" timestamp="2021-04-05T23:21:04.106">
  <scavenger-info tenureage="3" tenuremask="7ff8" tiltratio="85" />
  <memory-copied type="nursery" objects="1351755" bytes="54242136" bytesdiscarded="12744" />
  <memory-copied type="tenure" objects="6" bytes="192" bytesdiscarded="0" />
</gc-op>
<gc-end id="6164" type="scavenge" contextid="6160" durationms="101.536" usertimems="379.127" systemtimems="0.006" timestamp="2021-04-05T23:21:04.107" activeThreads="4">
  <mem-info id="6165" free="1223258944" total="1610612736" percent="75">
    <mem type="nursery" free="288301792" total="402653184" percent="71">
      <mem type="allocate" free="288301792" total="342556672" percent="84" />
      <mem type="survivor" free="0" total="60096512" percent="0" />
    </mem>
    <mem type="tenure" free="934957152" total="1207959552" percent="77" macro-fragmented="0">
      <mem type="soa" free="874558560" total="1147560960" percent="76" />
      <mem type="loa" free="60398592" total="60398592" percent="100" />
    </mem>
    <remembered-set count="1184" />
  </mem-info>
</gc-end>
<cycle-end id="6166" type="scavenge" contextid="6160" timestamp="2021-04-05T23:21:04.107" />
<allocation-satisfied id="6167" threadId="0000000000329300" bytesRequested="24" />
<af-end id="6168" timestamp="2021-04-05T23:21:04.107" threadId="0000000000329C80" success="true" from="nursery"/>
<exclusive-end id="6169" timestamp="2021-04-05T23:21:04.107" durationms="102.240" />

<exclusive-start id="6170" timestamp="2021-04-05T23:21:05.040" intervalms="1035.131">
  <response-info timems="0.040" idlems="0.040" threads="0" lastid="000000000011CB00" lastname="BenchmarkThread xml.validation 1" />
</exclusive-start>
<af-start id="6171" threadId="000000000011D480" totalBytesRequested="88" timestamp="2021-04-05T23:21:05.040" intervalms="1035.135" type="nursery" />
<cycle-start id="6172" type="scavenge" contextid="0" timestamp="2021-04-05T23:21:05.040" intervalms="1035.137" />
<gc-start id="6173" type="scavenge" contextid="6172" timestamp="2021-04-05T23:21:05.040">
  <mem-info id="6174" free="934957152" total="1610612736" percent="58">
    <mem type="nursery" free="0" total="402653184" percent="0">
      <mem type="allocate" free="0" total="342556672" percent="0" />
      <mem type="survivor" free="0" total="60096512" percent="0" />
    </mem>
    <mem type="tenure" free="934957152" total="1207959552" percent="77">
      <mem type="soa" free="874558560" total="1147560960" percent="76" />
      <mem type="loa" free="60398592" total="60398592" percent="100" />
    </mem>
    <remembered-set count="1379" />
  </mem-info>
</gc-start>
<allocation-stats totalBytes="288197376" >
  <allocated-bytes non-tlh="24" tlh="288197352" />
  <largest-consumer threadName="BenchmarkThread xml.validation 4" threadId="000000000032CF00" bytes="61460376" />
</allocation-stats>
<gc-op id="6175" type="scavenge" timems="112.342" contextid="6172" timestamp="2021-04-05T23:21:05.152">
  <scavenger-info tenureage="3" tenuremask="7ff8" tiltratio="85" />
  <memory-copied type="nursery" objects="1232240" bytes="49632072" bytesdiscarded="8952" />
  <memory-copied type="tenure" objects="130003" bytes="5226152" bytesdiscarded="0" />
</gc-op>
<gc-end id="6176" type="scavenge" contextid="6172" durationms="112.330" usertimems="420.408" systemtimems="4.003" timestamp="2021-04-05T23:21:05.153" activeThreads="4">
  <mem-info id="6177" free="1222564384" total="1610612736" percent="75">
    <mem type="nursery" free="293243328" total="402653184" percent="72">
      <mem type="allocate" free="293243328" total="342884352" percent="85" />
      <mem type="survivor" free="0" total="59768832" percent="0" />
    </mem>
    <mem type="tenure" free="929321056" total="1207959552" percent="76" macro-fragmented="0">
      <mem type="soa" free="868922464" total="1147560960" percent="75" />
      <mem type="loa" free="60398592" total="60398592" percent="100" />
    </mem>
    <remembered-set count="1149" />
  </mem-info>
</gc-end>
<cycle-end id="6178" type="scavenge" contextid="6172" timestamp="2021-04-05T23:21:05.153" />
<allocation-satisfied id="6179" threadId="000000000011CB00" bytesRequested="88" />
<af-end id="6180" timestamp="2021-04-05T23:21:05.153" threadId="000000000011D480" success="true" from="nursery"/>
<exclusive-end id="6181" timestamp="2021-04-05T23:21:05.153" durationms="113.065" />

<exclusive-start id="6182" timestamp="2021-04-05T23:21:05.938" intervalms="898.733">
  <response-info timems="0.049" idlems="0.049" threads="0" lastid="000000000032CF00" lastname="BenchmarkThread xml.validation 4" />
</exclusive-start>
<af-start id="6183" threadId="000000000032D880" totalBytesRequested="128" timestamp="2021-04-05T23:21:05.938" intervalms="898.733" type="nursery" />
<cycle-start id="6184" type="scavenge" contextid="0" timestamp="2021-04-05T23:21:05.938" intervalms="898.731" />
<gc-start id="6185" type="scavenge" contextid="6184" timestamp="2021-04-05T23:21:05.938">
  <mem-info id="6186" free="929321056" total="1610612736" percent="57">
    <mem type="nursery" free="0" total="402653184" percent="0">
      <mem type="allocate" free="0" total="342884352" percent="0" />
      <mem type="survivor" free="0" total="59768832" percent="0" />
    </mem>
    <mem type="tenure" free="929321056" total="1207959552" percent="76">
      <mem type="soa" free="868922464" total="1147560960" percent="75" />
      <mem type="loa" free="60398592" total="60398592" percent="100" />
    </mem>
    <remembered-set count="1332" />
  </mem-info>
</gc-start>
<allocation-stats totalBytes="293133528" >
  <allocated-bytes non-tlh="88" tlh="293133440" />
  <largest-consumer threadName="BenchmarkThread xml.validation 1" threadId="000000000011CB00" bytes="75818048" />
</allocation-stats>
<gc-op id="6187" type="scavenge" timems="97.943" contextid="6184" timestamp="2021-04-05T23:21:06.036">
  <scavenger-info tenureage="3" tenuremask="7ff8" tiltratio="85" />
  <memory-copied type="nursery" objects="1159721" bytes="46569704" bytesdiscarded="9904" />
  <memory-copied type="tenure" objects="62185" bytes="2457672" bytesdiscarded="0" />
</gc-op>
<gc-end id="6188" type="scavenge" contextid="6184" durationms="97.931" usertimems="376.434" systemtimems="0.000" timestamp="2021-04-05T23:21:06.037" activeThreads="4">
  <mem-info id="6189" free="1224773832" total="1610612736" percent="76">
    <mem type="nursery" free="297549928" total="402653184" percent="73">
      <mem type="allocate" free="297549928" total="344129536" percent="86" />
      <mem type="survivor" free="0" total="58523648" percent="0" />
    </mem>
    <mem type="tenure" free="927223904" total="1207959552" percent="76" macro-fragmented="0">
      <mem type="soa" free="866825312" total="1147560960" percent="75" />
      <mem type="loa" free="60398592" total="60398592" percent="100" />
    </mem>
    <remembered-set count="1071" />
  </mem-info>
</gc-end>
<cycle-end id="6190" type="scavenge" contextid="6184" timestamp="2021-04-05T23:21:06.037" />
<allocation-satisfied id="6191" threadId="000000000032CF00" bytesRequested="128" />
<af-end id="6192" timestamp="2021-04-05T23:21:06.037" threadId="000000000032D880" success="true" from="nursery"/>
<exclusive-end id="6193" timestamp="2021-04-05T23:21:06.037" durationms="98.633" />

<exclusive-start id="6194" timestamp="2021-04-05T23:21:07.050" intervalms="1111.924">
  <response-info timems="0.050" idlems="0.050" threads="0" lastid="000000000013CF00" lastname="BenchmarkThread xml.validation 2" />
</exclusive-start>
<af-start id="6195" threadId="000000000013D880" totalBytesRequested="40" timestamp="2021-04-05T23:21:07.050" intervalms="1111.923" type="nursery" />
<cycle-start id="6196" type="scavenge" contextid="0" timestamp="2021-04-05T23:21:07.050" intervalms="1111.926" />
<gc-start id="6197" type="scavenge" contextid="6196" timestamp="2021-04-05T23:21:07.050">
  <mem-info id="6198" free="927223904" total="1610612736" percent="57">
    <mem type="nursery" free="0" total="402653184" percent="0">
      <mem type="allocate" free="0" total="344129536" percent="0" />
      <mem type="survivor" free="0" total="58523648" percent="0" />
    </mem>
    <mem type="tenure" free="927223904" total="1207959552" percent="76">
      <mem type="soa" free="866825312" total="1147560960" percent="75" />
      <mem type="loa" free="60398592" total="60398592" percent="100" />
    </mem>
    <remembered-set count="1289" />
  </mem-info>
</gc-start>
<allocation-stats totalBytes="297455712" >
  <allocated-bytes non-tlh="128" tlh="297455584" />
  <largest-consumer threadName="BenchmarkThread xml.validation 5" threadId="0000000000330B00" bytes="66143160" />
</allocation-stats>
<gc-op id="6199" type="scavenge" timems="93.581" contextid="6196" timestamp="2021-04-05T23:21:07.144">
  <scavenger-info tenureage="3" tenuremask="7ff8" tiltratio="85" />
  <memory-copied type="nursery" objects="1144316" bytes="46077160" bytesdiscarded="9224" />
  <memory-copied type="tenure" objects="874" bytes="36720" bytesdiscarded="0" />
</gc-op>
<gc-end id="6200" type="scavenge" contextid="6196" durationms="93.569" usertimems="352.897" systemtimems="0.000" timestamp="2021-04-05T23:21:07.144" activeThreads="4">
  <mem-info id="6201" free="1226905456" total="1610612736" percent="76">
    <mem type="nursery" free="299681552" total="402653184" percent="74">
      <mem type="allocate" free="299681552" total="345767936" percent="86" />
      <mem type="survivor" free="0" total="56885248" percent="0" />
    </mem>
    <mem type="tenure" free="927223904" total="1207959552" percent="76" macro-fragmented="0">
      <mem type="soa" free="866825312" total="1147560960" percent="75" />
      <mem type="loa" free="60398592" total="60398592" percent="100" />
    </mem>
    <remembered-set count="1014" />
  </mem-info>
</gc-end>
<cycle-end id="6202" type="scavenge" contextid="6196" timestamp="2021-04-05T23:21:07.145" />
<allocation-satisfied id="6203" threadId="000000000013CF00" bytesRequested="40" />
<af-end id="6204" timestamp="2021-04-05T23:21:07.145" threadId="000000000013D880" success="true" from="nursery"/>
<exclusive-end id="6205" timestamp="2021-04-05T23:21:07.145" durationms="94.303" />

<exclusive-start id="6206" timestamp="2021-04-05T23:21:07.936" intervalms="885.602">
  <response-info timems="0.036" idlems="0.036" threads="0" lastid="0000000000329300" lastname="BenchmarkThread xml.validation 3" />
</exclusive-start>
<af-start id="6207" threadId="0000000000329C80" totalBytesRequested="136" timestamp="2021-04-05T23:21:07.936" intervalms="885.596" type="nursery" />
<cycle-start id="6208" type="scavenge" contextid="0" timestamp="2021-04-05T23:21:07.936" intervalms="885.592" />
<gc-start id="6209" type="scavenge" contextid="6208" timestamp="2021-04-05T23:21:07.936">
  <mem-info id="6210" free="927223904" total="1610612736" percent="57">
    <mem type="nursery" free="0" total="402653184" percent="0">
      <mem type="allocate" free="0" total="345767936" percent="0" />
      <mem type="survivor" free="0" total="56885248" percent="0" />
    </mem>
    <mem type="tenure" free="927223904" total="1207959552" percent="76">
      <mem type="soa" free="866825312" total="1147560960" percent="75" />
      <mem type="loa" free="60398592" total="60398592" percent="100" />
    </mem>
    <remembered-set count="1197" />
  </mem-info>
</gc-start>
<allocation-stats totalBytes="299585120" >
  <allocated-bytes non-tlh="40" tlh="299585080" />
  <largest-consumer threadName="BenchmarkThread xml.validation 4" threadId="000000000032CF00" bytes="60947032" />
</allocation-stats>
<gc-op id="6211" type="scavenge" timems="86.723" contextid="6208" timestamp="2021-04-05T23:21:08.023">
  <scavenger-info tenureage="3" tenuremask="7ff8" tiltratio="85" />
  <memory-copied type="nursery" objects="1151927" bytes="46252472" bytesdiscarded="7872" />
  <memory-copied type="tenure" objects="12" bytes="384" bytesdiscarded="0" />
</gc-op>
<gc-end id="6212" type="scavenge" contextid="6208" durationms="86.713" usertimems="332.582" systemtimems="0.000" timestamp="2021-04-05T23:21:08.023" activeThreads="4">
  <mem-info id="6213" free="1228042216" total="1610612736" percent="76">
    <mem type="nursery" free="300818312" total="402653184" percent="74">
      <mem type="allocate" free="300818312" total="347078656" percent="86" />
      <mem type="survivor" free="0" total="55574528" percent="0" />
    </mem>
    <mem type="tenure" free="927223904" total="1207959552" percent="76" macro-fragmented="0">
      <mem type="soa" free="866825312" total="1147560960" percent="75" />
      <mem type="loa" free="60398592" total="60398592" percent="100" />
    </mem>
    <remembered-set count="1020" />
  </mem-info>
</gc-end>
<cycle-end id="6214" type="scavenge" contextid="6208" timestamp="2021-04-05T23:21:08.023" />
<allocation-satisfied id="6215" threadId="0000000000329300" bytesRequested="136" />
<af-end id="6216" timestamp="2021-04-05T23:21:08.023" threadId="0000000000329C80" success="true" from="nursery"/>
<exclusive-end id="6217" timestamp="2021-04-05T23:21:08.023" durationms="87.430" />

<exclusive-start id="6218" timestamp="2021-04-05T23:21:08.981" intervalms="1045.511">
  <response-info timems="0.032" idlems="0.032" threads="0" lastid="000000000013CF00" lastname="BenchmarkThread xml.validation 2" />
</exclusive-start>
<af-start id="6219" threadId="000000000013D880" totalBytesRequested="56" timestamp="2021-04-05T23:21:08.981" intervalms="1045.517" type="nursery" />
<cycle-start id="6220" type="scavenge" contextid="0" timestamp="2021-04-05T23:21:08.981" intervalms="1045.520" />
<gc-start id="6221" type="scavenge" contextid="6220" timestamp="2021-04-05T23:21:08.982">
  <mem-info id="6222" free="927223904" total="1610612736" percent="57">
    <mem type="nursery" free="0" total="402653184" percent="0">
      <mem type="allocate" free="0" total="347078656" percent="0" />
      <mem type="survivor" free="0" total="55574528" percent="0" />
    </mem>
    <mem type="tenure" free="927223904" total="1207959552" percent="76">
      <mem type="soa" free="866825312" total="1147560960" percent="75" />
      <mem type="loa" free="60398592" total="60398592" percent="100" />
    </mem>
    <remembered-set count="1162" />
  </mem-info>
</gc-start>
<allocation-stats totalBytes="300718496" >
  <allocated-bytes non-tlh="136" tlh="300718360" />
  <largest-consumer threadName="BenchmarkThread xml.validation 4" threadId="000000000032CF00" bytes="145451232" />
</allocation-stats>
<gc-op id="6223" type="scavenge" timems="96.709" contextid="6220" timestamp="2021-04-05T23:21:09.078">
  <scavenger-info tenureage="3" tenuremask="7ff8" tiltratio="86" />
  <memory-copied type="nursery" objects="1027049" bytes="41151232" bytesdiscarded="11120" />
  <memory-copied type="tenure" objects="129990" bytes="5225720" bytesdiscarded="0" />
</gc-op>
<gc-end id="6224" type="scavenge" contextid="6220" durationms="96.696" usertimems="348.474" systemtimems="0.000" timestamp="2021-04-05T23:21:09.079" activeThreads="4">
  <mem-info id="6225" free="1228880368" total="1610612736" percent="76">
    <mem type="nursery" free="307030416" total="402653184" percent="76">
      <mem type="allocate" free="307030416" total="348192768" percent="88" />
      <mem type="survivor" free="0" total="54460416" percent="0" />
    </mem>
    <mem type="tenure" free="921849952" total="1207959552" percent="76" macro-fragmented="0">
      <mem type="soa" free="861451360" total="1147560960" percent="75" />
      <mem type="loa" free="60398592" total="60398592" percent="100" />
    </mem>
    <remembered-set count="996" />
  </mem-info>
</gc-end>
<cycle-end id="6226" type="scavenge" contextid="6220" timestamp="2021-04-05T23:21:09.079" />
<allocation-satisfied id="6227" threadId="000000000013CF00" bytesRequested="56" />
<af-end id="6228" timestamp="2021-04-05T23:21:09.079" threadId="000000000013D880" success="true" from="nursery"/>
<exclusive-end id="6229" timestamp="2021-04-05T23:21:09.079" durationms="97.438" />

<exclusive-start id="6230" timestamp="2021-04-05T23:21:09.988" intervalms="1006.223">
  <response-info timems="0.029" idlems="0.029" threads="0" lastid="000000000032CF00" lastname="BenchmarkThread xml.validation 4" />
</exclusive-start>
<af-start id="6231" threadId="000000000032D880" totalBytesRequested="16" timestamp="2021-04-05T23:21:09.988" intervalms="1006.222" type="nursery" />
<cycle-start id="6232" type="scavenge" contextid="0" timestamp="2021-04-05T23:21:09.988" intervalms="1006.220" />
<gc-start id="6233" type="scavenge" contextid="6232" timestamp="2021-04-05T23:21:09.988">
  <mem-info id="6234" free="921849952" total="1610612736" percent="57">
    <mem type="nursery" free="0" total="402653184" percent="0">
      <mem type="allocate" free="0" total="348192768" percent="0" />
      <mem type="survivor" free="0" total="54460416" percent="0" />
    </mem>
    <mem type="tenure" free="921849952" total="1207959552" percent="76">
      <mem type="soa" free="861451360" total="1147560960" percent="75" />
      <mem type="loa" free="60398592" total="60398592" percent="100" />
    </mem>
    <remembered-set count="1122" />
  </mem-info>
</gc-start>
<allocation-stats totalBytes="306943280" >
  <allocated-bytes non-tlh="56" tlh="306943224" />
  <largest-consumer threadName="BenchmarkThread xml.validation 4" threadId="000000000032CF00" bytes="154739424" />
</allocation-stats>
<gc-op id="6235" type="scavenge" timems="84.522" contextid="6232" timestamp="2021-04-05T23:21:10.072">
  <scavenger-info tenureage="3" tenuremask="7ff8" tiltratio="86" />
  <memory-copied type="nursery" objects="626191" bytes="25131384" bytesdiscarded="3968" />
  <memory-copied type="tenure" objects="402230" bytes="16062456" bytesdiscarded="0" />
</gc-op>
<gc-end id="6236" type="scavenge" contextid="6232" durationms="84.512" usertimems="324.833" systemtimems="0.000" timestamp="2021-04-05T23:21:10.073" activeThreads="4">
  <mem-info id="6237" free="1230817128" total="1610612736" percent="76">
    <mem type="nursery" free="325089032" total="402653184" percent="80">
      <mem type="allocate" free="325089032" total="350224384" percent="92" />
      <mem type="survivor" free="0" total="52428800" percent="0" />
    </mem>
    <mem type="tenure" free="905728096" total="1207959552" percent="74" macro-fragmented="0">
      <mem type="soa" free="845329504" total="1147560960" percent="73" />
      <mem type="loa" free="60398592" total="60398592" percent="100" />
    </mem>
    <remembered-set count="802" />
  </mem-info>
</gc-end>
<cycle-end id="6238" type="scavenge" contextid="6232" timestamp="2021-04-05T23:21:10.073" />
<allocation-satisfied id="6239" threadId="000000000032CF00" bytesRequested="16" />
<af-end id="6240" timestamp="2021-04-05T23:21:10.073" threadId="000000000032D880" success="true" from="nursery"/>
<exclusive-end id="6241" timestamp="2021-04-05T23:21:10.073" durationms="85.189" />

<exclusive-start id="6242" timestamp="2021-04-05T23:21:11.098" intervalms="1110.375">
  <response-info timems="0.030" idlems="0.030" threads="0" lastid="000000000032CF00" lastname="BenchmarkThread xml.validation 4" />
</exclusive-start>
<af-start id="6243" threadId="000000000032D880" totalBytesRequested="48" timestamp="2021-04-05T23:21:11.098" intervalms="1110.384" type="nursery" />
<cycle-start id="6244" type="scavenge" contextid="0" timestamp="2021-04-05T23:21:11.098" intervalms="1110.725" />
<gc-start id="6245" type="scavenge" contextid="6244" timestamp="2021-04-05T23:21:11.098">
  <mem-info id="6246" free="905728096" total="1610612736" percent="56">
    <mem type="nursery" free="0" total="402653184" percent="0">
      <mem type="allocate" free="0" total="350224384" percent="0" />
      <mem type="survivor" free="0" total="52428800" percent="0" />
    </mem>
    <mem type="tenure" free="905728096" total="1207959552" percent="74">
      <mem type="soa" free="845329504" total="1147560960" percent="73" />
      <mem type="loa" free="60398592" total="60398592" percent="100" />
    </mem>
    <remembered-set count="927" />
  </mem-info>
</gc-start>
<allocation-stats totalBytes="324983496" >
  <allocated-bytes non-tlh="1056" tlh="324982440" />
  <largest-consumer threadName="BenchmarkThread xml.validation 4" threadId="000000000032CF00" bytes="164231328" />
</allocation-stats>
<gc-op id="6247" type="scavenge" timems="53.082" contextid="6244" timestamp="2021-04-05T23:21:11.152">
  <scavenger-info tenureage="4" tenuremask="7ff0" tiltratio="86" />
  <memory-copied type="nursery" objects="624907" bytes="25091512" bytesdiscarded="3712" />
</gc-op>
<gc-end id="6248" type="scavenge" contextid="6244" durationms="53.070" usertimems="190.973" systemtimems="0.000" timestamp="2021-04-05T23:21:11.152" activeThreads="4">
  <mem-info id="6249" free="1235903528" total="1610612736" percent="76">
    <mem type="nursery" free="330175432" total="402653184" percent="81">
      <mem type="allocate" free="330175432" total="355270656" percent="92" />
      <mem type="survivor" free="0" total="47382528" percent="0" />
    </mem>
    <mem type="tenure" free="905728096" total="1207959552" percent="74" macro-fragmented="0">
      <mem type="soa" free="845329504" total="1147560960" percent="73" />
      <mem type="loa" free="60398592" total="60398592" percent="100" />
    </mem>
    <remembered-set count="794" />
  </mem-info>
</gc-end>
<cycle-end id="6250" type="scavenge" contextid="6244" timestamp="2021-04-05T23:21:11.152" />
<allocation-satisfied id="6251" threadId="000000000032CF00" bytesRequested="48" />
<af-end id="6252" timestamp="2021-04-05T23:21:11.152" threadId="000000000032D880" success="true" from="nursery"/>
<exclusive-end id="6253" timestamp="2021-04-05T23:21:11.152" durationms="54.147" />

<exclusive-start id="6254" timestamp="2021-04-05T23:21:12.078" intervalms="980.041">
  <response-info timems="0.032" idlems="0.032" threads="0" lastid="000000000013CF00" lastname="BenchmarkThread xml.validation 2" />
</exclusive-start>
<af-start id="6255" threadId="000000000013D880" totalBytesRequested="40" timestamp="2021-04-05T23:21:12.078" intervalms="980.033" type="nursery" />
<cycle-start id="6256" type="scavenge" contextid="0" timestamp="2021-04-05T23:21:12.078" intervalms="979.693" />
<gc-start id="6257" type="scavenge" contextid="6256" timestamp="2021-04-05T23:21:12.078">
  <mem-info id="6258" free="905728096" total="1610612736" percent="56">
    <mem type="nursery" free="0" total="402653184" percent="0">
      <mem type="allocate" free="0" total="355270656" percent="0" />
      <mem type="survivor" free="0" total="47382528" percent="0" />
    </mem>
    <mem type="tenure" free="905728096" total="1207959552" percent="74">
      <mem type="soa" free="845329504" total="1147560960" percent="73" />
      <mem type="loa" free="60398592" total="60398592" percent="100" />
    </mem>
    <remembered-set count="927" />
  </mem-info>
</gc-start>
<allocation-stats totalBytes="330083872" >
  <allocated-bytes non-tlh="48" tlh="330083824" />
  <largest-consumer threadName="BenchmarkThread xml.validation 4" threadId="000000000032CF00" bytes="167994368" />
</allocation-stats>
<gc-op id="6259" type="scavenge" timems="43.066" contextid="6256" timestamp="2021-04-05T23:21:12.121">
  <scavenger-info tenureage="5" tenuremask="7fe0" tiltratio="88" />
  <memory-copied type="nursery" objects="548867" bytes="22521864" bytesdiscarded="4536" />
</gc-op>
<gc-end id="6260" type="scavenge" contextid="6256" durationms="43.055" usertimems="162.667" systemtimems="0.000" timestamp="2021-04-05T23:21:12.122" activeThreads="4">
  <mem-info id="6261" free="1242535584" total="1610612736" percent="77">
    <mem type="nursery" free="336807488" total="402653184" percent="83">
      <mem type="allocate" free="336807488" total="359333888" percent="93" />
      <mem type="survivor" free="0" total="43319296" percent="0" />
    </mem>
    <mem type="tenure" free="905728096" total="1207959552" percent="74" macro-fragmented="0">
      <mem type="soa" free="845329504" total="1147560960" percent="73" />
      <mem type="loa" free="60398592" total="60398592" percent="100" />
    </mem>
    <remembered-set count="794" />
  </mem-info>
</gc-end>
<cycle-end id="6262" type="scavenge" contextid="6256" timestamp="2021-04-05T23:21:12.122" />
<allocation-satisfied id="6263" threadId="000000000013CF00" bytesRequested="40" />
<af-end id="6264" timestamp="2021-04-05T23:21:12.122" threadId="000000000013D880" success="true" from="nursery"/>
<exclusive-end id="6265" timestamp="2021-04-05T23:21:12.122" durationms="43.764" />

<exclusive-start id="6266" timestamp="2021-04-05T23:21:13.205" intervalms="1127.088">
  <response-info timems="0.027" idlems="0.027" threads="0" lastid="000000000013CF00" lastname="BenchmarkThread xml.validation 2" />
</exclusive-start>
<af-start id="6267" threadId="000000000013D880" totalBytesRequested="48" timestamp="2021-04-05T23:21:13.205" intervalms="1127.086" type="nursery" />
<cycle-start id="6268" type="scavenge" contextid="0" timestamp="2021-04-05T23:21:13.205" intervalms="1127.086" />
<gc-start id="6269" type="scavenge" contextid="6268" timestamp="2021-04-05T23:21:13.205">
  <mem-info id="6270" free="905728096" total="1610612736" percent="56">
    <mem type="nursery" free="0" total="402653184" percent="0">
      <mem type="allocate" free="0" total="359333888" percent="0" />
      <mem type="survivor" free="0" total="43319296" percent="0" />
    </mem>
    <mem type="tenure" free="905728096" total="1207959552" percent="74">
      <mem type="soa" free="845329504" total="1147560960" percent="73" />
      <mem type="loa" free="60398592" total="60398592" percent="100" />
    </mem>
    <remembered-set count="917" />
  </mem-info>
</gc-start>
<allocation-stats totalBytes="336709376" >
  <allocated-bytes non-tlh="40" tlh="336709336" />
  <largest-consumer threadName="BenchmarkThread xml.validation 2" threadId="000000000013CF00" bytes="139413360" />
</allocation-stats>
<gc-op id="6271" type="scavenge" timems="47.480" contextid="6268" timestamp="2021-04-05T23:21:13.253">
  <scavenger-info tenureage="6" tenuremask="7fc0" tiltratio="89" />
  <memory-copied type="nursery" objects="626003" bytes="25089720" bytesdiscarded="3456" />
</gc-op>
<gc-end id="6272" type="scavenge" contextid="6268" durationms="47.468" usertimems="169.602" systemtimems="0.000" timestamp="2021-04-05T23:21:13.253" activeThreads="4">
  <mem-info id="6273" free="1242655784" total="1610612736" percent="77">
    <mem type="nursery" free="336927688" total="402653184" percent="83">
      <mem type="allocate" free="336927688" total="362020864" percent="93" />
      <mem type="survivor" free="0" total="40632320" percent="0" />
    </mem>
    <mem type="tenure" free="905728096" total="1207959552" percent="74" macro-fragmented="0">
      <mem type="soa" free="845329504" total="1147560960" percent="73" />
      <mem type="loa" free="60398592" total="60398592" percent="100" />
    </mem>
    <remembered-set count="798" />
  </mem-info>
</gc-end>
<cycle-end id="6274" type="scavenge" contextid="6268" timestamp="2021-04-05T23:21:13.253" />
<allocation-satisfied id="6275" threadId="000000000013CF00" bytesRequested="48" />
<af-end id="6276" timestamp="2021-04-05T23:21:13.253" threadId="000000000013D880" success="true" from="nursery"/>
<exclusive-end id="6277" timestamp="2021-04-05T23:21:13.253" durationms="48.128" />

</verbosegc>

